#! /c/Source/iverilog-install/bin/vvp
:ivl_version "12.0 (devel)" "(s20150603-1539-g2693dd32b)";
:ivl_delay_selection "TYPICAL";
:vpi_time_precision + 0;
:vpi_module "D:\iverilog\lib\ivl\system.vpi";
:vpi_module "D:\iverilog\lib\ivl\vhdl_sys.vpi";
:vpi_module "D:\iverilog\lib\ivl\vhdl_textio.vpi";
:vpi_module "D:\iverilog\lib\ivl\v2005_math.vpi";
:vpi_module "D:\iverilog\lib\ivl\va_math.vpi";
:vpi_module "D:\iverilog\lib\ivl\v2009.vpi";
S_0000018a3f1e48e0 .scope package, "$unit" "$unit" 2 1;
 .timescale 0 0;
S_0000018a3f230cc0 .scope module, "cache_tb" "cache_tb" 3 1;
 .timescale 0 0;
P_0000018a3f25a0c0 .param/l "D" 1 3 12, +C4<00000000000000000000000000000100>;
P_0000018a3f25a0f8 .param/l "DEPTH" 1 3 9, +C4<00000000000000000000000000100000>;
P_0000018a3f25a130 .param/l "INTERVAL" 0 3 5, +C4<00000000000000000000000000000010>;
P_0000018a3f25a168 .param/l "LATENCY" 0 3 4, +C4<00000000000000000000000000000100>;
P_0000018a3f25a1a0 .param/l "O" 1 3 7, +C4<00000000000000000000000000000100>;
P_0000018a3f25a1d8 .param/l "S" 1 3 8, +C4<00000000000000000000000000000101>;
P_0000018a3f25a210 .param/l "SIZE" 0 3 3, +C4<0000000000000000000000000000000000000000000000000100000000000000>;
P_0000018a3f25a248 .param/l "T" 1 3 11, +C4<0000000000000000000000000000010111>;
P_0000018a3f25a280 .param/l "W" 1 3 10, +C4<00000000000000000000000000000010>;
L_0000018a3f60b308 .functor BUFT 1, C4<0>, C4<0>, C4<0>, C4<0>;
v0000018a3f609dd0_0 .net "busy", 0 0, L_0000018a3f60b308;  1 drivers
v0000018a3f608cf0_0 .var "clk", 0 0;
v0000018a3f609510_0 .var "expanded_mask", 31 0;
v0000018a3f609e70_0 .var/i "i", 31 0;
v0000018a3f609bf0_0 .var "index", 4 0;
L_0000018a3f60b1e8 .functor BUFT 1, C4<00000000000000000000000000000000>, C4<0>, C4<0>, C4<0>;
v0000018a3f6095b0_0 .net "mem_addr", 31 0, L_0000018a3f60b1e8;  1 drivers
L_0000018a3f60ab28 .functor BUFT 1, C4<1111>, C4<0>, C4<0>, C4<0>;
v0000018a3f609f10_0 .net "mem_mask", 3 0, L_0000018a3f60ab28;  1 drivers
v0000018a3f609fb0_0 .net "mem_oaddr", 31 0, L_0000018a3f2640f0;  1 drivers
v0000018a3f6096f0_0 .net "mem_rdata", 31 0, L_0000018a3f263ec0;  1 drivers
v0000018a3f609790_0 .net "mem_ready", 0 0, L_0000018a3f263f30;  1 drivers
L_0000018a3f60b230 .functor BUFT 1, C4<0>, C4<0>, C4<0>, C4<0>;
v0000018a3f608a70_0 .net "mem_ren", 0 0, L_0000018a3f60b230;  1 drivers
v0000018a3f608930_0 .net "mem_valid", 0 0, L_0000018a3f263fa0;  1 drivers
L_0000018a3f60b2c0 .functor BUFT 1, C4<00000000000000000000000000000000>, C4<0>, C4<0>, C4<0>;
v0000018a3f608bb0_0 .net "mem_wdata", 31 0, L_0000018a3f60b2c0;  1 drivers
L_0000018a3f60b278 .functor BUFT 1, C4<0>, C4<0>, C4<0>, C4<0>;
v0000018a3f60a050_0 .net "mem_wen", 0 0, L_0000018a3f60b278;  1 drivers
v0000018a3f609150_0 .var "offset", 3 0;
v0000018a3f6091f0_0 .var "req_addr", 31 0;
v0000018a3f609290_0 .var "req_mask", 3 0;
v0000018a3f60a0f0_0 .var "req_ren", 0 0;
v0000018a3f609830_0 .var "req_wdata", 31 0;
v0000018a3f6098d0_0 .var "req_wen", 0 0;
v0000018a3f60a550_0 .net "res_rdata", 31 0, L_0000018a3f264470;  1 drivers
v0000018a3f609a10_0 .var "rst", 0 0;
v0000018a3f609ab0_0 .var "tag", 23 0;
S_0000018a3f1fc730 .scope module, "dut" "cache" 3 64, 4 3 0, S_0000018a3f230cc0;
 .timescale 0 0;
    .port_info 0 /INPUT 1 "i_clk";
    .port_info 1 /INPUT 1 "i_rst";
    .port_info 2 /INPUT 1 "i_mem_ready";
    .port_info 3 /OUTPUT 32 "o_mem_addr";
    .port_info 4 /OUTPUT 1 "o_mem_ren";
    .port_info 5 /OUTPUT 1 "o_mem_wen";
    .port_info 6 /OUTPUT 32 "o_mem_wdata";
    .port_info 7 /INPUT 32 "i_mem_rdata";
    .port_info 8 /INPUT 1 "i_mem_valid";
    .port_info 9 /OUTPUT 1 "o_busy";
    .port_info 10 /INPUT 32 "i_req_addr";
    .port_info 11 /INPUT 1 "i_req_ren";
    .port_info 12 /INPUT 1 "i_req_wen";
    .port_info 13 /INPUT 4 "i_req_mask";
    .port_info 14 /INPUT 32 "i_req_wdata";
    .port_info 15 /OUTPUT 32 "o_res_rdata";
P_0000018a3f1fc8c0 .param/l "D" 1 4 80, +C4<00000000000000000000000000000100>;
P_0000018a3f1fc8f8 .param/l "DEPTH" 1 4 77, +C4<00000000000000000000000000100000>;
P_0000018a3f1fc930 .param/l "O" 1 4 75, +C4<00000000000000000000000000000100>;
P_0000018a3f1fc968 .param/l "S" 1 4 76, +C4<00000000000000000000000000000101>;
P_0000018a3f1fc9a0 .param/l "STATE_IDLE" 1 4 96, C4<00>;
P_0000018a3f1fc9d8 .param/l "STATE_REFILL_REQ" 1 4 97, C4<01>;
P_0000018a3f1fca10 .param/l "STATE_REFILL_WAIT" 1 4 98, C4<10>;
P_0000018a3f1fca48 .param/l "T" 1 4 79, +C4<0000000000000000000000000000010111>;
P_0000018a3f1fca80 .param/l "W" 1 4 78, +C4<00000000000000000000000000000010>;
L_0000018a3f263750 .functor OR 1, v0000018a3f60a0f0_0, v0000018a3f6098d0_0, C4<0>, C4<0>;
L_0000018a3f264550 .functor AND 1, L_0000018a3f664530, L_0000018a3f6645d0, C4<1>, C4<1>;
L_0000018a3f2637c0 .functor AND 1, L_0000018a3f664a30, L_0000018a3f663090, C4<1>, C4<1>;
L_0000018a3f264400 .functor OR 1, L_0000018a3f264550, L_0000018a3f2637c0, C4<0>, C4<0>;
L_0000018a3f2641d0 .functor BUFZ 32, L_0000018a3f663810, C4<00000000000000000000000000000000>, C4<00000000000000000000000000000000>, C4<00000000000000000000000000000000>;
L_0000018a3f264010 .functor BUFZ 32, L_0000018a3f6636d0, C4<00000000000000000000000000000000>, C4<00000000000000000000000000000000>, C4<00000000000000000000000000000000>;
L_0000018a3f264470 .functor BUFZ 32, L_0000018a3f664710, C4<00000000000000000000000000000000>, C4<00000000000000000000000000000000>, C4<00000000000000000000000000000000>;
v0000018a3f24d3c0_0 .net *"_ivl_10", 6 0, L_0000018a3f662ff0;  1 drivers
L_0000018a3f60b158 .functor BUFT 1, C4<000000000>, C4<0>, C4<0>, C4<0>;
v0000018a3f24e4a0_0 .net *"_ivl_100", 8 0, L_0000018a3f60b158;  1 drivers
v0000018a3f24d6e0_0 .net *"_ivl_101", 12 0, L_0000018a3f664490;  1 drivers
v0000018a3f24daa0_0 .net *"_ivl_102", 12 0, L_0000018a3f663630;  1 drivers
L_0000018a3f60b1a0 .functor BUFT 1, C4<00000000000000000000000000000000>, C4<0>, C4<0>, C4<0>;
v0000018a3f24d780_0 .net/2u *"_ivl_106", 31 0, L_0000018a3f60b1a0;  1 drivers
v0000018a3f24d820_0 .net *"_ivl_108", 31 0, L_0000018a3f663950;  1 drivers
L_0000018a3f60ad20 .functor BUFT 1, C4<00>, C4<0>, C4<0>, C4<0>;
v0000018a3f24e2c0_0 .net *"_ivl_13", 1 0, L_0000018a3f60ad20;  1 drivers
v0000018a3f24dfa0_0 .net *"_ivl_16", 1 0, L_0000018a3f6638b0;  1 drivers
v0000018a3f24d960_0 .net *"_ivl_18", 6 0, L_0000018a3f663c70;  1 drivers
L_0000018a3f60ad68 .functor BUFT 1, C4<00>, C4<0>, C4<0>, C4<0>;
v0000018a3f24e540_0 .net *"_ivl_21", 1 0, L_0000018a3f60ad68;  1 drivers
v0000018a3f24db40_0 .net *"_ivl_24", 22 0, L_0000018a3f664850;  1 drivers
v0000018a3f24e720_0 .net *"_ivl_26", 6 0, L_0000018a3f663a90;  1 drivers
L_0000018a3f60adb0 .functor BUFT 1, C4<00>, C4<0>, C4<0>, C4<0>;
v0000018a3f23ec60_0 .net *"_ivl_29", 1 0, L_0000018a3f60adb0;  1 drivers
v0000018a3f23f0c0_0 .net *"_ivl_30", 0 0, L_0000018a3f6645d0;  1 drivers
v0000018a3f23e760_0 .net *"_ivl_34", 22 0, L_0000018a3f663590;  1 drivers
v0000018a3f5fbb70_0 .net *"_ivl_36", 6 0, L_0000018a3f663270;  1 drivers
L_0000018a3f60adf8 .functor BUFT 1, C4<00>, C4<0>, C4<0>, C4<0>;
v0000018a3f5fa130_0 .net *"_ivl_39", 1 0, L_0000018a3f60adf8;  1 drivers
v0000018a3f5fbad0_0 .net *"_ivl_40", 0 0, L_0000018a3f663090;  1 drivers
v0000018a3f5faa90_0 .net *"_ivl_46", 31 0, L_0000018a3f663810;  1 drivers
v0000018a3f5fb710_0 .net *"_ivl_48", 9 0, L_0000018a3f664350;  1 drivers
L_0000018a3f60ae40 .functor BUFT 1, C4<00000>, C4<0>, C4<0>, C4<0>;
v0000018a3f5fb5d0_0 .net *"_ivl_51", 4 0, L_0000018a3f60ae40;  1 drivers
v0000018a3f5fbd50_0 .net *"_ivl_52", 11 0, L_0000018a3f663450;  1 drivers
L_0000018a3f60ae88 .functor BUFT 1, C4<00>, C4<0>, C4<0>, C4<0>;
v0000018a3f5fb7b0_0 .net *"_ivl_55", 1 0, L_0000018a3f60ae88;  1 drivers
L_0000018a3f60aed0 .functor BUFT 1, C4<000000000100>, C4<0>, C4<0>, C4<0>;
v0000018a3f5fad10_0 .net/2u *"_ivl_56", 11 0, L_0000018a3f60aed0;  1 drivers
v0000018a3f5fa450_0 .net *"_ivl_59", 11 0, L_0000018a3f662d70;  1 drivers
v0000018a3f5fb670_0 .net *"_ivl_60", 3 0, L_0000018a3f6631d0;  1 drivers
L_0000018a3f60af18 .functor BUFT 1, C4<00>, C4<0>, C4<0>, C4<0>;
v0000018a3f5fab30_0 .net *"_ivl_63", 1 0, L_0000018a3f60af18;  1 drivers
L_0000018a3f60af60 .functor BUFT 1, C4<0>, C4<0>, C4<0>, C4<0>;
v0000018a3f5fa3b0_0 .net *"_ivl_66", 0 0, L_0000018a3f60af60;  1 drivers
v0000018a3f5fa950_0 .net *"_ivl_67", 12 0, L_0000018a3f6639f0;  1 drivers
L_0000018a3f60afa8 .functor BUFT 1, C4<000000000>, C4<0>, C4<0>, C4<0>;
v0000018a3f5fac70_0 .net *"_ivl_70", 8 0, L_0000018a3f60afa8;  1 drivers
v0000018a3f5fbdf0_0 .net *"_ivl_71", 12 0, L_0000018a3f6633b0;  1 drivers
v0000018a3f5fb350_0 .net *"_ivl_72", 12 0, L_0000018a3f6640d0;  1 drivers
v0000018a3f5fa4f0_0 .net *"_ivl_76", 31 0, L_0000018a3f6636d0;  1 drivers
v0000018a3f5fa770_0 .net *"_ivl_78", 9 0, L_0000018a3f662e10;  1 drivers
v0000018a3f5fa630_0 .net *"_ivl_8", 1 0, L_0000018a3f6642b0;  1 drivers
L_0000018a3f60aff0 .functor BUFT 1, C4<00000>, C4<0>, C4<0>, C4<0>;
v0000018a3f5fb850_0 .net *"_ivl_81", 4 0, L_0000018a3f60aff0;  1 drivers
v0000018a3f5fb8f0_0 .net *"_ivl_82", 11 0, L_0000018a3f6647b0;  1 drivers
L_0000018a3f60b038 .functor BUFT 1, C4<00>, C4<0>, C4<0>, C4<0>;
v0000018a3f5fbfd0_0 .net *"_ivl_85", 1 0, L_0000018a3f60b038;  1 drivers
L_0000018a3f60b080 .functor BUFT 1, C4<000000000100>, C4<0>, C4<0>, C4<0>;
v0000018a3f5fa590_0 .net/2u *"_ivl_86", 11 0, L_0000018a3f60b080;  1 drivers
v0000018a3f5fa6d0_0 .net *"_ivl_89", 11 0, L_0000018a3f6643f0;  1 drivers
v0000018a3f5fbc10_0 .net *"_ivl_90", 3 0, L_0000018a3f663db0;  1 drivers
L_0000018a3f60b0c8 .functor BUFT 1, C4<00>, C4<0>, C4<0>, C4<0>;
v0000018a3f5fa810_0 .net *"_ivl_93", 1 0, L_0000018a3f60b0c8;  1 drivers
L_0000018a3f60b110 .functor BUFT 1, C4<0>, C4<0>, C4<0>, C4<0>;
v0000018a3f5fbe90_0 .net *"_ivl_96", 0 0, L_0000018a3f60b110;  1 drivers
v0000018a3f5fabd0_0 .net *"_ivl_97", 12 0, L_0000018a3f6648f0;  1 drivers
v0000018a3f5fadb0 .array "datas0", 127 0, 31 0;
v0000018a3f5fb990 .array "datas1", 127 0, 31 0;
v0000018a3f5fa8b0_0 .net "hit", 0 0, L_0000018a3f264400;  1 drivers
v0000018a3f5fa9f0_0 .net "hit_rword", 31 0, L_0000018a3f664710;  1 drivers
v0000018a3f5fb490_0 .net "i_clk", 0 0, v0000018a3f608cf0_0;  1 drivers
v0000018a3f5fbf30_0 .net "i_mem_rdata", 31 0, L_0000018a3f263ec0;  alias, 1 drivers
v0000018a3f5fb170_0 .net "i_mem_ready", 0 0, L_0000018a3f263f30;  alias, 1 drivers
v0000018a3f5fae50_0 .net "i_mem_valid", 0 0, L_0000018a3f263fa0;  alias, 1 drivers
v0000018a3f5fba30_0 .net "i_req_addr", 31 0, v0000018a3f6091f0_0;  1 drivers
v0000018a3f5fb530_0 .net "i_req_mask", 3 0, v0000018a3f609290_0;  1 drivers
v0000018a3f5faef0_0 .net "i_req_ren", 0 0, v0000018a3f60a0f0_0;  1 drivers
v0000018a3f5faf90_0 .net "i_req_wdata", 31 0, v0000018a3f609830_0;  1 drivers
v0000018a3f5fa1d0_0 .net "i_req_wen", 0 0, v0000018a3f6098d0_0;  1 drivers
v0000018a3f5fbcb0_0 .net "i_rst", 0 0, v0000018a3f609a10_0;  1 drivers
v0000018a3f5fa270 .array "lru", 0 31, 0 0;
v0000018a3f5fa310_0 .net "merged_write_word", 31 0, L_0000018a3f663770;  1 drivers
v0000018a3f5fb030_0 .net "o_busy", 0 0, L_0000018a3f60b308;  alias, 1 drivers
v0000018a3f5fb0d0_0 .net "o_mem_addr", 31 0, L_0000018a3f60b1e8;  alias, 1 drivers
v0000018a3f5fb210_0 .net "o_mem_ren", 0 0, L_0000018a3f60b230;  alias, 1 drivers
v0000018a3f5fb2b0_0 .net "o_mem_wdata", 31 0, L_0000018a3f60b2c0;  alias, 1 drivers
v0000018a3f5fb3f0_0 .net "o_mem_wen", 0 0, L_0000018a3f60b278;  alias, 1 drivers
v0000018a3f5fd360_0 .net "o_res_rdata", 31 0, L_0000018a3f264470;  alias, 1 drivers
v0000018a3f5fc640_0 .net "req_set", 4 0, L_0000018a3f664670;  1 drivers
v0000018a3f5fc320_0 .net "req_tag", 22 0, L_0000018a3f664210;  1 drivers
v0000018a3f5fce60_0 .net "req_valid", 0 0, L_0000018a3f263750;  1 drivers
v0000018a3f5fda40_0 .net "req_word", 1 0, L_0000018a3f662f50;  1 drivers
v0000018a3f5fcaa0_0 .var/i "set_idx", 31 0;
v0000018a3f5fc460_0 .var "state_cur", 1 0;
v0000018a3f5fdf40 .array "tags0", 0 31, 22 0;
v0000018a3f5fc6e0 .array "tags1", 0 31, 22 0;
v0000018a3f5fde00 .array "valid", 0 31, 1 0;
v0000018a3f5fdfe0_0 .net "way0_hit", 0 0, L_0000018a3f264550;  1 drivers
v0000018a3f5fd040_0 .net "way0_rword", 31 0, L_0000018a3f2641d0;  1 drivers
v0000018a3f5fd400_0 .net "way0_valid", 0 0, L_0000018a3f664530;  1 drivers
v0000018a3f5fd7c0_0 .net "way1_hit", 0 0, L_0000018a3f2637c0;  1 drivers
v0000018a3f5fdae0_0 .net "way1_rword", 31 0, L_0000018a3f264010;  1 drivers
v0000018a3f5fd2c0_0 .net "way1_valid", 0 0, L_0000018a3f664a30;  1 drivers
v0000018a3f5fdcc0_0 .var/i "word_idx", 31 0;
E_0000018a3f260450 .event posedge, v0000018a3f5fb490_0;
L_0000018a3f664210 .part v0000018a3f6091f0_0, 9, 23;
L_0000018a3f664670 .part v0000018a3f6091f0_0, 4, 5;
L_0000018a3f662f50 .part v0000018a3f6091f0_0, 2, 2;
L_0000018a3f6642b0 .array/port v0000018a3f5fde00, L_0000018a3f662ff0;
L_0000018a3f662ff0 .concat [ 5 2 0 0], L_0000018a3f664670, L_0000018a3f60ad20;
L_0000018a3f664530 .part L_0000018a3f6642b0, 0, 1;
L_0000018a3f6638b0 .array/port v0000018a3f5fde00, L_0000018a3f663c70;
L_0000018a3f663c70 .concat [ 5 2 0 0], L_0000018a3f664670, L_0000018a3f60ad68;
L_0000018a3f664a30 .part L_0000018a3f6638b0, 1, 1;
L_0000018a3f664850 .array/port v0000018a3f5fdf40, L_0000018a3f663a90;
L_0000018a3f663a90 .concat [ 5 2 0 0], L_0000018a3f664670, L_0000018a3f60adb0;
L_0000018a3f6645d0 .cmp/eq 23, L_0000018a3f664850, L_0000018a3f664210;
L_0000018a3f663590 .array/port v0000018a3f5fc6e0, L_0000018a3f663270;
L_0000018a3f663270 .concat [ 5 2 0 0], L_0000018a3f664670, L_0000018a3f60adf8;
L_0000018a3f663090 .cmp/eq 23, L_0000018a3f663590, L_0000018a3f664210;
L_0000018a3f663810 .array/port v0000018a3f5fadb0, L_0000018a3f6640d0;
L_0000018a3f664350 .concat [ 5 5 0 0], L_0000018a3f664670, L_0000018a3f60ae40;
L_0000018a3f663450 .concat [ 10 2 0 0], L_0000018a3f664350, L_0000018a3f60ae88;
L_0000018a3f662d70 .arith/mult 12, L_0000018a3f663450, L_0000018a3f60aed0;
L_0000018a3f6631d0 .concat [ 2 2 0 0], L_0000018a3f662f50, L_0000018a3f60af18;
L_0000018a3f6639f0 .concat [ 12 1 0 0], L_0000018a3f662d70, L_0000018a3f60af60;
L_0000018a3f6633b0 .concat [ 4 9 0 0], L_0000018a3f6631d0, L_0000018a3f60afa8;
L_0000018a3f6640d0 .arith/sum 13, L_0000018a3f6639f0, L_0000018a3f6633b0;
L_0000018a3f6636d0 .array/port v0000018a3f5fb990, L_0000018a3f663630;
L_0000018a3f662e10 .concat [ 5 5 0 0], L_0000018a3f664670, L_0000018a3f60aff0;
L_0000018a3f6647b0 .concat [ 10 2 0 0], L_0000018a3f662e10, L_0000018a3f60b038;
L_0000018a3f6643f0 .arith/mult 12, L_0000018a3f6647b0, L_0000018a3f60b080;
L_0000018a3f663db0 .concat [ 2 2 0 0], L_0000018a3f662f50, L_0000018a3f60b0c8;
L_0000018a3f6648f0 .concat [ 12 1 0 0], L_0000018a3f6643f0, L_0000018a3f60b110;
L_0000018a3f664490 .concat [ 4 9 0 0], L_0000018a3f663db0, L_0000018a3f60b158;
L_0000018a3f663630 .arith/sum 13, L_0000018a3f6648f0, L_0000018a3f664490;
L_0000018a3f663950 .functor MUXZ 32, L_0000018a3f60b1a0, L_0000018a3f264010, L_0000018a3f2637c0, C4<>;
L_0000018a3f664710 .functor MUXZ 32, L_0000018a3f663950, L_0000018a3f2641d0, L_0000018a3f264550, C4<>;
L_0000018a3f663770 .ufunc/vec4 TD_cache_tb.dut.apply_mask, 32, L_0000018a3f664710, v0000018a3f609830_0, v0000018a3f609290_0 (v0000018a3f24eea0_0, v0000018a3f24d640_0, v0000018a3f24ecc0_0) S_0000018a3f20e8a0;
S_0000018a3f20e8a0 .scope autofunction.vec4.s32, "apply_mask" "apply_mask" 4 109, 4 109 0, S_0000018a3f1fc730;
 .timescale 0 0;
; Variable apply_mask is vec4 return value of scope S_0000018a3f20e8a0
v0000018a3f24df00_0 .var "byte_mask", 31 0;
v0000018a3f24ecc0_0 .var "mask", 3 0;
v0000018a3f24d640_0 .var "new_word", 31 0;
v0000018a3f24eea0_0 .var "old_word", 31 0;
TD_cache_tb.dut.apply_mask ;
    %alloc S_0000018a3f20ea30;
    %load/vec4 v0000018a3f24ecc0_0;
    %store/vec4 v0000018a3f24d0a0_0, 0, 4;
    %callf/vec4 TD_cache_tb.dut.expand_mask, S_0000018a3f20ea30;
    %free S_0000018a3f20ea30;
    %store/vec4 v0000018a3f24df00_0, 0, 32;
    %load/vec4 v0000018a3f24eea0_0;
    %load/vec4 v0000018a3f24df00_0;
    %inv;
    %and;
    %load/vec4 v0000018a3f24d640_0;
    %load/vec4 v0000018a3f24df00_0;
    %and;
    %or;
    %ret/vec4 0, 0, 32;  Assign to apply_mask (store_vec4_to_lval)
    %end;
S_0000018a3f20ea30 .scope autofunction.vec4.s32, "expand_mask" "expand_mask" 4 102, 4 102 0, S_0000018a3f1fc730;
 .timescale 0 0;
; Variable expand_mask is vec4 return value of scope S_0000018a3f20ea30
v0000018a3f24d0a0_0 .var "mask", 3 0;
TD_cache_tb.dut.expand_mask ;
    %load/vec4 v0000018a3f24d0a0_0;
    %parti/s 1, 3, 3;
    %replicate 8;
    %load/vec4 v0000018a3f24d0a0_0;
    %parti/s 1, 2, 3;
    %replicate 8;
    %concat/vec4; draw_concat_vec4
    %load/vec4 v0000018a3f24d0a0_0;
    %parti/s 1, 1, 2;
    %replicate 8;
    %concat/vec4; draw_concat_vec4
    %load/vec4 v0000018a3f24d0a0_0;
    %parti/s 1, 0, 2;
    %replicate 8;
    %concat/vec4; draw_concat_vec4
    %ret/vec4 0, 0, 32;  Assign to expand_mask (store_vec4_to_lval)
    %end;
S_0000018a3f29e6f0 .scope module, "mem" "memory" 3 50, 5 8 0, S_0000018a3f230cc0;
 .timescale 0 0;
    .port_info 0 /INPUT 1 "i_clk";
    .port_info 1 /INPUT 1 "i_rst";
    .port_info 2 /OUTPUT 1 "o_ready";
    .port_info 3 /INPUT 32 "i_addr";
    .port_info 4 /INPUT 1 "i_ren";
    .port_info 5 /INPUT 1 "i_wen";
    .port_info 6 /INPUT 4 "i_mask";
    .port_info 7 /INPUT 32 "i_wdata";
    .port_info 8 /OUTPUT 1 "o_valid";
    .port_info 9 /OUTPUT 32 "o_addr";
    .port_info 10 /OUTPUT 1 "o_wdone";
    .port_info 11 /OUTPUT 32 "o_rdata";
P_0000018a3f240060 .param/l "INTERVAL" 0 5 14, +C4<00000000000000000000000000000010>;
P_0000018a3f240098 .param/l "LATENCY" 0 5 12, +C4<00000000000000000000000000000100>;
P_0000018a3f2400d0 .param/l "SIZE" 0 5 10, +C4<0000000000000000000000000000000000000000000000000100000000000000>;
L_0000018a3f2645c0 .functor NOT 1, v0000018a3f609a10_0, C4<0>, C4<0>, C4<0>;
L_0000018a3f263b40 .functor AND 1, L_0000018a3f2645c0, L_0000018a3f60a2d0, C4<1>, C4<1>;
v0000018a3f5fc280_2 .array/port v0000018a3f5fc280, 2;
L_0000018a3f263bb0 .functor BUFZ 32, v0000018a3f5fc280_2, C4<00000000000000000000000000000000>, C4<00000000000000000000000000000000>, C4<00000000000000000000000000000000>;
v0000018a3f5fd540_2 .array/port v0000018a3f5fd540, 2;
L_0000018a3f263de0 .functor BUFZ 4, v0000018a3f5fd540_2, C4<0000>, C4<0000>, C4<0000>;
v0000018a3f608b10_2 .array/port v0000018a3f608b10, 2;
L_0000018a3f2636e0 .functor BUFZ 32, v0000018a3f608b10_2, C4<00000000000000000000000000000000>, C4<00000000000000000000000000000000>, C4<00000000000000000000000000000000>;
v0000018a3f5fc280_3 .array/port v0000018a3f5fc280, 3;
L_0000018a3f264240 .functor BUFZ 32, v0000018a3f5fc280_3, C4<00000000000000000000000000000000>, C4<00000000000000000000000000000000>, C4<00000000000000000000000000000000>;
v0000018a3f609470_3 .array/port v0000018a3f609470, 3;
L_0000018a3f263a60 .functor BUFZ 1, v0000018a3f609470_3, C4<0>, C4<0>, C4<0>;
v0000018a3f608ed0_2 .array/port v0000018a3f608ed0, 2;
L_0000018a3f263e50 .functor BUFZ 1, v0000018a3f608ed0_2, C4<0>, C4<0>, C4<0>;
L_0000018a3f263ec0 .functor BUFZ 32, L_0000018a3f664990, C4<00000000000000000000000000000000>, C4<00000000000000000000000000000000>, C4<00000000000000000000000000000000>;
L_0000018a3f2640f0 .functor BUFZ 32, L_0000018a3f264240, C4<00000000000000000000000000000000>, C4<00000000000000000000000000000000>, C4<00000000000000000000000000000000>;
L_0000018a3f263fa0 .functor BUFZ 1, L_0000018a3f263a60, C4<0>, C4<0>, C4<0>;
L_0000018a3f264320 .functor BUFZ 1, L_0000018a3f263e50, C4<0>, C4<0>, C4<0>;
L_0000018a3f263f30 .functor BUFZ 1, L_0000018a3f263b40, C4<0>, C4<0>, C4<0>;
v0000018a3f5fc780_0 .net *"_ivl_0", 0 0, L_0000018a3f2645c0;  1 drivers
v0000018a3f5fd680_0 .net *"_ivl_2", 31 0, L_0000018a3f60a230;  1 drivers
v0000018a3f5fd4a0_0 .net *"_ivl_32", 7 0, L_0000018a3f609b50;  1 drivers
L_0000018a3f60ac00 .functor BUFT 1, C4<00000000000000000000000000000011>, C4<0>, C4<0>, C4<0>;
v0000018a3f5fca00_0 .net/2u *"_ivl_34", 31 0, L_0000018a3f60ac00;  1 drivers
v0000018a3f5fc820_0 .net *"_ivl_36", 31 0, L_0000018a3f6087f0;  1 drivers
v0000018a3f5fd220_0 .net *"_ivl_38", 7 0, L_0000018a3f6634f0;  1 drivers
L_0000018a3f60ac48 .functor BUFT 1, C4<00000000000000000000000000000010>, C4<0>, C4<0>, C4<0>;
v0000018a3f5fc1e0_0 .net/2u *"_ivl_40", 31 0, L_0000018a3f60ac48;  1 drivers
v0000018a3f5fdd60_0 .net *"_ivl_42", 31 0, L_0000018a3f663310;  1 drivers
v0000018a3f5fcf00_0 .net *"_ivl_44", 7 0, L_0000018a3f663130;  1 drivers
L_0000018a3f60ac90 .functor BUFT 1, C4<00000000000000000000000000000001>, C4<0>, C4<0>, C4<0>;
v0000018a3f5fcc80_0 .net/2u *"_ivl_46", 31 0, L_0000018a3f60ac90;  1 drivers
v0000018a3f5fc3c0_0 .net *"_ivl_48", 31 0, L_0000018a3f664170;  1 drivers
L_0000018a3f60ab70 .functor BUFT 1, C4<0000000000000000000000000000000>, C4<0>, C4<0>, C4<0>;
v0000018a3f5fcfa0_0 .net *"_ivl_5", 30 0, L_0000018a3f60ab70;  1 drivers
v0000018a3f5fc500_0 .net *"_ivl_50", 7 0, L_0000018a3f663f90;  1 drivers
L_0000018a3f60acd8 .functor BUFT 1, C4<00000000000000000000000000000000>, C4<0>, C4<0>, C4<0>;
v0000018a3f5fc8c0_0 .net/2u *"_ivl_52", 31 0, L_0000018a3f60acd8;  1 drivers
v0000018a3f5fc960_0 .net *"_ivl_54", 31 0, L_0000018a3f662eb0;  1 drivers
L_0000018a3f60abb8 .functor BUFT 1, C4<00000000000000000000000000000000>, C4<0>, C4<0>, C4<0>;
v0000018a3f5fcb40_0 .net/2u *"_ivl_6", 31 0, L_0000018a3f60abb8;  1 drivers
v0000018a3f5fcbe0_0 .net *"_ivl_8", 0 0, L_0000018a3f60a2d0;  1 drivers
v0000018a3f5fc280 .array "addrs", 3 0, 31 0;
v0000018a3f5fc140_0 .net "i_addr", 31 0, L_0000018a3f60b1e8;  alias, 1 drivers
v0000018a3f5fd0e0_0 .net "i_clk", 0 0, v0000018a3f608cf0_0;  alias, 1 drivers
v0000018a3f5fc5a0_0 .net "i_mask", 3 0, L_0000018a3f60ab28;  alias, 1 drivers
v0000018a3f5fdea0_0 .net "i_ren", 0 0, L_0000018a3f60b230;  alias, 1 drivers
v0000018a3f5fd860_0 .net "i_rst", 0 0, v0000018a3f609a10_0;  alias, 1 drivers
v0000018a3f5fcd20_0 .net "i_wdata", 31 0, L_0000018a3f60b2c0;  alias, 1 drivers
v0000018a3f5fcdc0_0 .net "i_wen", 0 0, L_0000018a3f60b278;  alias, 1 drivers
v0000018a3f5fd900_0 .var "interval_counter", 0 0;
v0000018a3f5fd180_0 .net "mask", 3 0, L_0000018a3f263de0;  1 drivers
v0000018a3f5fd540 .array "masks", 3 0, 3 0;
v0000018a3f5fd5e0 .array "mem", 16383 0, 7 0;
v0000018a3f5fdc20_0 .net "o_addr", 31 0, L_0000018a3f2640f0;  alias, 1 drivers
v0000018a3f5fd720_0 .net "o_rdata", 31 0, L_0000018a3f263ec0;  alias, 1 drivers
v0000018a3f5fd9a0_0 .net "o_ready", 0 0, L_0000018a3f263f30;  alias, 1 drivers
v0000018a3f5fdb80_0 .net "o_valid", 0 0, L_0000018a3f263fa0;  alias, 1 drivers
v0000018a3f609970_0 .net "o_wdone", 0 0, L_0000018a3f264320;  1 drivers
v0000018a3f60a410_0 .net "raddr", 31 0, v0000018a3f5fc280_3;  1 drivers
v0000018a3f6093d0_0 .net "ready", 0 0, L_0000018a3f263b40;  1 drivers
v0000018a3f608890_0 .net "ren", 0 0, v0000018a3f609470_3;  1 drivers
v0000018a3f609470 .array "rens", 3 0, 0 0;
v0000018a3f609010_0 .net "res_addr", 31 0, L_0000018a3f264240;  1 drivers
v0000018a3f6089d0_0 .net "res_rdata", 31 0, L_0000018a3f664990;  1 drivers
v0000018a3f60a4b0_0 .net "res_valid", 0 0, L_0000018a3f263a60;  1 drivers
v0000018a3f608c50_0 .net "res_wdone", 0 0, L_0000018a3f263e50;  1 drivers
v0000018a3f60a370_0 .net "waddr", 31 0, L_0000018a3f263bb0;  1 drivers
v0000018a3f608d90_0 .net "wdata", 31 0, L_0000018a3f2636e0;  1 drivers
v0000018a3f608b10 .array "wdatas", 3 0, 31 0;
v0000018a3f608e30_0 .net "wen", 0 0, v0000018a3f608ed0_2;  1 drivers
v0000018a3f608ed0 .array "wens", 3 0, 0 0;
L_0000018a3f60a230 .concat [ 1 31 0 0], v0000018a3f5fd900_0, L_0000018a3f60ab70;
L_0000018a3f60a2d0 .cmp/eq 32, L_0000018a3f60a230, L_0000018a3f60abb8;
L_0000018a3f609b50 .array/port v0000018a3f5fd5e0, L_0000018a3f6087f0;
L_0000018a3f6087f0 .arith/sum 32, v0000018a3f5fc280_3, L_0000018a3f60ac00;
L_0000018a3f6634f0 .array/port v0000018a3f5fd5e0, L_0000018a3f663310;
L_0000018a3f663310 .arith/sum 32, v0000018a3f5fc280_3, L_0000018a3f60ac48;
L_0000018a3f663130 .array/port v0000018a3f5fd5e0, L_0000018a3f664170;
L_0000018a3f664170 .arith/sum 32, v0000018a3f5fc280_3, L_0000018a3f60ac90;
L_0000018a3f663f90 .array/port v0000018a3f5fd5e0, L_0000018a3f662eb0;
L_0000018a3f662eb0 .arith/sum 32, v0000018a3f5fc280_3, L_0000018a3f60acd8;
L_0000018a3f664990 .concat [ 8 8 8 8], L_0000018a3f663f90, L_0000018a3f663130, L_0000018a3f6634f0, L_0000018a3f609b50;
S_0000018a3f29ed10 .scope generate, "genblk1[1]" "genblk1[1]" 5 102, 5 102 0, S_0000018a3f29e6f0;
 .timescale 0 0;
P_0000018a3f25f850 .param/l "i" 0 5 102, +C4<01>;
S_0000018a3f5ff110 .scope generate, "genblk1[2]" "genblk1[2]" 5 102, 5 102 0, S_0000018a3f29e6f0;
 .timescale 0 0;
P_0000018a3f2600d0 .param/l "i" 0 5 102, +C4<010>;
S_0000018a3f5ff2a0 .scope generate, "genblk1[3]" "genblk1[3]" 5 102, 5 102 0, S_0000018a3f29e6f0;
 .timescale 0 0;
P_0000018a3f25f6d0 .param/l "i" 0 5 102, +C4<011>;
S_0000018a3f60a670 .scope autotask, "reset_sequence" "reset_sequence" 3 206, 3 206 0, S_0000018a3f230cc0;
 .timescale 0 0;
E_0000018a3f2604d0 .event negedge, v0000018a3f5fb490_0;
TD_cache_tb.reset_sequence ;
    %vpi_call/w 3 208 "$display", "Resetting cache and memory." {0 0 0};
    %wait E_0000018a3f2604d0;
    %pushi/vec4 1, 0, 1;
    %store/vec4 v0000018a3f609a10_0, 0, 1;
    %wait E_0000018a3f2604d0;
    %wait E_0000018a3f2604d0;
    %wait E_0000018a3f2604d0;
    %wait E_0000018a3f2604d0;
    %pushi/vec4 0, 0, 1;
    %store/vec4 v0000018a3f609a10_0, 0, 1;
    %pushi/vec4 0, 0, 32;
    %store/vec4 v0000018a3f6091f0_0, 0, 32;
    %pushi/vec4 0, 0, 1;
    %store/vec4 v0000018a3f60a0f0_0, 0, 1;
    %pushi/vec4 0, 0, 1;
    %store/vec4 v0000018a3f6098d0_0, 0, 1;
    %pushi/vec4 0, 0, 4;
    %store/vec4 v0000018a3f609290_0, 0, 4;
    %pushi/vec4 0, 0, 32;
    %store/vec4 v0000018a3f609830_0, 0, 32;
    %pushi/vec4 0, 0, 24;
    %store/vec4 v0000018a3f609ab0_0, 0, 24;
    %pushi/vec4 0, 0, 5;
    %store/vec4 v0000018a3f609bf0_0, 0, 5;
    %pushi/vec4 0, 0, 4;
    %store/vec4 v0000018a3f609150_0, 0, 4;
    %end;
S_0000018a3f60a800 .scope autotask, "send_read" "send_read" 3 185, 3 185 0, S_0000018a3f230cc0;
 .timescale 0 0;
v0000018a3f608750_0 .var "index", 4 0;
v0000018a3f609330_0 .var "mask", 3 0;
v0000018a3f609c90_0 .var "offset", 3 0;
v0000018a3f60a190_0 .var "tag", 22 0;
E_0000018a3f260290 .event negedge, v0000018a3f5fb490_0;
TD_cache_tb.send_read ;
    %load/vec4 v0000018a3f60a190_0;
    %load/vec4 v0000018a3f608750_0;
    %concat/vec4; draw_concat_vec4
    %load/vec4 v0000018a3f609c90_0;
    %concat/vec4; draw_concat_vec4
    %store/vec4 v0000018a3f6091f0_0, 0, 32;
    %load/vec4 v0000018a3f609330_0;
    %store/vec4 v0000018a3f609290_0, 0, 4;
    %pushi/vec4 0, 0, 1;
    %store/vec4 v0000018a3f6098d0_0, 0, 1;
    %pushi/vec4 4294967295, 4294967295, 32;
    %store/vec4 v0000018a3f609830_0, 0, 32;
    %pushi/vec4 1, 0, 1;
    %store/vec4 v0000018a3f60a0f0_0, 0, 1;
    %wait E_0000018a3f260290;
    %pushi/vec4 0, 0, 1;
    %store/vec4 v0000018a3f60a0f0_0, 0, 1;
    %delay 0, 0;
    %load/vec4 v0000018a3f609290_0;
    %parti/s 1, 3, 3;
    %replicate 8;
    %load/vec4 v0000018a3f609290_0;
    %parti/s 1, 2, 3;
    %replicate 8;
    %concat/vec4; draw_concat_vec4
    %load/vec4 v0000018a3f609290_0;
    %parti/s 1, 1, 2;
    %replicate 8;
    %concat/vec4; draw_concat_vec4
    %load/vec4 v0000018a3f609290_0;
    %parti/s 1, 0, 2;
    %replicate 8;
    %concat/vec4; draw_concat_vec4
    %store/vec4 v0000018a3f609510_0, 0, 32;
    %load/vec4 v0000018a3f609dd0_0;
    %nor/r;
    %flag_set/vec4 8;
    %jmp/0xz  T_3.0, 8;
    %load/vec4 v0000018a3f60a550_0;
    %load/vec4 v0000018a3f609510_0;
    %and;
    %vpi_call/w 3 198 "$display", "Read HIT:   addr=%08x data=%08x mask=%04b", v0000018a3f6091f0_0, S<0,vec4,u32>, v0000018a3f609290_0 {1 0 0};
    %jmp T_3.1;
T_3.0 ;
T_3.2 ;
    %load/vec4 v0000018a3f609dd0_0;
    %flag_set/vec4 8;
    %jmp/0xz T_3.3, 8;
    %wait E_0000018a3f260290;
    %jmp T_3.2;
T_3.3 ;
    %load/vec4 v0000018a3f60a550_0;
    %load/vec4 v0000018a3f609510_0;
    %and;
    %vpi_call/w 3 201 "$display", "Read MISS:  addr=%08x data=%08x mask=%04b", v0000018a3f6091f0_0, S<0,vec4,u32>, v0000018a3f609290_0 {1 0 0};
T_3.1 ;
    %end;
S_0000018a3f60a990 .scope autotask, "send_write" "send_write" 3 166, 3 166 0, S_0000018a3f230cc0;
 .timescale 0 0;
v0000018a3f608f70_0 .var "data", 31 0;
v0000018a3f6086b0_0 .var "index", 4 0;
v0000018a3f6090b0_0 .var "mask", 3 0;
v0000018a3f609d30_0 .var "offset", 3 0;
v0000018a3f609650_0 .var "tag", 22 0;
E_0000018a3f260110 .event negedge, v0000018a3f5fb490_0;
TD_cache_tb.send_write ;
    %load/vec4 v0000018a3f609650_0;
    %load/vec4 v0000018a3f6086b0_0;
    %concat/vec4; draw_concat_vec4
    %load/vec4 v0000018a3f609d30_0;
    %concat/vec4; draw_concat_vec4
    %store/vec4 v0000018a3f6091f0_0, 0, 32;
    %load/vec4 v0000018a3f6090b0_0;
    %store/vec4 v0000018a3f609290_0, 0, 4;
    %pushi/vec4 0, 0, 1;
    %store/vec4 v0000018a3f60a0f0_0, 0, 1;
    %pushi/vec4 1, 0, 1;
    %store/vec4 v0000018a3f6098d0_0, 0, 1;
    %load/vec4 v0000018a3f608f70_0;
    %store/vec4 v0000018a3f609830_0, 0, 32;
    %wait E_0000018a3f260110;
    %pushi/vec4 0, 0, 1;
    %store/vec4 v0000018a3f6098d0_0, 0, 1;
    %load/vec4 v0000018a3f609dd0_0;
    %nor/r;
    %flag_set/vec4 8;
    %jmp/0xz  T_4.4, 8;
    %load/vec4 v0000018a3f609830_0;
    %load/vec4 v0000018a3f609510_0;
    %and;
    %vpi_call/w 3 177 "$display", "Write HIT:  addr=%08x data=%08x mask=%04b", v0000018a3f6091f0_0, S<0,vec4,u32>, v0000018a3f609290_0 {1 0 0};
    %jmp T_4.5;
T_4.4 ;
T_4.6 ;
    %load/vec4 v0000018a3f609dd0_0;
    %flag_set/vec4 8;
    %jmp/0xz T_4.7, 8;
    %wait E_0000018a3f260110;
    %jmp T_4.6;
T_4.7 ;
    %load/vec4 v0000018a3f609830_0;
    %load/vec4 v0000018a3f609510_0;
    %and;
    %vpi_call/w 3 180 "$display", "Write MISS: addr=%08x data=%08x mask=%04b", v0000018a3f6091f0_0, S<0,vec4,u32>, v0000018a3f609290_0 {1 0 0};
T_4.5 ;
    %end;
    .scope S_0000018a3f29ed10;
T_5 ;
    %wait E_0000018a3f260450;
    %load/vec4 v0000018a3f5fd860_0;
    %flag_set/vec4 8;
    %jmp/0xz  T_5.0, 8;
    %pushi/vec4 0, 0, 1;
    %ix/load 3, 1, 0;
    %flag_set/imm 4, 0;
    %ix/load 4, 0, 0; Constant delay
    %assign/vec4/a/d v0000018a3f609470, 0, 4;
    %pushi/vec4 0, 0, 1;
    %ix/load 3, 1, 0;
    %flag_set/imm 4, 0;
    %ix/load 4, 0, 0; Constant delay
    %assign/vec4/a/d v0000018a3f608ed0, 0, 4;
    %jmp T_5.1;
T_5.0 ;
    %ix/load 4, 0, 0;
    %flag_set/imm 4, 0;
    %load/vec4a v0000018a3f5fc280, 4;
    %ix/load 3, 1, 0;
    %flag_set/imm 4, 0;
    %ix/load 4, 0, 0; Constant delay
    %assign/vec4/a/d v0000018a3f5fc280, 0, 4;
    %ix/load 4, 0, 0;
    %flag_set/imm 4, 0;
    %load/vec4a v0000018a3f609470, 4;
    %ix/load 3, 1, 0;
    %flag_set/imm 4, 0;
    %ix/load 4, 0, 0; Constant delay
    %assign/vec4/a/d v0000018a3f609470, 0, 4;
    %ix/load 4, 0, 0;
    %flag_set/imm 4, 0;
    %load/vec4a v0000018a3f608ed0, 4;
    %ix/load 3, 1, 0;
    %flag_set/imm 4, 0;
    %ix/load 4, 0, 0; Constant delay
    %assign/vec4/a/d v0000018a3f608ed0, 0, 4;
    %ix/load 4, 0, 0;
    %flag_set/imm 4, 0;
    %load/vec4a v0000018a3f5fd540, 4;
    %ix/load 3, 1, 0;
    %flag_set/imm 4, 0;
    %ix/load 4, 0, 0; Constant delay
    %assign/vec4/a/d v0000018a3f5fd540, 0, 4;
    %ix/load 4, 0, 0;
    %flag_set/imm 4, 0;
    %load/vec4a v0000018a3f608b10, 4;
    %ix/load 3, 1, 0;
    %flag_set/imm 4, 0;
    %ix/load 4, 0, 0; Constant delay
    %assign/vec4/a/d v0000018a3f608b10, 0, 4;
T_5.1 ;
    %jmp T_5;
    .thread T_5;
    .scope S_0000018a3f5ff110;
T_6 ;
    %wait E_0000018a3f260450;
    %load/vec4 v0000018a3f5fd860_0;
    %flag_set/vec4 8;
    %jmp/0xz  T_6.0, 8;
    %pushi/vec4 0, 0, 1;
    %ix/load 3, 2, 0;
    %flag_set/imm 4, 0;
    %ix/load 4, 0, 0; Constant delay
    %assign/vec4/a/d v0000018a3f609470, 0, 4;
    %pushi/vec4 0, 0, 1;
    %ix/load 3, 2, 0;
    %flag_set/imm 4, 0;
    %ix/load 4, 0, 0; Constant delay
    %assign/vec4/a/d v0000018a3f608ed0, 0, 4;
    %jmp T_6.1;
T_6.0 ;
    %ix/load 4, 1, 0;
    %flag_set/imm 4, 0;
    %load/vec4a v0000018a3f5fc280, 4;
    %ix/load 3, 2, 0;
    %flag_set/imm 4, 0;
    %ix/load 4, 0, 0; Constant delay
    %assign/vec4/a/d v0000018a3f5fc280, 0, 4;
    %ix/load 4, 1, 0;
    %flag_set/imm 4, 0;
    %load/vec4a v0000018a3f609470, 4;
    %ix/load 3, 2, 0;
    %flag_set/imm 4, 0;
    %ix/load 4, 0, 0; Constant delay
    %assign/vec4/a/d v0000018a3f609470, 0, 4;
    %ix/load 4, 1, 0;
    %flag_set/imm 4, 0;
    %load/vec4a v0000018a3f608ed0, 4;
    %ix/load 3, 2, 0;
    %flag_set/imm 4, 0;
    %ix/load 4, 0, 0; Constant delay
    %assign/vec4/a/d v0000018a3f608ed0, 0, 4;
    %ix/load 4, 1, 0;
    %flag_set/imm 4, 0;
    %load/vec4a v0000018a3f5fd540, 4;
    %ix/load 3, 2, 0;
    %flag_set/imm 4, 0;
    %ix/load 4, 0, 0; Constant delay
    %assign/vec4/a/d v0000018a3f5fd540, 0, 4;
    %ix/load 4, 1, 0;
    %flag_set/imm 4, 0;
    %load/vec4a v0000018a3f608b10, 4;
    %ix/load 3, 2, 0;
    %flag_set/imm 4, 0;
    %ix/load 4, 0, 0; Constant delay
    %assign/vec4/a/d v0000018a3f608b10, 0, 4;
T_6.1 ;
    %jmp T_6;
    .thread T_6;
    .scope S_0000018a3f5ff2a0;
T_7 ;
    %wait E_0000018a3f260450;
    %load/vec4 v0000018a3f5fd860_0;
    %flag_set/vec4 8;
    %jmp/0xz  T_7.0, 8;
    %pushi/vec4 0, 0, 1;
    %ix/load 3, 3, 0;
    %flag_set/imm 4, 0;
    %ix/load 4, 0, 0; Constant delay
    %assign/vec4/a/d v0000018a3f609470, 0, 4;
    %pushi/vec4 0, 0, 1;
    %ix/load 3, 3, 0;
    %flag_set/imm 4, 0;
    %ix/load 4, 0, 0; Constant delay
    %assign/vec4/a/d v0000018a3f608ed0, 0, 4;
    %jmp T_7.1;
T_7.0 ;
    %ix/load 4, 2, 0;
    %flag_set/imm 4, 0;
    %load/vec4a v0000018a3f5fc280, 4;
    %ix/load 3, 3, 0;
    %flag_set/imm 4, 0;
    %ix/load 4, 0, 0; Constant delay
    %assign/vec4/a/d v0000018a3f5fc280, 0, 4;
    %ix/load 4, 2, 0;
    %flag_set/imm 4, 0;
    %load/vec4a v0000018a3f609470, 4;
    %ix/load 3, 3, 0;
    %flag_set/imm 4, 0;
    %ix/load 4, 0, 0; Constant delay
    %assign/vec4/a/d v0000018a3f609470, 0, 4;
    %ix/load 4, 2, 0;
    %flag_set/imm 4, 0;
    %load/vec4a v0000018a3f608ed0, 4;
    %ix/load 3, 3, 0;
    %flag_set/imm 4, 0;
    %ix/load 4, 0, 0; Constant delay
    %assign/vec4/a/d v0000018a3f608ed0, 0, 4;
    %ix/load 4, 2, 0;
    %flag_set/imm 4, 0;
    %load/vec4a v0000018a3f5fd540, 4;
    %ix/load 3, 3, 0;
    %flag_set/imm 4, 0;
    %ix/load 4, 0, 0; Constant delay
    %assign/vec4/a/d v0000018a3f5fd540, 0, 4;
    %ix/load 4, 2, 0;
    %flag_set/imm 4, 0;
    %load/vec4a v0000018a3f608b10, 4;
    %ix/load 3, 3, 0;
    %flag_set/imm 4, 0;
    %ix/load 4, 0, 0; Constant delay
    %assign/vec4/a/d v0000018a3f608b10, 0, 4;
T_7.1 ;
    %jmp T_7;
    .thread T_7;
    .scope S_0000018a3f29e6f0;
T_8 ;
    %wait E_0000018a3f260450;
    %load/vec4 v0000018a3f5fd860_0;
    %flag_set/vec4 8;
    %jmp/0xz  T_8.0, 8;
    %pushi/vec4 0, 0, 1;
    %assign/vec4 v0000018a3f5fd900_0, 0;
    %jmp T_8.1;
T_8.0 ;
    %load/vec4 v0000018a3f5fd900_0;
    %pad/u 32;
    %cmpi/e 1, 0, 32;
    %jmp/0xz  T_8.2, 4;
    %pushi/vec4 0, 0, 1;
    %assign/vec4 v0000018a3f5fd900_0, 0;
    %jmp T_8.3;
T_8.2 ;
    %load/vec4 v0000018a3f6093d0_0;
    %nor/r;
    %load/vec4 v0000018a3f5fdea0_0;
    %or;
    %load/vec4 v0000018a3f5fcdc0_0;
    %or;
    %flag_set/vec4 8;
    %jmp/0xz  T_8.4, 8;
    %load/vec4 v0000018a3f5fd900_0;
    %pad/u 2;
    %addi 1, 0, 2;
    %pad/u 1;
    %assign/vec4 v0000018a3f5fd900_0, 0;
T_8.4 ;
T_8.3 ;
T_8.1 ;
    %jmp T_8;
    .thread T_8;
    .scope S_0000018a3f29e6f0;
T_9 ;
    %wait E_0000018a3f260450;
    %load/vec4 v0000018a3f5fd860_0;
    %flag_set/vec4 8;
    %jmp/0xz  T_9.0, 8;
    %pushi/vec4 0, 0, 1;
    %ix/load 3, 0, 0;
    %flag_set/imm 4, 0;
    %ix/load 4, 0, 0; Constant delay
    %assign/vec4/a/d v0000018a3f609470, 0, 4;
    %pushi/vec4 0, 0, 1;
    %ix/load 3, 0, 0;
    %flag_set/imm 4, 0;
    %ix/load 4, 0, 0; Constant delay
    %assign/vec4/a/d v0000018a3f608ed0, 0, 4;
    %jmp T_9.1;
T_9.0 ;
    %load/vec4 v0000018a3f5fc140_0;
    %ix/load 3, 0, 0;
    %flag_set/imm 4, 0;
    %ix/load 4, 0, 0; Constant delay
    %assign/vec4/a/d v0000018a3f5fc280, 0, 4;
    %load/vec4 v0000018a3f6093d0_0;
    %load/vec4 v0000018a3f5fdea0_0;
    %and;
    %ix/load 3, 0, 0;
    %flag_set/imm 4, 0;
    %ix/load 4, 0, 0; Constant delay
    %assign/vec4/a/d v0000018a3f609470, 0, 4;
    %load/vec4 v0000018a3f6093d0_0;
    %load/vec4 v0000018a3f5fcdc0_0;
    %and;
    %ix/load 3, 0, 0;
    %flag_set/imm 4, 0;
    %ix/load 4, 0, 0; Constant delay
    %assign/vec4/a/d v0000018a3f608ed0, 0, 4;
    %load/vec4 v0000018a3f5fc5a0_0;
    %ix/load 3, 0, 0;
    %flag_set/imm 4, 0;
    %ix/load 4, 0, 0; Constant delay
    %assign/vec4/a/d v0000018a3f5fd540, 0, 4;
    %load/vec4 v0000018a3f5fcd20_0;
    %ix/load 3, 0, 0;
    %flag_set/imm 4, 0;
    %ix/load 4, 0, 0; Constant delay
    %assign/vec4/a/d v0000018a3f608b10, 0, 4;
T_9.1 ;
    %jmp T_9;
    .thread T_9;
    .scope S_0000018a3f29e6f0;
T_10 ;
    %wait E_0000018a3f260450;
    %load/vec4 v0000018a3f608e30_0;
    %load/vec4 v0000018a3f5fd180_0;
    %parti/s 1, 0, 2;
    %and;
    %flag_set/vec4 8;
    %jmp/0xz  T_10.0, 8;
    %load/vec4 v0000018a3f608d90_0;
    %parti/s 8, 0, 2;
    %load/vec4 v0000018a3f60a370_0;
    %addi 0, 0, 32;
    %ix/vec4 3;
    %ix/load 4, 0, 0; Constant delay
    %assign/vec4/a/d v0000018a3f5fd5e0, 0, 4;
T_10.0 ;
    %load/vec4 v0000018a3f608e30_0;
    %load/vec4 v0000018a3f5fd180_0;
    %parti/s 1, 1, 2;
    %and;
    %flag_set/vec4 8;
    %jmp/0xz  T_10.2, 8;
    %load/vec4 v0000018a3f608d90_0;
    %parti/s 8, 8, 5;
    %load/vec4 v0000018a3f60a370_0;
    %addi 1, 0, 32;
    %ix/vec4 3;
    %ix/load 4, 0, 0; Constant delay
    %assign/vec4/a/d v0000018a3f5fd5e0, 0, 4;
T_10.2 ;
    %load/vec4 v0000018a3f608e30_0;
    %load/vec4 v0000018a3f5fd180_0;
    %parti/s 1, 2, 3;
    %and;
    %flag_set/vec4 8;
    %jmp/0xz  T_10.4, 8;
    %load/vec4 v0000018a3f608d90_0;
    %parti/s 8, 16, 6;
    %load/vec4 v0000018a3f60a370_0;
    %addi 2, 0, 32;
    %ix/vec4 3;
    %ix/load 4, 0, 0; Constant delay
    %assign/vec4/a/d v0000018a3f5fd5e0, 0, 4;
T_10.4 ;
    %load/vec4 v0000018a3f608e30_0;
    %load/vec4 v0000018a3f5fd180_0;
    %parti/s 1, 3, 3;
    %and;
    %flag_set/vec4 8;
    %jmp/0xz  T_10.6, 8;
    %load/vec4 v0000018a3f608d90_0;
    %parti/s 8, 24, 6;
    %load/vec4 v0000018a3f60a370_0;
    %addi 3, 0, 32;
    %ix/vec4 3;
    %ix/load 4, 0, 0; Constant delay
    %assign/vec4/a/d v0000018a3f5fd5e0, 0, 4;
T_10.6 ;
    %jmp T_10;
    .thread T_10;
    .scope S_0000018a3f1fc730;
T_11 ;
    %wait E_0000018a3f260450;
    %load/vec4 v0000018a3f5fbcb0_0;
    %flag_set/vec4 8;
    %jmp/0xz  T_11.0, 8;
    %pushi/vec4 0, 0, 2;
    %assign/vec4 v0000018a3f5fc460_0, 0;
    %pushi/vec4 0, 0, 32;
    %store/vec4 v0000018a3f5fcaa0_0, 0, 32;
T_11.2 ;
    %load/vec4 v0000018a3f5fcaa0_0;
    %cmpi/s 32, 0, 32;
    %jmp/0xz T_11.3, 5;
    %pushi/vec4 0, 0, 2;
    %ix/getv/s 3, v0000018a3f5fcaa0_0;
    %ix/load 4, 0, 0; Constant delay
    %assign/vec4/a/d v0000018a3f5fde00, 0, 4;
    %pushi/vec4 0, 0, 1;
    %ix/getv/s 3, v0000018a3f5fcaa0_0;
    %ix/load 4, 0, 0; Constant delay
    %assign/vec4/a/d v0000018a3f5fa270, 0, 4;
    %pushi/vec4 0, 0, 23;
    %ix/getv/s 3, v0000018a3f5fcaa0_0;
    %ix/load 4, 0, 0; Constant delay
    %assign/vec4/a/d v0000018a3f5fdf40, 0, 4;
    %pushi/vec4 0, 0, 23;
    %ix/getv/s 3, v0000018a3f5fcaa0_0;
    %ix/load 4, 0, 0; Constant delay
    %assign/vec4/a/d v0000018a3f5fc6e0, 0, 4;
    %pushi/vec4 0, 0, 32;
    %store/vec4 v0000018a3f5fdcc0_0, 0, 32;
T_11.4 ;
    %load/vec4 v0000018a3f5fdcc0_0;
    %cmpi/s 4, 0, 32;
    %jmp/0xz T_11.5, 5;
    %pushi/vec4 0, 0, 32;
    %load/vec4 v0000018a3f5fcaa0_0;
    %pad/s 35;
    %pad/s 37;
    %muli 4, 0, 37;
    %pad/s 38;
    %load/vec4 v0000018a3f5fdcc0_0;
    %pad/s 38;
    %add;
    %ix/vec4/s 3;
    %ix/load 4, 0, 0; Constant delay
    %assign/vec4/a/d v0000018a3f5fadb0, 0, 4;
    %pushi/vec4 0, 0, 32;
    %load/vec4 v0000018a3f5fcaa0_0;
    %pad/s 35;
    %pad/s 37;
    %muli 4, 0, 37;
    %pad/s 38;
    %load/vec4 v0000018a3f5fdcc0_0;
    %pad/s 38;
    %add;
    %ix/vec4/s 3;
    %ix/load 4, 0, 0; Constant delay
    %assign/vec4/a/d v0000018a3f5fb990, 0, 4;
    %load/vec4 v0000018a3f5fdcc0_0;
    %addi 1, 0, 32;
    %store/vec4 v0000018a3f5fdcc0_0, 0, 32;
    %jmp T_11.4;
T_11.5 ;
    %load/vec4 v0000018a3f5fcaa0_0;
    %addi 1, 0, 32;
    %store/vec4 v0000018a3f5fcaa0_0, 0, 32;
    %jmp T_11.2;
T_11.3 ;
    %jmp T_11.1;
T_11.0 ;
    %load/vec4 v0000018a3f5fc460_0;
    %cmpi/e 0, 0, 2;
    %flag_get/vec4 4;
    %jmp/0 T_11.9, 4;
    %load/vec4 v0000018a3f5fce60_0;
    %and;
T_11.9;
    %flag_set/vec4 9;
    %flag_get/vec4 9;
    %jmp/0 T_11.8, 9;
    %load/vec4 v0000018a3f5fa8b0_0;
    %and;
T_11.8;
    %flag_set/vec4 8;
    %jmp/0xz  T_11.6, 8;
    %load/vec4 v0000018a3f5fdfe0_0;
    %flag_set/vec4 8;
    %jmp/0xz  T_11.10, 8;
    %pushi/vec4 1, 0, 1;
    %load/vec4 v0000018a3f5fc640_0;
    %pad/u 7;
    %ix/vec4 3;
    %ix/load 4, 0, 0; Constant delay
    %assign/vec4/a/d v0000018a3f5fa270, 0, 4;
    %jmp T_11.11;
T_11.10 ;
    %load/vec4 v0000018a3f5fd7c0_0;
    %flag_set/vec4 8;
    %jmp/0xz  T_11.12, 8;
    %pushi/vec4 0, 0, 1;
    %load/vec4 v0000018a3f5fc640_0;
    %pad/u 7;
    %ix/vec4 3;
    %ix/load 4, 0, 0; Constant delay
    %assign/vec4/a/d v0000018a3f5fa270, 0, 4;
T_11.12 ;
T_11.11 ;
T_11.6 ;
T_11.1 ;
    %jmp T_11;
    .thread T_11;
    .scope S_0000018a3f230cc0;
T_12 ;
    %pushi/vec4 1, 0, 1;
    %store/vec4 v0000018a3f608cf0_0, 0, 1;
    %pushi/vec4 0, 0, 1;
    %store/vec4 v0000018a3f609a10_0, 0, 1;
    %vpi_call/w 3 89 "$dumpfile", "cache.vcd" {0 0 0};
    %vpi_call/w 3 90 "$dumpvars", 32'sb00000000000000000000000000000000, S_0000018a3f230cc0 {0 0 0};
    %vpi_call/w 3 92 "$display", "Starting." {0 0 0};
    %alloc S_0000018a3f60a670;
    %fork TD_cache_tb.reset_sequence, S_0000018a3f60a670;
    %join;
    %free S_0000018a3f60a670;
    %vpi_call/w 3 95 "$display", "Loading program." {0 0 0};
    %vpi_call/w 3 96 "$readmemh", "program.mem", v0000018a3f5fd5e0 {0 0 0};
    %pushi/vec4 0, 0, 32;
    %store/vec4 v0000018a3f609e70_0, 0, 32;
T_12.0 ;
    %load/vec4 v0000018a3f609e70_0;
    %cmpi/s 32, 0, 32;
    %jmp/0xz T_12.1, 5;
    %pushi/vec4 0, 0, 24;
    %store/vec4 v0000018a3f609ab0_0, 0, 24;
    %load/vec4 v0000018a3f609e70_0;
    %parti/s 5, 0, 2;
    %store/vec4 v0000018a3f609bf0_0, 0, 5;
    %pushi/vec4 0, 0, 4;
    %store/vec4 v0000018a3f609150_0, 0, 4;
    %alloc S_0000018a3f60a800;
    %load/vec4 v0000018a3f609ab0_0;
    %pad/u 23;
    %store/vec4 v0000018a3f60a190_0, 0, 23;
    %load/vec4 v0000018a3f609bf0_0;
    %store/vec4 v0000018a3f608750_0, 0, 5;
    %load/vec4 v0000018a3f609150_0;
    %store/vec4 v0000018a3f609c90_0, 0, 4;
    %pushi/vec4 15, 0, 4;
    %store/vec4 v0000018a3f609330_0, 0, 4;
    %fork TD_cache_tb.send_read, S_0000018a3f60a800;
    %join;
    %free S_0000018a3f60a800;
    %alloc S_0000018a3f60a800;
    %load/vec4 v0000018a3f609ab0_0;
    %pad/u 23;
    %store/vec4 v0000018a3f60a190_0, 0, 23;
    %load/vec4 v0000018a3f609bf0_0;
    %store/vec4 v0000018a3f608750_0, 0, 5;
    %load/vec4 v0000018a3f609150_0;
    %store/vec4 v0000018a3f609c90_0, 0, 4;
    %pushi/vec4 15, 0, 4;
    %store/vec4 v0000018a3f609330_0, 0, 4;
    %fork TD_cache_tb.send_read, S_0000018a3f60a800;
    %join;
    %free S_0000018a3f60a800;
    %alloc S_0000018a3f60a800;
    %load/vec4 v0000018a3f609ab0_0;
    %pad/u 23;
    %store/vec4 v0000018a3f60a190_0, 0, 23;
    %load/vec4 v0000018a3f609bf0_0;
    %store/vec4 v0000018a3f608750_0, 0, 5;
    %load/vec4 v0000018a3f609150_0;
    %store/vec4 v0000018a3f609c90_0, 0, 4;
    %pushi/vec4 3, 0, 4;
    %store/vec4 v0000018a3f609330_0, 0, 4;
    %fork TD_cache_tb.send_read, S_0000018a3f60a800;
    %join;
    %free S_0000018a3f60a800;
    %pushi/vec4 8, 0, 4;
    %store/vec4 v0000018a3f609150_0, 0, 4;
    %alloc S_0000018a3f60a800;
    %load/vec4 v0000018a3f609ab0_0;
    %pad/u 23;
    %store/vec4 v0000018a3f60a190_0, 0, 23;
    %load/vec4 v0000018a3f609bf0_0;
    %store/vec4 v0000018a3f608750_0, 0, 5;
    %load/vec4 v0000018a3f609150_0;
    %store/vec4 v0000018a3f609c90_0, 0, 4;
    %pushi/vec4 15, 0, 4;
    %store/vec4 v0000018a3f609330_0, 0, 4;
    %fork TD_cache_tb.send_read, S_0000018a3f60a800;
    %join;
    %free S_0000018a3f60a800;
    %pushi/vec4 1, 0, 24;
    %store/vec4 v0000018a3f609ab0_0, 0, 24;
    %pushi/vec4 0, 0, 4;
    %store/vec4 v0000018a3f609150_0, 0, 4;
    %alloc S_0000018a3f60a990;
    %load/vec4 v0000018a3f609ab0_0;
    %pad/u 23;
    %store/vec4 v0000018a3f609650_0, 0, 23;
    %load/vec4 v0000018a3f609bf0_0;
    %store/vec4 v0000018a3f6086b0_0, 0, 5;
    %load/vec4 v0000018a3f609150_0;
    %store/vec4 v0000018a3f609d30_0, 0, 4;
    %pushi/vec4 15, 0, 4;
    %store/vec4 v0000018a3f6090b0_0, 0, 4;
    %pushi/vec4 3735928559, 0, 32;
    %store/vec4 v0000018a3f608f70_0, 0, 32;
    %fork TD_cache_tb.send_write, S_0000018a3f60a990;
    %join;
    %free S_0000018a3f60a990;
    %alloc S_0000018a3f60a990;
    %load/vec4 v0000018a3f609ab0_0;
    %pad/u 23;
    %store/vec4 v0000018a3f609650_0, 0, 23;
    %load/vec4 v0000018a3f609bf0_0;
    %store/vec4 v0000018a3f6086b0_0, 0, 5;
    %load/vec4 v0000018a3f609150_0;
    %store/vec4 v0000018a3f609d30_0, 0, 4;
    %pushi/vec4 15, 0, 4;
    %store/vec4 v0000018a3f6090b0_0, 0, 4;
    %pushi/vec4 3203386110, 0, 32;
    %store/vec4 v0000018a3f608f70_0, 0, 32;
    %fork TD_cache_tb.send_write, S_0000018a3f60a990;
    %join;
    %free S_0000018a3f60a990;
    %alloc S_0000018a3f60a800;
    %load/vec4 v0000018a3f609ab0_0;
    %pad/u 23;
    %store/vec4 v0000018a3f60a190_0, 0, 23;
    %load/vec4 v0000018a3f609bf0_0;
    %store/vec4 v0000018a3f608750_0, 0, 5;
    %load/vec4 v0000018a3f609150_0;
    %store/vec4 v0000018a3f609c90_0, 0, 4;
    %pushi/vec4 15, 0, 4;
    %store/vec4 v0000018a3f609330_0, 0, 4;
    %fork TD_cache_tb.send_read, S_0000018a3f60a800;
    %join;
    %free S_0000018a3f60a800;
    %pushi/vec4 2, 0, 24;
    %store/vec4 v0000018a3f609ab0_0, 0, 24;
    %alloc S_0000018a3f60a990;
    %load/vec4 v0000018a3f609ab0_0;
    %pad/u 23;
    %store/vec4 v0000018a3f609650_0, 0, 23;
    %load/vec4 v0000018a3f609bf0_0;
    %store/vec4 v0000018a3f6086b0_0, 0, 5;
    %load/vec4 v0000018a3f609150_0;
    %store/vec4 v0000018a3f609d30_0, 0, 4;
    %pushi/vec4 15, 0, 4;
    %store/vec4 v0000018a3f6090b0_0, 0, 4;
    %pushi/vec4 3405692655, 0, 32;
    %store/vec4 v0000018a3f608f70_0, 0, 32;
    %fork TD_cache_tb.send_write, S_0000018a3f60a990;
    %join;
    %free S_0000018a3f60a990;
    %pushi/vec4 1, 0, 24;
    %store/vec4 v0000018a3f609ab0_0, 0, 24;
    %pushi/vec4 0, 0, 4;
    %store/vec4 v0000018a3f609150_0, 0, 4;
    %alloc S_0000018a3f60a990;
    %load/vec4 v0000018a3f609ab0_0;
    %pad/u 23;
    %store/vec4 v0000018a3f609650_0, 0, 23;
    %load/vec4 v0000018a3f609bf0_0;
    %store/vec4 v0000018a3f6086b0_0, 0, 5;
    %load/vec4 v0000018a3f609150_0;
    %store/vec4 v0000018a3f609d30_0, 0, 4;
    %pushi/vec4 12, 0, 4;
    %store/vec4 v0000018a3f6090b0_0, 0, 4;
    %pushi/vec4 3203334144, 0, 32;
    %store/vec4 v0000018a3f608f70_0, 0, 32;
    %fork TD_cache_tb.send_write, S_0000018a3f60a990;
    %join;
    %free S_0000018a3f60a990;
    %alloc S_0000018a3f60a800;
    %load/vec4 v0000018a3f609ab0_0;
    %pad/u 23;
    %store/vec4 v0000018a3f60a190_0, 0, 23;
    %load/vec4 v0000018a3f609bf0_0;
    %store/vec4 v0000018a3f608750_0, 0, 5;
    %load/vec4 v0000018a3f609150_0;
    %store/vec4 v0000018a3f609c90_0, 0, 4;
    %pushi/vec4 15, 0, 4;
    %store/vec4 v0000018a3f609330_0, 0, 4;
    %fork TD_cache_tb.send_read, S_0000018a3f60a800;
    %join;
    %free S_0000018a3f60a800;
    %alloc S_0000018a3f60a990;
    %load/vec4 v0000018a3f609ab0_0;
    %pad/u 23;
    %store/vec4 v0000018a3f609650_0, 0, 23;
    %load/vec4 v0000018a3f609bf0_0;
    %store/vec4 v0000018a3f6086b0_0, 0, 5;
    %load/vec4 v0000018a3f609150_0;
    %store/vec4 v0000018a3f609d30_0, 0, 4;
    %pushi/vec4 3, 0, 4;
    %store/vec4 v0000018a3f6090b0_0, 0, 4;
    %pushi/vec4 51966, 0, 32;
    %store/vec4 v0000018a3f608f70_0, 0, 32;
    %fork TD_cache_tb.send_write, S_0000018a3f60a990;
    %join;
    %free S_0000018a3f60a990;
    %alloc S_0000018a3f60a800;
    %load/vec4 v0000018a3f609ab0_0;
    %pad/u 23;
    %store/vec4 v0000018a3f60a190_0, 0, 23;
    %load/vec4 v0000018a3f609bf0_0;
    %store/vec4 v0000018a3f608750_0, 0, 5;
    %load/vec4 v0000018a3f609150_0;
    %store/vec4 v0000018a3f609c90_0, 0, 4;
    %pushi/vec4 15, 0, 4;
    %store/vec4 v0000018a3f609330_0, 0, 4;
    %fork TD_cache_tb.send_read, S_0000018a3f60a800;
    %join;
    %free S_0000018a3f60a800;
    %load/vec4 v0000018a3f609e70_0;
    %addi 1, 0, 32;
    %store/vec4 v0000018a3f609e70_0, 0, 32;
    %jmp T_12.0;
T_12.1 ;
    %pushi/vec4 0, 0, 5;
    %store/vec4 v0000018a3f609bf0_0, 0, 5;
    %alloc S_0000018a3f60a670;
    %fork TD_cache_tb.reset_sequence, S_0000018a3f60a670;
    %join;
    %free S_0000018a3f60a670;
    %alloc S_0000018a3f60a990;
    %pushi/vec4 1, 0, 23;
    %store/vec4 v0000018a3f609650_0, 0, 23;
    %load/vec4 v0000018a3f609bf0_0;
    %store/vec4 v0000018a3f6086b0_0, 0, 5;
    %pushi/vec4 0, 0, 4;
    %store/vec4 v0000018a3f609d30_0, 0, 4;
    %pushi/vec4 15, 0, 4;
    %store/vec4 v0000018a3f6090b0_0, 0, 4;
    %pushi/vec4 0, 0, 32;
    %store/vec4 v0000018a3f608f70_0, 0, 32;
    %fork TD_cache_tb.send_write, S_0000018a3f60a990;
    %join;
    %free S_0000018a3f60a990;
    %alloc S_0000018a3f60a990;
    %pushi/vec4 1, 0, 23;
    %store/vec4 v0000018a3f609650_0, 0, 23;
    %load/vec4 v0000018a3f609bf0_0;
    %store/vec4 v0000018a3f6086b0_0, 0, 5;
    %pushi/vec4 4, 0, 4;
    %store/vec4 v0000018a3f609d30_0, 0, 4;
    %pushi/vec4 15, 0, 4;
    %store/vec4 v0000018a3f6090b0_0, 0, 4;
    %pushi/vec4 286331153, 0, 32;
    %store/vec4 v0000018a3f608f70_0, 0, 32;
    %fork TD_cache_tb.send_write, S_0000018a3f60a990;
    %join;
    %free S_0000018a3f60a990;
    %alloc S_0000018a3f60a990;
    %pushi/vec4 1, 0, 23;
    %store/vec4 v0000018a3f609650_0, 0, 23;
    %load/vec4 v0000018a3f609bf0_0;
    %store/vec4 v0000018a3f6086b0_0, 0, 5;
    %pushi/vec4 8, 0, 4;
    %store/vec4 v0000018a3f609d30_0, 0, 4;
    %pushi/vec4 15, 0, 4;
    %store/vec4 v0000018a3f6090b0_0, 0, 4;
    %pushi/vec4 572662306, 0, 32;
    %store/vec4 v0000018a3f608f70_0, 0, 32;
    %fork TD_cache_tb.send_write, S_0000018a3f60a990;
    %join;
    %free S_0000018a3f60a990;
    %alloc S_0000018a3f60a990;
    %pushi/vec4 1, 0, 23;
    %store/vec4 v0000018a3f609650_0, 0, 23;
    %load/vec4 v0000018a3f609bf0_0;
    %store/vec4 v0000018a3f6086b0_0, 0, 5;
    %pushi/vec4 12, 0, 4;
    %store/vec4 v0000018a3f609d30_0, 0, 4;
    %pushi/vec4 15, 0, 4;
    %store/vec4 v0000018a3f6090b0_0, 0, 4;
    %pushi/vec4 858993459, 0, 32;
    %store/vec4 v0000018a3f608f70_0, 0, 32;
    %fork TD_cache_tb.send_write, S_0000018a3f60a990;
    %join;
    %free S_0000018a3f60a990;
    %alloc S_0000018a3f60a990;
    %pushi/vec4 2, 0, 23;
    %store/vec4 v0000018a3f609650_0, 0, 23;
    %load/vec4 v0000018a3f609bf0_0;
    %store/vec4 v0000018a3f6086b0_0, 0, 5;
    %pushi/vec4 0, 0, 4;
    %store/vec4 v0000018a3f609d30_0, 0, 4;
    %pushi/vec4 15, 0, 4;
    %store/vec4 v0000018a3f6090b0_0, 0, 4;
    %pushi/vec4 1145324612, 0, 32;
    %store/vec4 v0000018a3f608f70_0, 0, 32;
    %fork TD_cache_tb.send_write, S_0000018a3f60a990;
    %join;
    %free S_0000018a3f60a990;
    %alloc S_0000018a3f60a990;
    %pushi/vec4 2, 0, 23;
    %store/vec4 v0000018a3f609650_0, 0, 23;
    %load/vec4 v0000018a3f609bf0_0;
    %store/vec4 v0000018a3f6086b0_0, 0, 5;
    %pushi/vec4 4, 0, 4;
    %store/vec4 v0000018a3f609d30_0, 0, 4;
    %pushi/vec4 15, 0, 4;
    %store/vec4 v0000018a3f6090b0_0, 0, 4;
    %pushi/vec4 1431655765, 0, 32;
    %store/vec4 v0000018a3f608f70_0, 0, 32;
    %fork TD_cache_tb.send_write, S_0000018a3f60a990;
    %join;
    %free S_0000018a3f60a990;
    %alloc S_0000018a3f60a990;
    %pushi/vec4 2, 0, 23;
    %store/vec4 v0000018a3f609650_0, 0, 23;
    %load/vec4 v0000018a3f609bf0_0;
    %store/vec4 v0000018a3f6086b0_0, 0, 5;
    %pushi/vec4 8, 0, 4;
    %store/vec4 v0000018a3f609d30_0, 0, 4;
    %pushi/vec4 15, 0, 4;
    %store/vec4 v0000018a3f6090b0_0, 0, 4;
    %pushi/vec4 1717986918, 0, 32;
    %store/vec4 v0000018a3f608f70_0, 0, 32;
    %fork TD_cache_tb.send_write, S_0000018a3f60a990;
    %join;
    %free S_0000018a3f60a990;
    %alloc S_0000018a3f60a990;
    %pushi/vec4 2, 0, 23;
    %store/vec4 v0000018a3f609650_0, 0, 23;
    %load/vec4 v0000018a3f609bf0_0;
    %store/vec4 v0000018a3f6086b0_0, 0, 5;
    %pushi/vec4 12, 0, 4;
    %store/vec4 v0000018a3f609d30_0, 0, 4;
    %pushi/vec4 15, 0, 4;
    %store/vec4 v0000018a3f6090b0_0, 0, 4;
    %pushi/vec4 2004318071, 0, 32;
    %store/vec4 v0000018a3f608f70_0, 0, 32;
    %fork TD_cache_tb.send_write, S_0000018a3f60a990;
    %join;
    %free S_0000018a3f60a990;
    %alloc S_0000018a3f60a800;
    %pushi/vec4 1, 0, 23;
    %store/vec4 v0000018a3f60a190_0, 0, 23;
    %load/vec4 v0000018a3f609bf0_0;
    %store/vec4 v0000018a3f608750_0, 0, 5;
    %pushi/vec4 0, 0, 4;
    %store/vec4 v0000018a3f609c90_0, 0, 4;
    %pushi/vec4 15, 0, 4;
    %store/vec4 v0000018a3f609330_0, 0, 4;
    %fork TD_cache_tb.send_read, S_0000018a3f60a800;
    %join;
    %free S_0000018a3f60a800;
    %alloc S_0000018a3f60a800;
    %pushi/vec4 1, 0, 23;
    %store/vec4 v0000018a3f60a190_0, 0, 23;
    %load/vec4 v0000018a3f609bf0_0;
    %store/vec4 v0000018a3f608750_0, 0, 5;
    %pushi/vec4 4, 0, 4;
    %store/vec4 v0000018a3f609c90_0, 0, 4;
    %pushi/vec4 15, 0, 4;
    %store/vec4 v0000018a3f609330_0, 0, 4;
    %fork TD_cache_tb.send_read, S_0000018a3f60a800;
    %join;
    %free S_0000018a3f60a800;
    %alloc S_0000018a3f60a800;
    %pushi/vec4 1, 0, 23;
    %store/vec4 v0000018a3f60a190_0, 0, 23;
    %load/vec4 v0000018a3f609bf0_0;
    %store/vec4 v0000018a3f608750_0, 0, 5;
    %pushi/vec4 8, 0, 4;
    %store/vec4 v0000018a3f609c90_0, 0, 4;
    %pushi/vec4 15, 0, 4;
    %store/vec4 v0000018a3f609330_0, 0, 4;
    %fork TD_cache_tb.send_read, S_0000018a3f60a800;
    %join;
    %free S_0000018a3f60a800;
    %alloc S_0000018a3f60a800;
    %pushi/vec4 1, 0, 23;
    %store/vec4 v0000018a3f60a190_0, 0, 23;
    %load/vec4 v0000018a3f609bf0_0;
    %store/vec4 v0000018a3f608750_0, 0, 5;
    %pushi/vec4 12, 0, 4;
    %store/vec4 v0000018a3f609c90_0, 0, 4;
    %pushi/vec4 15, 0, 4;
    %store/vec4 v0000018a3f609330_0, 0, 4;
    %fork TD_cache_tb.send_read, S_0000018a3f60a800;
    %join;
    %free S_0000018a3f60a800;
    %alloc S_0000018a3f60a800;
    %pushi/vec4 2, 0, 23;
    %store/vec4 v0000018a3f60a190_0, 0, 23;
    %load/vec4 v0000018a3f609bf0_0;
    %store/vec4 v0000018a3f608750_0, 0, 5;
    %pushi/vec4 0, 0, 4;
    %store/vec4 v0000018a3f609c90_0, 0, 4;
    %pushi/vec4 15, 0, 4;
    %store/vec4 v0000018a3f609330_0, 0, 4;
    %fork TD_cache_tb.send_read, S_0000018a3f60a800;
    %join;
    %free S_0000018a3f60a800;
    %alloc S_0000018a3f60a800;
    %pushi/vec4 2, 0, 23;
    %store/vec4 v0000018a3f60a190_0, 0, 23;
    %load/vec4 v0000018a3f609bf0_0;
    %store/vec4 v0000018a3f608750_0, 0, 5;
    %pushi/vec4 4, 0, 4;
    %store/vec4 v0000018a3f609c90_0, 0, 4;
    %pushi/vec4 15, 0, 4;
    %store/vec4 v0000018a3f609330_0, 0, 4;
    %fork TD_cache_tb.send_read, S_0000018a3f60a800;
    %join;
    %free S_0000018a3f60a800;
    %alloc S_0000018a3f60a800;
    %pushi/vec4 2, 0, 23;
    %store/vec4 v0000018a3f60a190_0, 0, 23;
    %load/vec4 v0000018a3f609bf0_0;
    %store/vec4 v0000018a3f608750_0, 0, 5;
    %pushi/vec4 8, 0, 4;
    %store/vec4 v0000018a3f609c90_0, 0, 4;
    %pushi/vec4 15, 0, 4;
    %store/vec4 v0000018a3f609330_0, 0, 4;
    %fork TD_cache_tb.send_read, S_0000018a3f60a800;
    %join;
    %free S_0000018a3f60a800;
    %alloc S_0000018a3f60a800;
    %pushi/vec4 2, 0, 23;
    %store/vec4 v0000018a3f60a190_0, 0, 23;
    %load/vec4 v0000018a3f609bf0_0;
    %store/vec4 v0000018a3f608750_0, 0, 5;
    %pushi/vec4 12, 0, 4;
    %store/vec4 v0000018a3f609c90_0, 0, 4;
    %pushi/vec4 15, 0, 4;
    %store/vec4 v0000018a3f609330_0, 0, 4;
    %fork TD_cache_tb.send_read, S_0000018a3f60a800;
    %join;
    %free S_0000018a3f60a800;
    %vpi_call/w 3 163 "$finish" {0 0 0};
    %end;
    .thread T_12;
    .scope S_0000018a3f230cc0;
T_13 ;
    %delay 5, 0;
    %load/vec4 v0000018a3f608cf0_0;
    %inv;
    %store/vec4 v0000018a3f608cf0_0, 0, 1;
    %jmp T_13;
    .thread T_13;
# The file index is used to find the file name in the following table.
:file_names 6;
    "N/A";
    "<interactive>";
    "-";
    "tb\cache_tb.sv";
    "rtl\cache.v";
    "rtl\tb_memory.v";
