#! /c/Source/iverilog-install/bin/vvp
:ivl_version "12.0 (devel)" "(s20150603-1539-g2693dd32b)";
:ivl_delay_selection "TYPICAL";
:vpi_time_precision + 0;
:vpi_module "D:\iverilog\lib\ivl\system.vpi";
:vpi_module "D:\iverilog\lib\ivl\vhdl_sys.vpi";
:vpi_module "D:\iverilog\lib\ivl\vhdl_textio.vpi";
:vpi_module "D:\iverilog\lib\ivl\v2005_math.vpi";
:vpi_module "D:\iverilog\lib\ivl\va_math.vpi";
:vpi_module "D:\iverilog\lib\ivl\v2009.vpi";
S_000002170e3dee10 .scope package, "$unit" "$unit" 2 1;
 .timescale 0 0;
S_000002170e324b30 .scope module, "cache_tb" "cache_tb" 3 1;
 .timescale 0 0;
P_000002170e3590a0 .param/l "D" 1 3 12, +C4<00000000000000000000000000000100>;
P_000002170e3590d8 .param/l "DEPTH" 1 3 9, +C4<00000000000000000000000000100000>;
P_000002170e359110 .param/l "INTERVAL" 0 3 5, +C4<00000000000000000000000000000010>;
P_000002170e359148 .param/l "LATENCY" 0 3 4, +C4<00000000000000000000000000000100>;
P_000002170e359180 .param/l "O" 1 3 7, +C4<00000000000000000000000000000100>;
P_000002170e3591b8 .param/l "S" 1 3 8, +C4<00000000000000000000000000000101>;
P_000002170e3591f0 .param/l "SIZE" 0 3 3, +C4<0000000000000000000000000000000000000000000000000100000000000000>;
P_000002170e359228 .param/l "T" 1 3 11, +C4<0000000000000000000000000000010111>;
P_000002170e359260 .param/l "W" 1 3 10, +C4<00000000000000000000000000000010>;
v000002170e798540_0 .net "busy", 0 0, L_000002170e732ed0;  1 drivers
v000002170e7985e0_0 .var "clk", 0 0;
v000002170e798680_0 .var "expanded_mask", 31 0;
v000002170e798860_0 .var/i "i", 31 0;
v000002170e798a40_0 .var "index", 4 0;
v000002170e799580_0 .net "mem_addr", 31 0, L_000002170e7e4350;  1 drivers
L_000002170e799e08 .functor BUFT 1, C4<1111>, C4<0>, C4<0>, C4<0>;
v000002170e799620_0 .net "mem_mask", 3 0, L_000002170e799e08;  1 drivers
v000002170e798b80_0 .net "mem_oaddr", 31 0, L_000002170e733f00;  1 drivers
v000002170e798c20_0 .net "mem_rdata", 31 0, L_000002170e733800;  1 drivers
v000002170e798d60_0 .net "mem_ready", 0 0, L_000002170e732ca0;  1 drivers
v000002170e798fe0_0 .net "mem_ren", 0 0, L_000002170e732b50;  1 drivers
v000002170e798e00_0 .net "mem_valid", 0 0, L_000002170e733250;  1 drivers
v000002170e797dc0_0 .net "mem_wdata", 31 0, L_000002170e7e3590;  1 drivers
v000002170e797780_0 .net "mem_wen", 0 0, L_000002170e732d80;  1 drivers
v000002170e797a00_0 .var "offset", 3 0;
v000002170e797960_0 .var "req_addr", 31 0;
v000002170e7980e0_0 .var "req_mask", 3 0;
v000002170e798ea0_0 .var "req_ren", 0 0;
v000002170e797aa0_0 .var "req_wdata", 31 0;
v000002170e797b40_0 .var "req_wen", 0 0;
v000002170e797be0_0 .net "res_rdata", 31 0, L_000002170e732f40;  1 drivers
v000002170e797c80_0 .var "rst", 0 0;
v000002170e797d20_0 .var "tag", 23 0;
S_000002170e3592a0 .scope module, "dut" "cache" 3 64, 4 3 0, S_000002170e324b30;
 .timescale 0 0;
    .port_info 0 /INPUT 1 "i_clk";
    .port_info 1 /INPUT 1 "i_rst";
    .port_info 2 /INPUT 1 "i_mem_ready";
    .port_info 3 /OUTPUT 32 "o_mem_addr";
    .port_info 4 /OUTPUT 1 "o_mem_ren";
    .port_info 5 /OUTPUT 1 "o_mem_wen";
    .port_info 6 /OUTPUT 32 "o_mem_wdata";
    .port_info 7 /INPUT 32 "i_mem_rdata";
    .port_info 8 /INPUT 1 "i_mem_valid";
    .port_info 9 /OUTPUT 1 "o_busy";
    .port_info 10 /INPUT 32 "i_req_addr";
    .port_info 11 /INPUT 1 "i_req_ren";
    .port_info 12 /INPUT 1 "i_req_wen";
    .port_info 13 /INPUT 4 "i_req_mask";
    .port_info 14 /INPUT 32 "i_req_wdata";
    .port_info 15 /OUTPUT 32 "o_res_rdata";
P_000002170e371780 .param/l "D" 1 4 25, +C4<00000000000000000000000000000100>;
P_000002170e3717b8 .param/l "DEPTH" 1 4 23, +C4<00000000000000000000000000100000>;
P_000002170e3717f0 .param/l "O" 1 4 21, +C4<00000000000000000000000000000100>;
P_000002170e371828 .param/l "S" 1 4 22, +C4<00000000000000000000000000000101>;
P_000002170e371860 .param/l "STATE_IDLE" 1 4 27, C4<00>;
P_000002170e371898 .param/l "STATE_REFILL_REQ" 1 4 28, C4<01>;
P_000002170e3718d0 .param/l "STATE_REFILL_WAIT" 1 4 29, C4<10>;
P_000002170e371908 .param/l "STATE_WRITE_REQ" 1 4 30, C4<11>;
P_000002170e371940 .param/l "T" 1 4 24, +C4<0000000000000000000000000000010111>;
P_000002170e371978 .param/l "WB_COUNT_W" 1 4 34, +C4<00000000000000000000000000000100>;
P_000002170e3719b0 .param/l "WB_DEPTH" 1 4 32, +C4<00000000000000000000000000001000>;
P_000002170e3719e8 .param/l "WB_PTR_W" 1 4 33, +C4<00000000000000000000000000000011>;
L_000002170e733100 .functor AND 1, L_000002170e7e56b0, L_000002170e7e4a30, C4<1>, C4<1>;
L_000002170e733b10 .functor AND 1, L_000002170e7e5570, L_000002170e7e5070, C4<1>, C4<1>;
L_000002170e7333a0 .functor OR 1, L_000002170e733100, L_000002170e733b10, C4<0>, C4<0>;
L_000002170e733bf0 .functor BUFZ 32, L_000002170e7e4850, C4<00000000000000000000000000000000>, C4<00000000000000000000000000000000>, C4<00000000000000000000000000000000>;
L_000002170e733f70 .functor BUFZ 32, L_000002170e7e4b70, C4<00000000000000000000000000000000>, C4<00000000000000000000000000000000>, C4<00000000000000000000000000000000>;
L_000002170e733410 .functor NOT 1, L_000002170e7333a0, C4<0>, C4<0>, C4<0>;
L_000002170e733330 .functor AND 1, v000002170e798ea0_0, L_000002170e733410, C4<1>, C4<1>;
L_000002170e732840 .functor NOT 1, L_000002170e7333a0, C4<0>, C4<0>, C4<0>;
L_000002170e7331e0 .functor AND 1, v000002170e797b40_0, L_000002170e732840, C4<1>, C4<1>;
L_000002170e733790 .functor NOT 1, L_000002170e7e56b0, C4<0>, C4<0>, C4<0>;
L_000002170e732fb0 .functor NOT 1, L_000002170e7e5570, C4<0>, C4<0>, C4<0>;
L_000002170e7325a0 .functor BUFZ 1, L_000002170e733b10, C4<0>, C4<0>, C4<0>;
L_000002170e733170 .functor OR 32, L_000002170e7e40d0, L_000002170e7e2d70, C4<00000000000000000000000000000000>, C4<00000000000000000000000000000000>;
L_000002170e79a6c0 .functor BUFT 1, C4<0>, C4<0>, C4<0>, C4<0>;
L_000002170e733480 .functor XNOR 1, v000002170e793df0_0, L_000002170e79a6c0, C4<0>, C4<0>;
L_000002170e732c30 .functor OR 1, L_000002170e733330, L_000002170e7331e0, C4<0>, C4<0>;
L_000002170e733e20 .functor AND 1, L_000002170e7e33b0, L_000002170e732c30, C4<1>, C4<1>;
L_000002170e7334f0 .functor AND 1, L_000002170e7e2ff0, L_000002170e7e2690, C4<1>, C4<1>;
L_000002170e733640 .functor AND 1, L_000002170e7334f0, L_000002170e7e2af0, C4<1>, C4<1>;
L_000002170e7328b0 .functor AND 1, L_000002170e733640, L_000002170e732ca0, C4<1>, C4<1>;
L_000002170e732a70 .functor NOT 1, L_000002170e733e20, C4<0>, C4<0>, C4<0>;
L_000002170e732bc0 .functor AND 1, L_000002170e7328b0, L_000002170e732a70, C4<1>, C4<1>;
L_000002170e732d10 .functor OR 1, L_000002170e7e2cd0, L_000002170e732bc0, C4<0>, C4<0>;
L_000002170e7336b0 .functor AND 1, L_000002170e7e42b0, v000002170e797b40_0, C4<1>, C4<1>;
L_000002170e733870 .functor AND 1, L_000002170e7336b0, L_000002170e7333a0, C4<1>, C4<1>;
L_000002170e7338e0 .functor AND 1, L_000002170e733870, L_000002170e732d10, C4<1>, C4<1>;
L_000002170e733c60 .functor AND 1, L_000002170e7e2a50, v000002170e797b40_0, C4<1>, C4<1>;
L_000002170e732920 .functor AND 1, L_000002170e733c60, L_000002170e7333a0, C4<1>, C4<1>;
L_000002170e732a00 .functor NOT 1, L_000002170e732d10, C4<0>, C4<0>, C4<0>;
L_000002170e732ae0 .functor AND 1, L_000002170e732920, L_000002170e732a00, C4<1>, C4<1>;
L_000002170e733950 .functor AND 1, L_000002170e7e3e50, L_000002170e732d10, C4<1>, C4<1>;
L_000002170e7339c0 .functor OR 1, L_000002170e7338e0, L_000002170e733950, C4<0>, C4<0>;
L_000002170e732b50 .functor AND 1, L_000002170e7e34f0, L_000002170e732ca0, C4<1>, C4<1>;
L_000002170e732d80 .functor BUFZ 1, L_000002170e732bc0, C4<0>, C4<0>, C4<0>;
L_000002170e733a30 .functor OR 1, L_000002170e733330, L_000002170e7331e0, C4<0>, C4<0>;
L_000002170e733aa0 .functor OR 1, L_000002170e733a30, L_000002170e732ae0, C4<0>, C4<0>;
L_000002170e732e60 .functor AND 1, L_000002170e7e3810, L_000002170e733aa0, C4<1>, C4<1>;
L_000002170e732ed0 .functor OR 1, L_000002170e7e36d0, L_000002170e732e60, C4<0>, C4<0>;
L_000002170e732f40 .functor BUFZ 32, L_000002170e7e2eb0, C4<00000000000000000000000000000000>, C4<00000000000000000000000000000000>, C4<00000000000000000000000000000000>;
v000002170e3d5db0_0 .net *"_ivl_100", 12 0, L_000002170e7e2870;  1 drivers
L_000002170e79a480 .functor BUFT 1, C4<00000000000000000000000000000000>, C4<0>, C4<0>, C4<0>;
v000002170e3d6b70_0 .net/2u *"_ivl_104", 31 0, L_000002170e79a480;  1 drivers
v000002170e3d7390_0 .net *"_ivl_106", 31 0, L_000002170e7e3950;  1 drivers
L_000002170e79a000 .functor BUFT 1, C4<00>, C4<0>, C4<0>, C4<0>;
v000002170e3d6530_0 .net *"_ivl_11", 1 0, L_000002170e79a000;  1 drivers
v000002170e3d6170_0 .net *"_ivl_110", 0 0, L_000002170e733410;  1 drivers
v000002170e3d6c10_0 .net *"_ivl_114", 0 0, L_000002170e732840;  1 drivers
v000002170e3d71b0_0 .net *"_ivl_118", 0 0, L_000002170e733790;  1 drivers
L_000002170e79a4c8 .functor BUFT 1, C4<0>, C4<0>, C4<0>, C4<0>;
v000002170e3d5c70_0 .net/2u *"_ivl_120", 0 0, L_000002170e79a4c8;  1 drivers
v000002170e3d7250_0 .net *"_ivl_122", 0 0, L_000002170e732fb0;  1 drivers
L_000002170e79a510 .functor BUFT 1, C4<1>, C4<0>, C4<0>, C4<0>;
v000002170e3d7430_0 .net/2u *"_ivl_124", 0 0, L_000002170e79a510;  1 drivers
v000002170e3d7610_0 .net *"_ivl_126", 0 0, L_000002170e7e4530;  1 drivers
v000002170e3d72f0_0 .net *"_ivl_128", 6 0, L_000002170e7e27d0;  1 drivers
L_000002170e79a558 .functor BUFT 1, C4<00>, C4<0>, C4<0>, C4<0>;
v000002170e3d60d0_0 .net *"_ivl_131", 1 0, L_000002170e79a558;  1 drivers
v000002170e3d74d0_0 .net *"_ivl_132", 0 0, L_000002170e7e3630;  1 drivers
v000002170e3d7110_0 .net *"_ivl_14", 1 0, L_000002170e7e4710;  1 drivers
L_000002170e79a5a0 .functor BUFT 1, C4<0000>, C4<0>, C4<0>, C4<0>;
v000002170e3d77f0_0 .net/2u *"_ivl_140", 3 0, L_000002170e79a5a0;  1 drivers
L_000002170e79a5e8 .functor BUFT 1, C4<0000000000000000000000000000>, C4<0>, C4<0>, C4<0>;
v000002170e3d7570_0 .net/2u *"_ivl_144", 27 0, L_000002170e79a5e8;  1 drivers
L_000002170e79a630 .functor BUFT 1, C4<00>, C4<0>, C4<0>, C4<0>;
v000002170e3d68f0_0 .net/2u *"_ivl_146", 1 0, L_000002170e79a630;  1 drivers
v000002170e3d76b0_0 .net *"_ivl_148", 31 0, L_000002170e7e2d70;  1 drivers
L_000002170e79a678 .functor BUFT 1, C4<00>, C4<0>, C4<0>, C4<0>;
v000002170e3d7890_0 .net/2u *"_ivl_152", 1 0, L_000002170e79a678;  1 drivers
v000002170e3d65d0_0 .net/2u *"_ivl_156", 0 0, L_000002170e79a6c0;  1 drivers
v000002170e3d7930_0 .net *"_ivl_158", 0 0, L_000002170e733480;  1 drivers
v000002170e3d6670_0 .net *"_ivl_16", 6 0, L_000002170e7e47b0;  1 drivers
v000002170e3d5a90_0 .net *"_ivl_160", 31 0, L_000002170e7e3db0;  1 drivers
v000002170e3d6990_0 .net *"_ivl_162", 9 0, L_000002170e7e1f10;  1 drivers
L_000002170e79a708 .functor BUFT 1, C4<00000>, C4<0>, C4<0>, C4<0>;
v000002170e3d6210_0 .net *"_ivl_165", 4 0, L_000002170e79a708;  1 drivers
v000002170e3d5e50_0 .net *"_ivl_166", 11 0, L_000002170e7e4170;  1 drivers
L_000002170e79a750 .functor BUFT 1, C4<00>, C4<0>, C4<0>, C4<0>;
v000002170e3d5f90_0 .net *"_ivl_169", 1 0, L_000002170e79a750;  1 drivers
L_000002170e79a798 .functor BUFT 1, C4<000000000100>, C4<0>, C4<0>, C4<0>;
v000002170e3d6cb0_0 .net/2u *"_ivl_170", 11 0, L_000002170e79a798;  1 drivers
v000002170e3d6d50_0 .net *"_ivl_173", 11 0, L_000002170e7e2f50;  1 drivers
v000002170e3d6030_0 .net *"_ivl_174", 3 0, L_000002170e7e45d0;  1 drivers
L_000002170e79a7e0 .functor BUFT 1, C4<00>, C4<0>, C4<0>, C4<0>;
v000002170e3d62b0_0 .net *"_ivl_177", 1 0, L_000002170e79a7e0;  1 drivers
L_000002170e79a828 .functor BUFT 1, C4<0>, C4<0>, C4<0>, C4<0>;
v000002170e3d6350_0 .net *"_ivl_180", 0 0, L_000002170e79a828;  1 drivers
v000002170e3d63f0_0 .net *"_ivl_181", 12 0, L_000002170e7e1fb0;  1 drivers
L_000002170e79a870 .functor BUFT 1, C4<000000000>, C4<0>, C4<0>, C4<0>;
v000002170e39bd20_0 .net *"_ivl_184", 8 0, L_000002170e79a870;  1 drivers
v000002170e39bdc0_0 .net *"_ivl_185", 12 0, L_000002170e7e4210;  1 drivers
v000002170e39b280_0 .net *"_ivl_186", 12 0, L_000002170e7e2190;  1 drivers
v000002170e78ead0_0 .net *"_ivl_188", 31 0, L_000002170e7e2910;  1 drivers
L_000002170e79a048 .functor BUFT 1, C4<00>, C4<0>, C4<0>, C4<0>;
v000002170e78f430_0 .net *"_ivl_19", 1 0, L_000002170e79a048;  1 drivers
v000002170e78f4d0_0 .net *"_ivl_190", 9 0, L_000002170e7e3bd0;  1 drivers
L_000002170e79a8b8 .functor BUFT 1, C4<00000>, C4<0>, C4<0>, C4<0>;
v000002170e7905b0_0 .net *"_ivl_193", 4 0, L_000002170e79a8b8;  1 drivers
v000002170e78f390_0 .net *"_ivl_194", 11 0, L_000002170e7e38b0;  1 drivers
L_000002170e79a900 .functor BUFT 1, C4<00>, C4<0>, C4<0>, C4<0>;
v000002170e790650_0 .net *"_ivl_197", 1 0, L_000002170e79a900;  1 drivers
L_000002170e79a948 .functor BUFT 1, C4<000000000100>, C4<0>, C4<0>, C4<0>;
v000002170e78fed0_0 .net/2u *"_ivl_198", 11 0, L_000002170e79a948;  1 drivers
v000002170e78f110_0 .net *"_ivl_201", 11 0, L_000002170e7e3130;  1 drivers
v000002170e78fe30_0 .net *"_ivl_202", 3 0, L_000002170e7e4490;  1 drivers
L_000002170e79a990 .functor BUFT 1, C4<00>, C4<0>, C4<0>, C4<0>;
v000002170e78ea30_0 .net *"_ivl_205", 1 0, L_000002170e79a990;  1 drivers
L_000002170e79a9d8 .functor BUFT 1, C4<0>, C4<0>, C4<0>, C4<0>;
v000002170e78eb70_0 .net *"_ivl_208", 0 0, L_000002170e79a9d8;  1 drivers
v000002170e78edf0_0 .net *"_ivl_209", 12 0, L_000002170e7e2c30;  1 drivers
L_000002170e79aa20 .functor BUFT 1, C4<000000000>, C4<0>, C4<0>, C4<0>;
v000002170e78f750_0 .net *"_ivl_212", 8 0, L_000002170e79aa20;  1 drivers
v000002170e78fd90_0 .net *"_ivl_213", 12 0, L_000002170e7e3270;  1 drivers
v000002170e78f9d0_0 .net *"_ivl_214", 12 0, L_000002170e7e29b0;  1 drivers
v000002170e78fa70_0 .net *"_ivl_22", 22 0, L_000002170e7e4fd0;  1 drivers
L_000002170e79aa68 .functor BUFT 1, C4<00>, C4<0>, C4<0>, C4<0>;
v000002170e790790_0 .net/2u *"_ivl_220", 1 0, L_000002170e79aa68;  1 drivers
v000002170e790830_0 .net *"_ivl_222", 0 0, L_000002170e7e33b0;  1 drivers
v000002170e78f570_0 .net *"_ivl_224", 0 0, L_000002170e732c30;  1 drivers
L_000002170e79aab0 .functor BUFT 1, C4<01>, C4<0>, C4<0>, C4<0>;
v000002170e78f070_0 .net/2u *"_ivl_228", 1 0, L_000002170e79aab0;  1 drivers
v000002170e78f930_0 .net *"_ivl_230", 0 0, L_000002170e7e2ff0;  1 drivers
L_000002170e79aaf8 .functor BUFT 1, C4<10>, C4<0>, C4<0>, C4<0>;
v000002170e78fb10_0 .net/2u *"_ivl_232", 1 0, L_000002170e79aaf8;  1 drivers
v000002170e7903d0_0 .net *"_ivl_234", 0 0, L_000002170e7e2690;  1 drivers
v000002170e78ff70_0 .net *"_ivl_236", 0 0, L_000002170e7334f0;  1 drivers
v000002170e790470_0 .net *"_ivl_238", 31 0, L_000002170e7e3c70;  1 drivers
v000002170e78fbb0_0 .net *"_ivl_24", 6 0, L_000002170e7e54d0;  1 drivers
L_000002170e79ab40 .functor BUFT 1, C4<0000000000000000000000000000>, C4<0>, C4<0>, C4<0>;
v000002170e790510_0 .net *"_ivl_241", 27 0, L_000002170e79ab40;  1 drivers
L_000002170e79ab88 .functor BUFT 1, C4<00000000000000000000000000000000>, C4<0>, C4<0>, C4<0>;
v000002170e78ed50_0 .net/2u *"_ivl_242", 31 0, L_000002170e79ab88;  1 drivers
v000002170e78fcf0_0 .net *"_ivl_244", 0 0, L_000002170e7e2af0;  1 drivers
v000002170e78fc50_0 .net *"_ivl_246", 0 0, L_000002170e733640;  1 drivers
v000002170e7901f0_0 .net *"_ivl_248", 0 0, L_000002170e7328b0;  1 drivers
v000002170e790010_0 .net *"_ivl_250", 0 0, L_000002170e732a70;  1 drivers
v000002170e7906f0_0 .net *"_ivl_254", 31 0, L_000002170e7e3b30;  1 drivers
L_000002170e79abd0 .functor BUFT 1, C4<0000000000000000000000000000>, C4<0>, C4<0>, C4<0>;
v000002170e78f1b0_0 .net *"_ivl_257", 27 0, L_000002170e79abd0;  1 drivers
L_000002170e79ac18 .functor BUFT 1, C4<00000000000000000000000000001000>, C4<0>, C4<0>, C4<0>;
v000002170e7900b0_0 .net/2u *"_ivl_258", 31 0, L_000002170e79ac18;  1 drivers
v000002170e790150_0 .net *"_ivl_260", 0 0, L_000002170e7e2cd0;  1 drivers
L_000002170e79ac60 .functor BUFT 1, C4<00>, C4<0>, C4<0>, C4<0>;
v000002170e78f610_0 .net/2u *"_ivl_264", 1 0, L_000002170e79ac60;  1 drivers
v000002170e78f7f0_0 .net *"_ivl_266", 0 0, L_000002170e7e42b0;  1 drivers
v000002170e790290_0 .net *"_ivl_268", 0 0, L_000002170e7336b0;  1 drivers
L_000002170e79a090 .functor BUFT 1, C4<00>, C4<0>, C4<0>, C4<0>;
v000002170e790330_0 .net *"_ivl_27", 1 0, L_000002170e79a090;  1 drivers
v000002170e78e990_0 .net *"_ivl_270", 0 0, L_000002170e733870;  1 drivers
L_000002170e79aca8 .functor BUFT 1, C4<00>, C4<0>, C4<0>, C4<0>;
v000002170e78ec10_0 .net/2u *"_ivl_274", 1 0, L_000002170e79aca8;  1 drivers
v000002170e78ecb0_0 .net *"_ivl_276", 0 0, L_000002170e7e2a50;  1 drivers
v000002170e78ee90_0 .net *"_ivl_278", 0 0, L_000002170e733c60;  1 drivers
v000002170e78ef30_0 .net *"_ivl_28", 0 0, L_000002170e7e4a30;  1 drivers
v000002170e78f2f0_0 .net *"_ivl_280", 0 0, L_000002170e732920;  1 drivers
v000002170e78efd0_0 .net *"_ivl_282", 0 0, L_000002170e732a00;  1 drivers
L_000002170e79acf0 .functor BUFT 1, C4<11>, C4<0>, C4<0>, C4<0>;
v000002170e78f250_0 .net/2u *"_ivl_286", 1 0, L_000002170e79acf0;  1 drivers
v000002170e78f6b0_0 .net *"_ivl_288", 0 0, L_000002170e7e3e50;  1 drivers
L_000002170e79ad38 .functor BUFT 1, C4<01>, C4<0>, C4<0>, C4<0>;
v000002170e78f890_0 .net/2u *"_ivl_298", 1 0, L_000002170e79ad38;  1 drivers
v000002170e791530_0 .net *"_ivl_300", 0 0, L_000002170e7e2e10;  1 drivers
v000002170e790db0_0 .net *"_ivl_302", 31 0, L_000002170e7e3310;  1 drivers
v000002170e791210_0 .net *"_ivl_304", 4 0, L_000002170e7e22d0;  1 drivers
L_000002170e79ad80 .functor BUFT 1, C4<00>, C4<0>, C4<0>, C4<0>;
v000002170e791cb0_0 .net *"_ivl_307", 1 0, L_000002170e79ad80;  1 drivers
L_000002170e79adc8 .functor BUFT 1, C4<00000000000000000000000000000000>, C4<0>, C4<0>, C4<0>;
v000002170e791710_0 .net/2u *"_ivl_308", 31 0, L_000002170e79adc8;  1 drivers
v000002170e7921b0_0 .net *"_ivl_310", 31 0, L_000002170e7e3450;  1 drivers
L_000002170e79ae10 .functor BUFT 1, C4<01>, C4<0>, C4<0>, C4<0>;
v000002170e790e50_0 .net/2u *"_ivl_314", 1 0, L_000002170e79ae10;  1 drivers
v000002170e791670_0 .net *"_ivl_316", 0 0, L_000002170e7e34f0;  1 drivers
v000002170e791e90_0 .net *"_ivl_32", 22 0, L_000002170e7e5610;  1 drivers
v000002170e792bb0_0 .net *"_ivl_322", 31 0, L_000002170e7e20f0;  1 drivers
v000002170e7915d0_0 .net *"_ivl_324", 4 0, L_000002170e7e2370;  1 drivers
L_000002170e79ae58 .functor BUFT 1, C4<00>, C4<0>, C4<0>, C4<0>;
v000002170e792390_0 .net *"_ivl_327", 1 0, L_000002170e79ae58;  1 drivers
L_000002170e79aea0 .functor BUFT 1, C4<00000000000000000000000000000000>, C4<0>, C4<0>, C4<0>;
v000002170e7924d0_0 .net/2u *"_ivl_328", 31 0, L_000002170e79aea0;  1 drivers
L_000002170e79aee8 .functor BUFT 1, C4<00>, C4<0>, C4<0>, C4<0>;
v000002170e7926b0_0 .net/2u *"_ivl_332", 1 0, L_000002170e79aee8;  1 drivers
v000002170e7917b0_0 .net *"_ivl_334", 0 0, L_000002170e7e36d0;  1 drivers
L_000002170e79af30 .functor BUFT 1, C4<00>, C4<0>, C4<0>, C4<0>;
v000002170e790ef0_0 .net/2u *"_ivl_336", 1 0, L_000002170e79af30;  1 drivers
v000002170e790f90_0 .net *"_ivl_338", 0 0, L_000002170e7e3810;  1 drivers
v000002170e7927f0_0 .net *"_ivl_34", 6 0, L_000002170e7e4f30;  1 drivers
v000002170e791030_0 .net *"_ivl_340", 0 0, L_000002170e733a30;  1 drivers
v000002170e7910d0_0 .net *"_ivl_342", 0 0, L_000002170e733aa0;  1 drivers
v000002170e791fd0_0 .net *"_ivl_344", 0 0, L_000002170e732e60;  1 drivers
L_000002170e79a0d8 .functor BUFT 1, C4<00>, C4<0>, C4<0>, C4<0>;
v000002170e792570_0 .net *"_ivl_37", 1 0, L_000002170e79a0d8;  1 drivers
v000002170e792610_0 .net *"_ivl_38", 0 0, L_000002170e7e5070;  1 drivers
v000002170e791170_0 .net *"_ivl_44", 31 0, L_000002170e7e4850;  1 drivers
v000002170e791f30_0 .net *"_ivl_46", 9 0, L_000002170e7e5750;  1 drivers
L_000002170e79a120 .functor BUFT 1, C4<00000>, C4<0>, C4<0>, C4<0>;
v000002170e791850_0 .net *"_ivl_49", 4 0, L_000002170e79a120;  1 drivers
v000002170e7912b0_0 .net *"_ivl_50", 11 0, L_000002170e7e48f0;  1 drivers
L_000002170e79a168 .functor BUFT 1, C4<00>, C4<0>, C4<0>, C4<0>;
v000002170e792430_0 .net *"_ivl_53", 1 0, L_000002170e79a168;  1 drivers
L_000002170e79a1b0 .functor BUFT 1, C4<000000000100>, C4<0>, C4<0>, C4<0>;
v000002170e7918f0_0 .net/2u *"_ivl_54", 11 0, L_000002170e79a1b0;  1 drivers
v000002170e792070_0 .net *"_ivl_57", 11 0, L_000002170e7e4990;  1 drivers
v000002170e792930_0 .net *"_ivl_58", 3 0, L_000002170e7e5930;  1 drivers
v000002170e791d50_0 .net *"_ivl_6", 1 0, L_000002170e7e4e90;  1 drivers
L_000002170e79a1f8 .functor BUFT 1, C4<00>, C4<0>, C4<0>, C4<0>;
v000002170e7922f0_0 .net *"_ivl_61", 1 0, L_000002170e79a1f8;  1 drivers
L_000002170e79a240 .functor BUFT 1, C4<0>, C4<0>, C4<0>, C4<0>;
v000002170e792a70_0 .net *"_ivl_64", 0 0, L_000002170e79a240;  1 drivers
v000002170e7913f0_0 .net *"_ivl_65", 12 0, L_000002170e7e4ad0;  1 drivers
L_000002170e79a288 .functor BUFT 1, C4<000000000>, C4<0>, C4<0>, C4<0>;
v000002170e792b10_0 .net *"_ivl_68", 8 0, L_000002170e79a288;  1 drivers
v000002170e792750_0 .net *"_ivl_69", 12 0, L_000002170e7e5110;  1 drivers
v000002170e792c50_0 .net *"_ivl_70", 12 0, L_000002170e7e51b0;  1 drivers
v000002170e791350_0 .net *"_ivl_74", 31 0, L_000002170e7e4b70;  1 drivers
v000002170e791990_0 .net *"_ivl_76", 9 0, L_000002170e7e59d0;  1 drivers
L_000002170e79a2d0 .functor BUFT 1, C4<00000>, C4<0>, C4<0>, C4<0>;
v000002170e792890_0 .net *"_ivl_79", 4 0, L_000002170e79a2d0;  1 drivers
v000002170e791df0_0 .net *"_ivl_8", 6 0, L_000002170e7e4670;  1 drivers
v000002170e792250_0 .net *"_ivl_80", 11 0, L_000002170e7e5a70;  1 drivers
L_000002170e79a318 .functor BUFT 1, C4<00>, C4<0>, C4<0>, C4<0>;
v000002170e7929d0_0 .net *"_ivl_83", 1 0, L_000002170e79a318;  1 drivers
L_000002170e79a360 .functor BUFT 1, C4<000000000100>, C4<0>, C4<0>, C4<0>;
v000002170e791490_0 .net/2u *"_ivl_84", 11 0, L_000002170e79a360;  1 drivers
v000002170e791a30_0 .net *"_ivl_87", 11 0, L_000002170e7e3a90;  1 drivers
v000002170e791ad0_0 .net *"_ivl_88", 3 0, L_000002170e7e1e70;  1 drivers
L_000002170e79a3a8 .functor BUFT 1, C4<00>, C4<0>, C4<0>, C4<0>;
v000002170e791b70_0 .net *"_ivl_91", 1 0, L_000002170e79a3a8;  1 drivers
L_000002170e79a3f0 .functor BUFT 1, C4<0>, C4<0>, C4<0>, C4<0>;
v000002170e791c10_0 .net *"_ivl_94", 0 0, L_000002170e79a3f0;  1 drivers
v000002170e792110_0 .net *"_ivl_95", 12 0, L_000002170e7e4030;  1 drivers
L_000002170e79a438 .functor BUFT 1, C4<000000000>, C4<0>, C4<0>, C4<0>;
v000002170e794e30_0 .net *"_ivl_98", 8 0, L_000002170e79a438;  1 drivers
v000002170e793850_0 .net *"_ivl_99", 12 0, L_000002170e7e3770;  1 drivers
v000002170e794110_0 .net "cpu_miss_req_cur", 0 0, L_000002170e733e20;  1 drivers
v000002170e794250 .array "datas0", 127 0, 31 0;
v000002170e795470 .array "datas1", 127 0, 31 0;
v000002170e794bb0_0 .net "hit", 0 0, L_000002170e7333a0;  1 drivers
v000002170e794570_0 .net "hit_rword", 31 0, L_000002170e7e2eb0;  1 drivers
v000002170e794b10_0 .net "hit_way", 0 0, L_000002170e7325a0;  1 drivers
v000002170e794f70_0 .net "i_clk", 0 0, v000002170e7985e0_0;  1 drivers
v000002170e7947f0_0 .net "i_mem_rdata", 31 0, L_000002170e733800;  alias, 1 drivers
v000002170e794070_0 .net "i_mem_ready", 0 0, L_000002170e732ca0;  alias, 1 drivers
v000002170e793990_0 .net "i_mem_valid", 0 0, L_000002170e733250;  alias, 1 drivers
v000002170e794ed0_0 .net "i_req_addr", 31 0, v000002170e797960_0;  1 drivers
v000002170e793f30_0 .net "i_req_mask", 3 0, v000002170e7980e0_0;  1 drivers
v000002170e794610_0 .net "i_req_ren", 0 0, v000002170e798ea0_0;  1 drivers
v000002170e7942f0_0 .net "i_req_wdata", 31 0, v000002170e797aa0_0;  1 drivers
v000002170e795010_0 .net "i_req_wen", 0 0, v000002170e797b40_0;  1 drivers
v000002170e794d90_0 .net "i_rst", 0 0, v000002170e797c80_0;  1 drivers
v000002170e793710 .array "lru", 0 31, 0 0;
v000002170e794390_0 .net "merged_write_word", 31 0, L_000002170e7e2b90;  1 drivers
v000002170e7935d0_0 .var "miss_is_write_cur", 0 0;
v000002170e7941b0_0 .net "miss_line_addr", 31 0, L_000002170e7e40d0;  1 drivers
v000002170e795290_0 .var "miss_mask_cur", 3 0;
v000002170e794430_0 .net "miss_merged_write_word", 31 0, L_000002170e7e2410;  1 drivers
v000002170e795330_0 .var "miss_set_cur", 4 0;
v000002170e794c50_0 .var "miss_tag_cur", 22 0;
v000002170e793df0_0 .var "miss_way_cur", 0 0;
v000002170e7938f0_0 .net "miss_way_rword", 31 0, L_000002170e7e2050;  1 drivers
v000002170e793e90_0 .var "miss_wdata_cur", 31 0;
v000002170e793ad0_0 .net "miss_word_addr", 31 0, L_000002170e7e24b0;  1 drivers
v000002170e794cf0_0 .var "miss_word_cur", 1 0;
v000002170e7950b0_0 .net "o_busy", 0 0, L_000002170e732ed0;  alias, 1 drivers
v000002170e794a70_0 .net "o_mem_addr", 31 0, L_000002170e7e4350;  alias, 1 drivers
v000002170e793fd0_0 .net "o_mem_ren", 0 0, L_000002170e732b50;  alias, 1 drivers
v000002170e7946b0_0 .net "o_mem_wdata", 31 0, L_000002170e7e3590;  alias, 1 drivers
v000002170e794750_0 .net "o_mem_wen", 0 0, L_000002170e732d80;  alias, 1 drivers
v000002170e795150_0 .net "o_res_rdata", 31 0, L_000002170e732f40;  alias, 1 drivers
v000002170e7944d0_0 .net "read_miss", 0 0, L_000002170e733330;  1 drivers
v000002170e793a30_0 .net "refill_word_addr", 31 0, L_000002170e733170;  1 drivers
v000002170e7951f0_0 .var "refill_word_cur", 1 0;
v000002170e7953d0_0 .net "req_set", 4 0, L_000002170e7e57f0;  1 drivers
v000002170e794890_0 .net "req_tag", 22 0, L_000002170e7e5390;  1 drivers
v000002170e793670_0 .net "req_word", 1 0, L_000002170e7e5430;  1 drivers
v000002170e793c10_0 .var/i "set_idx", 31 0;
v000002170e7937b0_0 .var "state_cur", 1 0;
v000002170e793b70 .array "tags0", 0 31, 22 0;
v000002170e793cb0 .array "tags1", 0 31, 22 0;
v000002170e794930 .array "valid", 0 31, 1 0;
v000002170e7949d0_0 .net "victim_way", 0 0, L_000002170e7e3090;  1 drivers
v000002170e793d50_0 .net "way0_hit", 0 0, L_000002170e733100;  1 drivers
v000002170e795680_0 .net "way0_rword", 31 0, L_000002170e733bf0;  1 drivers
v000002170e797480_0 .net "way0_valid", 0 0, L_000002170e7e56b0;  1 drivers
v000002170e7969e0_0 .net "way1_hit", 0 0, L_000002170e733b10;  1 drivers
v000002170e7955e0_0 .net "way1_rword", 31 0, L_000002170e733f70;  1 drivers
v000002170e795cc0_0 .net "way1_valid", 0 0, L_000002170e7e5570;  1 drivers
v000002170e795860 .array "wb_addrs", 0 7, 31 0;
v000002170e796c60_0 .var "wb_count_cur", 3 0;
v000002170e795ea0 .array "wb_datas", 0 7, 31 0;
v000002170e7959a0_0 .net "wb_has_push_space_cur", 0 0, L_000002170e732d10;  1 drivers
v000002170e795900_0 .var "wb_head_cur", 2 0;
v000002170e795f40_0 .var/i "wb_idx", 31 0;
v000002170e796da0_0 .net "wb_push_addr_cur", 31 0, L_000002170e7e2730;  1 drivers
v000002170e7957c0_0 .net "wb_push_cur", 0 0, L_000002170e7339c0;  1 drivers
v000002170e7964e0_0 .net "wb_push_data_cur", 31 0, L_000002170e7e31d0;  1 drivers
v000002170e796b20_0 .net "wb_send_cur", 0 0, L_000002170e732bc0;  1 drivers
v000002170e795a40_0 .var "wb_tail_cur", 2 0;
v000002170e796580_0 .var/i "word_idx", 31 0;
v000002170e796ee0_0 .net "write_hit_accept_cur", 0 0, L_000002170e7338e0;  1 drivers
v000002170e797020_0 .net "write_hit_block_cur", 0 0, L_000002170e732ae0;  1 drivers
v000002170e795720_0 .net "write_miss", 0 0, L_000002170e7331e0;  1 drivers
v000002170e796620_0 .net "write_req_commit_cur", 0 0, L_000002170e733950;  1 drivers
E_000002170e72ba60 .event posedge, v000002170e794f70_0;
L_000002170e7e5390 .part v000002170e797960_0, 9, 23;
L_000002170e7e57f0 .part v000002170e797960_0, 4, 5;
L_000002170e7e5430 .part v000002170e797960_0, 2, 2;
L_000002170e7e4e90 .array/port v000002170e794930, L_000002170e7e4670;
L_000002170e7e4670 .concat [ 5 2 0 0], L_000002170e7e57f0, L_000002170e79a000;
L_000002170e7e56b0 .part L_000002170e7e4e90, 0, 1;
L_000002170e7e4710 .array/port v000002170e794930, L_000002170e7e47b0;
L_000002170e7e47b0 .concat [ 5 2 0 0], L_000002170e7e57f0, L_000002170e79a048;
L_000002170e7e5570 .part L_000002170e7e4710, 1, 1;
L_000002170e7e4fd0 .array/port v000002170e793b70, L_000002170e7e54d0;
L_000002170e7e54d0 .concat [ 5 2 0 0], L_000002170e7e57f0, L_000002170e79a090;
L_000002170e7e4a30 .cmp/eq 23, L_000002170e7e4fd0, L_000002170e7e5390;
L_000002170e7e5610 .array/port v000002170e793cb0, L_000002170e7e4f30;
L_000002170e7e4f30 .concat [ 5 2 0 0], L_000002170e7e57f0, L_000002170e79a0d8;
L_000002170e7e5070 .cmp/eq 23, L_000002170e7e5610, L_000002170e7e5390;
L_000002170e7e4850 .array/port v000002170e794250, L_000002170e7e51b0;
L_000002170e7e5750 .concat [ 5 5 0 0], L_000002170e7e57f0, L_000002170e79a120;
L_000002170e7e48f0 .concat [ 10 2 0 0], L_000002170e7e5750, L_000002170e79a168;
L_000002170e7e4990 .arith/mult 12, L_000002170e7e48f0, L_000002170e79a1b0;
L_000002170e7e5930 .concat [ 2 2 0 0], L_000002170e7e5430, L_000002170e79a1f8;
L_000002170e7e4ad0 .concat [ 12 1 0 0], L_000002170e7e4990, L_000002170e79a240;
L_000002170e7e5110 .concat [ 4 9 0 0], L_000002170e7e5930, L_000002170e79a288;
L_000002170e7e51b0 .arith/sum 13, L_000002170e7e4ad0, L_000002170e7e5110;
L_000002170e7e4b70 .array/port v000002170e795470, L_000002170e7e2870;
L_000002170e7e59d0 .concat [ 5 5 0 0], L_000002170e7e57f0, L_000002170e79a2d0;
L_000002170e7e5a70 .concat [ 10 2 0 0], L_000002170e7e59d0, L_000002170e79a318;
L_000002170e7e3a90 .arith/mult 12, L_000002170e7e5a70, L_000002170e79a360;
L_000002170e7e1e70 .concat [ 2 2 0 0], L_000002170e7e5430, L_000002170e79a3a8;
L_000002170e7e4030 .concat [ 12 1 0 0], L_000002170e7e3a90, L_000002170e79a3f0;
L_000002170e7e3770 .concat [ 4 9 0 0], L_000002170e7e1e70, L_000002170e79a438;
L_000002170e7e2870 .arith/sum 13, L_000002170e7e4030, L_000002170e7e3770;
L_000002170e7e3950 .functor MUXZ 32, L_000002170e79a480, L_000002170e733f70, L_000002170e733b10, C4<>;
L_000002170e7e2eb0 .functor MUXZ 32, L_000002170e7e3950, L_000002170e733bf0, L_000002170e733100, C4<>;
L_000002170e7e4530 .array/port v000002170e793710, L_000002170e7e27d0;
L_000002170e7e27d0 .concat [ 5 2 0 0], L_000002170e7e57f0, L_000002170e79a558;
L_000002170e7e3630 .functor MUXZ 1, L_000002170e7e4530, L_000002170e79a510, L_000002170e732fb0, C4<>;
L_000002170e7e3090 .functor MUXZ 1, L_000002170e7e3630, L_000002170e79a4c8, L_000002170e733790, C4<>;
L_000002170e7e2b90 .ufunc/vec4 TD_cache_tb.dut.apply_mask, 32, L_000002170e7e2eb0, v000002170e797aa0_0, v000002170e7980e0_0 (v000002170e3d5b30_0, v000002170e3d6f30_0, v000002170e3d6850_0) S_000002170e371a30;
L_000002170e7e40d0 .concat [ 4 5 23 0], L_000002170e79a5a0, v000002170e795330_0, v000002170e794c50_0;
L_000002170e7e2d70 .concat [ 2 2 28 0], L_000002170e79a630, v000002170e7951f0_0, L_000002170e79a5e8;
L_000002170e7e24b0 .concat [ 2 2 5 23], L_000002170e79a678, v000002170e794cf0_0, v000002170e795330_0, v000002170e794c50_0;
L_000002170e7e3db0 .array/port v000002170e794250, L_000002170e7e2190;
L_000002170e7e1f10 .concat [ 5 5 0 0], v000002170e795330_0, L_000002170e79a708;
L_000002170e7e4170 .concat [ 10 2 0 0], L_000002170e7e1f10, L_000002170e79a750;
L_000002170e7e2f50 .arith/mult 12, L_000002170e7e4170, L_000002170e79a798;
L_000002170e7e45d0 .concat [ 2 2 0 0], v000002170e794cf0_0, L_000002170e79a7e0;
L_000002170e7e1fb0 .concat [ 12 1 0 0], L_000002170e7e2f50, L_000002170e79a828;
L_000002170e7e4210 .concat [ 4 9 0 0], L_000002170e7e45d0, L_000002170e79a870;
L_000002170e7e2190 .arith/sum 13, L_000002170e7e1fb0, L_000002170e7e4210;
L_000002170e7e2910 .array/port v000002170e795470, L_000002170e7e29b0;
L_000002170e7e3bd0 .concat [ 5 5 0 0], v000002170e795330_0, L_000002170e79a8b8;
L_000002170e7e38b0 .concat [ 10 2 0 0], L_000002170e7e3bd0, L_000002170e79a900;
L_000002170e7e3130 .arith/mult 12, L_000002170e7e38b0, L_000002170e79a948;
L_000002170e7e4490 .concat [ 2 2 0 0], v000002170e794cf0_0, L_000002170e79a990;
L_000002170e7e2c30 .concat [ 12 1 0 0], L_000002170e7e3130, L_000002170e79a9d8;
L_000002170e7e3270 .concat [ 4 9 0 0], L_000002170e7e4490, L_000002170e79aa20;
L_000002170e7e29b0 .arith/sum 13, L_000002170e7e2c30, L_000002170e7e3270;
L_000002170e7e2050 .functor MUXZ 32, L_000002170e7e2910, L_000002170e7e3db0, L_000002170e733480, C4<>;
L_000002170e7e2410 .ufunc/vec4 TD_cache_tb.dut.apply_mask, 32, L_000002170e7e2050, v000002170e793e90_0, v000002170e795290_0 (v000002170e3d5b30_0, v000002170e3d6f30_0, v000002170e3d6850_0) S_000002170e371a30;
L_000002170e7e33b0 .cmp/eq 2, v000002170e7937b0_0, L_000002170e79aa68;
L_000002170e7e2ff0 .cmp/ne 2, v000002170e7937b0_0, L_000002170e79aab0;
L_000002170e7e2690 .cmp/ne 2, v000002170e7937b0_0, L_000002170e79aaf8;
L_000002170e7e3c70 .concat [ 4 28 0 0], v000002170e796c60_0, L_000002170e79ab40;
L_000002170e7e2af0 .cmp/ne 32, L_000002170e7e3c70, L_000002170e79ab88;
L_000002170e7e3b30 .concat [ 4 28 0 0], v000002170e796c60_0, L_000002170e79abd0;
L_000002170e7e2cd0 .cmp/ne 32, L_000002170e7e3b30, L_000002170e79ac18;
L_000002170e7e42b0 .cmp/eq 2, v000002170e7937b0_0, L_000002170e79ac60;
L_000002170e7e2a50 .cmp/eq 2, v000002170e7937b0_0, L_000002170e79aca8;
L_000002170e7e3e50 .cmp/eq 2, v000002170e7937b0_0, L_000002170e79acf0;
L_000002170e7e2730 .functor MUXZ 32, L_000002170e7e24b0, v000002170e797960_0, L_000002170e7338e0, C4<>;
L_000002170e7e31d0 .functor MUXZ 32, L_000002170e7e2410, L_000002170e7e2b90, L_000002170e7338e0, C4<>;
L_000002170e7e2e10 .cmp/eq 2, v000002170e7937b0_0, L_000002170e79ad38;
L_000002170e7e3310 .array/port v000002170e795860, L_000002170e7e22d0;
L_000002170e7e22d0 .concat [ 3 2 0 0], v000002170e795900_0, L_000002170e79ad80;
L_000002170e7e3450 .functor MUXZ 32, L_000002170e79adc8, L_000002170e7e3310, L_000002170e732bc0, C4<>;
L_000002170e7e4350 .functor MUXZ 32, L_000002170e7e3450, L_000002170e733170, L_000002170e7e2e10, C4<>;
L_000002170e7e34f0 .cmp/eq 2, v000002170e7937b0_0, L_000002170e79ae10;
L_000002170e7e20f0 .array/port v000002170e795ea0, L_000002170e7e2370;
L_000002170e7e2370 .concat [ 3 2 0 0], v000002170e795900_0, L_000002170e79ae58;
L_000002170e7e3590 .functor MUXZ 32, L_000002170e79aea0, L_000002170e7e20f0, L_000002170e732bc0, C4<>;
L_000002170e7e36d0 .cmp/ne 2, v000002170e7937b0_0, L_000002170e79aee8;
L_000002170e7e3810 .cmp/eq 2, v000002170e7937b0_0, L_000002170e79af30;
S_000002170e371a30 .scope function.vec4.s32, "apply_mask" "apply_mask" 4 66, 4 66 0, S_000002170e3592a0;
 .timescale 0 0;
; Variable apply_mask is vec4 return value of scope S_000002170e371a30
v000002170e3d5bd0_0 .var "byte_mask", 31 0;
v000002170e3d6850_0 .var "mask", 3 0;
v000002170e3d6f30_0 .var "new_word", 31 0;
v000002170e3d5b30_0 .var "old_word", 31 0;
TD_cache_tb.dut.apply_mask ;
    %load/vec4 v000002170e3d6850_0;
    %store/vec4 v000002170e3d7070_0, 0, 4;
    %callf/vec4 TD_cache_tb.dut.expand_mask, S_000002170e78e5a0;
    %store/vec4 v000002170e3d5bd0_0, 0, 32;
    %load/vec4 v000002170e3d5b30_0;
    %load/vec4 v000002170e3d5bd0_0;
    %inv;
    %and;
    %load/vec4 v000002170e3d6f30_0;
    %load/vec4 v000002170e3d5bd0_0;
    %and;
    %or;
    %ret/vec4 0, 0, 32;  Assign to apply_mask (store_vec4_to_lval)
    %end;
S_000002170e78e5a0 .scope function.vec4.s32, "expand_mask" "expand_mask" 4 59, 4 59 0, S_000002170e3592a0;
 .timescale 0 0;
; Variable expand_mask is vec4 return value of scope S_000002170e78e5a0
v000002170e3d7070_0 .var "mask", 3 0;
TD_cache_tb.dut.expand_mask ;
    %load/vec4 v000002170e3d7070_0;
    %parti/s 1, 3, 3;
    %replicate 8;
    %load/vec4 v000002170e3d7070_0;
    %parti/s 1, 2, 3;
    %replicate 8;
    %concat/vec4; draw_concat_vec4
    %load/vec4 v000002170e3d7070_0;
    %parti/s 1, 1, 2;
    %replicate 8;
    %concat/vec4; draw_concat_vec4
    %load/vec4 v000002170e3d7070_0;
    %parti/s 1, 0, 2;
    %replicate 8;
    %concat/vec4; draw_concat_vec4
    %ret/vec4 0, 0, 32;  Assign to expand_mask (store_vec4_to_lval)
    %end;
S_000002170e78e730 .scope module, "mem" "memory" 3 50, 5 8 0, S_000002170e324b30;
 .timescale 0 0;
    .port_info 0 /INPUT 1 "i_clk";
    .port_info 1 /INPUT 1 "i_rst";
    .port_info 2 /OUTPUT 1 "o_ready";
    .port_info 3 /INPUT 32 "i_addr";
    .port_info 4 /INPUT 1 "i_ren";
    .port_info 5 /INPUT 1 "i_wen";
    .port_info 6 /INPUT 4 "i_mask";
    .port_info 7 /INPUT 32 "i_wdata";
    .port_info 8 /OUTPUT 1 "o_valid";
    .port_info 9 /OUTPUT 32 "o_addr";
    .port_info 10 /OUTPUT 1 "o_wdone";
    .port_info 11 /OUTPUT 32 "o_rdata";
P_000002170e36cbc0 .param/l "INTERVAL" 0 5 14, +C4<00000000000000000000000000000010>;
P_000002170e36cbf8 .param/l "LATENCY" 0 5 12, +C4<00000000000000000000000000000100>;
P_000002170e36cc30 .param/l "SIZE" 0 5 10, +C4<0000000000000000000000000000000000000000000000000100000000000000>;
L_000002170e733b80 .functor NOT 1, v000002170e797c80_0, C4<0>, C4<0>, C4<0>;
L_000002170e734050 .functor AND 1, L_000002170e733b80, L_000002170e7e4c10, C4<1>, C4<1>;
v000002170e796260_2 .array/port v000002170e796260, 2;
L_000002170e733560 .functor BUFZ 32, v000002170e796260_2, C4<00000000000000000000000000000000>, C4<00000000000000000000000000000000>, C4<00000000000000000000000000000000>;
v000002170e7963a0_2 .array/port v000002170e7963a0, 2;
L_000002170e7327d0 .functor BUFZ 4, v000002170e7963a0_2, C4<0000>, C4<0000>, C4<0000>;
v000002170e798040_2 .array/port v000002170e798040, 2;
L_000002170e733020 .functor BUFZ 32, v000002170e798040_2, C4<00000000000000000000000000000000>, C4<00000000000000000000000000000000>, C4<00000000000000000000000000000000>;
v000002170e796260_3 .array/port v000002170e796260, 3;
L_000002170e732530 .functor BUFZ 32, v000002170e796260_3, C4<00000000000000000000000000000000>, C4<00000000000000000000000000000000>, C4<00000000000000000000000000000000>;
v000002170e7984a0_3 .array/port v000002170e7984a0, 3;
L_000002170e732760 .functor BUFZ 1, v000002170e7984a0_3, C4<0>, C4<0>, C4<0>;
v000002170e799080_2 .array/port v000002170e799080, 2;
L_000002170e732610 .functor BUFZ 1, v000002170e799080_2, C4<0>, C4<0>, C4<0>;
L_000002170e733800 .functor BUFZ 32, L_000002170e7e5c50, C4<00000000000000000000000000000000>, C4<00000000000000000000000000000000>, C4<00000000000000000000000000000000>;
L_000002170e733f00 .functor BUFZ 32, L_000002170e732530, C4<00000000000000000000000000000000>, C4<00000000000000000000000000000000>, C4<00000000000000000000000000000000>;
L_000002170e733250 .functor BUFZ 1, L_000002170e732760, C4<0>, C4<0>, C4<0>;
L_000002170e7332c0 .functor BUFZ 1, L_000002170e732610, C4<0>, C4<0>, C4<0>;
L_000002170e732ca0 .functor BUFZ 1, L_000002170e734050, C4<0>, C4<0>, C4<0>;
v000002170e796940_0 .net *"_ivl_0", 0 0, L_000002170e733b80;  1 drivers
v000002170e7966c0_0 .net *"_ivl_2", 31 0, L_000002170e7e4d50;  1 drivers
v000002170e7972a0_0 .net *"_ivl_32", 7 0, L_000002170e7e4cb0;  1 drivers
L_000002170e799ee0 .functor BUFT 1, C4<00000000000000000000000000000011>, C4<0>, C4<0>, C4<0>;
v000002170e797340_0 .net/2u *"_ivl_34", 31 0, L_000002170e799ee0;  1 drivers
v000002170e796760_0 .net *"_ivl_36", 31 0, L_000002170e7e52f0;  1 drivers
v000002170e796800_0 .net *"_ivl_38", 7 0, L_000002170e7e5890;  1 drivers
L_000002170e799f28 .functor BUFT 1, C4<00000000000000000000000000000010>, C4<0>, C4<0>, C4<0>;
v000002170e795ae0_0 .net/2u *"_ivl_40", 31 0, L_000002170e799f28;  1 drivers
v000002170e795b80_0 .net *"_ivl_42", 31 0, L_000002170e7e5250;  1 drivers
v000002170e7968a0_0 .net *"_ivl_44", 7 0, L_000002170e7e5b10;  1 drivers
L_000002170e799f70 .functor BUFT 1, C4<00000000000000000000000000000001>, C4<0>, C4<0>, C4<0>;
v000002170e796120_0 .net/2u *"_ivl_46", 31 0, L_000002170e799f70;  1 drivers
v000002170e795d60_0 .net *"_ivl_48", 31 0, L_000002170e7e5bb0;  1 drivers
L_000002170e799e50 .functor BUFT 1, C4<0000000000000000000000000000000>, C4<0>, C4<0>, C4<0>;
v000002170e795c20_0 .net *"_ivl_5", 30 0, L_000002170e799e50;  1 drivers
v000002170e7961c0_0 .net *"_ivl_50", 7 0, L_000002170e7e5cf0;  1 drivers
L_000002170e799fb8 .functor BUFT 1, C4<00000000000000000000000000000000>, C4<0>, C4<0>, C4<0>;
v000002170e796d00_0 .net/2u *"_ivl_52", 31 0, L_000002170e799fb8;  1 drivers
v000002170e796a80_0 .net *"_ivl_54", 31 0, L_000002170e7e4df0;  1 drivers
L_000002170e799e98 .functor BUFT 1, C4<00000000000000000000000000000000>, C4<0>, C4<0>, C4<0>;
v000002170e796bc0_0 .net/2u *"_ivl_6", 31 0, L_000002170e799e98;  1 drivers
v000002170e796e40_0 .net *"_ivl_8", 0 0, L_000002170e7e4c10;  1 drivers
v000002170e796260 .array "addrs", 3 0, 31 0;
v000002170e796f80_0 .net "i_addr", 31 0, L_000002170e7e4350;  alias, 1 drivers
v000002170e7973e0_0 .net "i_clk", 0 0, v000002170e7985e0_0;  alias, 1 drivers
v000002170e795e00_0 .net "i_mask", 3 0, L_000002170e799e08;  alias, 1 drivers
v000002170e795fe0_0 .net "i_ren", 0 0, L_000002170e732b50;  alias, 1 drivers
v000002170e7970c0_0 .net "i_rst", 0 0, v000002170e797c80_0;  alias, 1 drivers
v000002170e797160_0 .net "i_wdata", 31 0, L_000002170e7e3590;  alias, 1 drivers
v000002170e797200_0 .net "i_wen", 0 0, L_000002170e732d80;  alias, 1 drivers
v000002170e796080_0 .var "interval_counter", 0 0;
v000002170e796300_0 .net "mask", 3 0, L_000002170e7327d0;  1 drivers
v000002170e7963a0 .array "masks", 3 0, 3 0;
v000002170e796440 .array "mem", 16383 0, 7 0;
v000002170e798400_0 .net "o_addr", 31 0, L_000002170e733f00;  alias, 1 drivers
v000002170e798220_0 .net "o_rdata", 31 0, L_000002170e733800;  alias, 1 drivers
v000002170e798f40_0 .net "o_ready", 0 0, L_000002170e732ca0;  alias, 1 drivers
v000002170e798180_0 .net "o_valid", 0 0, L_000002170e733250;  alias, 1 drivers
v000002170e797820_0 .net "o_wdone", 0 0, L_000002170e7332c0;  1 drivers
v000002170e799440_0 .net "raddr", 31 0, v000002170e796260_3;  1 drivers
v000002170e797fa0_0 .net "ready", 0 0, L_000002170e734050;  1 drivers
v000002170e7982c0_0 .net "ren", 0 0, v000002170e7984a0_3;  1 drivers
v000002170e7984a0 .array "rens", 3 0, 0 0;
v000002170e798720_0 .net "res_addr", 31 0, L_000002170e732530;  1 drivers
v000002170e798cc0_0 .net "res_rdata", 31 0, L_000002170e7e5c50;  1 drivers
v000002170e7989a0_0 .net "res_valid", 0 0, L_000002170e732760;  1 drivers
v000002170e7991c0_0 .net "res_wdone", 0 0, L_000002170e732610;  1 drivers
v000002170e798360_0 .net "waddr", 31 0, L_000002170e733560;  1 drivers
v000002170e799120_0 .net "wdata", 31 0, L_000002170e733020;  1 drivers
v000002170e798040 .array "wdatas", 3 0, 31 0;
v000002170e799300_0 .net "wen", 0 0, v000002170e799080_2;  1 drivers
v000002170e799080 .array "wens", 3 0, 0 0;
L_000002170e7e4d50 .concat [ 1 31 0 0], v000002170e796080_0, L_000002170e799e50;
L_000002170e7e4c10 .cmp/eq 32, L_000002170e7e4d50, L_000002170e799e98;
L_000002170e7e4cb0 .array/port v000002170e796440, L_000002170e7e52f0;
L_000002170e7e52f0 .arith/sum 32, v000002170e796260_3, L_000002170e799ee0;
L_000002170e7e5890 .array/port v000002170e796440, L_000002170e7e5250;
L_000002170e7e5250 .arith/sum 32, v000002170e796260_3, L_000002170e799f28;
L_000002170e7e5b10 .array/port v000002170e796440, L_000002170e7e5bb0;
L_000002170e7e5bb0 .arith/sum 32, v000002170e796260_3, L_000002170e799f70;
L_000002170e7e5cf0 .array/port v000002170e796440, L_000002170e7e4df0;
L_000002170e7e4df0 .arith/sum 32, v000002170e796260_3, L_000002170e799fb8;
L_000002170e7e5c50 .concat [ 8 8 8 8], L_000002170e7e5cf0, L_000002170e7e5b10, L_000002170e7e5890, L_000002170e7e4cb0;
S_000002170e790950 .scope generate, "genblk1[1]" "genblk1[1]" 5 102, 5 102 0, S_000002170e78e730;
 .timescale 0 0;
P_000002170e72c4a0 .param/l "i" 0 5 102, +C4<01>;
S_000002170e790ae0 .scope generate, "genblk1[2]" "genblk1[2]" 5 102, 5 102 0, S_000002170e78e730;
 .timescale 0 0;
P_000002170e72baa0 .param/l "i" 0 5 102, +C4<010>;
S_000002170e7975a0 .scope generate, "genblk1[3]" "genblk1[3]" 5 102, 5 102 0, S_000002170e78e730;
 .timescale 0 0;
P_000002170e72bca0 .param/l "i" 0 5 102, +C4<011>;
S_000002170e799950 .scope autotask, "reset_sequence" "reset_sequence" 3 206, 3 206 0, S_000002170e324b30;
 .timescale 0 0;
E_000002170e72bae0 .event negedge, v000002170e794f70_0;
TD_cache_tb.reset_sequence ;
    %vpi_call/w 3 208 "$display", "Resetting cache and memory." {0 0 0};
    %wait E_000002170e72bae0;
    %pushi/vec4 1, 0, 1;
    %store/vec4 v000002170e797c80_0, 0, 1;
    %wait E_000002170e72bae0;
    %wait E_000002170e72bae0;
    %wait E_000002170e72bae0;
    %wait E_000002170e72bae0;
    %pushi/vec4 0, 0, 1;
    %store/vec4 v000002170e797c80_0, 0, 1;
    %pushi/vec4 0, 0, 32;
    %store/vec4 v000002170e797960_0, 0, 32;
    %pushi/vec4 0, 0, 1;
    %store/vec4 v000002170e798ea0_0, 0, 1;
    %pushi/vec4 0, 0, 1;
    %store/vec4 v000002170e797b40_0, 0, 1;
    %pushi/vec4 0, 0, 4;
    %store/vec4 v000002170e7980e0_0, 0, 4;
    %pushi/vec4 0, 0, 32;
    %store/vec4 v000002170e797aa0_0, 0, 32;
    %pushi/vec4 0, 0, 24;
    %store/vec4 v000002170e797d20_0, 0, 24;
    %pushi/vec4 0, 0, 5;
    %store/vec4 v000002170e798a40_0, 0, 5;
    %pushi/vec4 0, 0, 4;
    %store/vec4 v000002170e797a00_0, 0, 4;
    %end;
S_000002170e799ae0 .scope autotask, "send_read" "send_read" 3 185, 3 185 0, S_000002170e324b30;
 .timescale 0 0;
v000002170e798900_0 .var "index", 4 0;
v000002170e797f00_0 .var "mask", 3 0;
v000002170e799260_0 .var "offset", 3 0;
v000002170e7993a0_0 .var "tag", 22 0;
E_000002170e72bfe0 .event negedge, v000002170e794f70_0;
TD_cache_tb.send_read ;
    %load/vec4 v000002170e7993a0_0;
    %load/vec4 v000002170e798900_0;
    %concat/vec4; draw_concat_vec4
    %load/vec4 v000002170e799260_0;
    %concat/vec4; draw_concat_vec4
    %store/vec4 v000002170e797960_0, 0, 32;
    %load/vec4 v000002170e797f00_0;
    %store/vec4 v000002170e7980e0_0, 0, 4;
    %pushi/vec4 0, 0, 1;
    %store/vec4 v000002170e797b40_0, 0, 1;
    %pushi/vec4 4294967295, 4294967295, 32;
    %store/vec4 v000002170e797aa0_0, 0, 32;
    %pushi/vec4 1, 0, 1;
    %store/vec4 v000002170e798ea0_0, 0, 1;
    %wait E_000002170e72bfe0;
    %pushi/vec4 0, 0, 1;
    %store/vec4 v000002170e798ea0_0, 0, 1;
    %delay 0, 0;
    %load/vec4 v000002170e7980e0_0;
    %parti/s 1, 3, 3;
    %replicate 8;
    %load/vec4 v000002170e7980e0_0;
    %parti/s 1, 2, 3;
    %replicate 8;
    %concat/vec4; draw_concat_vec4
    %load/vec4 v000002170e7980e0_0;
    %parti/s 1, 1, 2;
    %replicate 8;
    %concat/vec4; draw_concat_vec4
    %load/vec4 v000002170e7980e0_0;
    %parti/s 1, 0, 2;
    %replicate 8;
    %concat/vec4; draw_concat_vec4
    %store/vec4 v000002170e798680_0, 0, 32;
    %load/vec4 v000002170e798540_0;
    %nor/r;
    %flag_set/vec4 8;
    %jmp/0xz  T_3.0, 8;
    %load/vec4 v000002170e797be0_0;
    %load/vec4 v000002170e798680_0;
    %and;
    %vpi_call/w 3 198 "$display", "Read HIT:   addr=%08x data=%08x mask=%04b", v000002170e797960_0, S<0,vec4,u32>, v000002170e7980e0_0 {1 0 0};
    %jmp T_3.1;
T_3.0 ;
T_3.2 ;
    %load/vec4 v000002170e798540_0;
    %flag_set/vec4 8;
    %jmp/0xz T_3.3, 8;
    %wait E_000002170e72bfe0;
    %jmp T_3.2;
T_3.3 ;
    %load/vec4 v000002170e797be0_0;
    %load/vec4 v000002170e798680_0;
    %and;
    %vpi_call/w 3 201 "$display", "Read MISS:  addr=%08x data=%08x mask=%04b", v000002170e797960_0, S<0,vec4,u32>, v000002170e7980e0_0 {1 0 0};
T_3.1 ;
    %end;
S_000002170e799c70 .scope autotask, "send_write" "send_write" 3 166, 3 166 0, S_000002170e324b30;
 .timescale 0 0;
v000002170e798ae0_0 .var "data", 31 0;
v000002170e7978c0_0 .var "index", 4 0;
v000002170e7987c0_0 .var "mask", 3 0;
v000002170e7994e0_0 .var "offset", 3 0;
v000002170e797e60_0 .var "tag", 22 0;
E_000002170e72bce0 .event negedge, v000002170e794f70_0;
TD_cache_tb.send_write ;
    %load/vec4 v000002170e797e60_0;
    %load/vec4 v000002170e7978c0_0;
    %concat/vec4; draw_concat_vec4
    %load/vec4 v000002170e7994e0_0;
    %concat/vec4; draw_concat_vec4
    %store/vec4 v000002170e797960_0, 0, 32;
    %load/vec4 v000002170e7987c0_0;
    %store/vec4 v000002170e7980e0_0, 0, 4;
    %pushi/vec4 0, 0, 1;
    %store/vec4 v000002170e798ea0_0, 0, 1;
    %pushi/vec4 1, 0, 1;
    %store/vec4 v000002170e797b40_0, 0, 1;
    %load/vec4 v000002170e798ae0_0;
    %store/vec4 v000002170e797aa0_0, 0, 32;
    %wait E_000002170e72bce0;
    %pushi/vec4 0, 0, 1;
    %store/vec4 v000002170e797b40_0, 0, 1;
    %load/vec4 v000002170e798540_0;
    %nor/r;
    %flag_set/vec4 8;
    %jmp/0xz  T_4.4, 8;
    %load/vec4 v000002170e797aa0_0;
    %load/vec4 v000002170e798680_0;
    %and;
    %vpi_call/w 3 177 "$display", "Write HIT:  addr=%08x data=%08x mask=%04b", v000002170e797960_0, S<0,vec4,u32>, v000002170e7980e0_0 {1 0 0};
    %jmp T_4.5;
T_4.4 ;
T_4.6 ;
    %load/vec4 v000002170e798540_0;
    %flag_set/vec4 8;
    %jmp/0xz T_4.7, 8;
    %wait E_000002170e72bce0;
    %jmp T_4.6;
T_4.7 ;
    %load/vec4 v000002170e797aa0_0;
    %load/vec4 v000002170e798680_0;
    %and;
    %vpi_call/w 3 180 "$display", "Write MISS: addr=%08x data=%08x mask=%04b", v000002170e797960_0, S<0,vec4,u32>, v000002170e7980e0_0 {1 0 0};
T_4.5 ;
    %end;
    .scope S_000002170e790950;
T_5 ;
    %wait E_000002170e72ba60;
    %load/vec4 v000002170e7970c0_0;
    %flag_set/vec4 8;
    %jmp/0xz  T_5.0, 8;
    %pushi/vec4 0, 0, 1;
    %ix/load 3, 1, 0;
    %flag_set/imm 4, 0;
    %ix/load 4, 0, 0; Constant delay
    %assign/vec4/a/d v000002170e7984a0, 0, 4;
    %pushi/vec4 0, 0, 1;
    %ix/load 3, 1, 0;
    %flag_set/imm 4, 0;
    %ix/load 4, 0, 0; Constant delay
    %assign/vec4/a/d v000002170e799080, 0, 4;
    %jmp T_5.1;
T_5.0 ;
    %ix/load 4, 0, 0;
    %flag_set/imm 4, 0;
    %load/vec4a v000002170e796260, 4;
    %ix/load 3, 1, 0;
    %flag_set/imm 4, 0;
    %ix/load 4, 0, 0; Constant delay
    %assign/vec4/a/d v000002170e796260, 0, 4;
    %ix/load 4, 0, 0;
    %flag_set/imm 4, 0;
    %load/vec4a v000002170e7984a0, 4;
    %ix/load 3, 1, 0;
    %flag_set/imm 4, 0;
    %ix/load 4, 0, 0; Constant delay
    %assign/vec4/a/d v000002170e7984a0, 0, 4;
    %ix/load 4, 0, 0;
    %flag_set/imm 4, 0;
    %load/vec4a v000002170e799080, 4;
    %ix/load 3, 1, 0;
    %flag_set/imm 4, 0;
    %ix/load 4, 0, 0; Constant delay
    %assign/vec4/a/d v000002170e799080, 0, 4;
    %ix/load 4, 0, 0;
    %flag_set/imm 4, 0;
    %load/vec4a v000002170e7963a0, 4;
    %ix/load 3, 1, 0;
    %flag_set/imm 4, 0;
    %ix/load 4, 0, 0; Constant delay
    %assign/vec4/a/d v000002170e7963a0, 0, 4;
    %ix/load 4, 0, 0;
    %flag_set/imm 4, 0;
    %load/vec4a v000002170e798040, 4;
    %ix/load 3, 1, 0;
    %flag_set/imm 4, 0;
    %ix/load 4, 0, 0; Constant delay
    %assign/vec4/a/d v000002170e798040, 0, 4;
T_5.1 ;
    %jmp T_5;
    .thread T_5;
    .scope S_000002170e790ae0;
T_6 ;
    %wait E_000002170e72ba60;
    %load/vec4 v000002170e7970c0_0;
    %flag_set/vec4 8;
    %jmp/0xz  T_6.0, 8;
    %pushi/vec4 0, 0, 1;
    %ix/load 3, 2, 0;
    %flag_set/imm 4, 0;
    %ix/load 4, 0, 0; Constant delay
    %assign/vec4/a/d v000002170e7984a0, 0, 4;
    %pushi/vec4 0, 0, 1;
    %ix/load 3, 2, 0;
    %flag_set/imm 4, 0;
    %ix/load 4, 0, 0; Constant delay
    %assign/vec4/a/d v000002170e799080, 0, 4;
    %jmp T_6.1;
T_6.0 ;
    %ix/load 4, 1, 0;
    %flag_set/imm 4, 0;
    %load/vec4a v000002170e796260, 4;
    %ix/load 3, 2, 0;
    %flag_set/imm 4, 0;
    %ix/load 4, 0, 0; Constant delay
    %assign/vec4/a/d v000002170e796260, 0, 4;
    %ix/load 4, 1, 0;
    %flag_set/imm 4, 0;
    %load/vec4a v000002170e7984a0, 4;
    %ix/load 3, 2, 0;
    %flag_set/imm 4, 0;
    %ix/load 4, 0, 0; Constant delay
    %assign/vec4/a/d v000002170e7984a0, 0, 4;
    %ix/load 4, 1, 0;
    %flag_set/imm 4, 0;
    %load/vec4a v000002170e799080, 4;
    %ix/load 3, 2, 0;
    %flag_set/imm 4, 0;
    %ix/load 4, 0, 0; Constant delay
    %assign/vec4/a/d v000002170e799080, 0, 4;
    %ix/load 4, 1, 0;
    %flag_set/imm 4, 0;
    %load/vec4a v000002170e7963a0, 4;
    %ix/load 3, 2, 0;
    %flag_set/imm 4, 0;
    %ix/load 4, 0, 0; Constant delay
    %assign/vec4/a/d v000002170e7963a0, 0, 4;
    %ix/load 4, 1, 0;
    %flag_set/imm 4, 0;
    %load/vec4a v000002170e798040, 4;
    %ix/load 3, 2, 0;
    %flag_set/imm 4, 0;
    %ix/load 4, 0, 0; Constant delay
    %assign/vec4/a/d v000002170e798040, 0, 4;
T_6.1 ;
    %jmp T_6;
    .thread T_6;
    .scope S_000002170e7975a0;
T_7 ;
    %wait E_000002170e72ba60;
    %load/vec4 v000002170e7970c0_0;
    %flag_set/vec4 8;
    %jmp/0xz  T_7.0, 8;
    %pushi/vec4 0, 0, 1;
    %ix/load 3, 3, 0;
    %flag_set/imm 4, 0;
    %ix/load 4, 0, 0; Constant delay
    %assign/vec4/a/d v000002170e7984a0, 0, 4;
    %pushi/vec4 0, 0, 1;
    %ix/load 3, 3, 0;
    %flag_set/imm 4, 0;
    %ix/load 4, 0, 0; Constant delay
    %assign/vec4/a/d v000002170e799080, 0, 4;
    %jmp T_7.1;
T_7.0 ;
    %ix/load 4, 2, 0;
    %flag_set/imm 4, 0;
    %load/vec4a v000002170e796260, 4;
    %ix/load 3, 3, 0;
    %flag_set/imm 4, 0;
    %ix/load 4, 0, 0; Constant delay
    %assign/vec4/a/d v000002170e796260, 0, 4;
    %ix/load 4, 2, 0;
    %flag_set/imm 4, 0;
    %load/vec4a v000002170e7984a0, 4;
    %ix/load 3, 3, 0;
    %flag_set/imm 4, 0;
    %ix/load 4, 0, 0; Constant delay
    %assign/vec4/a/d v000002170e7984a0, 0, 4;
    %ix/load 4, 2, 0;
    %flag_set/imm 4, 0;
    %load/vec4a v000002170e799080, 4;
    %ix/load 3, 3, 0;
    %flag_set/imm 4, 0;
    %ix/load 4, 0, 0; Constant delay
    %assign/vec4/a/d v000002170e799080, 0, 4;
    %ix/load 4, 2, 0;
    %flag_set/imm 4, 0;
    %load/vec4a v000002170e7963a0, 4;
    %ix/load 3, 3, 0;
    %flag_set/imm 4, 0;
    %ix/load 4, 0, 0; Constant delay
    %assign/vec4/a/d v000002170e7963a0, 0, 4;
    %ix/load 4, 2, 0;
    %flag_set/imm 4, 0;
    %load/vec4a v000002170e798040, 4;
    %ix/load 3, 3, 0;
    %flag_set/imm 4, 0;
    %ix/load 4, 0, 0; Constant delay
    %assign/vec4/a/d v000002170e798040, 0, 4;
T_7.1 ;
    %jmp T_7;
    .thread T_7;
    .scope S_000002170e78e730;
T_8 ;
    %wait E_000002170e72ba60;
    %load/vec4 v000002170e7970c0_0;
    %flag_set/vec4 8;
    %jmp/0xz  T_8.0, 8;
    %pushi/vec4 0, 0, 1;
    %assign/vec4 v000002170e796080_0, 0;
    %jmp T_8.1;
T_8.0 ;
    %load/vec4 v000002170e796080_0;
    %pad/u 32;
    %cmpi/e 1, 0, 32;
    %jmp/0xz  T_8.2, 4;
    %pushi/vec4 0, 0, 1;
    %assign/vec4 v000002170e796080_0, 0;
    %jmp T_8.3;
T_8.2 ;
    %load/vec4 v000002170e797fa0_0;
    %nor/r;
    %load/vec4 v000002170e795fe0_0;
    %or;
    %load/vec4 v000002170e797200_0;
    %or;
    %flag_set/vec4 8;
    %jmp/0xz  T_8.4, 8;
    %load/vec4 v000002170e796080_0;
    %pad/u 2;
    %addi 1, 0, 2;
    %pad/u 1;
    %assign/vec4 v000002170e796080_0, 0;
T_8.4 ;
T_8.3 ;
T_8.1 ;
    %jmp T_8;
    .thread T_8;
    .scope S_000002170e78e730;
T_9 ;
    %wait E_000002170e72ba60;
    %load/vec4 v000002170e7970c0_0;
    %flag_set/vec4 8;
    %jmp/0xz  T_9.0, 8;
    %pushi/vec4 0, 0, 1;
    %ix/load 3, 0, 0;
    %flag_set/imm 4, 0;
    %ix/load 4, 0, 0; Constant delay
    %assign/vec4/a/d v000002170e7984a0, 0, 4;
    %pushi/vec4 0, 0, 1;
    %ix/load 3, 0, 0;
    %flag_set/imm 4, 0;
    %ix/load 4, 0, 0; Constant delay
    %assign/vec4/a/d v000002170e799080, 0, 4;
    %jmp T_9.1;
T_9.0 ;
    %load/vec4 v000002170e796f80_0;
    %ix/load 3, 0, 0;
    %flag_set/imm 4, 0;
    %ix/load 4, 0, 0; Constant delay
    %assign/vec4/a/d v000002170e796260, 0, 4;
    %load/vec4 v000002170e797fa0_0;
    %load/vec4 v000002170e795fe0_0;
    %and;
    %ix/load 3, 0, 0;
    %flag_set/imm 4, 0;
    %ix/load 4, 0, 0; Constant delay
    %assign/vec4/a/d v000002170e7984a0, 0, 4;
    %load/vec4 v000002170e797fa0_0;
    %load/vec4 v000002170e797200_0;
    %and;
    %ix/load 3, 0, 0;
    %flag_set/imm 4, 0;
    %ix/load 4, 0, 0; Constant delay
    %assign/vec4/a/d v000002170e799080, 0, 4;
    %load/vec4 v000002170e795e00_0;
    %ix/load 3, 0, 0;
    %flag_set/imm 4, 0;
    %ix/load 4, 0, 0; Constant delay
    %assign/vec4/a/d v000002170e7963a0, 0, 4;
    %load/vec4 v000002170e797160_0;
    %ix/load 3, 0, 0;
    %flag_set/imm 4, 0;
    %ix/load 4, 0, 0; Constant delay
    %assign/vec4/a/d v000002170e798040, 0, 4;
T_9.1 ;
    %jmp T_9;
    .thread T_9;
    .scope S_000002170e78e730;
T_10 ;
    %wait E_000002170e72ba60;
    %load/vec4 v000002170e799300_0;
    %load/vec4 v000002170e796300_0;
    %parti/s 1, 0, 2;
    %and;
    %flag_set/vec4 8;
    %jmp/0xz  T_10.0, 8;
    %load/vec4 v000002170e799120_0;
    %parti/s 8, 0, 2;
    %load/vec4 v000002170e798360_0;
    %addi 0, 0, 32;
    %ix/vec4 3;
    %ix/load 4, 0, 0; Constant delay
    %assign/vec4/a/d v000002170e796440, 0, 4;
T_10.0 ;
    %load/vec4 v000002170e799300_0;
    %load/vec4 v000002170e796300_0;
    %parti/s 1, 1, 2;
    %and;
    %flag_set/vec4 8;
    %jmp/0xz  T_10.2, 8;
    %load/vec4 v000002170e799120_0;
    %parti/s 8, 8, 5;
    %load/vec4 v000002170e798360_0;
    %addi 1, 0, 32;
    %ix/vec4 3;
    %ix/load 4, 0, 0; Constant delay
    %assign/vec4/a/d v000002170e796440, 0, 4;
T_10.2 ;
    %load/vec4 v000002170e799300_0;
    %load/vec4 v000002170e796300_0;
    %parti/s 1, 2, 3;
    %and;
    %flag_set/vec4 8;
    %jmp/0xz  T_10.4, 8;
    %load/vec4 v000002170e799120_0;
    %parti/s 8, 16, 6;
    %load/vec4 v000002170e798360_0;
    %addi 2, 0, 32;
    %ix/vec4 3;
    %ix/load 4, 0, 0; Constant delay
    %assign/vec4/a/d v000002170e796440, 0, 4;
T_10.4 ;
    %load/vec4 v000002170e799300_0;
    %load/vec4 v000002170e796300_0;
    %parti/s 1, 3, 3;
    %and;
    %flag_set/vec4 8;
    %jmp/0xz  T_10.6, 8;
    %load/vec4 v000002170e799120_0;
    %parti/s 8, 24, 6;
    %load/vec4 v000002170e798360_0;
    %addi 3, 0, 32;
    %ix/vec4 3;
    %ix/load 4, 0, 0; Constant delay
    %assign/vec4/a/d v000002170e796440, 0, 4;
T_10.6 ;
    %jmp T_10;
    .thread T_10;
    .scope S_000002170e3592a0;
T_11 ;
    %wait E_000002170e72ba60;
    %load/vec4 v000002170e794d90_0;
    %flag_set/vec4 8;
    %jmp/0xz  T_11.0, 8;
    %pushi/vec4 0, 0, 2;
    %assign/vec4 v000002170e7937b0_0, 0;
    %pushi/vec4 0, 0, 23;
    %assign/vec4 v000002170e794c50_0, 0;
    %pushi/vec4 0, 0, 5;
    %assign/vec4 v000002170e795330_0, 0;
    %pushi/vec4 0, 0, 2;
    %assign/vec4 v000002170e794cf0_0, 0;
    %pushi/vec4 0, 0, 1;
    %assign/vec4 v000002170e793df0_0, 0;
    %pushi/vec4 0, 0, 1;
    %assign/vec4 v000002170e7935d0_0, 0;
    %pushi/vec4 0, 0, 4;
    %assign/vec4 v000002170e795290_0, 0;
    %pushi/vec4 0, 0, 32;
    %assign/vec4 v000002170e793e90_0, 0;
    %pushi/vec4 0, 0, 2;
    %assign/vec4 v000002170e7951f0_0, 0;
    %pushi/vec4 0, 0, 3;
    %assign/vec4 v000002170e795900_0, 0;
    %pushi/vec4 0, 0, 3;
    %assign/vec4 v000002170e795a40_0, 0;
    %pushi/vec4 0, 0, 4;
    %assign/vec4 v000002170e796c60_0, 0;
    %pushi/vec4 0, 0, 32;
    %store/vec4 v000002170e793c10_0, 0, 32;
T_11.2 ;
    %load/vec4 v000002170e793c10_0;
    %cmpi/s 32, 0, 32;
    %jmp/0xz T_11.3, 5;
    %pushi/vec4 0, 0, 2;
    %ix/getv/s 3, v000002170e793c10_0;
    %ix/load 4, 0, 0; Constant delay
    %assign/vec4/a/d v000002170e794930, 0, 4;
    %pushi/vec4 0, 0, 1;
    %ix/getv/s 3, v000002170e793c10_0;
    %ix/load 4, 0, 0; Constant delay
    %assign/vec4/a/d v000002170e793710, 0, 4;
    %pushi/vec4 0, 0, 23;
    %ix/getv/s 3, v000002170e793c10_0;
    %ix/load 4, 0, 0; Constant delay
    %assign/vec4/a/d v000002170e793b70, 0, 4;
    %pushi/vec4 0, 0, 23;
    %ix/getv/s 3, v000002170e793c10_0;
    %ix/load 4, 0, 0; Constant delay
    %assign/vec4/a/d v000002170e793cb0, 0, 4;
    %pushi/vec4 0, 0, 32;
    %store/vec4 v000002170e796580_0, 0, 32;
T_11.4 ;
    %load/vec4 v000002170e796580_0;
    %cmpi/s 4, 0, 32;
    %jmp/0xz T_11.5, 5;
    %pushi/vec4 0, 0, 32;
    %load/vec4 v000002170e793c10_0;
    %pad/s 35;
    %pad/s 37;
    %muli 4, 0, 37;
    %pad/s 38;
    %load/vec4 v000002170e796580_0;
    %pad/s 38;
    %add;
    %ix/vec4/s 3;
    %ix/load 4, 0, 0; Constant delay
    %assign/vec4/a/d v000002170e794250, 0, 4;
    %pushi/vec4 0, 0, 32;
    %load/vec4 v000002170e793c10_0;
    %pad/s 35;
    %pad/s 37;
    %muli 4, 0, 37;
    %pad/s 38;
    %load/vec4 v000002170e796580_0;
    %pad/s 38;
    %add;
    %ix/vec4/s 3;
    %ix/load 4, 0, 0; Constant delay
    %assign/vec4/a/d v000002170e795470, 0, 4;
    %load/vec4 v000002170e796580_0;
    %addi 1, 0, 32;
    %store/vec4 v000002170e796580_0, 0, 32;
    %jmp T_11.4;
T_11.5 ;
    %load/vec4 v000002170e793c10_0;
    %addi 1, 0, 32;
    %store/vec4 v000002170e793c10_0, 0, 32;
    %jmp T_11.2;
T_11.3 ;
    %pushi/vec4 0, 0, 32;
    %store/vec4 v000002170e795f40_0, 0, 32;
T_11.6 ;
    %load/vec4 v000002170e795f40_0;
    %cmpi/s 8, 0, 32;
    %jmp/0xz T_11.7, 5;
    %pushi/vec4 0, 0, 32;
    %ix/getv/s 3, v000002170e795f40_0;
    %ix/load 4, 0, 0; Constant delay
    %assign/vec4/a/d v000002170e795860, 0, 4;
    %pushi/vec4 0, 0, 32;
    %ix/getv/s 3, v000002170e795f40_0;
    %ix/load 4, 0, 0; Constant delay
    %assign/vec4/a/d v000002170e795ea0, 0, 4;
    %load/vec4 v000002170e795f40_0;
    %addi 1, 0, 32;
    %store/vec4 v000002170e795f40_0, 0, 32;
    %jmp T_11.6;
T_11.7 ;
    %jmp T_11.1;
T_11.0 ;
    %load/vec4 v000002170e7957c0_0;
    %flag_set/vec4 8;
    %jmp/0xz  T_11.8, 8;
    %load/vec4 v000002170e796da0_0;
    %load/vec4 v000002170e795a40_0;
    %pad/u 5;
    %ix/vec4 3;
    %ix/load 4, 0, 0; Constant delay
    %assign/vec4/a/d v000002170e795860, 0, 4;
    %load/vec4 v000002170e7964e0_0;
    %load/vec4 v000002170e795a40_0;
    %pad/u 5;
    %ix/vec4 3;
    %ix/load 4, 0, 0; Constant delay
    %assign/vec4/a/d v000002170e795ea0, 0, 4;
T_11.8 ;
    %load/vec4 v000002170e796b20_0;
    %flag_set/vec4 8;
    %jmp/0xz  T_11.10, 8;
    %load/vec4 v000002170e795900_0;
    %addi 1, 0, 3;
    %assign/vec4 v000002170e795900_0, 0;
T_11.10 ;
    %load/vec4 v000002170e7957c0_0;
    %flag_set/vec4 8;
    %jmp/0xz  T_11.12, 8;
    %load/vec4 v000002170e795a40_0;
    %addi 1, 0, 3;
    %assign/vec4 v000002170e795a40_0, 0;
T_11.12 ;
    %load/vec4 v000002170e7957c0_0;
    %load/vec4 v000002170e796b20_0;
    %concat/vec4; draw_concat_vec4
    %dup/vec4;
    %pushi/vec4 2, 0, 2;
    %cmp/u;
    %jmp/1 T_11.14, 6;
    %dup/vec4;
    %pushi/vec4 1, 0, 2;
    %cmp/u;
    %jmp/1 T_11.15, 6;
    %load/vec4 v000002170e796c60_0;
    %assign/vec4 v000002170e796c60_0, 0;
    %jmp T_11.17;
T_11.14 ;
    %load/vec4 v000002170e796c60_0;
    %addi 1, 0, 4;
    %assign/vec4 v000002170e796c60_0, 0;
    %jmp T_11.17;
T_11.15 ;
    %load/vec4 v000002170e796c60_0;
    %subi 1, 0, 4;
    %assign/vec4 v000002170e796c60_0, 0;
    %jmp T_11.17;
T_11.17 ;
    %pop/vec4 1;
    %load/vec4 v000002170e7937b0_0;
    %dup/vec4;
    %pushi/vec4 0, 0, 2;
    %cmp/u;
    %jmp/1 T_11.18, 6;
    %dup/vec4;
    %pushi/vec4 1, 0, 2;
    %cmp/u;
    %jmp/1 T_11.19, 6;
    %dup/vec4;
    %pushi/vec4 2, 0, 2;
    %cmp/u;
    %jmp/1 T_11.20, 6;
    %dup/vec4;
    %pushi/vec4 3, 0, 2;
    %cmp/u;
    %jmp/1 T_11.21, 6;
    %pushi/vec4 0, 0, 2;
    %assign/vec4 v000002170e7937b0_0, 0;
    %jmp T_11.23;
T_11.18 ;
    %load/vec4 v000002170e794610_0;
    %load/vec4 v000002170e794bb0_0;
    %and;
    %flag_set/vec4 8;
    %jmp/0xz  T_11.24, 8;
    %load/vec4 v000002170e793d50_0;
    %flag_set/vec4 8;
    %jmp/0xz  T_11.26, 8;
    %pushi/vec4 1, 0, 1;
    %load/vec4 v000002170e7953d0_0;
    %pad/u 7;
    %ix/vec4 3;
    %ix/load 4, 0, 0; Constant delay
    %assign/vec4/a/d v000002170e793710, 0, 4;
    %jmp T_11.27;
T_11.26 ;
    %load/vec4 v000002170e7969e0_0;
    %flag_set/vec4 8;
    %jmp/0xz  T_11.28, 8;
    %pushi/vec4 0, 0, 1;
    %load/vec4 v000002170e7953d0_0;
    %pad/u 7;
    %ix/vec4 3;
    %ix/load 4, 0, 0; Constant delay
    %assign/vec4/a/d v000002170e793710, 0, 4;
T_11.28 ;
T_11.27 ;
    %jmp T_11.25;
T_11.24 ;
    %load/vec4 v000002170e796ee0_0;
    %flag_set/vec4 8;
    %jmp/0xz  T_11.30, 8;
    %load/vec4 v000002170e793d50_0;
    %flag_set/vec4 8;
    %jmp/0xz  T_11.32, 8;
    %load/vec4 v000002170e794390_0;
    %load/vec4 v000002170e7953d0_0;
    %pad/u 10;
    %pad/u 12;
    %muli 4, 0, 12;
    %pad/u 13;
    %load/vec4 v000002170e793670_0;
    %pad/u 4;
    %pad/u 13;
    %add;
    %ix/vec4 3;
    %ix/load 4, 0, 0; Constant delay
    %assign/vec4/a/d v000002170e794250, 0, 4;
    %jmp T_11.33;
T_11.32 ;
    %load/vec4 v000002170e794390_0;
    %load/vec4 v000002170e7953d0_0;
    %pad/u 10;
    %pad/u 12;
    %muli 4, 0, 12;
    %pad/u 13;
    %load/vec4 v000002170e793670_0;
    %pad/u 4;
    %pad/u 13;
    %add;
    %ix/vec4 3;
    %ix/load 4, 0, 0; Constant delay
    %assign/vec4/a/d v000002170e795470, 0, 4;
T_11.33 ;
    %load/vec4 v000002170e793d50_0;
    %flag_set/vec4 8;
    %jmp/0xz  T_11.34, 8;
    %pushi/vec4 1, 0, 1;
    %load/vec4 v000002170e7953d0_0;
    %pad/u 7;
    %ix/vec4 3;
    %ix/load 4, 0, 0; Constant delay
    %assign/vec4/a/d v000002170e793710, 0, 4;
    %jmp T_11.35;
T_11.34 ;
    %load/vec4 v000002170e7969e0_0;
    %flag_set/vec4 8;
    %jmp/0xz  T_11.36, 8;
    %pushi/vec4 0, 0, 1;
    %load/vec4 v000002170e7953d0_0;
    %pad/u 7;
    %ix/vec4 3;
    %ix/load 4, 0, 0; Constant delay
    %assign/vec4/a/d v000002170e793710, 0, 4;
T_11.36 ;
T_11.35 ;
    %jmp T_11.31;
T_11.30 ;
    %load/vec4 v000002170e797020_0;
    %flag_set/vec4 8;
    %jmp/0xz  T_11.38, 8;
    %load/vec4 v000002170e794890_0;
    %assign/vec4 v000002170e794c50_0, 0;
    %load/vec4 v000002170e7953d0_0;
    %assign/vec4 v000002170e795330_0, 0;
    %load/vec4 v000002170e793670_0;
    %assign/vec4 v000002170e794cf0_0, 0;
    %load/vec4 v000002170e794b10_0;
    %assign/vec4 v000002170e793df0_0, 0;
    %pushi/vec4 1, 0, 1;
    %assign/vec4 v000002170e7935d0_0, 0;
    %load/vec4 v000002170e793f30_0;
    %assign/vec4 v000002170e795290_0, 0;
    %load/vec4 v000002170e7942f0_0;
    %assign/vec4 v000002170e793e90_0, 0;
    %pushi/vec4 3, 0, 2;
    %assign/vec4 v000002170e7937b0_0, 0;
    %jmp T_11.39;
T_11.38 ;
    %load/vec4 v000002170e7944d0_0;
    %load/vec4 v000002170e795720_0;
    %or;
    %flag_set/vec4 8;
    %jmp/0xz  T_11.40, 8;
    %load/vec4 v000002170e794890_0;
    %assign/vec4 v000002170e794c50_0, 0;
    %load/vec4 v000002170e7953d0_0;
    %assign/vec4 v000002170e795330_0, 0;
    %load/vec4 v000002170e793670_0;
    %assign/vec4 v000002170e794cf0_0, 0;
    %load/vec4 v000002170e7949d0_0;
    %assign/vec4 v000002170e793df0_0, 0;
    %load/vec4 v000002170e795010_0;
    %assign/vec4 v000002170e7935d0_0, 0;
    %load/vec4 v000002170e793f30_0;
    %assign/vec4 v000002170e795290_0, 0;
    %load/vec4 v000002170e7942f0_0;
    %assign/vec4 v000002170e793e90_0, 0;
    %pushi/vec4 0, 0, 2;
    %assign/vec4 v000002170e7951f0_0, 0;
    %pushi/vec4 1, 0, 2;
    %assign/vec4 v000002170e7937b0_0, 0;
T_11.40 ;
T_11.39 ;
T_11.31 ;
T_11.25 ;
    %jmp T_11.23;
T_11.19 ;
    %load/vec4 v000002170e794070_0;
    %flag_set/vec4 8;
    %jmp/0xz  T_11.42, 8;
    %pushi/vec4 2, 0, 2;
    %assign/vec4 v000002170e7937b0_0, 0;
T_11.42 ;
    %jmp T_11.23;
T_11.20 ;
    %load/vec4 v000002170e793990_0;
    %flag_set/vec4 8;
    %jmp/0xz  T_11.44, 8;
    %load/vec4 v000002170e793df0_0;
    %cmpi/e 0, 0, 1;
    %jmp/0xz  T_11.46, 4;
    %load/vec4 v000002170e7947f0_0;
    %load/vec4 v000002170e795330_0;
    %pad/u 10;
    %pad/u 12;
    %muli 4, 0, 12;
    %pad/u 13;
    %load/vec4 v000002170e7951f0_0;
    %pad/u 4;
    %pad/u 13;
    %add;
    %ix/vec4 3;
    %ix/load 4, 0, 0; Constant delay
    %assign/vec4/a/d v000002170e794250, 0, 4;
    %jmp T_11.47;
T_11.46 ;
    %load/vec4 v000002170e7947f0_0;
    %load/vec4 v000002170e795330_0;
    %pad/u 10;
    %pad/u 12;
    %muli 4, 0, 12;
    %pad/u 13;
    %load/vec4 v000002170e7951f0_0;
    %pad/u 4;
    %pad/u 13;
    %add;
    %ix/vec4 3;
    %ix/load 4, 0, 0; Constant delay
    %assign/vec4/a/d v000002170e795470, 0, 4;
T_11.47 ;
    %load/vec4 v000002170e7951f0_0;
    %pad/u 32;
    %cmpi/e 3, 0, 32;
    %jmp/0xz  T_11.48, 4;
    %load/vec4 v000002170e793df0_0;
    %cmpi/e 0, 0, 1;
    %jmp/0xz  T_11.50, 4;
    %load/vec4 v000002170e794c50_0;
    %load/vec4 v000002170e795330_0;
    %pad/u 7;
    %ix/vec4 3;
    %ix/load 4, 0, 0; Constant delay
    %assign/vec4/a/d v000002170e793b70, 0, 4;
    %pushi/vec4 1, 0, 1;
    %load/vec4 v000002170e795330_0;
    %pad/u 7;
    %ix/vec4 3;
    %ix/load 4, 0, 0; Constant delay
    %assign/vec4/a/d v000002170e794930, 0, 4;
    %jmp T_11.51;
T_11.50 ;
    %load/vec4 v000002170e794c50_0;
    %load/vec4 v000002170e795330_0;
    %pad/u 7;
    %ix/vec4 3;
    %ix/load 4, 0, 0; Constant delay
    %assign/vec4/a/d v000002170e793cb0, 0, 4;
    %pushi/vec4 1, 0, 1;
    %load/vec4 v000002170e795330_0;
    %pad/u 7;
    %ix/vec4 3;
    %ix/load 4, 1, 0; part off
    %ix/load 5, 0, 0; Constant delay
    %assign/vec4/a/d v000002170e794930, 4, 5;
T_11.51 ;
    %load/vec4 v000002170e7935d0_0;
    %flag_set/vec4 8;
    %jmp/0xz  T_11.52, 8;
    %pushi/vec4 3, 0, 2;
    %assign/vec4 v000002170e7937b0_0, 0;
    %jmp T_11.53;
T_11.52 ;
    %load/vec4 v000002170e793df0_0;
    %inv;
    %load/vec4 v000002170e795330_0;
    %pad/u 7;
    %ix/vec4 3;
    %ix/load 4, 0, 0; Constant delay
    %assign/vec4/a/d v000002170e793710, 0, 4;
    %pushi/vec4 0, 0, 2;
    %assign/vec4 v000002170e7937b0_0, 0;
T_11.53 ;
    %jmp T_11.49;
T_11.48 ;
    %load/vec4 v000002170e7951f0_0;
    %addi 1, 0, 2;
    %assign/vec4 v000002170e7951f0_0, 0;
    %pushi/vec4 1, 0, 2;
    %assign/vec4 v000002170e7937b0_0, 0;
T_11.49 ;
T_11.44 ;
    %jmp T_11.23;
T_11.21 ;
    %load/vec4 v000002170e796620_0;
    %flag_set/vec4 8;
    %jmp/0xz  T_11.54, 8;
    %load/vec4 v000002170e793df0_0;
    %cmpi/e 0, 0, 1;
    %jmp/0xz  T_11.56, 4;
    %load/vec4 v000002170e794430_0;
    %load/vec4 v000002170e795330_0;
    %pad/u 10;
    %pad/u 12;
    %muli 4, 0, 12;
    %pad/u 13;
    %load/vec4 v000002170e794cf0_0;
    %pad/u 4;
    %pad/u 13;
    %add;
    %ix/vec4 3;
    %ix/load 4, 0, 0; Constant delay
    %assign/vec4/a/d v000002170e794250, 0, 4;
    %jmp T_11.57;
T_11.56 ;
    %load/vec4 v000002170e794430_0;
    %load/vec4 v000002170e795330_0;
    %pad/u 10;
    %pad/u 12;
    %muli 4, 0, 12;
    %pad/u 13;
    %load/vec4 v000002170e794cf0_0;
    %pad/u 4;
    %pad/u 13;
    %add;
    %ix/vec4 3;
    %ix/load 4, 0, 0; Constant delay
    %assign/vec4/a/d v000002170e795470, 0, 4;
T_11.57 ;
    %load/vec4 v000002170e793df0_0;
    %inv;
    %load/vec4 v000002170e795330_0;
    %pad/u 7;
    %ix/vec4 3;
    %ix/load 4, 0, 0; Constant delay
    %assign/vec4/a/d v000002170e793710, 0, 4;
    %pushi/vec4 0, 0, 2;
    %assign/vec4 v000002170e7937b0_0, 0;
T_11.54 ;
    %jmp T_11.23;
T_11.23 ;
    %pop/vec4 1;
T_11.1 ;
    %jmp T_11;
    .thread T_11;
    .scope S_000002170e324b30;
T_12 ;
    %pushi/vec4 1, 0, 1;
    %store/vec4 v000002170e7985e0_0, 0, 1;
    %pushi/vec4 0, 0, 1;
    %store/vec4 v000002170e797c80_0, 0, 1;
    %vpi_call/w 3 89 "$dumpfile", "cache.vcd" {0 0 0};
    %vpi_call/w 3 90 "$dumpvars", 32'sb00000000000000000000000000000000, S_000002170e324b30 {0 0 0};
    %vpi_call/w 3 92 "$display", "Starting." {0 0 0};
    %alloc S_000002170e799950;
    %fork TD_cache_tb.reset_sequence, S_000002170e799950;
    %join;
    %free S_000002170e799950;
    %vpi_call/w 3 95 "$display", "Loading program." {0 0 0};
    %vpi_call/w 3 96 "$readmemh", "program.mem", v000002170e796440 {0 0 0};
    %pushi/vec4 0, 0, 32;
    %store/vec4 v000002170e798860_0, 0, 32;
T_12.0 ;
    %load/vec4 v000002170e798860_0;
    %cmpi/s 32, 0, 32;
    %jmp/0xz T_12.1, 5;
    %pushi/vec4 0, 0, 24;
    %store/vec4 v000002170e797d20_0, 0, 24;
    %load/vec4 v000002170e798860_0;
    %parti/s 5, 0, 2;
    %store/vec4 v000002170e798a40_0, 0, 5;
    %pushi/vec4 0, 0, 4;
    %store/vec4 v000002170e797a00_0, 0, 4;
    %alloc S_000002170e799ae0;
    %load/vec4 v000002170e797d20_0;
    %pad/u 23;
    %store/vec4 v000002170e7993a0_0, 0, 23;
    %load/vec4 v000002170e798a40_0;
    %store/vec4 v000002170e798900_0, 0, 5;
    %load/vec4 v000002170e797a00_0;
    %store/vec4 v000002170e799260_0, 0, 4;
    %pushi/vec4 15, 0, 4;
    %store/vec4 v000002170e797f00_0, 0, 4;
    %fork TD_cache_tb.send_read, S_000002170e799ae0;
    %join;
    %free S_000002170e799ae0;
    %alloc S_000002170e799ae0;
    %load/vec4 v000002170e797d20_0;
    %pad/u 23;
    %store/vec4 v000002170e7993a0_0, 0, 23;
    %load/vec4 v000002170e798a40_0;
    %store/vec4 v000002170e798900_0, 0, 5;
    %load/vec4 v000002170e797a00_0;
    %store/vec4 v000002170e799260_0, 0, 4;
    %pushi/vec4 15, 0, 4;
    %store/vec4 v000002170e797f00_0, 0, 4;
    %fork TD_cache_tb.send_read, S_000002170e799ae0;
    %join;
    %free S_000002170e799ae0;
    %alloc S_000002170e799ae0;
    %load/vec4 v000002170e797d20_0;
    %pad/u 23;
    %store/vec4 v000002170e7993a0_0, 0, 23;
    %load/vec4 v000002170e798a40_0;
    %store/vec4 v000002170e798900_0, 0, 5;
    %load/vec4 v000002170e797a00_0;
    %store/vec4 v000002170e799260_0, 0, 4;
    %pushi/vec4 3, 0, 4;
    %store/vec4 v000002170e797f00_0, 0, 4;
    %fork TD_cache_tb.send_read, S_000002170e799ae0;
    %join;
    %free S_000002170e799ae0;
    %pushi/vec4 8, 0, 4;
    %store/vec4 v000002170e797a00_0, 0, 4;
    %alloc S_000002170e799ae0;
    %load/vec4 v000002170e797d20_0;
    %pad/u 23;
    %store/vec4 v000002170e7993a0_0, 0, 23;
    %load/vec4 v000002170e798a40_0;
    %store/vec4 v000002170e798900_0, 0, 5;
    %load/vec4 v000002170e797a00_0;
    %store/vec4 v000002170e799260_0, 0, 4;
    %pushi/vec4 15, 0, 4;
    %store/vec4 v000002170e797f00_0, 0, 4;
    %fork TD_cache_tb.send_read, S_000002170e799ae0;
    %join;
    %free S_000002170e799ae0;
    %pushi/vec4 1, 0, 24;
    %store/vec4 v000002170e797d20_0, 0, 24;
    %pushi/vec4 0, 0, 4;
    %store/vec4 v000002170e797a00_0, 0, 4;
    %alloc S_000002170e799c70;
    %load/vec4 v000002170e797d20_0;
    %pad/u 23;
    %store/vec4 v000002170e797e60_0, 0, 23;
    %load/vec4 v000002170e798a40_0;
    %store/vec4 v000002170e7978c0_0, 0, 5;
    %load/vec4 v000002170e797a00_0;
    %store/vec4 v000002170e7994e0_0, 0, 4;
    %pushi/vec4 15, 0, 4;
    %store/vec4 v000002170e7987c0_0, 0, 4;
    %pushi/vec4 3735928559, 0, 32;
    %store/vec4 v000002170e798ae0_0, 0, 32;
    %fork TD_cache_tb.send_write, S_000002170e799c70;
    %join;
    %free S_000002170e799c70;
    %alloc S_000002170e799c70;
    %load/vec4 v000002170e797d20_0;
    %pad/u 23;
    %store/vec4 v000002170e797e60_0, 0, 23;
    %load/vec4 v000002170e798a40_0;
    %store/vec4 v000002170e7978c0_0, 0, 5;
    %load/vec4 v000002170e797a00_0;
    %store/vec4 v000002170e7994e0_0, 0, 4;
    %pushi/vec4 15, 0, 4;
    %store/vec4 v000002170e7987c0_0, 0, 4;
    %pushi/vec4 3203386110, 0, 32;
    %store/vec4 v000002170e798ae0_0, 0, 32;
    %fork TD_cache_tb.send_write, S_000002170e799c70;
    %join;
    %free S_000002170e799c70;
    %alloc S_000002170e799ae0;
    %load/vec4 v000002170e797d20_0;
    %pad/u 23;
    %store/vec4 v000002170e7993a0_0, 0, 23;
    %load/vec4 v000002170e798a40_0;
    %store/vec4 v000002170e798900_0, 0, 5;
    %load/vec4 v000002170e797a00_0;
    %store/vec4 v000002170e799260_0, 0, 4;
    %pushi/vec4 15, 0, 4;
    %store/vec4 v000002170e797f00_0, 0, 4;
    %fork TD_cache_tb.send_read, S_000002170e799ae0;
    %join;
    %free S_000002170e799ae0;
    %pushi/vec4 2, 0, 24;
    %store/vec4 v000002170e797d20_0, 0, 24;
    %alloc S_000002170e799c70;
    %load/vec4 v000002170e797d20_0;
    %pad/u 23;
    %store/vec4 v000002170e797e60_0, 0, 23;
    %load/vec4 v000002170e798a40_0;
    %store/vec4 v000002170e7978c0_0, 0, 5;
    %load/vec4 v000002170e797a00_0;
    %store/vec4 v000002170e7994e0_0, 0, 4;
    %pushi/vec4 15, 0, 4;
    %store/vec4 v000002170e7987c0_0, 0, 4;
    %pushi/vec4 3405692655, 0, 32;
    %store/vec4 v000002170e798ae0_0, 0, 32;
    %fork TD_cache_tb.send_write, S_000002170e799c70;
    %join;
    %free S_000002170e799c70;
    %pushi/vec4 1, 0, 24;
    %store/vec4 v000002170e797d20_0, 0, 24;
    %pushi/vec4 0, 0, 4;
    %store/vec4 v000002170e797a00_0, 0, 4;
    %alloc S_000002170e799c70;
    %load/vec4 v000002170e797d20_0;
    %pad/u 23;
    %store/vec4 v000002170e797e60_0, 0, 23;
    %load/vec4 v000002170e798a40_0;
    %store/vec4 v000002170e7978c0_0, 0, 5;
    %load/vec4 v000002170e797a00_0;
    %store/vec4 v000002170e7994e0_0, 0, 4;
    %pushi/vec4 12, 0, 4;
    %store/vec4 v000002170e7987c0_0, 0, 4;
    %pushi/vec4 3203334144, 0, 32;
    %store/vec4 v000002170e798ae0_0, 0, 32;
    %fork TD_cache_tb.send_write, S_000002170e799c70;
    %join;
    %free S_000002170e799c70;
    %alloc S_000002170e799ae0;
    %load/vec4 v000002170e797d20_0;
    %pad/u 23;
    %store/vec4 v000002170e7993a0_0, 0, 23;
    %load/vec4 v000002170e798a40_0;
    %store/vec4 v000002170e798900_0, 0, 5;
    %load/vec4 v000002170e797a00_0;
    %store/vec4 v000002170e799260_0, 0, 4;
    %pushi/vec4 15, 0, 4;
    %store/vec4 v000002170e797f00_0, 0, 4;
    %fork TD_cache_tb.send_read, S_000002170e799ae0;
    %join;
    %free S_000002170e799ae0;
    %alloc S_000002170e799c70;
    %load/vec4 v000002170e797d20_0;
    %pad/u 23;
    %store/vec4 v000002170e797e60_0, 0, 23;
    %load/vec4 v000002170e798a40_0;
    %store/vec4 v000002170e7978c0_0, 0, 5;
    %load/vec4 v000002170e797a00_0;
    %store/vec4 v000002170e7994e0_0, 0, 4;
    %pushi/vec4 3, 0, 4;
    %store/vec4 v000002170e7987c0_0, 0, 4;
    %pushi/vec4 51966, 0, 32;
    %store/vec4 v000002170e798ae0_0, 0, 32;
    %fork TD_cache_tb.send_write, S_000002170e799c70;
    %join;
    %free S_000002170e799c70;
    %alloc S_000002170e799ae0;
    %load/vec4 v000002170e797d20_0;
    %pad/u 23;
    %store/vec4 v000002170e7993a0_0, 0, 23;
    %load/vec4 v000002170e798a40_0;
    %store/vec4 v000002170e798900_0, 0, 5;
    %load/vec4 v000002170e797a00_0;
    %store/vec4 v000002170e799260_0, 0, 4;
    %pushi/vec4 15, 0, 4;
    %store/vec4 v000002170e797f00_0, 0, 4;
    %fork TD_cache_tb.send_read, S_000002170e799ae0;
    %join;
    %free S_000002170e799ae0;
    %load/vec4 v000002170e798860_0;
    %addi 1, 0, 32;
    %store/vec4 v000002170e798860_0, 0, 32;
    %jmp T_12.0;
T_12.1 ;
    %pushi/vec4 0, 0, 5;
    %store/vec4 v000002170e798a40_0, 0, 5;
    %alloc S_000002170e799950;
    %fork TD_cache_tb.reset_sequence, S_000002170e799950;
    %join;
    %free S_000002170e799950;
    %alloc S_000002170e799c70;
    %pushi/vec4 1, 0, 23;
    %store/vec4 v000002170e797e60_0, 0, 23;
    %load/vec4 v000002170e798a40_0;
    %store/vec4 v000002170e7978c0_0, 0, 5;
    %pushi/vec4 0, 0, 4;
    %store/vec4 v000002170e7994e0_0, 0, 4;
    %pushi/vec4 15, 0, 4;
    %store/vec4 v000002170e7987c0_0, 0, 4;
    %pushi/vec4 0, 0, 32;
    %store/vec4 v000002170e798ae0_0, 0, 32;
    %fork TD_cache_tb.send_write, S_000002170e799c70;
    %join;
    %free S_000002170e799c70;
    %alloc S_000002170e799c70;
    %pushi/vec4 1, 0, 23;
    %store/vec4 v000002170e797e60_0, 0, 23;
    %load/vec4 v000002170e798a40_0;
    %store/vec4 v000002170e7978c0_0, 0, 5;
    %pushi/vec4 4, 0, 4;
    %store/vec4 v000002170e7994e0_0, 0, 4;
    %pushi/vec4 15, 0, 4;
    %store/vec4 v000002170e7987c0_0, 0, 4;
    %pushi/vec4 286331153, 0, 32;
    %store/vec4 v000002170e798ae0_0, 0, 32;
    %fork TD_cache_tb.send_write, S_000002170e799c70;
    %join;
    %free S_000002170e799c70;
    %alloc S_000002170e799c70;
    %pushi/vec4 1, 0, 23;
    %store/vec4 v000002170e797e60_0, 0, 23;
    %load/vec4 v000002170e798a40_0;
    %store/vec4 v000002170e7978c0_0, 0, 5;
    %pushi/vec4 8, 0, 4;
    %store/vec4 v000002170e7994e0_0, 0, 4;
    %pushi/vec4 15, 0, 4;
    %store/vec4 v000002170e7987c0_0, 0, 4;
    %pushi/vec4 572662306, 0, 32;
    %store/vec4 v000002170e798ae0_0, 0, 32;
    %fork TD_cache_tb.send_write, S_000002170e799c70;
    %join;
    %free S_000002170e799c70;
    %alloc S_000002170e799c70;
    %pushi/vec4 1, 0, 23;
    %store/vec4 v000002170e797e60_0, 0, 23;
    %load/vec4 v000002170e798a40_0;
    %store/vec4 v000002170e7978c0_0, 0, 5;
    %pushi/vec4 12, 0, 4;
    %store/vec4 v000002170e7994e0_0, 0, 4;
    %pushi/vec4 15, 0, 4;
    %store/vec4 v000002170e7987c0_0, 0, 4;
    %pushi/vec4 858993459, 0, 32;
    %store/vec4 v000002170e798ae0_0, 0, 32;
    %fork TD_cache_tb.send_write, S_000002170e799c70;
    %join;
    %free S_000002170e799c70;
    %alloc S_000002170e799c70;
    %pushi/vec4 2, 0, 23;
    %store/vec4 v000002170e797e60_0, 0, 23;
    %load/vec4 v000002170e798a40_0;
    %store/vec4 v000002170e7978c0_0, 0, 5;
    %pushi/vec4 0, 0, 4;
    %store/vec4 v000002170e7994e0_0, 0, 4;
    %pushi/vec4 15, 0, 4;
    %store/vec4 v000002170e7987c0_0, 0, 4;
    %pushi/vec4 1145324612, 0, 32;
    %store/vec4 v000002170e798ae0_0, 0, 32;
    %fork TD_cache_tb.send_write, S_000002170e799c70;
    %join;
    %free S_000002170e799c70;
    %alloc S_000002170e799c70;
    %pushi/vec4 2, 0, 23;
    %store/vec4 v000002170e797e60_0, 0, 23;
    %load/vec4 v000002170e798a40_0;
    %store/vec4 v000002170e7978c0_0, 0, 5;
    %pushi/vec4 4, 0, 4;
    %store/vec4 v000002170e7994e0_0, 0, 4;
    %pushi/vec4 15, 0, 4;
    %store/vec4 v000002170e7987c0_0, 0, 4;
    %pushi/vec4 1431655765, 0, 32;
    %store/vec4 v000002170e798ae0_0, 0, 32;
    %fork TD_cache_tb.send_write, S_000002170e799c70;
    %join;
    %free S_000002170e799c70;
    %alloc S_000002170e799c70;
    %pushi/vec4 2, 0, 23;
    %store/vec4 v000002170e797e60_0, 0, 23;
    %load/vec4 v000002170e798a40_0;
    %store/vec4 v000002170e7978c0_0, 0, 5;
    %pushi/vec4 8, 0, 4;
    %store/vec4 v000002170e7994e0_0, 0, 4;
    %pushi/vec4 15, 0, 4;
    %store/vec4 v000002170e7987c0_0, 0, 4;
    %pushi/vec4 1717986918, 0, 32;
    %store/vec4 v000002170e798ae0_0, 0, 32;
    %fork TD_cache_tb.send_write, S_000002170e799c70;
    %join;
    %free S_000002170e799c70;
    %alloc S_000002170e799c70;
    %pushi/vec4 2, 0, 23;
    %store/vec4 v000002170e797e60_0, 0, 23;
    %load/vec4 v000002170e798a40_0;
    %store/vec4 v000002170e7978c0_0, 0, 5;
    %pushi/vec4 12, 0, 4;
    %store/vec4 v000002170e7994e0_0, 0, 4;
    %pushi/vec4 15, 0, 4;
    %store/vec4 v000002170e7987c0_0, 0, 4;
    %pushi/vec4 2004318071, 0, 32;
    %store/vec4 v000002170e798ae0_0, 0, 32;
    %fork TD_cache_tb.send_write, S_000002170e799c70;
    %join;
    %free S_000002170e799c70;
    %alloc S_000002170e799ae0;
    %pushi/vec4 1, 0, 23;
    %store/vec4 v000002170e7993a0_0, 0, 23;
    %load/vec4 v000002170e798a40_0;
    %store/vec4 v000002170e798900_0, 0, 5;
    %pushi/vec4 0, 0, 4;
    %store/vec4 v000002170e799260_0, 0, 4;
    %pushi/vec4 15, 0, 4;
    %store/vec4 v000002170e797f00_0, 0, 4;
    %fork TD_cache_tb.send_read, S_000002170e799ae0;
    %join;
    %free S_000002170e799ae0;
    %alloc S_000002170e799ae0;
    %pushi/vec4 1, 0, 23;
    %store/vec4 v000002170e7993a0_0, 0, 23;
    %load/vec4 v000002170e798a40_0;
    %store/vec4 v000002170e798900_0, 0, 5;
    %pushi/vec4 4, 0, 4;
    %store/vec4 v000002170e799260_0, 0, 4;
    %pushi/vec4 15, 0, 4;
    %store/vec4 v000002170e797f00_0, 0, 4;
    %fork TD_cache_tb.send_read, S_000002170e799ae0;
    %join;
    %free S_000002170e799ae0;
    %alloc S_000002170e799ae0;
    %pushi/vec4 1, 0, 23;
    %store/vec4 v000002170e7993a0_0, 0, 23;
    %load/vec4 v000002170e798a40_0;
    %store/vec4 v000002170e798900_0, 0, 5;
    %pushi/vec4 8, 0, 4;
    %store/vec4 v000002170e799260_0, 0, 4;
    %pushi/vec4 15, 0, 4;
    %store/vec4 v000002170e797f00_0, 0, 4;
    %fork TD_cache_tb.send_read, S_000002170e799ae0;
    %join;
    %free S_000002170e799ae0;
    %alloc S_000002170e799ae0;
    %pushi/vec4 1, 0, 23;
    %store/vec4 v000002170e7993a0_0, 0, 23;
    %load/vec4 v000002170e798a40_0;
    %store/vec4 v000002170e798900_0, 0, 5;
    %pushi/vec4 12, 0, 4;
    %store/vec4 v000002170e799260_0, 0, 4;
    %pushi/vec4 15, 0, 4;
    %store/vec4 v000002170e797f00_0, 0, 4;
    %fork TD_cache_tb.send_read, S_000002170e799ae0;
    %join;
    %free S_000002170e799ae0;
    %alloc S_000002170e799ae0;
    %pushi/vec4 2, 0, 23;
    %store/vec4 v000002170e7993a0_0, 0, 23;
    %load/vec4 v000002170e798a40_0;
    %store/vec4 v000002170e798900_0, 0, 5;
    %pushi/vec4 0, 0, 4;
    %store/vec4 v000002170e799260_0, 0, 4;
    %pushi/vec4 15, 0, 4;
    %store/vec4 v000002170e797f00_0, 0, 4;
    %fork TD_cache_tb.send_read, S_000002170e799ae0;
    %join;
    %free S_000002170e799ae0;
    %alloc S_000002170e799ae0;
    %pushi/vec4 2, 0, 23;
    %store/vec4 v000002170e7993a0_0, 0, 23;
    %load/vec4 v000002170e798a40_0;
    %store/vec4 v000002170e798900_0, 0, 5;
    %pushi/vec4 4, 0, 4;
    %store/vec4 v000002170e799260_0, 0, 4;
    %pushi/vec4 15, 0, 4;
    %store/vec4 v000002170e797f00_0, 0, 4;
    %fork TD_cache_tb.send_read, S_000002170e799ae0;
    %join;
    %free S_000002170e799ae0;
    %alloc S_000002170e799ae0;
    %pushi/vec4 2, 0, 23;
    %store/vec4 v000002170e7993a0_0, 0, 23;
    %load/vec4 v000002170e798a40_0;
    %store/vec4 v000002170e798900_0, 0, 5;
    %pushi/vec4 8, 0, 4;
    %store/vec4 v000002170e799260_0, 0, 4;
    %pushi/vec4 15, 0, 4;
    %store/vec4 v000002170e797f00_0, 0, 4;
    %fork TD_cache_tb.send_read, S_000002170e799ae0;
    %join;
    %free S_000002170e799ae0;
    %alloc S_000002170e799ae0;
    %pushi/vec4 2, 0, 23;
    %store/vec4 v000002170e7993a0_0, 0, 23;
    %load/vec4 v000002170e798a40_0;
    %store/vec4 v000002170e798900_0, 0, 5;
    %pushi/vec4 12, 0, 4;
    %store/vec4 v000002170e799260_0, 0, 4;
    %pushi/vec4 15, 0, 4;
    %store/vec4 v000002170e797f00_0, 0, 4;
    %fork TD_cache_tb.send_read, S_000002170e799ae0;
    %join;
    %free S_000002170e799ae0;
    %vpi_call/w 3 163 "$finish" {0 0 0};
    %end;
    .thread T_12;
    .scope S_000002170e324b30;
T_13 ;
    %delay 5, 0;
    %load/vec4 v000002170e7985e0_0;
    %inv;
    %store/vec4 v000002170e7985e0_0, 0, 1;
    %jmp T_13;
    .thread T_13;
# The file index is used to find the file name in the following table.
:file_names 6;
    "N/A";
    "<interactive>";
    "-";
    "tb\cache_tb.sv";
    "rtl\cache.v";
    "rtl\tb_memory.v";
