#! /c/Source/iverilog-install/bin/vvp
:ivl_version "12.0 (devel)" "(s20150603-1539-g2693dd32b)";
:ivl_delay_selection "TYPICAL";
:vpi_time_precision + 0;
:vpi_module "D:\iverilog\lib\ivl\system.vpi";
:vpi_module "D:\iverilog\lib\ivl\vhdl_sys.vpi";
:vpi_module "D:\iverilog\lib\ivl\vhdl_textio.vpi";
:vpi_module "D:\iverilog\lib\ivl\v2005_math.vpi";
:vpi_module "D:\iverilog\lib\ivl\va_math.vpi";
:vpi_module "D:\iverilog\lib\ivl\v2009.vpi";
S_000001389a174b00 .scope package, "$unit" "$unit" 2 1;
 .timescale 0 0;
S_000001389a22edb0 .scope module, "cache_tb" "cache_tb" 3 1;
 .timescale 0 0;
P_000001389a1741a0 .param/l "D" 1 3 12, +C4<00000000000000000000000000000100>;
P_000001389a1741d8 .param/l "DEPTH" 1 3 9, +C4<00000000000000000000000000100000>;
P_000001389a174210 .param/l "INTERVAL" 0 3 5, +C4<00000000000000000000000000000010>;
P_000001389a174248 .param/l "LATENCY" 0 3 4, +C4<00000000000000000000000000000100>;
P_000001389a174280 .param/l "O" 1 3 7, +C4<00000000000000000000000000000100>;
P_000001389a1742b8 .param/l "S" 1 3 8, +C4<00000000000000000000000000000101>;
P_000001389a1742f0 .param/l "SIZE" 0 3 3, +C4<0000000000000000000000000000000000000000000000000100000000000000>;
P_000001389a174328 .param/l "T" 1 3 11, +C4<0000000000000000000000000000010111>;
P_000001389a174360 .param/l "W" 1 3 10, +C4<00000000000000000000000000000010>;
v000001389a5e8890_0 .net "busy", 0 0, L_000001389a584170;  1 drivers
v000001389a5e7cb0_0 .var "clk", 0 0;
v000001389a5e84d0_0 .var "expanded_mask", 31 0;
v000001389a5e8930_0 .var/i "i", 31 0;
v000001389a5e8e30_0 .var "index", 4 0;
v000001389a5e9470_0 .net "mem_addr", 31 0, L_000001389a6424c0;  1 drivers
L_000001389a5e9d68 .functor BUFT 1, C4<1111>, C4<0>, C4<0>, C4<0>;
v000001389a5e89d0_0 .net "mem_mask", 3 0, L_000001389a5e9d68;  1 drivers
v000001389a5e9510_0 .net "mem_oaddr", 31 0, L_000001389a5830d0;  1 drivers
v000001389a5e8390_0 .net "mem_rdata", 31 0, L_000001389a583060;  1 drivers
v000001389a5e7990_0 .net "mem_ready", 0 0, L_000001389a583e60;  1 drivers
v000001389a5e8110_0 .net "mem_ren", 0 0, L_000001389a583300;  1 drivers
v000001389a5e8a70_0 .net "mem_valid", 0 0, L_000001389a582490;  1 drivers
v000001389a5e7e90_0 .net "mem_wdata", 31 0, L_000001389a643d20;  1 drivers
v000001389a5e7f30_0 .net "mem_wen", 0 0, L_000001389a582dc0;  1 drivers
v000001389a5e7fd0_0 .var "offset", 3 0;
v000001389a5e8570_0 .var "req_addr", 31 0;
v000001389a5e8070_0 .var "req_mask", 3 0;
v000001389a5e9150_0 .var "req_ren", 0 0;
v000001389a5e81b0_0 .var "req_wdata", 31 0;
v000001389a5e8430_0 .var "req_wen", 0 0;
v000001389a5e8b10_0 .net "res_rdata", 31 0, L_000001389a5841e0;  1 drivers
v000001389a5e8ed0_0 .var "rst", 0 0;
v000001389a5e7ad0_0 .var "tag", 23 0;
S_000001389a1a90a0 .scope module, "dut" "cache" 3 64, 4 3 0, S_000001389a22edb0;
 .timescale 0 0;
    .port_info 0 /INPUT 1 "i_clk";
    .port_info 1 /INPUT 1 "i_rst";
    .port_info 2 /INPUT 1 "i_mem_ready";
    .port_info 3 /OUTPUT 32 "o_mem_addr";
    .port_info 4 /OUTPUT 1 "o_mem_ren";
    .port_info 5 /OUTPUT 1 "o_mem_wen";
    .port_info 6 /OUTPUT 32 "o_mem_wdata";
    .port_info 7 /INPUT 32 "i_mem_rdata";
    .port_info 8 /INPUT 1 "i_mem_valid";
    .port_info 9 /OUTPUT 1 "o_busy";
    .port_info 10 /INPUT 32 "i_req_addr";
    .port_info 11 /INPUT 1 "i_req_ren";
    .port_info 12 /INPUT 1 "i_req_wen";
    .port_info 13 /INPUT 4 "i_req_mask";
    .port_info 14 /INPUT 32 "i_req_wdata";
    .port_info 15 /OUTPUT 32 "o_res_rdata";
P_000001389a1c1780 .param/l "D" 1 4 25, +C4<00000000000000000000000000000100>;
P_000001389a1c17b8 .param/l "DEPTH" 1 4 23, +C4<00000000000000000000000000100000>;
P_000001389a1c17f0 .param/l "O" 1 4 21, +C4<00000000000000000000000000000100>;
P_000001389a1c1828 .param/l "REFILL_LAST_WORD" 1 4 37, C4<11>;
P_000001389a1c1860 .param/l "S" 1 4 22, +C4<00000000000000000000000000000101>;
P_000001389a1c1898 .param/l "STATE_IDLE" 1 4 27, C4<00>;
P_000001389a1c18d0 .param/l "STATE_REFILL_REQ" 1 4 28, C4<01>;
P_000001389a1c1908 .param/l "STATE_REFILL_WAIT" 1 4 29, C4<10>;
P_000001389a1c1940 .param/l "STATE_WRITE_REQ" 1 4 30, C4<11>;
P_000001389a1c1978 .param/l "T" 1 4 24, +C4<0000000000000000000000000000010111>;
P_000001389a1c19b0 .param/l "WB_COUNT_FULL" 1 4 36, C4<1000>;
P_000001389a1c19e8 .param/l "WB_COUNT_W" 1 4 34, +C4<00000000000000000000000000000100>;
P_000001389a1c1a20 .param/l "WB_COUNT_ZERO" 1 4 35, C4<0000>;
P_000001389a1c1a58 .param/l "WB_DEPTH" 1 4 32, +C4<00000000000000000000000000001000>;
P_000001389a1c1a90 .param/l "WB_PTR_W" 1 4 33, +C4<00000000000000000000000000000011>;
L_000001389a5838b0 .functor AND 1, L_000001389a645120, L_000001389a645440, C4<1>, C4<1>;
L_000001389a583ca0 .functor AND 1, L_000001389a645300, L_000001389a645c60, C4<1>, C4<1>;
L_000001389a582880 .functor OR 1, L_000001389a5838b0, L_000001389a583ca0, C4<0>, C4<0>;
L_000001389a583680 .functor BUFZ 32, L_000001389a645260, C4<00000000000000000000000000000000>, C4<00000000000000000000000000000000>, C4<00000000000000000000000000000000>;
L_000001389a582b90 .functor BUFZ 32, L_000001389a645620, C4<00000000000000000000000000000000>, C4<00000000000000000000000000000000>, C4<00000000000000000000000000000000>;
L_000001389a583df0 .functor NOT 1, L_000001389a582880, C4<0>, C4<0>, C4<0>;
L_000001389a582b20 .functor AND 1, v000001389a5e9150_0, L_000001389a583df0, C4<1>, C4<1>;
L_000001389a582730 .functor NOT 1, L_000001389a582880, C4<0>, C4<0>, C4<0>;
L_000001389a583840 .functor AND 1, v000001389a5e8430_0, L_000001389a582730, C4<1>, C4<1>;
L_000001389a583920 .functor NOT 1, L_000001389a645120, C4<0>, C4<0>, C4<0>;
L_000001389a582500 .functor NOT 1, L_000001389a645300, C4<0>, C4<0>, C4<0>;
L_000001389a5836f0 .functor BUFZ 1, L_000001389a583ca0, C4<0>, C4<0>, C4<0>;
L_000001389a583990 .functor OR 32, L_000001389a642060, L_000001389a642ba0, C4<00000000000000000000000000000000>, C4<00000000000000000000000000000000>;
L_000001389a5ea620 .functor BUFT 1, C4<0>, C4<0>, C4<0>, C4<0>;
L_000001389a5826c0 .functor XNOR 1, v000001389a5e5010_0, L_000001389a5ea620, C4<0>, C4<0>;
L_000001389a583140 .functor OR 1, L_000001389a582b20, L_000001389a583840, C4<0>, C4<0>;
L_000001389a5828f0 .functor AND 1, L_000001389a642e20, L_000001389a583140, C4<1>, C4<1>;
L_000001389a583450 .functor AND 1, L_000001389a6429c0, L_000001389a643640, C4<1>, C4<1>;
L_000001389a582960 .functor AND 1, L_000001389a583450, L_000001389a642240, C4<1>, C4<1>;
L_000001389a583a70 .functor AND 1, L_000001389a582960, L_000001389a583e60, C4<1>, C4<1>;
L_000001389a5829d0 .functor NOT 1, L_000001389a5828f0, C4<0>, C4<0>, C4<0>;
L_000001389a582a40 .functor AND 1, L_000001389a583a70, L_000001389a5829d0, C4<1>, C4<1>;
L_000001389a583a00 .functor OR 1, L_000001389a642920, L_000001389a582a40, C4<0>, C4<0>;
L_000001389a5834c0 .functor AND 1, L_000001389a6427e0, v000001389a5e8430_0, C4<1>, C4<1>;
L_000001389a583760 .functor AND 1, L_000001389a5834c0, L_000001389a582880, C4<1>, C4<1>;
L_000001389a582c70 .functor AND 1, L_000001389a583760, L_000001389a583a00, C4<1>, C4<1>;
L_000001389a582f10 .functor AND 1, L_000001389a643a00, v000001389a5e8430_0, C4<1>, C4<1>;
L_000001389a582ce0 .functor AND 1, L_000001389a582f10, L_000001389a582880, C4<1>, C4<1>;
L_000001389a5831b0 .functor NOT 1, L_000001389a583a00, C4<0>, C4<0>, C4<0>;
L_000001389a583530 .functor AND 1, L_000001389a582ce0, L_000001389a5831b0, C4<1>, C4<1>;
L_000001389a582d50 .functor AND 1, L_000001389a642420, L_000001389a583a00, C4<1>, C4<1>;
L_000001389a583220 .functor OR 1, L_000001389a582c70, L_000001389a582d50, C4<0>, C4<0>;
L_000001389a583300 .functor AND 1, L_000001389a642880, L_000001389a583e60, C4<1>, C4<1>;
L_000001389a582dc0 .functor BUFZ 1, L_000001389a582a40, C4<0>, C4<0>, C4<0>;
L_000001389a582e30 .functor OR 1, L_000001389a582b20, L_000001389a583840, C4<0>, C4<0>;
L_000001389a582ea0 .functor OR 1, L_000001389a582e30, L_000001389a583530, C4<0>, C4<0>;
L_000001389a5835a0 .functor AND 1, L_000001389a642ce0, L_000001389a582ea0, C4<1>, C4<1>;
L_000001389a584170 .functor OR 1, L_000001389a643aa0, L_000001389a5835a0, C4<0>, C4<0>;
L_000001389a5841e0 .functor BUFZ 32, L_000001389a642f60, C4<00000000000000000000000000000000>, C4<00000000000000000000000000000000>, C4<00000000000000000000000000000000>;
v000001389a226bb0_0 .net *"_ivl_100", 12 0, L_000001389a644f40;  1 drivers
L_000001389a5ea3e0 .functor BUFT 1, C4<00000000000000000000000000000000>, C4<0>, C4<0>, C4<0>;
v000001389a225f30_0 .net/2u *"_ivl_104", 31 0, L_000001389a5ea3e0;  1 drivers
v000001389a2271f0_0 .net *"_ivl_106", 31 0, L_000001389a644fe0;  1 drivers
L_000001389a5e9f60 .functor BUFT 1, C4<00>, C4<0>, C4<0>, C4<0>;
v000001389a225c10_0 .net *"_ivl_11", 1 0, L_000001389a5e9f60;  1 drivers
v000001389a2267f0_0 .net *"_ivl_110", 0 0, L_000001389a583df0;  1 drivers
v000001389a2269d0_0 .net *"_ivl_114", 0 0, L_000001389a582730;  1 drivers
v000001389a225cb0_0 .net *"_ivl_118", 0 0, L_000001389a583920;  1 drivers
L_000001389a5ea428 .functor BUFT 1, C4<0>, C4<0>, C4<0>, C4<0>;
v000001389a2275b0_0 .net/2u *"_ivl_120", 0 0, L_000001389a5ea428;  1 drivers
v000001389a225fd0_0 .net *"_ivl_122", 0 0, L_000001389a582500;  1 drivers
L_000001389a5ea470 .functor BUFT 1, C4<1>, C4<0>, C4<0>, C4<0>;
v000001389a227010_0 .net/2u *"_ivl_124", 0 0, L_000001389a5ea470;  1 drivers
v000001389a2264d0_0 .net *"_ivl_126", 0 0, L_000001389a642560;  1 drivers
v000001389a227290_0 .net *"_ivl_128", 6 0, L_000001389a642600;  1 drivers
L_000001389a5ea4b8 .functor BUFT 1, C4<00>, C4<0>, C4<0>, C4<0>;
v000001389a226110_0 .net *"_ivl_131", 1 0, L_000001389a5ea4b8;  1 drivers
v000001389a225a30_0 .net *"_ivl_132", 0 0, L_000001389a642b00;  1 drivers
v000001389a226610_0 .net *"_ivl_14", 1 0, L_000001389a6458a0;  1 drivers
L_000001389a5ea500 .functor BUFT 1, C4<0000>, C4<0>, C4<0>, C4<0>;
v000001389a2278d0_0 .net/2u *"_ivl_140", 3 0, L_000001389a5ea500;  1 drivers
L_000001389a5ea548 .functor BUFT 1, C4<0000000000000000000000000000>, C4<0>, C4<0>, C4<0>;
v000001389a227150_0 .net/2u *"_ivl_144", 27 0, L_000001389a5ea548;  1 drivers
L_000001389a5ea590 .functor BUFT 1, C4<00>, C4<0>, C4<0>, C4<0>;
v000001389a227650_0 .net/2u *"_ivl_146", 1 0, L_000001389a5ea590;  1 drivers
v000001389a226930_0 .net *"_ivl_148", 31 0, L_000001389a642ba0;  1 drivers
L_000001389a5ea5d8 .functor BUFT 1, C4<00>, C4<0>, C4<0>, C4<0>;
v000001389a227470_0 .net/2u *"_ivl_152", 1 0, L_000001389a5ea5d8;  1 drivers
v000001389a227510_0 .net/2u *"_ivl_156", 0 0, L_000001389a5ea620;  1 drivers
v000001389a226f70_0 .net *"_ivl_158", 0 0, L_000001389a5826c0;  1 drivers
v000001389a2276f0_0 .net *"_ivl_16", 6 0, L_000001389a6447c0;  1 drivers
v000001389a2261b0_0 .net *"_ivl_160", 31 0, L_000001389a643be0;  1 drivers
v000001389a225ad0_0 .net *"_ivl_162", 9 0, L_000001389a642c40;  1 drivers
L_000001389a5ea668 .functor BUFT 1, C4<00000>, C4<0>, C4<0>, C4<0>;
v000001389a2266b0_0 .net *"_ivl_165", 4 0, L_000001389a5ea668;  1 drivers
v000001389a225b70_0 .net *"_ivl_166", 11 0, L_000001389a643140;  1 drivers
L_000001389a5ea6b0 .functor BUFT 1, C4<00>, C4<0>, C4<0>, C4<0>;
v000001389a227790_0 .net *"_ivl_169", 1 0, L_000001389a5ea6b0;  1 drivers
L_000001389a5ea6f8 .functor BUFT 1, C4<000000000100>, C4<0>, C4<0>, C4<0>;
v000001389a226e30_0 .net/2u *"_ivl_170", 11 0, L_000001389a5ea6f8;  1 drivers
v000001389a225df0_0 .net *"_ivl_173", 11 0, L_000001389a6436e0;  1 drivers
v000001389a226a70_0 .net *"_ivl_174", 3 0, L_000001389a641e80;  1 drivers
L_000001389a5ea740 .functor BUFT 1, C4<00>, C4<0>, C4<0>, C4<0>;
v000001389a226750_0 .net *"_ivl_177", 1 0, L_000001389a5ea740;  1 drivers
L_000001389a5ea788 .functor BUFT 1, C4<0>, C4<0>, C4<0>, C4<0>;
v000001389a226890_0 .net *"_ivl_180", 0 0, L_000001389a5ea788;  1 drivers
v000001389a226b10_0 .net *"_ivl_181", 12 0, L_000001389a642100;  1 drivers
L_000001389a5ea7d0 .functor BUFT 1, C4<000000000>, C4<0>, C4<0>, C4<0>;
v000001389a226c50_0 .net *"_ivl_184", 8 0, L_000001389a5ea7d0;  1 drivers
v000001389a226ed0_0 .net *"_ivl_185", 12 0, L_000001389a6440e0;  1 drivers
v000001389a1f7470_0 .net *"_ivl_186", 12 0, L_000001389a643500;  1 drivers
v000001389a1f7830_0 .net *"_ivl_188", 31 0, L_000001389a643780;  1 drivers
L_000001389a5e9fa8 .functor BUFT 1, C4<00>, C4<0>, C4<0>, C4<0>;
v000001389a1f7970_0 .net *"_ivl_19", 1 0, L_000001389a5e9fa8;  1 drivers
v000001389a5dfed0_0 .net *"_ivl_190", 9 0, L_000001389a644400;  1 drivers
L_000001389a5ea818 .functor BUFT 1, C4<00000>, C4<0>, C4<0>, C4<0>;
v000001389a5dedf0_0 .net *"_ivl_193", 4 0, L_000001389a5ea818;  1 drivers
v000001389a5deb70_0 .net *"_ivl_194", 11 0, L_000001389a643820;  1 drivers
L_000001389a5ea860 .functor BUFT 1, C4<00>, C4<0>, C4<0>, C4<0>;
v000001389a5df430_0 .net *"_ivl_197", 1 0, L_000001389a5ea860;  1 drivers
L_000001389a5ea8a8 .functor BUFT 1, C4<000000000100>, C4<0>, C4<0>, C4<0>;
v000001389a5df750_0 .net/2u *"_ivl_198", 11 0, L_000001389a5ea8a8;  1 drivers
v000001389a5dead0_0 .net *"_ivl_201", 11 0, L_000001389a6438c0;  1 drivers
v000001389a5dfe30_0 .net *"_ivl_202", 3 0, L_000001389a6426a0;  1 drivers
L_000001389a5ea8f0 .functor BUFT 1, C4<00>, C4<0>, C4<0>, C4<0>;
v000001389a5def30_0 .net *"_ivl_205", 1 0, L_000001389a5ea8f0;  1 drivers
L_000001389a5ea938 .functor BUFT 1, C4<0>, C4<0>, C4<0>, C4<0>;
v000001389a5dff70_0 .net *"_ivl_208", 0 0, L_000001389a5ea938;  1 drivers
v000001389a5df6b0_0 .net *"_ivl_209", 12 0, L_000001389a644180;  1 drivers
L_000001389a5ea980 .functor BUFT 1, C4<000000000>, C4<0>, C4<0>, C4<0>;
v000001389a5df2f0_0 .net *"_ivl_212", 8 0, L_000001389a5ea980;  1 drivers
v000001389a5e0330_0 .net *"_ivl_213", 12 0, L_000001389a643960;  1 drivers
v000001389a5df570_0 .net *"_ivl_214", 12 0, L_000001389a6431e0;  1 drivers
v000001389a5e0650_0 .net *"_ivl_22", 22 0, L_000001389a645800;  1 drivers
L_000001389a5ea9c8 .functor BUFT 1, C4<00>, C4<0>, C4<0>, C4<0>;
v000001389a5dec10_0 .net/2u *"_ivl_220", 1 0, L_000001389a5ea9c8;  1 drivers
v000001389a5e03d0_0 .net *"_ivl_222", 0 0, L_000001389a642e20;  1 drivers
v000001389a5df390_0 .net *"_ivl_224", 0 0, L_000001389a583140;  1 drivers
L_000001389a5eaa10 .functor BUFT 1, C4<01>, C4<0>, C4<0>, C4<0>;
v000001389a5e06f0_0 .net/2u *"_ivl_228", 1 0, L_000001389a5eaa10;  1 drivers
v000001389a5df4d0_0 .net *"_ivl_230", 0 0, L_000001389a6429c0;  1 drivers
L_000001389a5eaa58 .functor BUFT 1, C4<10>, C4<0>, C4<0>, C4<0>;
v000001389a5de990_0 .net/2u *"_ivl_232", 1 0, L_000001389a5eaa58;  1 drivers
v000001389a5e0150_0 .net *"_ivl_234", 0 0, L_000001389a643640;  1 drivers
v000001389a5decb0_0 .net *"_ivl_236", 0 0, L_000001389a583450;  1 drivers
L_000001389a5eaaa0 .functor BUFT 1, C4<0000>, C4<0>, C4<0>, C4<0>;
v000001389a5dea30_0 .net/2u *"_ivl_238", 3 0, L_000001389a5eaaa0;  1 drivers
v000001389a5df890_0 .net *"_ivl_24", 6 0, L_000001389a645940;  1 drivers
v000001389a5ded50_0 .net *"_ivl_240", 0 0, L_000001389a642240;  1 drivers
v000001389a5df7f0_0 .net *"_ivl_242", 0 0, L_000001389a582960;  1 drivers
v000001389a5dee90_0 .net *"_ivl_244", 0 0, L_000001389a583a70;  1 drivers
v000001389a5df9d0_0 .net *"_ivl_246", 0 0, L_000001389a5829d0;  1 drivers
L_000001389a5eaae8 .functor BUFT 1, C4<1000>, C4<0>, C4<0>, C4<0>;
v000001389a5e0010_0 .net/2u *"_ivl_250", 3 0, L_000001389a5eaae8;  1 drivers
v000001389a5defd0_0 .net *"_ivl_252", 0 0, L_000001389a642920;  1 drivers
L_000001389a5eab30 .functor BUFT 1, C4<00>, C4<0>, C4<0>, C4<0>;
v000001389a5e00b0_0 .net/2u *"_ivl_256", 1 0, L_000001389a5eab30;  1 drivers
v000001389a5e0790_0 .net *"_ivl_258", 0 0, L_000001389a6427e0;  1 drivers
v000001389a5e0470_0 .net *"_ivl_260", 0 0, L_000001389a5834c0;  1 drivers
v000001389a5df110_0 .net *"_ivl_262", 0 0, L_000001389a583760;  1 drivers
L_000001389a5eab78 .functor BUFT 1, C4<00>, C4<0>, C4<0>, C4<0>;
v000001389a5df930_0 .net/2u *"_ivl_266", 1 0, L_000001389a5eab78;  1 drivers
v000001389a5dfb10_0 .net *"_ivl_268", 0 0, L_000001389a643a00;  1 drivers
L_000001389a5e9ff0 .functor BUFT 1, C4<00>, C4<0>, C4<0>, C4<0>;
v000001389a5e01f0_0 .net *"_ivl_27", 1 0, L_000001389a5e9ff0;  1 drivers
v000001389a5e0510_0 .net *"_ivl_270", 0 0, L_000001389a582f10;  1 drivers
v000001389a5e0290_0 .net *"_ivl_272", 0 0, L_000001389a582ce0;  1 drivers
v000001389a5e05b0_0 .net *"_ivl_274", 0 0, L_000001389a5831b0;  1 drivers
L_000001389a5eabc0 .functor BUFT 1, C4<11>, C4<0>, C4<0>, C4<0>;
v000001389a5de8f0_0 .net/2u *"_ivl_278", 1 0, L_000001389a5eabc0;  1 drivers
v000001389a5dfa70_0 .net *"_ivl_28", 0 0, L_000001389a645440;  1 drivers
v000001389a5df070_0 .net *"_ivl_280", 0 0, L_000001389a642420;  1 drivers
L_000001389a5eac08 .functor BUFT 1, C4<01>, C4<0>, C4<0>, C4<0>;
v000001389a5df1b0_0 .net/2u *"_ivl_290", 1 0, L_000001389a5eac08;  1 drivers
v000001389a5df250_0 .net *"_ivl_292", 0 0, L_000001389a6430a0;  1 drivers
v000001389a5df610_0 .net *"_ivl_294", 31 0, L_000001389a641f20;  1 drivers
v000001389a5dfbb0_0 .net *"_ivl_296", 4 0, L_000001389a643280;  1 drivers
L_000001389a5eac50 .functor BUFT 1, C4<00>, C4<0>, C4<0>, C4<0>;
v000001389a5dfc50_0 .net *"_ivl_299", 1 0, L_000001389a5eac50;  1 drivers
L_000001389a5eac98 .functor BUFT 1, C4<00000000000000000000000000000000>, C4<0>, C4<0>, C4<0>;
v000001389a5dfcf0_0 .net/2u *"_ivl_300", 31 0, L_000001389a5eac98;  1 drivers
v000001389a5dfd90_0 .net *"_ivl_302", 31 0, L_000001389a643fa0;  1 drivers
L_000001389a5eace0 .functor BUFT 1, C4<01>, C4<0>, C4<0>, C4<0>;
v000001389a5e1990_0 .net/2u *"_ivl_306", 1 0, L_000001389a5eace0;  1 drivers
v000001389a5e1490_0 .net *"_ivl_308", 0 0, L_000001389a642880;  1 drivers
v000001389a5e2110_0 .net *"_ivl_314", 31 0, L_000001389a644220;  1 drivers
v000001389a5e1fd0_0 .net *"_ivl_316", 4 0, L_000001389a644040;  1 drivers
L_000001389a5ead28 .functor BUFT 1, C4<00>, C4<0>, C4<0>, C4<0>;
v000001389a5e2b10_0 .net *"_ivl_319", 1 0, L_000001389a5ead28;  1 drivers
v000001389a5e1c10_0 .net *"_ivl_32", 22 0, L_000001389a644ae0;  1 drivers
L_000001389a5ead70 .functor BUFT 1, C4<00000000000000000000000000000000>, C4<0>, C4<0>, C4<0>;
v000001389a5e1670_0 .net/2u *"_ivl_320", 31 0, L_000001389a5ead70;  1 drivers
L_000001389a5eadb8 .functor BUFT 1, C4<00>, C4<0>, C4<0>, C4<0>;
v000001389a5e1530_0 .net/2u *"_ivl_324", 1 0, L_000001389a5eadb8;  1 drivers
v000001389a5e1a30_0 .net *"_ivl_326", 0 0, L_000001389a643aa0;  1 drivers
L_000001389a5eae00 .functor BUFT 1, C4<00>, C4<0>, C4<0>, C4<0>;
v000001389a5e1e90_0 .net/2u *"_ivl_328", 1 0, L_000001389a5eae00;  1 drivers
v000001389a5e1f30_0 .net *"_ivl_330", 0 0, L_000001389a642ce0;  1 drivers
v000001389a5e1cb0_0 .net *"_ivl_332", 0 0, L_000001389a582e30;  1 drivers
v000001389a5e24d0_0 .net *"_ivl_334", 0 0, L_000001389a582ea0;  1 drivers
v000001389a5e2890_0 .net *"_ivl_336", 0 0, L_000001389a5835a0;  1 drivers
v000001389a5e2750_0 .net *"_ivl_34", 6 0, L_000001389a6459e0;  1 drivers
L_000001389a5ea038 .functor BUFT 1, C4<00>, C4<0>, C4<0>, C4<0>;
v000001389a5e2570_0 .net *"_ivl_37", 1 0, L_000001389a5ea038;  1 drivers
v000001389a5e0e50_0 .net *"_ivl_38", 0 0, L_000001389a645c60;  1 drivers
v000001389a5e0f90_0 .net *"_ivl_44", 31 0, L_000001389a645260;  1 drivers
v000001389a5e2930_0 .net *"_ivl_46", 9 0, L_000001389a645b20;  1 drivers
L_000001389a5ea080 .functor BUFT 1, C4<00000>, C4<0>, C4<0>, C4<0>;
v000001389a5e12b0_0 .net *"_ivl_49", 4 0, L_000001389a5ea080;  1 drivers
v000001389a5e0d10_0 .net *"_ivl_50", 11 0, L_000001389a645a80;  1 drivers
L_000001389a5ea0c8 .functor BUFT 1, C4<00>, C4<0>, C4<0>, C4<0>;
v000001389a5e0db0_0 .net *"_ivl_53", 1 0, L_000001389a5ea0c8;  1 drivers
L_000001389a5ea110 .functor BUFT 1, C4<000000000100>, C4<0>, C4<0>, C4<0>;
v000001389a5e15d0_0 .net/2u *"_ivl_54", 11 0, L_000001389a5ea110;  1 drivers
v000001389a5e2070_0 .net *"_ivl_57", 11 0, L_000001389a645580;  1 drivers
v000001389a5e1170_0 .net *"_ivl_58", 3 0, L_000001389a6445e0;  1 drivers
v000001389a5e2a70_0 .net *"_ivl_6", 1 0, L_000001389a645760;  1 drivers
L_000001389a5ea158 .functor BUFT 1, C4<00>, C4<0>, C4<0>, C4<0>;
v000001389a5e1710_0 .net *"_ivl_61", 1 0, L_000001389a5ea158;  1 drivers
L_000001389a5ea1a0 .functor BUFT 1, C4<0>, C4<0>, C4<0>, C4<0>;
v000001389a5e0ef0_0 .net *"_ivl_64", 0 0, L_000001389a5ea1a0;  1 drivers
v000001389a5e21b0_0 .net *"_ivl_65", 12 0, L_000001389a6454e0;  1 drivers
L_000001389a5ea1e8 .functor BUFT 1, C4<000000000>, C4<0>, C4<0>, C4<0>;
v000001389a5e2bb0_0 .net *"_ivl_68", 8 0, L_000001389a5ea1e8;  1 drivers
v000001389a5e2250_0 .net *"_ivl_69", 12 0, L_000001389a644d60;  1 drivers
v000001389a5e1350_0 .net *"_ivl_70", 12 0, L_000001389a645bc0;  1 drivers
v000001389a5e1b70_0 .net *"_ivl_74", 31 0, L_000001389a645620;  1 drivers
v000001389a5e22f0_0 .net *"_ivl_76", 9 0, L_000001389a644680;  1 drivers
L_000001389a5ea230 .functor BUFT 1, C4<00000>, C4<0>, C4<0>, C4<0>;
v000001389a5e1030_0 .net *"_ivl_79", 4 0, L_000001389a5ea230;  1 drivers
v000001389a5e2390_0 .net *"_ivl_8", 6 0, L_000001389a644720;  1 drivers
v000001389a5e18f0_0 .net *"_ivl_80", 11 0, L_000001389a644860;  1 drivers
L_000001389a5ea278 .functor BUFT 1, C4<00>, C4<0>, C4<0>, C4<0>;
v000001389a5e2430_0 .net *"_ivl_83", 1 0, L_000001389a5ea278;  1 drivers
L_000001389a5ea2c0 .functor BUFT 1, C4<000000000100>, C4<0>, C4<0>, C4<0>;
v000001389a5e2610_0 .net/2u *"_ivl_84", 11 0, L_000001389a5ea2c0;  1 drivers
v000001389a5e1d50_0 .net *"_ivl_87", 11 0, L_000001389a644a40;  1 drivers
v000001389a5e10d0_0 .net *"_ivl_88", 3 0, L_000001389a644b80;  1 drivers
L_000001389a5ea308 .functor BUFT 1, C4<00>, C4<0>, C4<0>, C4<0>;
v000001389a5e1210_0 .net *"_ivl_91", 1 0, L_000001389a5ea308;  1 drivers
L_000001389a5ea350 .functor BUFT 1, C4<0>, C4<0>, C4<0>, C4<0>;
v000001389a5e17b0_0 .net *"_ivl_94", 0 0, L_000001389a5ea350;  1 drivers
v000001389a5e1850_0 .net *"_ivl_95", 12 0, L_000001389a644e00;  1 drivers
L_000001389a5ea398 .functor BUFT 1, C4<000000000>, C4<0>, C4<0>, C4<0>;
v000001389a5e13f0_0 .net *"_ivl_98", 8 0, L_000001389a5ea398;  1 drivers
v000001389a5e26b0_0 .net *"_ivl_99", 12 0, L_000001389a644ea0;  1 drivers
v000001389a5e1df0_0 .net "cpu_miss_req_cur", 0 0, L_000001389a5828f0;  1 drivers
v000001389a5e1ad0 .array "datas0", 127 0, 31 0;
v000001389a5e27f0 .array "datas1", 127 0, 31 0;
v000001389a5e29d0_0 .net "hit", 0 0, L_000001389a582880;  1 drivers
v000001389a5e47f0_0 .net "hit_rword", 31 0, L_000001389a642f60;  1 drivers
v000001389a5e4890_0 .net "hit_way", 0 0, L_000001389a5836f0;  1 drivers
v000001389a5e3e90_0 .net "i_clk", 0 0, v000001389a5e7cb0_0;  1 drivers
v000001389a5e4610_0 .net "i_mem_rdata", 31 0, L_000001389a583060;  alias, 1 drivers
v000001389a5e4390_0 .net "i_mem_ready", 0 0, L_000001389a583e60;  alias, 1 drivers
v000001389a5e53d0_0 .net "i_mem_valid", 0 0, L_000001389a582490;  alias, 1 drivers
v000001389a5e3b70_0 .net "i_req_addr", 31 0, v000001389a5e8570_0;  1 drivers
v000001389a5e4bb0_0 .net "i_req_mask", 3 0, v000001389a5e8070_0;  1 drivers
v000001389a5e42f0_0 .net "i_req_ren", 0 0, v000001389a5e9150_0;  1 drivers
v000001389a5e4750_0 .net "i_req_wdata", 31 0, v000001389a5e81b0_0;  1 drivers
v000001389a5e4930_0 .net "i_req_wen", 0 0, v000001389a5e8430_0;  1 drivers
v000001389a5e4c50_0 .net "i_rst", 0 0, v000001389a5e8ed0_0;  1 drivers
v000001389a5e41b0 .array "lru", 0 31, 0 0;
v000001389a5e3df0_0 .net "merged_write_word", 31 0, L_000001389a642ec0;  1 drivers
v000001389a5e3c10_0 .var "miss_is_write_cur", 0 0;
v000001389a5e37b0_0 .net "miss_line_addr", 31 0, L_000001389a642060;  1 drivers
v000001389a5e4f70_0 .var "miss_mask_cur", 3 0;
v000001389a5e38f0_0 .net "miss_merged_write_word", 31 0, L_000001389a642740;  1 drivers
v000001389a5e4430_0 .var "miss_set_cur", 4 0;
v000001389a5e4e30_0 .var "miss_tag_cur", 22 0;
v000001389a5e5010_0 .var "miss_way_cur", 0 0;
v000001389a5e49d0_0 .net "miss_way_rword", 31 0, L_000001389a6442c0;  1 drivers
v000001389a5e3ad0_0 .var "miss_wdata_cur", 31 0;
v000001389a5e3670_0 .net "miss_word_addr", 31 0, L_000001389a6435a0;  1 drivers
v000001389a5e4cf0_0 .var "miss_word_cur", 1 0;
v000001389a5e44d0_0 .net "o_busy", 0 0, L_000001389a584170;  alias, 1 drivers
v000001389a5e4110_0 .net "o_mem_addr", 31 0, L_000001389a6424c0;  alias, 1 drivers
v000001389a5e4d90_0 .net "o_mem_ren", 0 0, L_000001389a583300;  alias, 1 drivers
v000001389a5e4a70_0 .net "o_mem_wdata", 31 0, L_000001389a643d20;  alias, 1 drivers
v000001389a5e4b10_0 .net "o_mem_wen", 0 0, L_000001389a582dc0;  alias, 1 drivers
v000001389a5e35d0_0 .net "o_res_rdata", 31 0, L_000001389a5841e0;  alias, 1 drivers
v000001389a5e4ed0_0 .net "read_miss", 0 0, L_000001389a582b20;  1 drivers
v000001389a5e5290_0 .net "refill_word_addr", 31 0, L_000001389a583990;  1 drivers
v000001389a5e46b0_0 .var "refill_word_cur", 1 0;
v000001389a5e50b0_0 .net "req_set", 4 0, L_000001389a6449a0;  1 drivers
v000001389a5e51f0_0 .net "req_tag", 22 0, L_000001389a6453a0;  1 drivers
v000001389a5e3a30_0 .net "req_word", 1 0, L_000001389a644900;  1 drivers
v000001389a5e5150_0 .var/i "set_idx", 31 0;
v000001389a5e3d50_0 .var "state_cur", 1 0;
v000001389a5e5330 .array "tags0", 0 31, 22 0;
v000001389a5e3530 .array "tags1", 0 31, 22 0;
v000001389a5e3710 .array "valid", 0 31, 1 0;
v000001389a5e3850_0 .net "victim_way", 0 0, L_000001389a641fc0;  1 drivers
v000001389a5e3990_0 .net "way0_hit", 0 0, L_000001389a5838b0;  1 drivers
v000001389a5e4570_0 .net "way0_rword", 31 0, L_000001389a583680;  1 drivers
v000001389a5e3cb0_0 .net "way0_valid", 0 0, L_000001389a645120;  1 drivers
v000001389a5e3f30_0 .net "way1_hit", 0 0, L_000001389a583ca0;  1 drivers
v000001389a5e3fd0_0 .net "way1_rword", 31 0, L_000001389a582b90;  1 drivers
v000001389a5e4070_0 .net "way1_valid", 0 0, L_000001389a645300;  1 drivers
v000001389a5e4250 .array "wb_addrs", 0 7, 31 0;
v000001389a5e5c20_0 .var "wb_count_cur", 3 0;
v000001389a5e7200 .array "wb_datas", 0 7, 31 0;
v000001389a5e6760_0 .net "wb_has_push_space_cur", 0 0, L_000001389a583a00;  1 drivers
v000001389a5e61c0_0 .var "wb_head_cur", 2 0;
v000001389a5e5cc0_0 .var/i "wb_idx", 31 0;
v000001389a5e7020_0 .net "wb_push_addr_cur", 31 0, L_000001389a643000;  1 drivers
v000001389a5e72a0_0 .net "wb_push_cur", 0 0, L_000001389a583220;  1 drivers
v000001389a5e7340_0 .net "wb_push_data_cur", 31 0, L_000001389a644540;  1 drivers
v000001389a5e6440_0 .net "wb_send_cur", 0 0, L_000001389a582a40;  1 drivers
v000001389a5e68a0_0 .var "wb_tail_cur", 2 0;
v000001389a5e6ee0_0 .var/i "word_idx", 31 0;
v000001389a5e6800_0 .net "write_hit_accept_cur", 0 0, L_000001389a582c70;  1 drivers
v000001389a5e5860_0 .net "write_hit_block_cur", 0 0, L_000001389a583530;  1 drivers
v000001389a5e5a40_0 .net "write_miss", 0 0, L_000001389a583840;  1 drivers
v000001389a5e6940_0 .net "write_req_commit_cur", 0 0, L_000001389a582d50;  1 drivers
E_000001389a57c280 .event posedge, v000001389a5e3e90_0;
L_000001389a6453a0 .part v000001389a5e8570_0, 9, 23;
L_000001389a6449a0 .part v000001389a5e8570_0, 4, 5;
L_000001389a644900 .part v000001389a5e8570_0, 2, 2;
L_000001389a645760 .array/port v000001389a5e3710, L_000001389a644720;
L_000001389a644720 .concat [ 5 2 0 0], L_000001389a6449a0, L_000001389a5e9f60;
L_000001389a645120 .part L_000001389a645760, 0, 1;
L_000001389a6458a0 .array/port v000001389a5e3710, L_000001389a6447c0;
L_000001389a6447c0 .concat [ 5 2 0 0], L_000001389a6449a0, L_000001389a5e9fa8;
L_000001389a645300 .part L_000001389a6458a0, 1, 1;
L_000001389a645800 .array/port v000001389a5e5330, L_000001389a645940;
L_000001389a645940 .concat [ 5 2 0 0], L_000001389a6449a0, L_000001389a5e9ff0;
L_000001389a645440 .cmp/eq 23, L_000001389a645800, L_000001389a6453a0;
L_000001389a644ae0 .array/port v000001389a5e3530, L_000001389a6459e0;
L_000001389a6459e0 .concat [ 5 2 0 0], L_000001389a6449a0, L_000001389a5ea038;
L_000001389a645c60 .cmp/eq 23, L_000001389a644ae0, L_000001389a6453a0;
L_000001389a645260 .array/port v000001389a5e1ad0, L_000001389a645bc0;
L_000001389a645b20 .concat [ 5 5 0 0], L_000001389a6449a0, L_000001389a5ea080;
L_000001389a645a80 .concat [ 10 2 0 0], L_000001389a645b20, L_000001389a5ea0c8;
L_000001389a645580 .arith/mult 12, L_000001389a645a80, L_000001389a5ea110;
L_000001389a6445e0 .concat [ 2 2 0 0], L_000001389a644900, L_000001389a5ea158;
L_000001389a6454e0 .concat [ 12 1 0 0], L_000001389a645580, L_000001389a5ea1a0;
L_000001389a644d60 .concat [ 4 9 0 0], L_000001389a6445e0, L_000001389a5ea1e8;
L_000001389a645bc0 .arith/sum 13, L_000001389a6454e0, L_000001389a644d60;
L_000001389a645620 .array/port v000001389a5e27f0, L_000001389a644f40;
L_000001389a644680 .concat [ 5 5 0 0], L_000001389a6449a0, L_000001389a5ea230;
L_000001389a644860 .concat [ 10 2 0 0], L_000001389a644680, L_000001389a5ea278;
L_000001389a644a40 .arith/mult 12, L_000001389a644860, L_000001389a5ea2c0;
L_000001389a644b80 .concat [ 2 2 0 0], L_000001389a644900, L_000001389a5ea308;
L_000001389a644e00 .concat [ 12 1 0 0], L_000001389a644a40, L_000001389a5ea350;
L_000001389a644ea0 .concat [ 4 9 0 0], L_000001389a644b80, L_000001389a5ea398;
L_000001389a644f40 .arith/sum 13, L_000001389a644e00, L_000001389a644ea0;
L_000001389a644fe0 .functor MUXZ 32, L_000001389a5ea3e0, L_000001389a582b90, L_000001389a583ca0, C4<>;
L_000001389a642f60 .functor MUXZ 32, L_000001389a644fe0, L_000001389a583680, L_000001389a5838b0, C4<>;
L_000001389a642560 .array/port v000001389a5e41b0, L_000001389a642600;
L_000001389a642600 .concat [ 5 2 0 0], L_000001389a6449a0, L_000001389a5ea4b8;
L_000001389a642b00 .functor MUXZ 1, L_000001389a642560, L_000001389a5ea470, L_000001389a582500, C4<>;
L_000001389a641fc0 .functor MUXZ 1, L_000001389a642b00, L_000001389a5ea428, L_000001389a583920, C4<>;
L_000001389a642ec0 .ufunc/vec4 TD_cache_tb.dut.apply_mask, 32, L_000001389a642f60, v000001389a5e81b0_0, v000001389a5e8070_0 (v000001389a227830_0, v000001389a226cf0_0, v000001389a2262f0_0) S_000001389a1a9230;
L_000001389a642060 .concat [ 4 5 23 0], L_000001389a5ea500, v000001389a5e4430_0, v000001389a5e4e30_0;
L_000001389a642ba0 .concat [ 2 2 28 0], L_000001389a5ea590, v000001389a5e46b0_0, L_000001389a5ea548;
L_000001389a6435a0 .concat [ 2 2 5 23], L_000001389a5ea5d8, v000001389a5e4cf0_0, v000001389a5e4430_0, v000001389a5e4e30_0;
L_000001389a643be0 .array/port v000001389a5e1ad0, L_000001389a643500;
L_000001389a642c40 .concat [ 5 5 0 0], v000001389a5e4430_0, L_000001389a5ea668;
L_000001389a643140 .concat [ 10 2 0 0], L_000001389a642c40, L_000001389a5ea6b0;
L_000001389a6436e0 .arith/mult 12, L_000001389a643140, L_000001389a5ea6f8;
L_000001389a641e80 .concat [ 2 2 0 0], v000001389a5e4cf0_0, L_000001389a5ea740;
L_000001389a642100 .concat [ 12 1 0 0], L_000001389a6436e0, L_000001389a5ea788;
L_000001389a6440e0 .concat [ 4 9 0 0], L_000001389a641e80, L_000001389a5ea7d0;
L_000001389a643500 .arith/sum 13, L_000001389a642100, L_000001389a6440e0;
L_000001389a643780 .array/port v000001389a5e27f0, L_000001389a6431e0;
L_000001389a644400 .concat [ 5 5 0 0], v000001389a5e4430_0, L_000001389a5ea818;
L_000001389a643820 .concat [ 10 2 0 0], L_000001389a644400, L_000001389a5ea860;
L_000001389a6438c0 .arith/mult 12, L_000001389a643820, L_000001389a5ea8a8;
L_000001389a6426a0 .concat [ 2 2 0 0], v000001389a5e4cf0_0, L_000001389a5ea8f0;
L_000001389a644180 .concat [ 12 1 0 0], L_000001389a6438c0, L_000001389a5ea938;
L_000001389a643960 .concat [ 4 9 0 0], L_000001389a6426a0, L_000001389a5ea980;
L_000001389a6431e0 .arith/sum 13, L_000001389a644180, L_000001389a643960;
L_000001389a6442c0 .functor MUXZ 32, L_000001389a643780, L_000001389a643be0, L_000001389a5826c0, C4<>;
L_000001389a642740 .ufunc/vec4 TD_cache_tb.dut.apply_mask, 32, L_000001389a6442c0, v000001389a5e3ad0_0, v000001389a5e4f70_0 (v000001389a227830_0, v000001389a226cf0_0, v000001389a2262f0_0) S_000001389a1a9230;
L_000001389a642e20 .cmp/eq 2, v000001389a5e3d50_0, L_000001389a5ea9c8;
L_000001389a6429c0 .cmp/ne 2, v000001389a5e3d50_0, L_000001389a5eaa10;
L_000001389a643640 .cmp/ne 2, v000001389a5e3d50_0, L_000001389a5eaa58;
L_000001389a642240 .cmp/ne 4, v000001389a5e5c20_0, L_000001389a5eaaa0;
L_000001389a642920 .cmp/ne 4, v000001389a5e5c20_0, L_000001389a5eaae8;
L_000001389a6427e0 .cmp/eq 2, v000001389a5e3d50_0, L_000001389a5eab30;
L_000001389a643a00 .cmp/eq 2, v000001389a5e3d50_0, L_000001389a5eab78;
L_000001389a642420 .cmp/eq 2, v000001389a5e3d50_0, L_000001389a5eabc0;
L_000001389a643000 .functor MUXZ 32, L_000001389a6435a0, v000001389a5e8570_0, L_000001389a582c70, C4<>;
L_000001389a644540 .functor MUXZ 32, L_000001389a642740, L_000001389a642ec0, L_000001389a582c70, C4<>;
L_000001389a6430a0 .cmp/eq 2, v000001389a5e3d50_0, L_000001389a5eac08;
L_000001389a641f20 .array/port v000001389a5e4250, L_000001389a643280;
L_000001389a643280 .concat [ 3 2 0 0], v000001389a5e61c0_0, L_000001389a5eac50;
L_000001389a643fa0 .functor MUXZ 32, L_000001389a5eac98, L_000001389a641f20, L_000001389a582a40, C4<>;
L_000001389a6424c0 .functor MUXZ 32, L_000001389a643fa0, L_000001389a583990, L_000001389a6430a0, C4<>;
L_000001389a642880 .cmp/eq 2, v000001389a5e3d50_0, L_000001389a5eace0;
L_000001389a644220 .array/port v000001389a5e7200, L_000001389a644040;
L_000001389a644040 .concat [ 3 2 0 0], v000001389a5e61c0_0, L_000001389a5ead28;
L_000001389a643d20 .functor MUXZ 32, L_000001389a5ead70, L_000001389a644220, L_000001389a582a40, C4<>;
L_000001389a643aa0 .cmp/ne 2, v000001389a5e3d50_0, L_000001389a5eadb8;
L_000001389a642ce0 .cmp/eq 2, v000001389a5e3d50_0, L_000001389a5eae00;
S_000001389a1a9230 .scope function.vec4.s32, "apply_mask" "apply_mask" 4 69, 4 69 0, S_000001389a1a90a0;
 .timescale 0 0;
; Variable apply_mask is vec4 return value of scope S_000001389a1a9230
v000001389a225e90_0 .var "byte_mask", 31 0;
v000001389a2262f0_0 .var "mask", 3 0;
v000001389a226cf0_0 .var "new_word", 31 0;
v000001389a227830_0 .var "old_word", 31 0;
TD_cache_tb.dut.apply_mask ;
    %load/vec4 v000001389a2262f0_0;
    %store/vec4 v000001389a226070_0, 0, 4;
    %callf/vec4 TD_cache_tb.dut.expand_mask, S_000001389a5de500;
    %store/vec4 v000001389a225e90_0, 0, 32;
    %load/vec4 v000001389a227830_0;
    %load/vec4 v000001389a225e90_0;
    %inv;
    %and;
    %load/vec4 v000001389a226cf0_0;
    %load/vec4 v000001389a225e90_0;
    %and;
    %or;
    %ret/vec4 0, 0, 32;  Assign to apply_mask (store_vec4_to_lval)
    %end;
S_000001389a5de500 .scope function.vec4.s32, "expand_mask" "expand_mask" 4 62, 4 62 0, S_000001389a1a90a0;
 .timescale 0 0;
; Variable expand_mask is vec4 return value of scope S_000001389a5de500
v000001389a226070_0 .var "mask", 3 0;
TD_cache_tb.dut.expand_mask ;
    %load/vec4 v000001389a226070_0;
    %parti/s 1, 3, 3;
    %replicate 8;
    %load/vec4 v000001389a226070_0;
    %parti/s 1, 2, 3;
    %replicate 8;
    %concat/vec4; draw_concat_vec4
    %load/vec4 v000001389a226070_0;
    %parti/s 1, 1, 2;
    %replicate 8;
    %concat/vec4; draw_concat_vec4
    %load/vec4 v000001389a226070_0;
    %parti/s 1, 0, 2;
    %replicate 8;
    %concat/vec4; draw_concat_vec4
    %ret/vec4 0, 0, 32;  Assign to expand_mask (store_vec4_to_lval)
    %end;
S_000001389a5de690 .scope module, "mem" "memory" 3 50, 5 8 0, S_000001389a22edb0;
 .timescale 0 0;
    .port_info 0 /INPUT 1 "i_clk";
    .port_info 1 /INPUT 1 "i_rst";
    .port_info 2 /OUTPUT 1 "o_ready";
    .port_info 3 /INPUT 32 "i_addr";
    .port_info 4 /INPUT 1 "i_ren";
    .port_info 5 /INPUT 1 "i_wen";
    .port_info 6 /INPUT 4 "i_mask";
    .port_info 7 /INPUT 32 "i_wdata";
    .port_info 8 /OUTPUT 1 "o_valid";
    .port_info 9 /OUTPUT 32 "o_addr";
    .port_info 10 /OUTPUT 1 "o_wdone";
    .port_info 11 /OUTPUT 32 "o_rdata";
P_000001389a1bcf20 .param/l "INTERVAL" 0 5 14, +C4<00000000000000000000000000000010>;
P_000001389a1bcf58 .param/l "LATENCY" 0 5 12, +C4<00000000000000000000000000000100>;
P_000001389a1bcf90 .param/l "SIZE" 0 5 10, +C4<0000000000000000000000000000000000000000000000000100000000000000>;
L_000001389a5837d0 .functor NOT 1, v000001389a5e8ed0_0, C4<0>, C4<0>, C4<0>;
L_000001389a583f40 .functor AND 1, L_000001389a5837d0, L_000001389a5e8cf0, C4<1>, C4<1>;
v000001389a5e6300_2 .array/port v000001389a5e6300, 2;
L_000001389a583fb0 .functor BUFZ 32, v000001389a5e6300_2, C4<00000000000000000000000000000000>, C4<00000000000000000000000000000000>, C4<00000000000000000000000000000000>;
v000001389a5e6120_2 .array/port v000001389a5e6120, 2;
L_000001389a582650 .functor BUFZ 4, v000001389a5e6120_2, C4<0000>, C4<0000>, C4<0000>;
v000001389a5e7b70_2 .array/port v000001389a5e7b70, 2;
L_000001389a584020 .functor BUFZ 32, v000001389a5e7b70_2, C4<00000000000000000000000000000000>, C4<00000000000000000000000000000000>, C4<00000000000000000000000000000000>;
v000001389a5e6300_3 .array/port v000001389a5e6300, 3;
L_000001389a583d10 .functor BUFZ 32, v000001389a5e6300_3, C4<00000000000000000000000000000000>, C4<00000000000000000000000000000000>, C4<00000000000000000000000000000000>;
v000001389a5e93d0_3 .array/port v000001389a5e93d0, 3;
L_000001389a5833e0 .functor BUFZ 1, v000001389a5e93d0_3, C4<0>, C4<0>, C4<0>;
v000001389a5e7c10_2 .array/port v000001389a5e7c10, 2;
L_000001389a583b50 .functor BUFZ 1, v000001389a5e7c10_2, C4<0>, C4<0>, C4<0>;
L_000001389a583060 .functor BUFZ 32, L_000001389a645080, C4<00000000000000000000000000000000>, C4<00000000000000000000000000000000>, C4<00000000000000000000000000000000>;
L_000001389a5830d0 .functor BUFZ 32, L_000001389a583d10, C4<00000000000000000000000000000000>, C4<00000000000000000000000000000000>, C4<00000000000000000000000000000000>;
L_000001389a582490 .functor BUFZ 1, L_000001389a5833e0, C4<0>, C4<0>, C4<0>;
L_000001389a582ab0 .functor BUFZ 1, L_000001389a583b50, C4<0>, C4<0>, C4<0>;
L_000001389a583e60 .functor BUFZ 1, L_000001389a583f40, C4<0>, C4<0>, C4<0>;
v000001389a5e73e0_0 .net *"_ivl_0", 0 0, L_000001389a5837d0;  1 drivers
v000001389a5e6580_0 .net *"_ivl_2", 31 0, L_000001389a5e8c50;  1 drivers
v000001389a5e5ea0_0 .net *"_ivl_32", 7 0, L_000001389a5e9010;  1 drivers
L_000001389a5e9e40 .functor BUFT 1, C4<00000000000000000000000000000011>, C4<0>, C4<0>, C4<0>;
v000001389a5e69e0_0 .net/2u *"_ivl_34", 31 0, L_000001389a5e9e40;  1 drivers
v000001389a5e64e0_0 .net *"_ivl_36", 31 0, L_000001389a5e90b0;  1 drivers
v000001389a5e70c0_0 .net *"_ivl_38", 7 0, L_000001389a5e95b0;  1 drivers
L_000001389a5e9e88 .functor BUFT 1, C4<00000000000000000000000000000010>, C4<0>, C4<0>, C4<0>;
v000001389a5e5f40_0 .net/2u *"_ivl_40", 31 0, L_000001389a5e9e88;  1 drivers
v000001389a5e5540_0 .net *"_ivl_42", 31 0, L_000001389a5e9650;  1 drivers
v000001389a5e6f80_0 .net *"_ivl_44", 7 0, L_000001389a644c20;  1 drivers
L_000001389a5e9ed0 .functor BUFT 1, C4<00000000000000000000000000000001>, C4<0>, C4<0>, C4<0>;
v000001389a5e5d60_0 .net/2u *"_ivl_46", 31 0, L_000001389a5e9ed0;  1 drivers
v000001389a5e7160_0 .net *"_ivl_48", 31 0, L_000001389a644cc0;  1 drivers
L_000001389a5e9db0 .functor BUFT 1, C4<0000000000000000000000000000000>, C4<0>, C4<0>, C4<0>;
v000001389a5e6a80_0 .net *"_ivl_5", 30 0, L_000001389a5e9db0;  1 drivers
v000001389a5e6b20_0 .net *"_ivl_50", 7 0, L_000001389a6456c0;  1 drivers
L_000001389a5e9f18 .functor BUFT 1, C4<00000000000000000000000000000000>, C4<0>, C4<0>, C4<0>;
v000001389a5e55e0_0 .net/2u *"_ivl_52", 31 0, L_000001389a5e9f18;  1 drivers
v000001389a5e6620_0 .net *"_ivl_54", 31 0, L_000001389a6451c0;  1 drivers
L_000001389a5e9df8 .functor BUFT 1, C4<00000000000000000000000000000000>, C4<0>, C4<0>, C4<0>;
v000001389a5e5fe0_0 .net/2u *"_ivl_6", 31 0, L_000001389a5e9df8;  1 drivers
v000001389a5e6080_0 .net *"_ivl_8", 0 0, L_000001389a5e8cf0;  1 drivers
v000001389a5e6300 .array "addrs", 3 0, 31 0;
v000001389a5e66c0_0 .net "i_addr", 31 0, L_000001389a6424c0;  alias, 1 drivers
v000001389a5e6e40_0 .net "i_clk", 0 0, v000001389a5e7cb0_0;  alias, 1 drivers
v000001389a5e5900_0 .net "i_mask", 3 0, L_000001389a5e9d68;  alias, 1 drivers
v000001389a5e5680_0 .net "i_ren", 0 0, L_000001389a583300;  alias, 1 drivers
v000001389a5e6bc0_0 .net "i_rst", 0 0, v000001389a5e8ed0_0;  alias, 1 drivers
v000001389a5e5720_0 .net "i_wdata", 31 0, L_000001389a643d20;  alias, 1 drivers
v000001389a5e59a0_0 .net "i_wen", 0 0, L_000001389a582dc0;  alias, 1 drivers
v000001389a5e5ae0_0 .var "interval_counter", 0 0;
v000001389a5e57c0_0 .net "mask", 3 0, L_000001389a582650;  1 drivers
v000001389a5e6120 .array "masks", 3 0, 3 0;
v000001389a5e6c60 .array "mem", 16383 0, 7 0;
v000001389a5e5b80_0 .net "o_addr", 31 0, L_000001389a5830d0;  alias, 1 drivers
v000001389a5e6d00_0 .net "o_rdata", 31 0, L_000001389a583060;  alias, 1 drivers
v000001389a5e6260_0 .net "o_ready", 0 0, L_000001389a583e60;  alias, 1 drivers
v000001389a5e6da0_0 .net "o_valid", 0 0, L_000001389a582490;  alias, 1 drivers
v000001389a5e5e00_0 .net "o_wdone", 0 0, L_000001389a582ab0;  1 drivers
v000001389a5e63a0_0 .net "raddr", 31 0, v000001389a5e6300_3;  1 drivers
v000001389a5e8d90_0 .net "ready", 0 0, L_000001389a583f40;  1 drivers
v000001389a5e8bb0_0 .net "ren", 0 0, v000001389a5e93d0_3;  1 drivers
v000001389a5e93d0 .array "rens", 3 0, 0 0;
v000001389a5e9290_0 .net "res_addr", 31 0, L_000001389a583d10;  1 drivers
v000001389a5e8250_0 .net "res_rdata", 31 0, L_000001389a645080;  1 drivers
v000001389a5e8610_0 .net "res_valid", 0 0, L_000001389a5833e0;  1 drivers
v000001389a5e86b0_0 .net "res_wdone", 0 0, L_000001389a583b50;  1 drivers
v000001389a5e96f0_0 .net "waddr", 31 0, L_000001389a583fb0;  1 drivers
v000001389a5e7a30_0 .net "wdata", 31 0, L_000001389a584020;  1 drivers
v000001389a5e7b70 .array "wdatas", 3 0, 31 0;
v000001389a5e7df0_0 .net "wen", 0 0, v000001389a5e7c10_2;  1 drivers
v000001389a5e7c10 .array "wens", 3 0, 0 0;
L_000001389a5e8c50 .concat [ 1 31 0 0], v000001389a5e5ae0_0, L_000001389a5e9db0;
L_000001389a5e8cf0 .cmp/eq 32, L_000001389a5e8c50, L_000001389a5e9df8;
L_000001389a5e9010 .array/port v000001389a5e6c60, L_000001389a5e90b0;
L_000001389a5e90b0 .arith/sum 32, v000001389a5e6300_3, L_000001389a5e9e40;
L_000001389a5e95b0 .array/port v000001389a5e6c60, L_000001389a5e9650;
L_000001389a5e9650 .arith/sum 32, v000001389a5e6300_3, L_000001389a5e9e88;
L_000001389a644c20 .array/port v000001389a5e6c60, L_000001389a644cc0;
L_000001389a644cc0 .arith/sum 32, v000001389a5e6300_3, L_000001389a5e9ed0;
L_000001389a6456c0 .array/port v000001389a5e6c60, L_000001389a6451c0;
L_000001389a6451c0 .arith/sum 32, v000001389a5e6300_3, L_000001389a5e9f18;
L_000001389a645080 .concat [ 8 8 8 8], L_000001389a6456c0, L_000001389a644c20, L_000001389a5e95b0, L_000001389a5e9010;
S_000001389a5e08b0 .scope generate, "genblk1[1]" "genblk1[1]" 5 102, 5 102 0, S_000001389a5de690;
 .timescale 0 0;
P_000001389a57c2c0 .param/l "i" 0 5 102, +C4<01>;
S_000001389a5e0a40 .scope generate, "genblk1[2]" "genblk1[2]" 5 102, 5 102 0, S_000001389a5de690;
 .timescale 0 0;
P_000001389a57d380 .param/l "i" 0 5 102, +C4<010>;
S_000001389a5e7500 .scope generate, "genblk1[3]" "genblk1[3]" 5 102, 5 102 0, S_000001389a5de690;
 .timescale 0 0;
P_000001389a57d340 .param/l "i" 0 5 102, +C4<011>;
S_000001389a5e98b0 .scope autotask, "reset_sequence" "reset_sequence" 3 206, 3 206 0, S_000001389a22edb0;
 .timescale 0 0;
E_000001389a57d480 .event negedge, v000001389a5e3e90_0;
TD_cache_tb.reset_sequence ;
    %vpi_call/w 3 208 "$display", "Resetting cache and memory." {0 0 0};
    %wait E_000001389a57d480;
    %pushi/vec4 1, 0, 1;
    %store/vec4 v000001389a5e8ed0_0, 0, 1;
    %wait E_000001389a57d480;
    %wait E_000001389a57d480;
    %wait E_000001389a57d480;
    %wait E_000001389a57d480;
    %pushi/vec4 0, 0, 1;
    %store/vec4 v000001389a5e8ed0_0, 0, 1;
    %pushi/vec4 0, 0, 32;
    %store/vec4 v000001389a5e8570_0, 0, 32;
    %pushi/vec4 0, 0, 1;
    %store/vec4 v000001389a5e9150_0, 0, 1;
    %pushi/vec4 0, 0, 1;
    %store/vec4 v000001389a5e8430_0, 0, 1;
    %pushi/vec4 0, 0, 4;
    %store/vec4 v000001389a5e8070_0, 0, 4;
    %pushi/vec4 0, 0, 32;
    %store/vec4 v000001389a5e81b0_0, 0, 32;
    %pushi/vec4 0, 0, 24;
    %store/vec4 v000001389a5e7ad0_0, 0, 24;
    %pushi/vec4 0, 0, 5;
    %store/vec4 v000001389a5e8e30_0, 0, 5;
    %pushi/vec4 0, 0, 4;
    %store/vec4 v000001389a5e7fd0_0, 0, 4;
    %end;
S_000001389a5e9a40 .scope autotask, "send_read" "send_read" 3 185, 3 185 0, S_000001389a22edb0;
 .timescale 0 0;
v000001389a5e87f0_0 .var "index", 4 0;
v000001389a5e82f0_0 .var "mask", 3 0;
v000001389a5e8f70_0 .var "offset", 3 0;
v000001389a5e7d50_0 .var "tag", 22 0;
E_000001389a57c540 .event negedge, v000001389a5e3e90_0;
TD_cache_tb.send_read ;
    %load/vec4 v000001389a5e7d50_0;
    %load/vec4 v000001389a5e87f0_0;
    %concat/vec4; draw_concat_vec4
    %load/vec4 v000001389a5e8f70_0;
    %concat/vec4; draw_concat_vec4
    %store/vec4 v000001389a5e8570_0, 0, 32;
    %load/vec4 v000001389a5e82f0_0;
    %store/vec4 v000001389a5e8070_0, 0, 4;
    %pushi/vec4 0, 0, 1;
    %store/vec4 v000001389a5e8430_0, 0, 1;
    %pushi/vec4 4294967295, 4294967295, 32;
    %store/vec4 v000001389a5e81b0_0, 0, 32;
    %pushi/vec4 1, 0, 1;
    %store/vec4 v000001389a5e9150_0, 0, 1;
    %wait E_000001389a57c540;
    %pushi/vec4 0, 0, 1;
    %store/vec4 v000001389a5e9150_0, 0, 1;
    %delay 0, 0;
    %load/vec4 v000001389a5e8070_0;
    %parti/s 1, 3, 3;
    %replicate 8;
    %load/vec4 v000001389a5e8070_0;
    %parti/s 1, 2, 3;
    %replicate 8;
    %concat/vec4; draw_concat_vec4
    %load/vec4 v000001389a5e8070_0;
    %parti/s 1, 1, 2;
    %replicate 8;
    %concat/vec4; draw_concat_vec4
    %load/vec4 v000001389a5e8070_0;
    %parti/s 1, 0, 2;
    %replicate 8;
    %concat/vec4; draw_concat_vec4
    %store/vec4 v000001389a5e84d0_0, 0, 32;
    %load/vec4 v000001389a5e8890_0;
    %nor/r;
    %flag_set/vec4 8;
    %jmp/0xz  T_3.0, 8;
    %load/vec4 v000001389a5e8b10_0;
    %load/vec4 v000001389a5e84d0_0;
    %and;
    %vpi_call/w 3 198 "$display", "Read HIT:   addr=%08x data=%08x mask=%04b", v000001389a5e8570_0, S<0,vec4,u32>, v000001389a5e8070_0 {1 0 0};
    %jmp T_3.1;
T_3.0 ;
T_3.2 ;
    %load/vec4 v000001389a5e8890_0;
    %flag_set/vec4 8;
    %jmp/0xz T_3.3, 8;
    %wait E_000001389a57c540;
    %jmp T_3.2;
T_3.3 ;
    %load/vec4 v000001389a5e8b10_0;
    %load/vec4 v000001389a5e84d0_0;
    %and;
    %vpi_call/w 3 201 "$display", "Read MISS:  addr=%08x data=%08x mask=%04b", v000001389a5e8570_0, S<0,vec4,u32>, v000001389a5e8070_0 {1 0 0};
T_3.1 ;
    %end;
S_000001389a5e9bd0 .scope autotask, "send_write" "send_write" 3 166, 3 166 0, S_000001389a22edb0;
 .timescale 0 0;
v000001389a5e78f0_0 .var "data", 31 0;
v000001389a5e9790_0 .var "index", 4 0;
v000001389a5e9330_0 .var "mask", 3 0;
v000001389a5e91f0_0 .var "offset", 3 0;
v000001389a5e8750_0 .var "tag", 22 0;
E_000001389a57ce40 .event negedge, v000001389a5e3e90_0;
TD_cache_tb.send_write ;
    %load/vec4 v000001389a5e8750_0;
    %load/vec4 v000001389a5e9790_0;
    %concat/vec4; draw_concat_vec4
    %load/vec4 v000001389a5e91f0_0;
    %concat/vec4; draw_concat_vec4
    %store/vec4 v000001389a5e8570_0, 0, 32;
    %load/vec4 v000001389a5e9330_0;
    %store/vec4 v000001389a5e8070_0, 0, 4;
    %pushi/vec4 0, 0, 1;
    %store/vec4 v000001389a5e9150_0, 0, 1;
    %pushi/vec4 1, 0, 1;
    %store/vec4 v000001389a5e8430_0, 0, 1;
    %load/vec4 v000001389a5e78f0_0;
    %store/vec4 v000001389a5e81b0_0, 0, 32;
    %wait E_000001389a57ce40;
    %pushi/vec4 0, 0, 1;
    %store/vec4 v000001389a5e8430_0, 0, 1;
    %load/vec4 v000001389a5e8890_0;
    %nor/r;
    %flag_set/vec4 8;
    %jmp/0xz  T_4.4, 8;
    %load/vec4 v000001389a5e81b0_0;
    %load/vec4 v000001389a5e84d0_0;
    %and;
    %vpi_call/w 3 177 "$display", "Write HIT:  addr=%08x data=%08x mask=%04b", v000001389a5e8570_0, S<0,vec4,u32>, v000001389a5e8070_0 {1 0 0};
    %jmp T_4.5;
T_4.4 ;
T_4.6 ;
    %load/vec4 v000001389a5e8890_0;
    %flag_set/vec4 8;
    %jmp/0xz T_4.7, 8;
    %wait E_000001389a57ce40;
    %jmp T_4.6;
T_4.7 ;
    %load/vec4 v000001389a5e81b0_0;
    %load/vec4 v000001389a5e84d0_0;
    %and;
    %vpi_call/w 3 180 "$display", "Write MISS: addr=%08x data=%08x mask=%04b", v000001389a5e8570_0, S<0,vec4,u32>, v000001389a5e8070_0 {1 0 0};
T_4.5 ;
    %end;
    .scope S_000001389a5e08b0;
T_5 ;
    %wait E_000001389a57c280;
    %load/vec4 v000001389a5e6bc0_0;
    %flag_set/vec4 8;
    %jmp/0xz  T_5.0, 8;
    %pushi/vec4 0, 0, 1;
    %ix/load 3, 1, 0;
    %flag_set/imm 4, 0;
    %ix/load 4, 0, 0; Constant delay
    %assign/vec4/a/d v000001389a5e93d0, 0, 4;
    %pushi/vec4 0, 0, 1;
    %ix/load 3, 1, 0;
    %flag_set/imm 4, 0;
    %ix/load 4, 0, 0; Constant delay
    %assign/vec4/a/d v000001389a5e7c10, 0, 4;
    %jmp T_5.1;
T_5.0 ;
    %ix/load 4, 0, 0;
    %flag_set/imm 4, 0;
    %load/vec4a v000001389a5e6300, 4;
    %ix/load 3, 1, 0;
    %flag_set/imm 4, 0;
    %ix/load 4, 0, 0; Constant delay
    %assign/vec4/a/d v000001389a5e6300, 0, 4;
    %ix/load 4, 0, 0;
    %flag_set/imm 4, 0;
    %load/vec4a v000001389a5e93d0, 4;
    %ix/load 3, 1, 0;
    %flag_set/imm 4, 0;
    %ix/load 4, 0, 0; Constant delay
    %assign/vec4/a/d v000001389a5e93d0, 0, 4;
    %ix/load 4, 0, 0;
    %flag_set/imm 4, 0;
    %load/vec4a v000001389a5e7c10, 4;
    %ix/load 3, 1, 0;
    %flag_set/imm 4, 0;
    %ix/load 4, 0, 0; Constant delay
    %assign/vec4/a/d v000001389a5e7c10, 0, 4;
    %ix/load 4, 0, 0;
    %flag_set/imm 4, 0;
    %load/vec4a v000001389a5e6120, 4;
    %ix/load 3, 1, 0;
    %flag_set/imm 4, 0;
    %ix/load 4, 0, 0; Constant delay
    %assign/vec4/a/d v000001389a5e6120, 0, 4;
    %ix/load 4, 0, 0;
    %flag_set/imm 4, 0;
    %load/vec4a v000001389a5e7b70, 4;
    %ix/load 3, 1, 0;
    %flag_set/imm 4, 0;
    %ix/load 4, 0, 0; Constant delay
    %assign/vec4/a/d v000001389a5e7b70, 0, 4;
T_5.1 ;
    %jmp T_5;
    .thread T_5;
    .scope S_000001389a5e0a40;
T_6 ;
    %wait E_000001389a57c280;
    %load/vec4 v000001389a5e6bc0_0;
    %flag_set/vec4 8;
    %jmp/0xz  T_6.0, 8;
    %pushi/vec4 0, 0, 1;
    %ix/load 3, 2, 0;
    %flag_set/imm 4, 0;
    %ix/load 4, 0, 0; Constant delay
    %assign/vec4/a/d v000001389a5e93d0, 0, 4;
    %pushi/vec4 0, 0, 1;
    %ix/load 3, 2, 0;
    %flag_set/imm 4, 0;
    %ix/load 4, 0, 0; Constant delay
    %assign/vec4/a/d v000001389a5e7c10, 0, 4;
    %jmp T_6.1;
T_6.0 ;
    %ix/load 4, 1, 0;
    %flag_set/imm 4, 0;
    %load/vec4a v000001389a5e6300, 4;
    %ix/load 3, 2, 0;
    %flag_set/imm 4, 0;
    %ix/load 4, 0, 0; Constant delay
    %assign/vec4/a/d v000001389a5e6300, 0, 4;
    %ix/load 4, 1, 0;
    %flag_set/imm 4, 0;
    %load/vec4a v000001389a5e93d0, 4;
    %ix/load 3, 2, 0;
    %flag_set/imm 4, 0;
    %ix/load 4, 0, 0; Constant delay
    %assign/vec4/a/d v000001389a5e93d0, 0, 4;
    %ix/load 4, 1, 0;
    %flag_set/imm 4, 0;
    %load/vec4a v000001389a5e7c10, 4;
    %ix/load 3, 2, 0;
    %flag_set/imm 4, 0;
    %ix/load 4, 0, 0; Constant delay
    %assign/vec4/a/d v000001389a5e7c10, 0, 4;
    %ix/load 4, 1, 0;
    %flag_set/imm 4, 0;
    %load/vec4a v000001389a5e6120, 4;
    %ix/load 3, 2, 0;
    %flag_set/imm 4, 0;
    %ix/load 4, 0, 0; Constant delay
    %assign/vec4/a/d v000001389a5e6120, 0, 4;
    %ix/load 4, 1, 0;
    %flag_set/imm 4, 0;
    %load/vec4a v000001389a5e7b70, 4;
    %ix/load 3, 2, 0;
    %flag_set/imm 4, 0;
    %ix/load 4, 0, 0; Constant delay
    %assign/vec4/a/d v000001389a5e7b70, 0, 4;
T_6.1 ;
    %jmp T_6;
    .thread T_6;
    .scope S_000001389a5e7500;
T_7 ;
    %wait E_000001389a57c280;
    %load/vec4 v000001389a5e6bc0_0;
    %flag_set/vec4 8;
    %jmp/0xz  T_7.0, 8;
    %pushi/vec4 0, 0, 1;
    %ix/load 3, 3, 0;
    %flag_set/imm 4, 0;
    %ix/load 4, 0, 0; Constant delay
    %assign/vec4/a/d v000001389a5e93d0, 0, 4;
    %pushi/vec4 0, 0, 1;
    %ix/load 3, 3, 0;
    %flag_set/imm 4, 0;
    %ix/load 4, 0, 0; Constant delay
    %assign/vec4/a/d v000001389a5e7c10, 0, 4;
    %jmp T_7.1;
T_7.0 ;
    %ix/load 4, 2, 0;
    %flag_set/imm 4, 0;
    %load/vec4a v000001389a5e6300, 4;
    %ix/load 3, 3, 0;
    %flag_set/imm 4, 0;
    %ix/load 4, 0, 0; Constant delay
    %assign/vec4/a/d v000001389a5e6300, 0, 4;
    %ix/load 4, 2, 0;
    %flag_set/imm 4, 0;
    %load/vec4a v000001389a5e93d0, 4;
    %ix/load 3, 3, 0;
    %flag_set/imm 4, 0;
    %ix/load 4, 0, 0; Constant delay
    %assign/vec4/a/d v000001389a5e93d0, 0, 4;
    %ix/load 4, 2, 0;
    %flag_set/imm 4, 0;
    %load/vec4a v000001389a5e7c10, 4;
    %ix/load 3, 3, 0;
    %flag_set/imm 4, 0;
    %ix/load 4, 0, 0; Constant delay
    %assign/vec4/a/d v000001389a5e7c10, 0, 4;
    %ix/load 4, 2, 0;
    %flag_set/imm 4, 0;
    %load/vec4a v000001389a5e6120, 4;
    %ix/load 3, 3, 0;
    %flag_set/imm 4, 0;
    %ix/load 4, 0, 0; Constant delay
    %assign/vec4/a/d v000001389a5e6120, 0, 4;
    %ix/load 4, 2, 0;
    %flag_set/imm 4, 0;
    %load/vec4a v000001389a5e7b70, 4;
    %ix/load 3, 3, 0;
    %flag_set/imm 4, 0;
    %ix/load 4, 0, 0; Constant delay
    %assign/vec4/a/d v000001389a5e7b70, 0, 4;
T_7.1 ;
    %jmp T_7;
    .thread T_7;
    .scope S_000001389a5de690;
T_8 ;
    %wait E_000001389a57c280;
    %load/vec4 v000001389a5e6bc0_0;
    %flag_set/vec4 8;
    %jmp/0xz  T_8.0, 8;
    %pushi/vec4 0, 0, 1;
    %assign/vec4 v000001389a5e5ae0_0, 0;
    %jmp T_8.1;
T_8.0 ;
    %load/vec4 v000001389a5e5ae0_0;
    %pad/u 32;
    %cmpi/e 1, 0, 32;
    %jmp/0xz  T_8.2, 4;
    %pushi/vec4 0, 0, 1;
    %assign/vec4 v000001389a5e5ae0_0, 0;
    %jmp T_8.3;
T_8.2 ;
    %load/vec4 v000001389a5e8d90_0;
    %nor/r;
    %load/vec4 v000001389a5e5680_0;
    %or;
    %load/vec4 v000001389a5e59a0_0;
    %or;
    %flag_set/vec4 8;
    %jmp/0xz  T_8.4, 8;
    %load/vec4 v000001389a5e5ae0_0;
    %pad/u 2;
    %addi 1, 0, 2;
    %pad/u 1;
    %assign/vec4 v000001389a5e5ae0_0, 0;
T_8.4 ;
T_8.3 ;
T_8.1 ;
    %jmp T_8;
    .thread T_8;
    .scope S_000001389a5de690;
T_9 ;
    %wait E_000001389a57c280;
    %load/vec4 v000001389a5e6bc0_0;
    %flag_set/vec4 8;
    %jmp/0xz  T_9.0, 8;
    %pushi/vec4 0, 0, 1;
    %ix/load 3, 0, 0;
    %flag_set/imm 4, 0;
    %ix/load 4, 0, 0; Constant delay
    %assign/vec4/a/d v000001389a5e93d0, 0, 4;
    %pushi/vec4 0, 0, 1;
    %ix/load 3, 0, 0;
    %flag_set/imm 4, 0;
    %ix/load 4, 0, 0; Constant delay
    %assign/vec4/a/d v000001389a5e7c10, 0, 4;
    %jmp T_9.1;
T_9.0 ;
    %load/vec4 v000001389a5e66c0_0;
    %ix/load 3, 0, 0;
    %flag_set/imm 4, 0;
    %ix/load 4, 0, 0; Constant delay
    %assign/vec4/a/d v000001389a5e6300, 0, 4;
    %load/vec4 v000001389a5e8d90_0;
    %load/vec4 v000001389a5e5680_0;
    %and;
    %ix/load 3, 0, 0;
    %flag_set/imm 4, 0;
    %ix/load 4, 0, 0; Constant delay
    %assign/vec4/a/d v000001389a5e93d0, 0, 4;
    %load/vec4 v000001389a5e8d90_0;
    %load/vec4 v000001389a5e59a0_0;
    %and;
    %ix/load 3, 0, 0;
    %flag_set/imm 4, 0;
    %ix/load 4, 0, 0; Constant delay
    %assign/vec4/a/d v000001389a5e7c10, 0, 4;
    %load/vec4 v000001389a5e5900_0;
    %ix/load 3, 0, 0;
    %flag_set/imm 4, 0;
    %ix/load 4, 0, 0; Constant delay
    %assign/vec4/a/d v000001389a5e6120, 0, 4;
    %load/vec4 v000001389a5e5720_0;
    %ix/load 3, 0, 0;
    %flag_set/imm 4, 0;
    %ix/load 4, 0, 0; Constant delay
    %assign/vec4/a/d v000001389a5e7b70, 0, 4;
T_9.1 ;
    %jmp T_9;
    .thread T_9;
    .scope S_000001389a5de690;
T_10 ;
    %wait E_000001389a57c280;
    %load/vec4 v000001389a5e7df0_0;
    %load/vec4 v000001389a5e57c0_0;
    %parti/s 1, 0, 2;
    %and;
    %flag_set/vec4 8;
    %jmp/0xz  T_10.0, 8;
    %load/vec4 v000001389a5e7a30_0;
    %parti/s 8, 0, 2;
    %load/vec4 v000001389a5e96f0_0;
    %addi 0, 0, 32;
    %ix/vec4 3;
    %ix/load 4, 0, 0; Constant delay
    %assign/vec4/a/d v000001389a5e6c60, 0, 4;
T_10.0 ;
    %load/vec4 v000001389a5e7df0_0;
    %load/vec4 v000001389a5e57c0_0;
    %parti/s 1, 1, 2;
    %and;
    %flag_set/vec4 8;
    %jmp/0xz  T_10.2, 8;
    %load/vec4 v000001389a5e7a30_0;
    %parti/s 8, 8, 5;
    %load/vec4 v000001389a5e96f0_0;
    %addi 1, 0, 32;
    %ix/vec4 3;
    %ix/load 4, 0, 0; Constant delay
    %assign/vec4/a/d v000001389a5e6c60, 0, 4;
T_10.2 ;
    %load/vec4 v000001389a5e7df0_0;
    %load/vec4 v000001389a5e57c0_0;
    %parti/s 1, 2, 3;
    %and;
    %flag_set/vec4 8;
    %jmp/0xz  T_10.4, 8;
    %load/vec4 v000001389a5e7a30_0;
    %parti/s 8, 16, 6;
    %load/vec4 v000001389a5e96f0_0;
    %addi 2, 0, 32;
    %ix/vec4 3;
    %ix/load 4, 0, 0; Constant delay
    %assign/vec4/a/d v000001389a5e6c60, 0, 4;
T_10.4 ;
    %load/vec4 v000001389a5e7df0_0;
    %load/vec4 v000001389a5e57c0_0;
    %parti/s 1, 3, 3;
    %and;
    %flag_set/vec4 8;
    %jmp/0xz  T_10.6, 8;
    %load/vec4 v000001389a5e7a30_0;
    %parti/s 8, 24, 6;
    %load/vec4 v000001389a5e96f0_0;
    %addi 3, 0, 32;
    %ix/vec4 3;
    %ix/load 4, 0, 0; Constant delay
    %assign/vec4/a/d v000001389a5e6c60, 0, 4;
T_10.6 ;
    %jmp T_10;
    .thread T_10;
    .scope S_000001389a1a90a0;
T_11 ;
    %wait E_000001389a57c280;
    %load/vec4 v000001389a5e4c50_0;
    %flag_set/vec4 8;
    %jmp/0xz  T_11.0, 8;
    %pushi/vec4 0, 0, 2;
    %assign/vec4 v000001389a5e3d50_0, 0;
    %pushi/vec4 0, 0, 23;
    %assign/vec4 v000001389a5e4e30_0, 0;
    %pushi/vec4 0, 0, 5;
    %assign/vec4 v000001389a5e4430_0, 0;
    %pushi/vec4 0, 0, 2;
    %assign/vec4 v000001389a5e4cf0_0, 0;
    %pushi/vec4 0, 0, 1;
    %assign/vec4 v000001389a5e5010_0, 0;
    %pushi/vec4 0, 0, 1;
    %assign/vec4 v000001389a5e3c10_0, 0;
    %pushi/vec4 0, 0, 4;
    %assign/vec4 v000001389a5e4f70_0, 0;
    %pushi/vec4 0, 0, 32;
    %assign/vec4 v000001389a5e3ad0_0, 0;
    %pushi/vec4 0, 0, 2;
    %assign/vec4 v000001389a5e46b0_0, 0;
    %pushi/vec4 0, 0, 3;
    %assign/vec4 v000001389a5e61c0_0, 0;
    %pushi/vec4 0, 0, 3;
    %assign/vec4 v000001389a5e68a0_0, 0;
    %pushi/vec4 0, 0, 4;
    %assign/vec4 v000001389a5e5c20_0, 0;
    %pushi/vec4 0, 0, 32;
    %store/vec4 v000001389a5e5150_0, 0, 32;
T_11.2 ;
    %load/vec4 v000001389a5e5150_0;
    %cmpi/s 32, 0, 32;
    %jmp/0xz T_11.3, 5;
    %pushi/vec4 0, 0, 2;
    %ix/getv/s 3, v000001389a5e5150_0;
    %ix/load 4, 0, 0; Constant delay
    %assign/vec4/a/d v000001389a5e3710, 0, 4;
    %pushi/vec4 0, 0, 1;
    %ix/getv/s 3, v000001389a5e5150_0;
    %ix/load 4, 0, 0; Constant delay
    %assign/vec4/a/d v000001389a5e41b0, 0, 4;
    %pushi/vec4 0, 0, 23;
    %ix/getv/s 3, v000001389a5e5150_0;
    %ix/load 4, 0, 0; Constant delay
    %assign/vec4/a/d v000001389a5e5330, 0, 4;
    %pushi/vec4 0, 0, 23;
    %ix/getv/s 3, v000001389a5e5150_0;
    %ix/load 4, 0, 0; Constant delay
    %assign/vec4/a/d v000001389a5e3530, 0, 4;
    %pushi/vec4 0, 0, 32;
    %store/vec4 v000001389a5e6ee0_0, 0, 32;
T_11.4 ;
    %load/vec4 v000001389a5e6ee0_0;
    %cmpi/s 4, 0, 32;
    %jmp/0xz T_11.5, 5;
    %pushi/vec4 0, 0, 32;
    %load/vec4 v000001389a5e5150_0;
    %pad/s 35;
    %pad/s 37;
    %muli 4, 0, 37;
    %pad/s 38;
    %load/vec4 v000001389a5e6ee0_0;
    %pad/s 38;
    %add;
    %ix/vec4/s 3;
    %ix/load 4, 0, 0; Constant delay
    %assign/vec4/a/d v000001389a5e1ad0, 0, 4;
    %pushi/vec4 0, 0, 32;
    %load/vec4 v000001389a5e5150_0;
    %pad/s 35;
    %pad/s 37;
    %muli 4, 0, 37;
    %pad/s 38;
    %load/vec4 v000001389a5e6ee0_0;
    %pad/s 38;
    %add;
    %ix/vec4/s 3;
    %ix/load 4, 0, 0; Constant delay
    %assign/vec4/a/d v000001389a5e27f0, 0, 4;
    %load/vec4 v000001389a5e6ee0_0;
    %addi 1, 0, 32;
    %store/vec4 v000001389a5e6ee0_0, 0, 32;
    %jmp T_11.4;
T_11.5 ;
    %load/vec4 v000001389a5e5150_0;
    %addi 1, 0, 32;
    %store/vec4 v000001389a5e5150_0, 0, 32;
    %jmp T_11.2;
T_11.3 ;
    %pushi/vec4 0, 0, 32;
    %store/vec4 v000001389a5e5cc0_0, 0, 32;
T_11.6 ;
    %load/vec4 v000001389a5e5cc0_0;
    %cmpi/s 8, 0, 32;
    %jmp/0xz T_11.7, 5;
    %pushi/vec4 0, 0, 32;
    %ix/getv/s 3, v000001389a5e5cc0_0;
    %ix/load 4, 0, 0; Constant delay
    %assign/vec4/a/d v000001389a5e4250, 0, 4;
    %pushi/vec4 0, 0, 32;
    %ix/getv/s 3, v000001389a5e5cc0_0;
    %ix/load 4, 0, 0; Constant delay
    %assign/vec4/a/d v000001389a5e7200, 0, 4;
    %load/vec4 v000001389a5e5cc0_0;
    %addi 1, 0, 32;
    %store/vec4 v000001389a5e5cc0_0, 0, 32;
    %jmp T_11.6;
T_11.7 ;
    %jmp T_11.1;
T_11.0 ;
    %load/vec4 v000001389a5e72a0_0;
    %flag_set/vec4 8;
    %jmp/0xz  T_11.8, 8;
    %load/vec4 v000001389a5e7020_0;
    %load/vec4 v000001389a5e68a0_0;
    %pad/u 5;
    %ix/vec4 3;
    %ix/load 4, 0, 0; Constant delay
    %assign/vec4/a/d v000001389a5e4250, 0, 4;
    %load/vec4 v000001389a5e7340_0;
    %load/vec4 v000001389a5e68a0_0;
    %pad/u 5;
    %ix/vec4 3;
    %ix/load 4, 0, 0; Constant delay
    %assign/vec4/a/d v000001389a5e7200, 0, 4;
T_11.8 ;
    %load/vec4 v000001389a5e6440_0;
    %flag_set/vec4 8;
    %jmp/0xz  T_11.10, 8;
    %load/vec4 v000001389a5e61c0_0;
    %addi 1, 0, 3;
    %assign/vec4 v000001389a5e61c0_0, 0;
T_11.10 ;
    %load/vec4 v000001389a5e72a0_0;
    %flag_set/vec4 8;
    %jmp/0xz  T_11.12, 8;
    %load/vec4 v000001389a5e68a0_0;
    %addi 1, 0, 3;
    %assign/vec4 v000001389a5e68a0_0, 0;
T_11.12 ;
    %load/vec4 v000001389a5e72a0_0;
    %load/vec4 v000001389a5e6440_0;
    %concat/vec4; draw_concat_vec4
    %dup/vec4;
    %pushi/vec4 2, 0, 2;
    %cmp/u;
    %jmp/1 T_11.14, 6;
    %dup/vec4;
    %pushi/vec4 1, 0, 2;
    %cmp/u;
    %jmp/1 T_11.15, 6;
    %load/vec4 v000001389a5e5c20_0;
    %assign/vec4 v000001389a5e5c20_0, 0;
    %jmp T_11.17;
T_11.14 ;
    %load/vec4 v000001389a5e5c20_0;
    %addi 1, 0, 4;
    %assign/vec4 v000001389a5e5c20_0, 0;
    %jmp T_11.17;
T_11.15 ;
    %load/vec4 v000001389a5e5c20_0;
    %subi 1, 0, 4;
    %assign/vec4 v000001389a5e5c20_0, 0;
    %jmp T_11.17;
T_11.17 ;
    %pop/vec4 1;
    %load/vec4 v000001389a5e3d50_0;
    %dup/vec4;
    %pushi/vec4 0, 0, 2;
    %cmp/u;
    %jmp/1 T_11.18, 6;
    %dup/vec4;
    %pushi/vec4 1, 0, 2;
    %cmp/u;
    %jmp/1 T_11.19, 6;
    %dup/vec4;
    %pushi/vec4 2, 0, 2;
    %cmp/u;
    %jmp/1 T_11.20, 6;
    %dup/vec4;
    %pushi/vec4 3, 0, 2;
    %cmp/u;
    %jmp/1 T_11.21, 6;
    %pushi/vec4 0, 0, 2;
    %assign/vec4 v000001389a5e3d50_0, 0;
    %jmp T_11.23;
T_11.18 ;
    %load/vec4 v000001389a5e42f0_0;
    %load/vec4 v000001389a5e29d0_0;
    %and;
    %flag_set/vec4 8;
    %jmp/0xz  T_11.24, 8;
    %load/vec4 v000001389a5e3990_0;
    %flag_set/vec4 8;
    %jmp/0xz  T_11.26, 8;
    %pushi/vec4 1, 0, 1;
    %load/vec4 v000001389a5e50b0_0;
    %pad/u 7;
    %ix/vec4 3;
    %ix/load 4, 0, 0; Constant delay
    %assign/vec4/a/d v000001389a5e41b0, 0, 4;
    %jmp T_11.27;
T_11.26 ;
    %load/vec4 v000001389a5e3f30_0;
    %flag_set/vec4 8;
    %jmp/0xz  T_11.28, 8;
    %pushi/vec4 0, 0, 1;
    %load/vec4 v000001389a5e50b0_0;
    %pad/u 7;
    %ix/vec4 3;
    %ix/load 4, 0, 0; Constant delay
    %assign/vec4/a/d v000001389a5e41b0, 0, 4;
T_11.28 ;
T_11.27 ;
    %jmp T_11.25;
T_11.24 ;
    %load/vec4 v000001389a5e6800_0;
    %flag_set/vec4 8;
    %jmp/0xz  T_11.30, 8;
    %load/vec4 v000001389a5e3990_0;
    %flag_set/vec4 8;
    %jmp/0xz  T_11.32, 8;
    %load/vec4 v000001389a5e3df0_0;
    %load/vec4 v000001389a5e50b0_0;
    %pad/u 10;
    %pad/u 12;
    %muli 4, 0, 12;
    %pad/u 13;
    %load/vec4 v000001389a5e3a30_0;
    %pad/u 4;
    %pad/u 13;
    %add;
    %ix/vec4 3;
    %ix/load 4, 0, 0; Constant delay
    %assign/vec4/a/d v000001389a5e1ad0, 0, 4;
    %jmp T_11.33;
T_11.32 ;
    %load/vec4 v000001389a5e3df0_0;
    %load/vec4 v000001389a5e50b0_0;
    %pad/u 10;
    %pad/u 12;
    %muli 4, 0, 12;
    %pad/u 13;
    %load/vec4 v000001389a5e3a30_0;
    %pad/u 4;
    %pad/u 13;
    %add;
    %ix/vec4 3;
    %ix/load 4, 0, 0; Constant delay
    %assign/vec4/a/d v000001389a5e27f0, 0, 4;
T_11.33 ;
    %load/vec4 v000001389a5e3990_0;
    %flag_set/vec4 8;
    %jmp/0xz  T_11.34, 8;
    %pushi/vec4 1, 0, 1;
    %load/vec4 v000001389a5e50b0_0;
    %pad/u 7;
    %ix/vec4 3;
    %ix/load 4, 0, 0; Constant delay
    %assign/vec4/a/d v000001389a5e41b0, 0, 4;
    %jmp T_11.35;
T_11.34 ;
    %load/vec4 v000001389a5e3f30_0;
    %flag_set/vec4 8;
    %jmp/0xz  T_11.36, 8;
    %pushi/vec4 0, 0, 1;
    %load/vec4 v000001389a5e50b0_0;
    %pad/u 7;
    %ix/vec4 3;
    %ix/load 4, 0, 0; Constant delay
    %assign/vec4/a/d v000001389a5e41b0, 0, 4;
T_11.36 ;
T_11.35 ;
    %jmp T_11.31;
T_11.30 ;
    %load/vec4 v000001389a5e5860_0;
    %flag_set/vec4 8;
    %jmp/0xz  T_11.38, 8;
    %load/vec4 v000001389a5e51f0_0;
    %assign/vec4 v000001389a5e4e30_0, 0;
    %load/vec4 v000001389a5e50b0_0;
    %assign/vec4 v000001389a5e4430_0, 0;
    %load/vec4 v000001389a5e3a30_0;
    %assign/vec4 v000001389a5e4cf0_0, 0;
    %load/vec4 v000001389a5e4890_0;
    %assign/vec4 v000001389a5e5010_0, 0;
    %pushi/vec4 1, 0, 1;
    %assign/vec4 v000001389a5e3c10_0, 0;
    %load/vec4 v000001389a5e4bb0_0;
    %assign/vec4 v000001389a5e4f70_0, 0;
    %load/vec4 v000001389a5e4750_0;
    %assign/vec4 v000001389a5e3ad0_0, 0;
    %pushi/vec4 3, 0, 2;
    %assign/vec4 v000001389a5e3d50_0, 0;
    %jmp T_11.39;
T_11.38 ;
    %load/vec4 v000001389a5e4ed0_0;
    %load/vec4 v000001389a5e5a40_0;
    %or;
    %flag_set/vec4 8;
    %jmp/0xz  T_11.40, 8;
    %load/vec4 v000001389a5e51f0_0;
    %assign/vec4 v000001389a5e4e30_0, 0;
    %load/vec4 v000001389a5e50b0_0;
    %assign/vec4 v000001389a5e4430_0, 0;
    %load/vec4 v000001389a5e3a30_0;
    %assign/vec4 v000001389a5e4cf0_0, 0;
    %load/vec4 v000001389a5e3850_0;
    %assign/vec4 v000001389a5e5010_0, 0;
    %load/vec4 v000001389a5e4930_0;
    %assign/vec4 v000001389a5e3c10_0, 0;
    %load/vec4 v000001389a5e4bb0_0;
    %assign/vec4 v000001389a5e4f70_0, 0;
    %load/vec4 v000001389a5e4750_0;
    %assign/vec4 v000001389a5e3ad0_0, 0;
    %pushi/vec4 0, 0, 2;
    %assign/vec4 v000001389a5e46b0_0, 0;
    %pushi/vec4 1, 0, 2;
    %assign/vec4 v000001389a5e3d50_0, 0;
T_11.40 ;
T_11.39 ;
T_11.31 ;
T_11.25 ;
    %jmp T_11.23;
T_11.19 ;
    %load/vec4 v000001389a5e4390_0;
    %flag_set/vec4 8;
    %jmp/0xz  T_11.42, 8;
    %pushi/vec4 2, 0, 2;
    %assign/vec4 v000001389a5e3d50_0, 0;
T_11.42 ;
    %jmp T_11.23;
T_11.20 ;
    %load/vec4 v000001389a5e53d0_0;
    %flag_set/vec4 8;
    %jmp/0xz  T_11.44, 8;
    %load/vec4 v000001389a5e5010_0;
    %cmpi/e 0, 0, 1;
    %jmp/0xz  T_11.46, 4;
    %load/vec4 v000001389a5e4610_0;
    %load/vec4 v000001389a5e4430_0;
    %pad/u 10;
    %pad/u 12;
    %muli 4, 0, 12;
    %pad/u 13;
    %load/vec4 v000001389a5e46b0_0;
    %pad/u 4;
    %pad/u 13;
    %add;
    %ix/vec4 3;
    %ix/load 4, 0, 0; Constant delay
    %assign/vec4/a/d v000001389a5e1ad0, 0, 4;
    %jmp T_11.47;
T_11.46 ;
    %load/vec4 v000001389a5e4610_0;
    %load/vec4 v000001389a5e4430_0;
    %pad/u 10;
    %pad/u 12;
    %muli 4, 0, 12;
    %pad/u 13;
    %load/vec4 v000001389a5e46b0_0;
    %pad/u 4;
    %pad/u 13;
    %add;
    %ix/vec4 3;
    %ix/load 4, 0, 0; Constant delay
    %assign/vec4/a/d v000001389a5e27f0, 0, 4;
T_11.47 ;
    %load/vec4 v000001389a5e46b0_0;
    %cmpi/e 3, 0, 2;
    %jmp/0xz  T_11.48, 4;
    %load/vec4 v000001389a5e5010_0;
    %cmpi/e 0, 0, 1;
    %jmp/0xz  T_11.50, 4;
    %load/vec4 v000001389a5e4e30_0;
    %load/vec4 v000001389a5e4430_0;
    %pad/u 7;
    %ix/vec4 3;
    %ix/load 4, 0, 0; Constant delay
    %assign/vec4/a/d v000001389a5e5330, 0, 4;
    %pushi/vec4 1, 0, 1;
    %load/vec4 v000001389a5e4430_0;
    %pad/u 7;
    %ix/vec4 3;
    %ix/load 4, 0, 0; Constant delay
    %assign/vec4/a/d v000001389a5e3710, 0, 4;
    %jmp T_11.51;
T_11.50 ;
    %load/vec4 v000001389a5e4e30_0;
    %load/vec4 v000001389a5e4430_0;
    %pad/u 7;
    %ix/vec4 3;
    %ix/load 4, 0, 0; Constant delay
    %assign/vec4/a/d v000001389a5e3530, 0, 4;
    %pushi/vec4 1, 0, 1;
    %load/vec4 v000001389a5e4430_0;
    %pad/u 7;
    %ix/vec4 3;
    %ix/load 4, 1, 0; part off
    %ix/load 5, 0, 0; Constant delay
    %assign/vec4/a/d v000001389a5e3710, 4, 5;
T_11.51 ;
    %load/vec4 v000001389a5e3c10_0;
    %flag_set/vec4 8;
    %jmp/0xz  T_11.52, 8;
    %pushi/vec4 3, 0, 2;
    %assign/vec4 v000001389a5e3d50_0, 0;
    %jmp T_11.53;
T_11.52 ;
    %load/vec4 v000001389a5e5010_0;
    %inv;
    %load/vec4 v000001389a5e4430_0;
    %pad/u 7;
    %ix/vec4 3;
    %ix/load 4, 0, 0; Constant delay
    %assign/vec4/a/d v000001389a5e41b0, 0, 4;
    %pushi/vec4 0, 0, 2;
    %assign/vec4 v000001389a5e3d50_0, 0;
T_11.53 ;
    %jmp T_11.49;
T_11.48 ;
    %load/vec4 v000001389a5e46b0_0;
    %addi 1, 0, 2;
    %assign/vec4 v000001389a5e46b0_0, 0;
    %pushi/vec4 1, 0, 2;
    %assign/vec4 v000001389a5e3d50_0, 0;
T_11.49 ;
T_11.44 ;
    %jmp T_11.23;
T_11.21 ;
    %load/vec4 v000001389a5e6940_0;
    %flag_set/vec4 8;
    %jmp/0xz  T_11.54, 8;
    %load/vec4 v000001389a5e5010_0;
    %cmpi/e 0, 0, 1;
    %jmp/0xz  T_11.56, 4;
    %load/vec4 v000001389a5e38f0_0;
    %load/vec4 v000001389a5e4430_0;
    %pad/u 10;
    %pad/u 12;
    %muli 4, 0, 12;
    %pad/u 13;
    %load/vec4 v000001389a5e4cf0_0;
    %pad/u 4;
    %pad/u 13;
    %add;
    %ix/vec4 3;
    %ix/load 4, 0, 0; Constant delay
    %assign/vec4/a/d v000001389a5e1ad0, 0, 4;
    %jmp T_11.57;
T_11.56 ;
    %load/vec4 v000001389a5e38f0_0;
    %load/vec4 v000001389a5e4430_0;
    %pad/u 10;
    %pad/u 12;
    %muli 4, 0, 12;
    %pad/u 13;
    %load/vec4 v000001389a5e4cf0_0;
    %pad/u 4;
    %pad/u 13;
    %add;
    %ix/vec4 3;
    %ix/load 4, 0, 0; Constant delay
    %assign/vec4/a/d v000001389a5e27f0, 0, 4;
T_11.57 ;
    %load/vec4 v000001389a5e5010_0;
    %inv;
    %load/vec4 v000001389a5e4430_0;
    %pad/u 7;
    %ix/vec4 3;
    %ix/load 4, 0, 0; Constant delay
    %assign/vec4/a/d v000001389a5e41b0, 0, 4;
    %pushi/vec4 0, 0, 2;
    %assign/vec4 v000001389a5e3d50_0, 0;
T_11.54 ;
    %jmp T_11.23;
T_11.23 ;
    %pop/vec4 1;
T_11.1 ;
    %jmp T_11;
    .thread T_11;
    .scope S_000001389a22edb0;
T_12 ;
    %pushi/vec4 1, 0, 1;
    %store/vec4 v000001389a5e7cb0_0, 0, 1;
    %pushi/vec4 0, 0, 1;
    %store/vec4 v000001389a5e8ed0_0, 0, 1;
    %vpi_call/w 3 89 "$dumpfile", "cache.vcd" {0 0 0};
    %vpi_call/w 3 90 "$dumpvars", 32'sb00000000000000000000000000000000, S_000001389a22edb0 {0 0 0};
    %vpi_call/w 3 92 "$display", "Starting." {0 0 0};
    %alloc S_000001389a5e98b0;
    %fork TD_cache_tb.reset_sequence, S_000001389a5e98b0;
    %join;
    %free S_000001389a5e98b0;
    %vpi_call/w 3 95 "$display", "Loading program." {0 0 0};
    %vpi_call/w 3 96 "$readmemh", "program.mem", v000001389a5e6c60 {0 0 0};
    %pushi/vec4 0, 0, 32;
    %store/vec4 v000001389a5e8930_0, 0, 32;
T_12.0 ;
    %load/vec4 v000001389a5e8930_0;
    %cmpi/s 32, 0, 32;
    %jmp/0xz T_12.1, 5;
    %pushi/vec4 0, 0, 24;
    %store/vec4 v000001389a5e7ad0_0, 0, 24;
    %load/vec4 v000001389a5e8930_0;
    %parti/s 5, 0, 2;
    %store/vec4 v000001389a5e8e30_0, 0, 5;
    %pushi/vec4 0, 0, 4;
    %store/vec4 v000001389a5e7fd0_0, 0, 4;
    %alloc S_000001389a5e9a40;
    %load/vec4 v000001389a5e7ad0_0;
    %pad/u 23;
    %store/vec4 v000001389a5e7d50_0, 0, 23;
    %load/vec4 v000001389a5e8e30_0;
    %store/vec4 v000001389a5e87f0_0, 0, 5;
    %load/vec4 v000001389a5e7fd0_0;
    %store/vec4 v000001389a5e8f70_0, 0, 4;
    %pushi/vec4 15, 0, 4;
    %store/vec4 v000001389a5e82f0_0, 0, 4;
    %fork TD_cache_tb.send_read, S_000001389a5e9a40;
    %join;
    %free S_000001389a5e9a40;
    %alloc S_000001389a5e9a40;
    %load/vec4 v000001389a5e7ad0_0;
    %pad/u 23;
    %store/vec4 v000001389a5e7d50_0, 0, 23;
    %load/vec4 v000001389a5e8e30_0;
    %store/vec4 v000001389a5e87f0_0, 0, 5;
    %load/vec4 v000001389a5e7fd0_0;
    %store/vec4 v000001389a5e8f70_0, 0, 4;
    %pushi/vec4 15, 0, 4;
    %store/vec4 v000001389a5e82f0_0, 0, 4;
    %fork TD_cache_tb.send_read, S_000001389a5e9a40;
    %join;
    %free S_000001389a5e9a40;
    %alloc S_000001389a5e9a40;
    %load/vec4 v000001389a5e7ad0_0;
    %pad/u 23;
    %store/vec4 v000001389a5e7d50_0, 0, 23;
    %load/vec4 v000001389a5e8e30_0;
    %store/vec4 v000001389a5e87f0_0, 0, 5;
    %load/vec4 v000001389a5e7fd0_0;
    %store/vec4 v000001389a5e8f70_0, 0, 4;
    %pushi/vec4 3, 0, 4;
    %store/vec4 v000001389a5e82f0_0, 0, 4;
    %fork TD_cache_tb.send_read, S_000001389a5e9a40;
    %join;
    %free S_000001389a5e9a40;
    %pushi/vec4 8, 0, 4;
    %store/vec4 v000001389a5e7fd0_0, 0, 4;
    %alloc S_000001389a5e9a40;
    %load/vec4 v000001389a5e7ad0_0;
    %pad/u 23;
    %store/vec4 v000001389a5e7d50_0, 0, 23;
    %load/vec4 v000001389a5e8e30_0;
    %store/vec4 v000001389a5e87f0_0, 0, 5;
    %load/vec4 v000001389a5e7fd0_0;
    %store/vec4 v000001389a5e8f70_0, 0, 4;
    %pushi/vec4 15, 0, 4;
    %store/vec4 v000001389a5e82f0_0, 0, 4;
    %fork TD_cache_tb.send_read, S_000001389a5e9a40;
    %join;
    %free S_000001389a5e9a40;
    %pushi/vec4 1, 0, 24;
    %store/vec4 v000001389a5e7ad0_0, 0, 24;
    %pushi/vec4 0, 0, 4;
    %store/vec4 v000001389a5e7fd0_0, 0, 4;
    %alloc S_000001389a5e9bd0;
    %load/vec4 v000001389a5e7ad0_0;
    %pad/u 23;
    %store/vec4 v000001389a5e8750_0, 0, 23;
    %load/vec4 v000001389a5e8e30_0;
    %store/vec4 v000001389a5e9790_0, 0, 5;
    %load/vec4 v000001389a5e7fd0_0;
    %store/vec4 v000001389a5e91f0_0, 0, 4;
    %pushi/vec4 15, 0, 4;
    %store/vec4 v000001389a5e9330_0, 0, 4;
    %pushi/vec4 3735928559, 0, 32;
    %store/vec4 v000001389a5e78f0_0, 0, 32;
    %fork TD_cache_tb.send_write, S_000001389a5e9bd0;
    %join;
    %free S_000001389a5e9bd0;
    %alloc S_000001389a5e9bd0;
    %load/vec4 v000001389a5e7ad0_0;
    %pad/u 23;
    %store/vec4 v000001389a5e8750_0, 0, 23;
    %load/vec4 v000001389a5e8e30_0;
    %store/vec4 v000001389a5e9790_0, 0, 5;
    %load/vec4 v000001389a5e7fd0_0;
    %store/vec4 v000001389a5e91f0_0, 0, 4;
    %pushi/vec4 15, 0, 4;
    %store/vec4 v000001389a5e9330_0, 0, 4;
    %pushi/vec4 3203386110, 0, 32;
    %store/vec4 v000001389a5e78f0_0, 0, 32;
    %fork TD_cache_tb.send_write, S_000001389a5e9bd0;
    %join;
    %free S_000001389a5e9bd0;
    %alloc S_000001389a5e9a40;
    %load/vec4 v000001389a5e7ad0_0;
    %pad/u 23;
    %store/vec4 v000001389a5e7d50_0, 0, 23;
    %load/vec4 v000001389a5e8e30_0;
    %store/vec4 v000001389a5e87f0_0, 0, 5;
    %load/vec4 v000001389a5e7fd0_0;
    %store/vec4 v000001389a5e8f70_0, 0, 4;
    %pushi/vec4 15, 0, 4;
    %store/vec4 v000001389a5e82f0_0, 0, 4;
    %fork TD_cache_tb.send_read, S_000001389a5e9a40;
    %join;
    %free S_000001389a5e9a40;
    %pushi/vec4 2, 0, 24;
    %store/vec4 v000001389a5e7ad0_0, 0, 24;
    %alloc S_000001389a5e9bd0;
    %load/vec4 v000001389a5e7ad0_0;
    %pad/u 23;
    %store/vec4 v000001389a5e8750_0, 0, 23;
    %load/vec4 v000001389a5e8e30_0;
    %store/vec4 v000001389a5e9790_0, 0, 5;
    %load/vec4 v000001389a5e7fd0_0;
    %store/vec4 v000001389a5e91f0_0, 0, 4;
    %pushi/vec4 15, 0, 4;
    %store/vec4 v000001389a5e9330_0, 0, 4;
    %pushi/vec4 3405692655, 0, 32;
    %store/vec4 v000001389a5e78f0_0, 0, 32;
    %fork TD_cache_tb.send_write, S_000001389a5e9bd0;
    %join;
    %free S_000001389a5e9bd0;
    %pushi/vec4 1, 0, 24;
    %store/vec4 v000001389a5e7ad0_0, 0, 24;
    %pushi/vec4 0, 0, 4;
    %store/vec4 v000001389a5e7fd0_0, 0, 4;
    %alloc S_000001389a5e9bd0;
    %load/vec4 v000001389a5e7ad0_0;
    %pad/u 23;
    %store/vec4 v000001389a5e8750_0, 0, 23;
    %load/vec4 v000001389a5e8e30_0;
    %store/vec4 v000001389a5e9790_0, 0, 5;
    %load/vec4 v000001389a5e7fd0_0;
    %store/vec4 v000001389a5e91f0_0, 0, 4;
    %pushi/vec4 12, 0, 4;
    %store/vec4 v000001389a5e9330_0, 0, 4;
    %pushi/vec4 3203334144, 0, 32;
    %store/vec4 v000001389a5e78f0_0, 0, 32;
    %fork TD_cache_tb.send_write, S_000001389a5e9bd0;
    %join;
    %free S_000001389a5e9bd0;
    %alloc S_000001389a5e9a40;
    %load/vec4 v000001389a5e7ad0_0;
    %pad/u 23;
    %store/vec4 v000001389a5e7d50_0, 0, 23;
    %load/vec4 v000001389a5e8e30_0;
    %store/vec4 v000001389a5e87f0_0, 0, 5;
    %load/vec4 v000001389a5e7fd0_0;
    %store/vec4 v000001389a5e8f70_0, 0, 4;
    %pushi/vec4 15, 0, 4;
    %store/vec4 v000001389a5e82f0_0, 0, 4;
    %fork TD_cache_tb.send_read, S_000001389a5e9a40;
    %join;
    %free S_000001389a5e9a40;
    %alloc S_000001389a5e9bd0;
    %load/vec4 v000001389a5e7ad0_0;
    %pad/u 23;
    %store/vec4 v000001389a5e8750_0, 0, 23;
    %load/vec4 v000001389a5e8e30_0;
    %store/vec4 v000001389a5e9790_0, 0, 5;
    %load/vec4 v000001389a5e7fd0_0;
    %store/vec4 v000001389a5e91f0_0, 0, 4;
    %pushi/vec4 3, 0, 4;
    %store/vec4 v000001389a5e9330_0, 0, 4;
    %pushi/vec4 51966, 0, 32;
    %store/vec4 v000001389a5e78f0_0, 0, 32;
    %fork TD_cache_tb.send_write, S_000001389a5e9bd0;
    %join;
    %free S_000001389a5e9bd0;
    %alloc S_000001389a5e9a40;
    %load/vec4 v000001389a5e7ad0_0;
    %pad/u 23;
    %store/vec4 v000001389a5e7d50_0, 0, 23;
    %load/vec4 v000001389a5e8e30_0;
    %store/vec4 v000001389a5e87f0_0, 0, 5;
    %load/vec4 v000001389a5e7fd0_0;
    %store/vec4 v000001389a5e8f70_0, 0, 4;
    %pushi/vec4 15, 0, 4;
    %store/vec4 v000001389a5e82f0_0, 0, 4;
    %fork TD_cache_tb.send_read, S_000001389a5e9a40;
    %join;
    %free S_000001389a5e9a40;
    %load/vec4 v000001389a5e8930_0;
    %addi 1, 0, 32;
    %store/vec4 v000001389a5e8930_0, 0, 32;
    %jmp T_12.0;
T_12.1 ;
    %pushi/vec4 0, 0, 5;
    %store/vec4 v000001389a5e8e30_0, 0, 5;
    %alloc S_000001389a5e98b0;
    %fork TD_cache_tb.reset_sequence, S_000001389a5e98b0;
    %join;
    %free S_000001389a5e98b0;
    %alloc S_000001389a5e9bd0;
    %pushi/vec4 1, 0, 23;
    %store/vec4 v000001389a5e8750_0, 0, 23;
    %load/vec4 v000001389a5e8e30_0;
    %store/vec4 v000001389a5e9790_0, 0, 5;
    %pushi/vec4 0, 0, 4;
    %store/vec4 v000001389a5e91f0_0, 0, 4;
    %pushi/vec4 15, 0, 4;
    %store/vec4 v000001389a5e9330_0, 0, 4;
    %pushi/vec4 0, 0, 32;
    %store/vec4 v000001389a5e78f0_0, 0, 32;
    %fork TD_cache_tb.send_write, S_000001389a5e9bd0;
    %join;
    %free S_000001389a5e9bd0;
    %alloc S_000001389a5e9bd0;
    %pushi/vec4 1, 0, 23;
    %store/vec4 v000001389a5e8750_0, 0, 23;
    %load/vec4 v000001389a5e8e30_0;
    %store/vec4 v000001389a5e9790_0, 0, 5;
    %pushi/vec4 4, 0, 4;
    %store/vec4 v000001389a5e91f0_0, 0, 4;
    %pushi/vec4 15, 0, 4;
    %store/vec4 v000001389a5e9330_0, 0, 4;
    %pushi/vec4 286331153, 0, 32;
    %store/vec4 v000001389a5e78f0_0, 0, 32;
    %fork TD_cache_tb.send_write, S_000001389a5e9bd0;
    %join;
    %free S_000001389a5e9bd0;
    %alloc S_000001389a5e9bd0;
    %pushi/vec4 1, 0, 23;
    %store/vec4 v000001389a5e8750_0, 0, 23;
    %load/vec4 v000001389a5e8e30_0;
    %store/vec4 v000001389a5e9790_0, 0, 5;
    %pushi/vec4 8, 0, 4;
    %store/vec4 v000001389a5e91f0_0, 0, 4;
    %pushi/vec4 15, 0, 4;
    %store/vec4 v000001389a5e9330_0, 0, 4;
    %pushi/vec4 572662306, 0, 32;
    %store/vec4 v000001389a5e78f0_0, 0, 32;
    %fork TD_cache_tb.send_write, S_000001389a5e9bd0;
    %join;
    %free S_000001389a5e9bd0;
    %alloc S_000001389a5e9bd0;
    %pushi/vec4 1, 0, 23;
    %store/vec4 v000001389a5e8750_0, 0, 23;
    %load/vec4 v000001389a5e8e30_0;
    %store/vec4 v000001389a5e9790_0, 0, 5;
    %pushi/vec4 12, 0, 4;
    %store/vec4 v000001389a5e91f0_0, 0, 4;
    %pushi/vec4 15, 0, 4;
    %store/vec4 v000001389a5e9330_0, 0, 4;
    %pushi/vec4 858993459, 0, 32;
    %store/vec4 v000001389a5e78f0_0, 0, 32;
    %fork TD_cache_tb.send_write, S_000001389a5e9bd0;
    %join;
    %free S_000001389a5e9bd0;
    %alloc S_000001389a5e9bd0;
    %pushi/vec4 2, 0, 23;
    %store/vec4 v000001389a5e8750_0, 0, 23;
    %load/vec4 v000001389a5e8e30_0;
    %store/vec4 v000001389a5e9790_0, 0, 5;
    %pushi/vec4 0, 0, 4;
    %store/vec4 v000001389a5e91f0_0, 0, 4;
    %pushi/vec4 15, 0, 4;
    %store/vec4 v000001389a5e9330_0, 0, 4;
    %pushi/vec4 1145324612, 0, 32;
    %store/vec4 v000001389a5e78f0_0, 0, 32;
    %fork TD_cache_tb.send_write, S_000001389a5e9bd0;
    %join;
    %free S_000001389a5e9bd0;
    %alloc S_000001389a5e9bd0;
    %pushi/vec4 2, 0, 23;
    %store/vec4 v000001389a5e8750_0, 0, 23;
    %load/vec4 v000001389a5e8e30_0;
    %store/vec4 v000001389a5e9790_0, 0, 5;
    %pushi/vec4 4, 0, 4;
    %store/vec4 v000001389a5e91f0_0, 0, 4;
    %pushi/vec4 15, 0, 4;
    %store/vec4 v000001389a5e9330_0, 0, 4;
    %pushi/vec4 1431655765, 0, 32;
    %store/vec4 v000001389a5e78f0_0, 0, 32;
    %fork TD_cache_tb.send_write, S_000001389a5e9bd0;
    %join;
    %free S_000001389a5e9bd0;
    %alloc S_000001389a5e9bd0;
    %pushi/vec4 2, 0, 23;
    %store/vec4 v000001389a5e8750_0, 0, 23;
    %load/vec4 v000001389a5e8e30_0;
    %store/vec4 v000001389a5e9790_0, 0, 5;
    %pushi/vec4 8, 0, 4;
    %store/vec4 v000001389a5e91f0_0, 0, 4;
    %pushi/vec4 15, 0, 4;
    %store/vec4 v000001389a5e9330_0, 0, 4;
    %pushi/vec4 1717986918, 0, 32;
    %store/vec4 v000001389a5e78f0_0, 0, 32;
    %fork TD_cache_tb.send_write, S_000001389a5e9bd0;
    %join;
    %free S_000001389a5e9bd0;
    %alloc S_000001389a5e9bd0;
    %pushi/vec4 2, 0, 23;
    %store/vec4 v000001389a5e8750_0, 0, 23;
    %load/vec4 v000001389a5e8e30_0;
    %store/vec4 v000001389a5e9790_0, 0, 5;
    %pushi/vec4 12, 0, 4;
    %store/vec4 v000001389a5e91f0_0, 0, 4;
    %pushi/vec4 15, 0, 4;
    %store/vec4 v000001389a5e9330_0, 0, 4;
    %pushi/vec4 2004318071, 0, 32;
    %store/vec4 v000001389a5e78f0_0, 0, 32;
    %fork TD_cache_tb.send_write, S_000001389a5e9bd0;
    %join;
    %free S_000001389a5e9bd0;
    %alloc S_000001389a5e9a40;
    %pushi/vec4 1, 0, 23;
    %store/vec4 v000001389a5e7d50_0, 0, 23;
    %load/vec4 v000001389a5e8e30_0;
    %store/vec4 v000001389a5e87f0_0, 0, 5;
    %pushi/vec4 0, 0, 4;
    %store/vec4 v000001389a5e8f70_0, 0, 4;
    %pushi/vec4 15, 0, 4;
    %store/vec4 v000001389a5e82f0_0, 0, 4;
    %fork TD_cache_tb.send_read, S_000001389a5e9a40;
    %join;
    %free S_000001389a5e9a40;
    %alloc S_000001389a5e9a40;
    %pushi/vec4 1, 0, 23;
    %store/vec4 v000001389a5e7d50_0, 0, 23;
    %load/vec4 v000001389a5e8e30_0;
    %store/vec4 v000001389a5e87f0_0, 0, 5;
    %pushi/vec4 4, 0, 4;
    %store/vec4 v000001389a5e8f70_0, 0, 4;
    %pushi/vec4 15, 0, 4;
    %store/vec4 v000001389a5e82f0_0, 0, 4;
    %fork TD_cache_tb.send_read, S_000001389a5e9a40;
    %join;
    %free S_000001389a5e9a40;
    %alloc S_000001389a5e9a40;
    %pushi/vec4 1, 0, 23;
    %store/vec4 v000001389a5e7d50_0, 0, 23;
    %load/vec4 v000001389a5e8e30_0;
    %store/vec4 v000001389a5e87f0_0, 0, 5;
    %pushi/vec4 8, 0, 4;
    %store/vec4 v000001389a5e8f70_0, 0, 4;
    %pushi/vec4 15, 0, 4;
    %store/vec4 v000001389a5e82f0_0, 0, 4;
    %fork TD_cache_tb.send_read, S_000001389a5e9a40;
    %join;
    %free S_000001389a5e9a40;
    %alloc S_000001389a5e9a40;
    %pushi/vec4 1, 0, 23;
    %store/vec4 v000001389a5e7d50_0, 0, 23;
    %load/vec4 v000001389a5e8e30_0;
    %store/vec4 v000001389a5e87f0_0, 0, 5;
    %pushi/vec4 12, 0, 4;
    %store/vec4 v000001389a5e8f70_0, 0, 4;
    %pushi/vec4 15, 0, 4;
    %store/vec4 v000001389a5e82f0_0, 0, 4;
    %fork TD_cache_tb.send_read, S_000001389a5e9a40;
    %join;
    %free S_000001389a5e9a40;
    %alloc S_000001389a5e9a40;
    %pushi/vec4 2, 0, 23;
    %store/vec4 v000001389a5e7d50_0, 0, 23;
    %load/vec4 v000001389a5e8e30_0;
    %store/vec4 v000001389a5e87f0_0, 0, 5;
    %pushi/vec4 0, 0, 4;
    %store/vec4 v000001389a5e8f70_0, 0, 4;
    %pushi/vec4 15, 0, 4;
    %store/vec4 v000001389a5e82f0_0, 0, 4;
    %fork TD_cache_tb.send_read, S_000001389a5e9a40;
    %join;
    %free S_000001389a5e9a40;
    %alloc S_000001389a5e9a40;
    %pushi/vec4 2, 0, 23;
    %store/vec4 v000001389a5e7d50_0, 0, 23;
    %load/vec4 v000001389a5e8e30_0;
    %store/vec4 v000001389a5e87f0_0, 0, 5;
    %pushi/vec4 4, 0, 4;
    %store/vec4 v000001389a5e8f70_0, 0, 4;
    %pushi/vec4 15, 0, 4;
    %store/vec4 v000001389a5e82f0_0, 0, 4;
    %fork TD_cache_tb.send_read, S_000001389a5e9a40;
    %join;
    %free S_000001389a5e9a40;
    %alloc S_000001389a5e9a40;
    %pushi/vec4 2, 0, 23;
    %store/vec4 v000001389a5e7d50_0, 0, 23;
    %load/vec4 v000001389a5e8e30_0;
    %store/vec4 v000001389a5e87f0_0, 0, 5;
    %pushi/vec4 8, 0, 4;
    %store/vec4 v000001389a5e8f70_0, 0, 4;
    %pushi/vec4 15, 0, 4;
    %store/vec4 v000001389a5e82f0_0, 0, 4;
    %fork TD_cache_tb.send_read, S_000001389a5e9a40;
    %join;
    %free S_000001389a5e9a40;
    %alloc S_000001389a5e9a40;
    %pushi/vec4 2, 0, 23;
    %store/vec4 v000001389a5e7d50_0, 0, 23;
    %load/vec4 v000001389a5e8e30_0;
    %store/vec4 v000001389a5e87f0_0, 0, 5;
    %pushi/vec4 12, 0, 4;
    %store/vec4 v000001389a5e8f70_0, 0, 4;
    %pushi/vec4 15, 0, 4;
    %store/vec4 v000001389a5e82f0_0, 0, 4;
    %fork TD_cache_tb.send_read, S_000001389a5e9a40;
    %join;
    %free S_000001389a5e9a40;
    %vpi_call/w 3 163 "$finish" {0 0 0};
    %end;
    .thread T_12;
    .scope S_000001389a22edb0;
T_13 ;
    %delay 5, 0;
    %load/vec4 v000001389a5e7cb0_0;
    %inv;
    %store/vec4 v000001389a5e7cb0_0, 0, 1;
    %jmp T_13;
    .thread T_13;
# The file index is used to find the file name in the following table.
:file_names 6;
    "N/A";
    "<interactive>";
    "-";
    "tb\cache_tb.sv";
    "rtl\cache.v";
    "rtl\tb_memory.v";
