#! /c/Source/iverilog-install/bin/vvp
:ivl_version "12.0 (devel)" "(s20150603-1539-g2693dd32b)";
:ivl_delay_selection "TYPICAL";
:vpi_time_precision + 0;
:vpi_module "D:\iverilog\lib\ivl\system.vpi";
:vpi_module "D:\iverilog\lib\ivl\vhdl_sys.vpi";
:vpi_module "D:\iverilog\lib\ivl\vhdl_textio.vpi";
:vpi_module "D:\iverilog\lib\ivl\v2005_math.vpi";
:vpi_module "D:\iverilog\lib\ivl\va_math.vpi";
:vpi_module "D:\iverilog\lib\ivl\v2009.vpi";
S_000002cfcb3fd4e0 .scope package, "$unit" "$unit" 2 1;
 .timescale 0 0;
S_000002cfcb3781e0 .scope module, "cache_tb" "cache_tb" 3 1;
 .timescale 0 0;
P_000002cfcb378370 .param/l "D" 1 3 12, +C4<00000000000000000000000000000100>;
P_000002cfcb3783a8 .param/l "DEPTH" 1 3 9, +C4<00000000000000000000000000100000>;
P_000002cfcb3783e0 .param/l "INTERVAL" 0 3 5, +C4<00000000000000000000000000000010>;
P_000002cfcb378418 .param/l "LATENCY" 0 3 4, +C4<00000000000000000000000000000100>;
P_000002cfcb378450 .param/l "O" 1 3 7, +C4<00000000000000000000000000000100>;
P_000002cfcb378488 .param/l "S" 1 3 8, +C4<00000000000000000000000000000101>;
P_000002cfcb3784c0 .param/l "SIZE" 0 3 3, +C4<0000000000000000000000000000000000000000000000000100000000000000>;
P_000002cfcb3784f8 .param/l "T" 1 3 11, +C4<0000000000000000000000000000010111>;
P_000002cfcb378530 .param/l "W" 1 3 10, +C4<00000000000000000000000000000010>;
v000002cfcb7b1790_0 .net "busy", 0 0, L_000002cfcb80e9d0;  1 drivers
v000002cfcb7b1830_0 .var "clk", 0 0;
v000002cfcb7b0bb0_0 .var "expanded_mask", 31 0;
v000002cfcb7b1150_0 .var/i "i", 31 0;
v000002cfcb7b06b0_0 .var "index", 4 0;
v000002cfcb7b1e70_0 .net "mem_addr", 31 0, L_000002cfcb817a70;  1 drivers
L_000002cfcb7b65e8 .functor BUFT 1, C4<1111>, C4<0>, C4<0>, C4<0>;
v000002cfcb7b1f10_0 .net "mem_mask", 3 0, L_000002cfcb7b65e8;  1 drivers
v000002cfcb7b09d0_0 .net "mem_oaddr", 31 0, L_000002cfcb3a3b20;  1 drivers
v000002cfcb7b22d0_0 .net "mem_rdata", 31 0, L_000002cfcb3a3ce0;  1 drivers
v000002cfcb7b1fb0_0 .net "mem_ready", 0 0, L_000002cfcb3a3dc0;  1 drivers
v000002cfcb7b0750_0 .net "mem_ren", 0 0, L_000002cfcb80f300;  1 drivers
v000002cfcb7b0ed0_0 .net "mem_valid", 0 0, L_000002cfcb3a4300;  1 drivers
v000002cfcb7b07f0_0 .net "mem_wdata", 31 0, L_000002cfcb818970;  1 drivers
v000002cfcb7b0930_0 .net "mem_wen", 0 0, L_000002cfcb80ece0;  1 drivers
v000002cfcb7b0f70_0 .var "offset", 3 0;
v000002cfcb7b5f10_0 .var "req_addr", 31 0;
v000002cfcb7b5330_0 .var "req_mask", 3 0;
v000002cfcb7b64b0_0 .var "req_ren", 0 0;
v000002cfcb7b5790_0 .var "req_wdata", 31 0;
v000002cfcb7b6230_0 .var "req_wen", 0 0;
v000002cfcb7b6410_0 .net "res_rdata", 31 0, L_000002cfcb80f990;  1 drivers
v000002cfcb7b4e30_0 .var "rst", 0 0;
v000002cfcb7b4ed0_0 .var "tag", 23 0;
S_000002cfcb38c820 .scope module, "dut" "cache" 3 64, 4 3 0, S_000002cfcb3781e0;
 .timescale 0 0;
    .port_info 0 /INPUT 1 "i_clk";
    .port_info 1 /INPUT 1 "i_rst";
    .port_info 2 /INPUT 1 "i_mem_ready";
    .port_info 3 /OUTPUT 32 "o_mem_addr";
    .port_info 4 /OUTPUT 1 "o_mem_ren";
    .port_info 5 /OUTPUT 1 "o_mem_wen";
    .port_info 6 /OUTPUT 32 "o_mem_wdata";
    .port_info 7 /INPUT 32 "i_mem_rdata";
    .port_info 8 /INPUT 1 "i_mem_valid";
    .port_info 9 /OUTPUT 1 "o_busy";
    .port_info 10 /INPUT 32 "i_req_addr";
    .port_info 11 /INPUT 1 "i_req_ren";
    .port_info 12 /INPUT 1 "i_req_wen";
    .port_info 13 /INPUT 4 "i_req_mask";
    .port_info 14 /INPUT 32 "i_req_wdata";
    .port_info 15 /OUTPUT 32 "o_res_rdata";
P_000002cfcb046970 .param/l "D" 1 4 25, +C4<00000000000000000000000000000100>;
P_000002cfcb0469a8 .param/l "DEPTH" 1 4 23, +C4<00000000000000000000000000100000>;
P_000002cfcb0469e0 .param/l "O" 1 4 21, +C4<00000000000000000000000000000100>;
P_000002cfcb046a18 .param/l "REFILL_LAST_WORD" 1 4 37, C4<11>;
P_000002cfcb046a50 .param/l "S" 1 4 22, +C4<00000000000000000000000000000101>;
P_000002cfcb046a88 .param/l "STATE_IDLE" 1 4 27, C4<00>;
P_000002cfcb046ac0 .param/l "STATE_REFILL_REQ" 1 4 28, C4<01>;
P_000002cfcb046af8 .param/l "STATE_REFILL_WAIT" 1 4 29, C4<10>;
P_000002cfcb046b30 .param/l "STATE_WRITE_REQ" 1 4 30, C4<11>;
P_000002cfcb046b68 .param/l "T" 1 4 24, +C4<00000000000000000000000000010111>;
P_000002cfcb046ba0 .param/l "WB_COUNT_FULL" 1 4 36, C4<1000>;
P_000002cfcb046bd8 .param/l "WB_COUNT_W" 1 4 34, +C4<00000000000000000000000000000100>;
P_000002cfcb046c10 .param/l "WB_COUNT_ZERO" 1 4 35, C4<0000>;
P_000002cfcb046c48 .param/l "WB_DEPTH" 1 4 32, +C4<00000000000000000000000000001000>;
P_000002cfcb046c80 .param/l "WB_PTR_W" 1 4 33, +C4<00000000000000000000000000000011>;
L_000002cfcb3a4370 .functor AND 1, L_000002cfcb7b6190, L_000002cfcb7b62d0, C4<1>, C4<1>;
L_000002cfcb3a4060 .functor AND 1, L_000002cfcb7b5470, L_000002cfcb7b5650, C4<1>, C4<1>;
L_000002cfcb3a40d0 .functor OR 1, L_000002cfcb3a4370, L_000002cfcb3a4060, C4<0>, C4<0>;
L_000002cfcb3bfd10 .functor BUFZ 32, L_000002cfcb7b5dd0, C4<00000000000000000000000000000000>, C4<00000000000000000000000000000000>, C4<00000000000000000000000000000000>;
L_000002cfcb3bf3e0 .functor BUFZ 32, L_000002cfcb7b3df0, C4<00000000000000000000000000000000>, C4<00000000000000000000000000000000>, C4<00000000000000000000000000000000>;
L_000002cfcb3bf760 .functor NOT 1, L_000002cfcb3a40d0, C4<0>, C4<0>, C4<0>;
L_000002cfcb365250 .functor AND 1, v000002cfcb7b64b0_0, L_000002cfcb3bf760, C4<1>, C4<1>;
L_000002cfcb810170 .functor NOT 1, L_000002cfcb3a40d0, C4<0>, C4<0>, C4<0>;
L_000002cfcb8101e0 .functor AND 1, v000002cfcb7b6230_0, L_000002cfcb810170, C4<1>, C4<1>;
L_000002cfcb80e8f0 .functor NOT 1, L_000002cfcb7b6190, C4<0>, C4<0>, C4<0>;
L_000002cfcb80fa00 .functor NOT 1, L_000002cfcb7b5470, C4<0>, C4<0>, C4<0>;
L_000002cfcb80f760 .functor BUFZ 1, L_000002cfcb3a4060, C4<0>, C4<0>, C4<0>;
L_000002cfcb80fa70 .functor NOT 32, L_000002cfcb7b3530, C4<00000000000000000000000000000000>, C4<00000000000000000000000000000000>, C4<00000000000000000000000000000000>;
L_000002cfcb80f680 .functor AND 32, L_000002cfcb7b2e50, L_000002cfcb80fa70, C4<11111111111111111111111111111111>, C4<11111111111111111111111111111111>;
L_000002cfcb80f7d0 .functor AND 32, v000002cfcb7b5790_0, L_000002cfcb7b3530, C4<11111111111111111111111111111111>, C4<11111111111111111111111111111111>;
L_000002cfcb80f5a0 .functor OR 32, L_000002cfcb80f680, L_000002cfcb80f7d0, C4<00000000000000000000000000000000>, C4<00000000000000000000000000000000>;
L_000002cfcb80f840 .functor OR 32, L_000002cfcb7b4890, L_000002cfcb7b4cf0, C4<00000000000000000000000000000000>, C4<00000000000000000000000000000000>;
L_000002cfcb7b6dc8 .functor BUFT 1, C4<0>, C4<0>, C4<0>, C4<0>;
L_000002cfcb80fd80 .functor XNOR 1, v000002cfcb7ade50_0, L_000002cfcb7b6dc8, C4<0>, C4<0>;
L_000002cfcb80f3e0 .functor NOT 32, L_000002cfcb7b4a70, C4<00000000000000000000000000000000>, C4<00000000000000000000000000000000>, C4<00000000000000000000000000000000>;
L_000002cfcb80f140 .functor AND 32, L_000002cfcb7b4930, L_000002cfcb80f3e0, C4<11111111111111111111111111111111>, C4<11111111111111111111111111111111>;
L_000002cfcb80f1b0 .functor AND 32, v000002cfcb7ad770_0, L_000002cfcb7b4a70, C4<11111111111111111111111111111111>, C4<11111111111111111111111111111111>;
L_000002cfcb80e7a0 .functor OR 32, L_000002cfcb80f140, L_000002cfcb80f1b0, C4<00000000000000000000000000000000>, C4<00000000000000000000000000000000>;
L_000002cfcb80f610 .functor OR 1, L_000002cfcb365250, L_000002cfcb8101e0, C4<0>, C4<0>;
L_000002cfcb80f290 .functor AND 1, L_000002cfcb7b4610, L_000002cfcb80f610, C4<1>, C4<1>;
L_000002cfcb80ffb0 .functor AND 1, L_000002cfcb7b4b10, L_000002cfcb7b2f90, C4<1>, C4<1>;
L_000002cfcb80f220 .functor AND 1, L_000002cfcb80ffb0, L_000002cfcb7b4c50, C4<1>, C4<1>;
L_000002cfcb80fdf0 .functor AND 1, L_000002cfcb80f220, L_000002cfcb3a3dc0, C4<1>, C4<1>;
L_000002cfcb80f8b0 .functor NOT 1, L_000002cfcb80f290, C4<0>, C4<0>, C4<0>;
L_000002cfcb80f450 .functor AND 1, L_000002cfcb80fdf0, L_000002cfcb80f8b0, C4<1>, C4<1>;
L_000002cfcb80e730 .functor OR 1, L_000002cfcb7b37b0, L_000002cfcb80f450, C4<0>, C4<0>;
L_000002cfcb80fe60 .functor AND 1, L_000002cfcb7b38f0, v000002cfcb7b6230_0, C4<1>, C4<1>;
L_000002cfcb80e810 .functor AND 1, L_000002cfcb80fe60, L_000002cfcb3a40d0, C4<1>, C4<1>;
L_000002cfcb80e880 .functor AND 1, L_000002cfcb80e810, L_000002cfcb80e730, C4<1>, C4<1>;
L_000002cfcb80fed0 .functor AND 1, L_000002cfcb7b2630, v000002cfcb7b6230_0, C4<1>, C4<1>;
L_000002cfcb80f920 .functor AND 1, L_000002cfcb80fed0, L_000002cfcb3a40d0, C4<1>, C4<1>;
L_000002cfcb80f4c0 .functor NOT 1, L_000002cfcb80e730, C4<0>, C4<0>, C4<0>;
L_000002cfcb80ec70 .functor AND 1, L_000002cfcb80f920, L_000002cfcb80f4c0, C4<1>, C4<1>;
L_000002cfcb80ff40 .functor AND 1, L_000002cfcb7b26d0, L_000002cfcb80e730, C4<1>, C4<1>;
L_000002cfcb80fae0 .functor OR 1, L_000002cfcb80e880, L_000002cfcb80ff40, C4<0>, C4<0>;
L_000002cfcb80f300 .functor AND 1, L_000002cfcb8174d0, L_000002cfcb3a3dc0, C4<1>, C4<1>;
L_000002cfcb80ece0 .functor BUFZ 1, L_000002cfcb80f450, C4<0>, C4<0>, C4<0>;
L_000002cfcb80f370 .functor OR 1, L_000002cfcb365250, L_000002cfcb8101e0, C4<0>, C4<0>;
L_000002cfcb80e960 .functor OR 1, L_000002cfcb80f370, L_000002cfcb80ec70, C4<0>, C4<0>;
L_000002cfcb80ed50 .functor AND 1, L_000002cfcb8183d0, L_000002cfcb80e960, C4<1>, C4<1>;
L_000002cfcb80e9d0 .functor OR 1, L_000002cfcb8179d0, L_000002cfcb80ed50, C4<0>, C4<0>;
L_000002cfcb80f990 .functor BUFZ 32, L_000002cfcb7b2e50, C4<00000000000000000000000000000000>, C4<00000000000000000000000000000000>, C4<00000000000000000000000000000000>;
v000002cfcb3f2280_0 .net *"_ivl_10", 22 0, L_000002cfcb7b5290;  1 drivers
v000002cfcb3f1740_0 .net *"_ivl_102", 0 0, L_000002cfcb810170;  1 drivers
v000002cfcb3f2500_0 .net *"_ivl_106", 0 0, L_000002cfcb80e8f0;  1 drivers
L_000002cfcb7b6c18 .functor BUFT 1, C4<0>, C4<0>, C4<0>, C4<0>;
v000002cfcb3f2640_0 .net/2u *"_ivl_108", 0 0, L_000002cfcb7b6c18;  1 drivers
v000002cfcb3f19c0_0 .net *"_ivl_110", 0 0, L_000002cfcb80fa00;  1 drivers
L_000002cfcb7b6c60 .functor BUFT 1, C4<1>, C4<0>, C4<0>, C4<0>;
v000002cfcb3f26e0_0 .net/2u *"_ivl_112", 0 0, L_000002cfcb7b6c60;  1 drivers
v000002cfcb3f1240_0 .net *"_ivl_115", 0 0, L_000002cfcb7b42f0;  1 drivers
v000002cfcb3f2140_0 .net *"_ivl_116", 0 0, L_000002cfcb7b3670;  1 drivers
v000002cfcb3f1060_0 .net *"_ivl_12", 6 0, L_000002cfcb7b5510;  1 drivers
v000002cfcb3f1880_0 .net *"_ivl_123", 0 0, L_000002cfcb7b3850;  1 drivers
v000002cfcb3f1920_0 .net *"_ivl_124", 7 0, L_000002cfcb7b2b30;  1 drivers
v000002cfcb3f12e0_0 .net *"_ivl_127", 0 0, L_000002cfcb7b3c10;  1 drivers
v000002cfcb3f1e20_0 .net *"_ivl_128", 7 0, L_000002cfcb7b32b0;  1 drivers
v000002cfcb3f1a60_0 .net *"_ivl_131", 0 0, L_000002cfcb7b2ef0;  1 drivers
v000002cfcb3f0d40_0 .net *"_ivl_132", 7 0, L_000002cfcb7b3710;  1 drivers
v000002cfcb3f1b00_0 .net *"_ivl_135", 0 0, L_000002cfcb7b3030;  1 drivers
v000002cfcb3f2b40_0 .net *"_ivl_136", 7 0, L_000002cfcb7b46b0;  1 drivers
v000002cfcb3f2820_0 .net *"_ivl_140", 31 0, L_000002cfcb80fa70;  1 drivers
v000002cfcb3f11a0_0 .net *"_ivl_142", 31 0, L_000002cfcb80f680;  1 drivers
v000002cfcb3f0de0_0 .net *"_ivl_144", 31 0, L_000002cfcb80f7d0;  1 drivers
L_000002cfcb7b6ca8 .functor BUFT 1, C4<0000>, C4<0>, C4<0>, C4<0>;
v000002cfcb3f21e0_0 .net/2u *"_ivl_148", 3 0, L_000002cfcb7b6ca8;  1 drivers
L_000002cfcb7b67e0 .functor BUFT 1, C4<00>, C4<0>, C4<0>, C4<0>;
v000002cfcb3f1380_0 .net *"_ivl_15", 1 0, L_000002cfcb7b67e0;  1 drivers
L_000002cfcb7b6cf0 .functor BUFT 1, C4<0000000000000000000000000000>, C4<0>, C4<0>, C4<0>;
v000002cfcb3f1420_0 .net/2u *"_ivl_152", 27 0, L_000002cfcb7b6cf0;  1 drivers
L_000002cfcb7b6d38 .functor BUFT 1, C4<00>, C4<0>, C4<0>, C4<0>;
v000002cfcb3f0e80_0 .net/2u *"_ivl_154", 1 0, L_000002cfcb7b6d38;  1 drivers
v000002cfcb3f0f20_0 .net *"_ivl_156", 31 0, L_000002cfcb7b4cf0;  1 drivers
v000002cfcb3f0fc0_0 .net *"_ivl_16", 0 0, L_000002cfcb7b62d0;  1 drivers
L_000002cfcb7b6d80 .functor BUFT 1, C4<00>, C4<0>, C4<0>, C4<0>;
v000002cfcb3f1600_0 .net/2u *"_ivl_160", 1 0, L_000002cfcb7b6d80;  1 drivers
v000002cfcb3f2960_0 .net/2u *"_ivl_164", 0 0, L_000002cfcb7b6dc8;  1 drivers
v000002cfcb3f2a00_0 .net *"_ivl_166", 0 0, L_000002cfcb80fd80;  1 drivers
v000002cfcb3f16a0_0 .net *"_ivl_168", 31 0, L_000002cfcb7b4390;  1 drivers
v000002cfcb3f1ba0_0 .net *"_ivl_170", 9 0, L_000002cfcb7b3a30;  1 drivers
L_000002cfcb7b6e10 .functor BUFT 1, C4<00000>, C4<0>, C4<0>, C4<0>;
v000002cfcb3f1c40_0 .net *"_ivl_173", 4 0, L_000002cfcb7b6e10;  1 drivers
v000002cfcb3f1ce0_0 .net *"_ivl_174", 11 0, L_000002cfcb7b4750;  1 drivers
L_000002cfcb7b6e58 .functor BUFT 1, C4<00>, C4<0>, C4<0>, C4<0>;
v000002cfcb3f1d80_0 .net *"_ivl_177", 1 0, L_000002cfcb7b6e58;  1 drivers
L_000002cfcb7b6ea0 .functor BUFT 1, C4<000000000100>, C4<0>, C4<0>, C4<0>;
v000002cfcb3f1ec0_0 .net/2u *"_ivl_178", 11 0, L_000002cfcb7b6ea0;  1 drivers
v000002cfcb3f20a0_0 .net *"_ivl_181", 11 0, L_000002cfcb7b33f0;  1 drivers
v000002cfcb3bc390_0 .net *"_ivl_182", 3 0, L_000002cfcb7b3f30;  1 drivers
L_000002cfcb7b6ee8 .functor BUFT 1, C4<00>, C4<0>, C4<0>, C4<0>;
v000002cfcb3bc1b0_0 .net *"_ivl_185", 1 0, L_000002cfcb7b6ee8;  1 drivers
L_000002cfcb7b6f30 .functor BUFT 1, C4<0>, C4<0>, C4<0>, C4<0>;
v000002cfcb3bc7f0_0 .net *"_ivl_188", 0 0, L_000002cfcb7b6f30;  1 drivers
v000002cfcb7a8760_0 .net *"_ivl_189", 12 0, L_000002cfcb7b4070;  1 drivers
L_000002cfcb7b6f78 .functor BUFT 1, C4<000000000>, C4<0>, C4<0>, C4<0>;
v000002cfcb7a9fc0_0 .net *"_ivl_192", 8 0, L_000002cfcb7b6f78;  1 drivers
v000002cfcb7a9660_0 .net *"_ivl_193", 12 0, L_000002cfcb7b2db0;  1 drivers
v000002cfcb7a9ca0_0 .net *"_ivl_194", 12 0, L_000002cfcb7b3170;  1 drivers
v000002cfcb7a9520_0 .net *"_ivl_196", 31 0, L_000002cfcb7b3e90;  1 drivers
v000002cfcb7a90c0_0 .net *"_ivl_198", 9 0, L_000002cfcb7b44d0;  1 drivers
v000002cfcb7a98e0_0 .net *"_ivl_20", 22 0, L_000002cfcb7b55b0;  1 drivers
L_000002cfcb7b6fc0 .functor BUFT 1, C4<00000>, C4<0>, C4<0>, C4<0>;
v000002cfcb7a9840_0 .net *"_ivl_201", 4 0, L_000002cfcb7b6fc0;  1 drivers
v000002cfcb7a8da0_0 .net *"_ivl_202", 11 0, L_000002cfcb7b4110;  1 drivers
L_000002cfcb7b7008 .functor BUFT 1, C4<00>, C4<0>, C4<0>, C4<0>;
v000002cfcb7a8440_0 .net *"_ivl_205", 1 0, L_000002cfcb7b7008;  1 drivers
L_000002cfcb7b7050 .functor BUFT 1, C4<000000000100>, C4<0>, C4<0>, C4<0>;
v000002cfcb7a9c00_0 .net/2u *"_ivl_206", 11 0, L_000002cfcb7b7050;  1 drivers
v000002cfcb7a9d40_0 .net *"_ivl_209", 11 0, L_000002cfcb7b4570;  1 drivers
v000002cfcb7a8e40_0 .net *"_ivl_210", 3 0, L_000002cfcb7b41b0;  1 drivers
L_000002cfcb7b7098 .functor BUFT 1, C4<00>, C4<0>, C4<0>, C4<0>;
v000002cfcb7a9160_0 .net *"_ivl_213", 1 0, L_000002cfcb7b7098;  1 drivers
L_000002cfcb7b70e0 .functor BUFT 1, C4<0>, C4<0>, C4<0>, C4<0>;
v000002cfcb7a8bc0_0 .net *"_ivl_216", 0 0, L_000002cfcb7b70e0;  1 drivers
v000002cfcb7a8c60_0 .net *"_ivl_217", 12 0, L_000002cfcb7b2d10;  1 drivers
v000002cfcb7a86c0_0 .net *"_ivl_22", 6 0, L_000002cfcb7b53d0;  1 drivers
L_000002cfcb7b7128 .functor BUFT 1, C4<000000000>, C4<0>, C4<0>, C4<0>;
v000002cfcb7a92a0_0 .net *"_ivl_220", 8 0, L_000002cfcb7b7128;  1 drivers
v000002cfcb7a8d00_0 .net *"_ivl_221", 12 0, L_000002cfcb7b47f0;  1 drivers
v000002cfcb7a81c0_0 .net *"_ivl_222", 12 0, L_000002cfcb7b2810;  1 drivers
v000002cfcb7a8ee0_0 .net *"_ivl_227", 0 0, L_000002cfcb7b4250;  1 drivers
v000002cfcb7aa060_0 .net *"_ivl_228", 7 0, L_000002cfcb7b49d0;  1 drivers
v000002cfcb7a8260_0 .net *"_ivl_231", 0 0, L_000002cfcb7b3210;  1 drivers
v000002cfcb7a8a80_0 .net *"_ivl_232", 7 0, L_000002cfcb7b28b0;  1 drivers
v000002cfcb7a9700_0 .net *"_ivl_235", 0 0, L_000002cfcb7b3d50;  1 drivers
v000002cfcb7a9340_0 .net *"_ivl_236", 7 0, L_000002cfcb7b3cb0;  1 drivers
v000002cfcb7a8f80_0 .net *"_ivl_239", 0 0, L_000002cfcb7b35d0;  1 drivers
v000002cfcb7a89e0_0 .net *"_ivl_240", 7 0, L_000002cfcb7b3490;  1 drivers
v000002cfcb7a9980_0 .net *"_ivl_244", 31 0, L_000002cfcb80f3e0;  1 drivers
v000002cfcb7a9de0_0 .net *"_ivl_246", 31 0, L_000002cfcb80f140;  1 drivers
v000002cfcb7a9020_0 .net *"_ivl_248", 31 0, L_000002cfcb80f1b0;  1 drivers
L_000002cfcb7b6828 .functor BUFT 1, C4<00>, C4<0>, C4<0>, C4<0>;
v000002cfcb7a9a20_0 .net *"_ivl_25", 1 0, L_000002cfcb7b6828;  1 drivers
L_000002cfcb7b7170 .functor BUFT 1, C4<00>, C4<0>, C4<0>, C4<0>;
v000002cfcb7a93e0_0 .net/2u *"_ivl_252", 1 0, L_000002cfcb7b7170;  1 drivers
v000002cfcb7a9200_0 .net *"_ivl_254", 0 0, L_000002cfcb7b4610;  1 drivers
v000002cfcb7a9e80_0 .net *"_ivl_256", 0 0, L_000002cfcb80f610;  1 drivers
v000002cfcb7a8300_0 .net *"_ivl_26", 0 0, L_000002cfcb7b5650;  1 drivers
L_000002cfcb7b71b8 .functor BUFT 1, C4<01>, C4<0>, C4<0>, C4<0>;
v000002cfcb7a9480_0 .net/2u *"_ivl_260", 1 0, L_000002cfcb7b71b8;  1 drivers
v000002cfcb7a8b20_0 .net *"_ivl_262", 0 0, L_000002cfcb7b4b10;  1 drivers
L_000002cfcb7b7200 .functor BUFT 1, C4<10>, C4<0>, C4<0>, C4<0>;
v000002cfcb7a95c0_0 .net/2u *"_ivl_264", 1 0, L_000002cfcb7b7200;  1 drivers
v000002cfcb7a83a0_0 .net *"_ivl_266", 0 0, L_000002cfcb7b2f90;  1 drivers
v000002cfcb7a8800_0 .net *"_ivl_268", 0 0, L_000002cfcb80ffb0;  1 drivers
L_000002cfcb7b7248 .functor BUFT 1, C4<0000>, C4<0>, C4<0>, C4<0>;
v000002cfcb7a9f20_0 .net/2u *"_ivl_270", 3 0, L_000002cfcb7b7248;  1 drivers
v000002cfcb7a88a0_0 .net *"_ivl_272", 0 0, L_000002cfcb7b4c50;  1 drivers
v000002cfcb7a97a0_0 .net *"_ivl_274", 0 0, L_000002cfcb80f220;  1 drivers
v000002cfcb7a8620_0 .net *"_ivl_276", 0 0, L_000002cfcb80fdf0;  1 drivers
v000002cfcb7a9ac0_0 .net *"_ivl_278", 0 0, L_000002cfcb80f8b0;  1 drivers
L_000002cfcb7b7290 .functor BUFT 1, C4<1000>, C4<0>, C4<0>, C4<0>;
v000002cfcb7a9b60_0 .net/2u *"_ivl_282", 3 0, L_000002cfcb7b7290;  1 drivers
v000002cfcb7a84e0_0 .net *"_ivl_284", 0 0, L_000002cfcb7b37b0;  1 drivers
L_000002cfcb7b72d8 .functor BUFT 1, C4<00>, C4<0>, C4<0>, C4<0>;
v000002cfcb7a8580_0 .net/2u *"_ivl_288", 1 0, L_000002cfcb7b72d8;  1 drivers
v000002cfcb7a8940_0 .net *"_ivl_290", 0 0, L_000002cfcb7b38f0;  1 drivers
v000002cfcb7ab9e0_0 .net *"_ivl_292", 0 0, L_000002cfcb80fe60;  1 drivers
v000002cfcb7aac20_0 .net *"_ivl_294", 0 0, L_000002cfcb80e810;  1 drivers
L_000002cfcb7b7320 .functor BUFT 1, C4<00>, C4<0>, C4<0>, C4<0>;
v000002cfcb7ab8a0_0 .net/2u *"_ivl_298", 1 0, L_000002cfcb7b7320;  1 drivers
v000002cfcb7aaa40_0 .net *"_ivl_300", 0 0, L_000002cfcb7b2630;  1 drivers
v000002cfcb7ab940_0 .net *"_ivl_302", 0 0, L_000002cfcb80fed0;  1 drivers
v000002cfcb7aa9a0_0 .net *"_ivl_304", 0 0, L_000002cfcb80f920;  1 drivers
v000002cfcb7aae00_0 .net *"_ivl_306", 0 0, L_000002cfcb80f4c0;  1 drivers
L_000002cfcb7b7368 .functor BUFT 1, C4<11>, C4<0>, C4<0>, C4<0>;
v000002cfcb7ac200_0 .net/2u *"_ivl_310", 1 0, L_000002cfcb7b7368;  1 drivers
v000002cfcb7abf80_0 .net *"_ivl_312", 0 0, L_000002cfcb7b26d0;  1 drivers
v000002cfcb7abb20_0 .net *"_ivl_32", 31 0, L_000002cfcb7b5dd0;  1 drivers
L_000002cfcb7b73b0 .functor BUFT 1, C4<01>, C4<0>, C4<0>, C4<0>;
v000002cfcb7ab300_0 .net/2u *"_ivl_322", 1 0, L_000002cfcb7b73b0;  1 drivers
v000002cfcb7abc60_0 .net *"_ivl_324", 0 0, L_000002cfcb7b3990;  1 drivers
v000002cfcb7ab1c0_0 .net *"_ivl_326", 31 0, L_000002cfcb7b3ad0;  1 drivers
v000002cfcb7ab3a0_0 .net *"_ivl_328", 4 0, L_000002cfcb8192d0;  1 drivers
L_000002cfcb7b73f8 .functor BUFT 1, C4<00>, C4<0>, C4<0>, C4<0>;
v000002cfcb7aba80_0 .net *"_ivl_331", 1 0, L_000002cfcb7b73f8;  1 drivers
L_000002cfcb7b7440 .functor BUFT 1, C4<00000000000000000000000000000000>, C4<0>, C4<0>, C4<0>;
v000002cfcb7abd00_0 .net/2u *"_ivl_332", 31 0, L_000002cfcb7b7440;  1 drivers
v000002cfcb7aaae0_0 .net *"_ivl_334", 31 0, L_000002cfcb8188d0;  1 drivers
L_000002cfcb7b7488 .functor BUFT 1, C4<01>, C4<0>, C4<0>, C4<0>;
v000002cfcb7aaea0_0 .net/2u *"_ivl_338", 1 0, L_000002cfcb7b7488;  1 drivers
v000002cfcb7aa680_0 .net *"_ivl_34", 9 0, L_000002cfcb7b56f0;  1 drivers
v000002cfcb7aab80_0 .net *"_ivl_340", 0 0, L_000002cfcb8174d0;  1 drivers
v000002cfcb7aa7c0_0 .net *"_ivl_346", 31 0, L_000002cfcb8180b0;  1 drivers
v000002cfcb7ab800_0 .net *"_ivl_348", 4 0, L_000002cfcb818290;  1 drivers
L_000002cfcb7b74d0 .functor BUFT 1, C4<00>, C4<0>, C4<0>, C4<0>;
v000002cfcb7abee0_0 .net *"_ivl_351", 1 0, L_000002cfcb7b74d0;  1 drivers
L_000002cfcb7b7518 .functor BUFT 1, C4<00000000000000000000000000000000>, C4<0>, C4<0>, C4<0>;
v000002cfcb7abda0_0 .net/2u *"_ivl_352", 31 0, L_000002cfcb7b7518;  1 drivers
L_000002cfcb7b7560 .functor BUFT 1, C4<00>, C4<0>, C4<0>, C4<0>;
v000002cfcb7aafe0_0 .net/2u *"_ivl_356", 1 0, L_000002cfcb7b7560;  1 drivers
v000002cfcb7ab6c0_0 .net *"_ivl_358", 0 0, L_000002cfcb8179d0;  1 drivers
L_000002cfcb7b75a8 .functor BUFT 1, C4<00>, C4<0>, C4<0>, C4<0>;
v000002cfcb7aaf40_0 .net/2u *"_ivl_360", 1 0, L_000002cfcb7b75a8;  1 drivers
v000002cfcb7abe40_0 .net *"_ivl_362", 0 0, L_000002cfcb8183d0;  1 drivers
v000002cfcb7aacc0_0 .net *"_ivl_364", 0 0, L_000002cfcb80f370;  1 drivers
v000002cfcb7ab4e0_0 .net *"_ivl_366", 0 0, L_000002cfcb80e960;  1 drivers
v000002cfcb7abbc0_0 .net *"_ivl_368", 0 0, L_000002cfcb80ed50;  1 drivers
L_000002cfcb7b6870 .functor BUFT 1, C4<00000>, C4<0>, C4<0>, C4<0>;
v000002cfcb7aad60_0 .net *"_ivl_37", 4 0, L_000002cfcb7b6870;  1 drivers
v000002cfcb7ac020_0 .net *"_ivl_38", 11 0, L_000002cfcb7b5a10;  1 drivers
L_000002cfcb7b68b8 .functor BUFT 1, C4<00>, C4<0>, C4<0>, C4<0>;
v000002cfcb7aa720_0 .net *"_ivl_41", 1 0, L_000002cfcb7b68b8;  1 drivers
L_000002cfcb7b6900 .functor BUFT 1, C4<000000000100>, C4<0>, C4<0>, C4<0>;
v000002cfcb7ab580_0 .net/2u *"_ivl_42", 11 0, L_000002cfcb7b6900;  1 drivers
v000002cfcb7ab440_0 .net *"_ivl_45", 11 0, L_000002cfcb7b5e70;  1 drivers
v000002cfcb7ac160_0 .net *"_ivl_46", 3 0, L_000002cfcb7b5fb0;  1 drivers
L_000002cfcb7b6948 .functor BUFT 1, C4<00>, C4<0>, C4<0>, C4<0>;
v000002cfcb7ab080_0 .net *"_ivl_49", 1 0, L_000002cfcb7b6948;  1 drivers
L_000002cfcb7b6990 .functor BUFT 1, C4<0>, C4<0>, C4<0>, C4<0>;
v000002cfcb7ac3e0_0 .net *"_ivl_52", 0 0, L_000002cfcb7b6990;  1 drivers
v000002cfcb7aa860_0 .net *"_ivl_53", 12 0, L_000002cfcb7b5b50;  1 drivers
L_000002cfcb7b69d8 .functor BUFT 1, C4<000000000>, C4<0>, C4<0>, C4<0>;
v000002cfcb7aa900_0 .net *"_ivl_56", 8 0, L_000002cfcb7b69d8;  1 drivers
v000002cfcb7ab120_0 .net *"_ivl_57", 12 0, L_000002cfcb7b5bf0;  1 drivers
v000002cfcb7ac2a0_0 .net *"_ivl_58", 12 0, L_000002cfcb7b4bb0;  1 drivers
v000002cfcb7aa5e0_0 .net *"_ivl_62", 31 0, L_000002cfcb7b3df0;  1 drivers
v000002cfcb7ab260_0 .net *"_ivl_64", 9 0, L_000002cfcb7b2c70;  1 drivers
L_000002cfcb7b6a20 .functor BUFT 1, C4<00000>, C4<0>, C4<0>, C4<0>;
v000002cfcb7ab620_0 .net *"_ivl_67", 4 0, L_000002cfcb7b6a20;  1 drivers
v000002cfcb7ab760_0 .net *"_ivl_68", 11 0, L_000002cfcb7b2770;  1 drivers
L_000002cfcb7b6a68 .functor BUFT 1, C4<00>, C4<0>, C4<0>, C4<0>;
v000002cfcb7ac0c0_0 .net *"_ivl_71", 1 0, L_000002cfcb7b6a68;  1 drivers
L_000002cfcb7b6ab0 .functor BUFT 1, C4<000000000100>, C4<0>, C4<0>, C4<0>;
v000002cfcb7ac340_0 .net/2u *"_ivl_72", 11 0, L_000002cfcb7b6ab0;  1 drivers
v000002cfcb7ac480_0 .net *"_ivl_75", 11 0, L_000002cfcb7b3b70;  1 drivers
v000002cfcb7acc30_0 .net *"_ivl_76", 3 0, L_000002cfcb7b2bd0;  1 drivers
L_000002cfcb7b6af8 .functor BUFT 1, C4<00>, C4<0>, C4<0>, C4<0>;
v000002cfcb7acd70_0 .net *"_ivl_79", 1 0, L_000002cfcb7b6af8;  1 drivers
L_000002cfcb7b6b40 .functor BUFT 1, C4<0>, C4<0>, C4<0>, C4<0>;
v000002cfcb7add10_0 .net *"_ivl_82", 0 0, L_000002cfcb7b6b40;  1 drivers
v000002cfcb7ad6d0_0 .net *"_ivl_83", 12 0, L_000002cfcb7b3350;  1 drivers
L_000002cfcb7b6b88 .functor BUFT 1, C4<000000000>, C4<0>, C4<0>, C4<0>;
v000002cfcb7acff0_0 .net *"_ivl_86", 8 0, L_000002cfcb7b6b88;  1 drivers
v000002cfcb7ac5f0_0 .net *"_ivl_87", 12 0, L_000002cfcb7b3fd0;  1 drivers
v000002cfcb7ad130_0 .net *"_ivl_88", 12 0, L_000002cfcb7b4d90;  1 drivers
L_000002cfcb7b6bd0 .functor BUFT 1, C4<00000000000000000000000000000000>, C4<0>, C4<0>, C4<0>;
v000002cfcb7ae3f0_0 .net/2u *"_ivl_92", 31 0, L_000002cfcb7b6bd0;  1 drivers
v000002cfcb7ae490_0 .net *"_ivl_94", 31 0, L_000002cfcb7b30d0;  1 drivers
v000002cfcb7ace10_0 .net *"_ivl_98", 0 0, L_000002cfcb3bf760;  1 drivers
v000002cfcb7ada90_0 .net "cpu_miss_req_cur", 0 0, L_000002cfcb80f290;  1 drivers
v000002cfcb7ac870 .array "datas0", 127 0, 31 0;
v000002cfcb7ad950 .array "datas1", 127 0, 31 0;
v000002cfcb7ad090_0 .net "hit", 0 0, L_000002cfcb3a40d0;  1 drivers
v000002cfcb7ad9f0_0 .net "hit_rword", 31 0, L_000002cfcb7b2e50;  1 drivers
v000002cfcb7acb90_0 .net "hit_way", 0 0, L_000002cfcb80f760;  1 drivers
v000002cfcb7ac690_0 .net "i_clk", 0 0, v000002cfcb7b1830_0;  1 drivers
v000002cfcb7ae0d0_0 .net "i_mem_rdata", 31 0, L_000002cfcb3a3ce0;  alias, 1 drivers
v000002cfcb7ad1d0_0 .net "i_mem_ready", 0 0, L_000002cfcb3a3dc0;  alias, 1 drivers
v000002cfcb7adf90_0 .net "i_mem_valid", 0 0, L_000002cfcb3a4300;  alias, 1 drivers
v000002cfcb7ae170_0 .net "i_req_addr", 31 0, v000002cfcb7b5f10_0;  1 drivers
v000002cfcb7accd0_0 .net "i_req_mask", 3 0, v000002cfcb7b5330_0;  1 drivers
v000002cfcb7adbd0_0 .net "i_req_ren", 0 0, v000002cfcb7b64b0_0;  1 drivers
v000002cfcb7ad8b0_0 .net "i_req_wdata", 31 0, v000002cfcb7b5790_0;  1 drivers
v000002cfcb7addb0_0 .net "i_req_wen", 0 0, v000002cfcb7b6230_0;  1 drivers
v000002cfcb7ac730_0 .net "i_rst", 0 0, v000002cfcb7b4e30_0;  1 drivers
v000002cfcb7acf50_0 .var "lru", 31 0;
v000002cfcb7adb30_0 .net "merged_write_word", 31 0, L_000002cfcb80f5a0;  1 drivers
v000002cfcb7ae030_0 .net "miss_byte_mask", 31 0, L_000002cfcb7b4a70;  1 drivers
v000002cfcb7adc70_0 .var "miss_is_write_cur", 0 0;
v000002cfcb7aceb0_0 .net "miss_line_addr", 31 0, L_000002cfcb7b4890;  1 drivers
v000002cfcb7ae210_0 .var "miss_mask_cur", 3 0;
v000002cfcb7ad270_0 .net "miss_merged_write_word", 31 0, L_000002cfcb80e7a0;  1 drivers
v000002cfcb7ae2b0_0 .var "miss_set_cur", 4 0;
v000002cfcb7ad3b0_0 .var "miss_tag_cur", 22 0;
v000002cfcb7ade50_0 .var "miss_way_cur", 0 0;
v000002cfcb7adef0_0 .net "miss_way_rword", 31 0, L_000002cfcb7b4930;  1 drivers
v000002cfcb7ad770_0 .var "miss_wdata_cur", 31 0;
v000002cfcb7ad310_0 .net "miss_word_addr", 31 0, L_000002cfcb7b29f0;  1 drivers
v000002cfcb7ac910_0 .var "miss_word_cur", 1 0;
v000002cfcb7ae350_0 .net "o_busy", 0 0, L_000002cfcb80e9d0;  alias, 1 drivers
v000002cfcb7ac7d0_0 .net "o_mem_addr", 31 0, L_000002cfcb817a70;  alias, 1 drivers
v000002cfcb7ad450_0 .net "o_mem_ren", 0 0, L_000002cfcb80f300;  alias, 1 drivers
v000002cfcb7ac9b0_0 .net "o_mem_wdata", 31 0, L_000002cfcb818970;  alias, 1 drivers
v000002cfcb7ad4f0_0 .net "o_mem_wen", 0 0, L_000002cfcb80ece0;  alias, 1 drivers
v000002cfcb7ad590_0 .net "o_res_rdata", 31 0, L_000002cfcb80f990;  alias, 1 drivers
v000002cfcb7aca50_0 .net "read_miss", 0 0, L_000002cfcb365250;  1 drivers
v000002cfcb7acaf0_0 .net "refill_word_addr", 31 0, L_000002cfcb80f840;  1 drivers
v000002cfcb7ad630_0 .var "refill_word_cur", 1 0;
v000002cfcb7ad810_0 .net "req_byte_mask", 31 0, L_000002cfcb7b3530;  1 drivers
v000002cfcb7af0a0_0 .net "req_set", 4 0, L_000002cfcb7b5970;  1 drivers
v000002cfcb7affa0_0 .net "req_tag", 22 0, L_000002cfcb7b58d0;  1 drivers
v000002cfcb7b0040_0 .net "req_word", 1 0, L_000002cfcb7b5150;  1 drivers
v000002cfcb7af820_0 .var "state_cur", 1 0;
v000002cfcb7ae740 .array "tags0", 0 31, 22 0;
v000002cfcb7afd20 .array "tags1", 0 31, 22 0;
v000002cfcb7aeec0_0 .var "valid0", 31 0;
v000002cfcb7ae6a0_0 .var "valid1", 31 0;
v000002cfcb7aea60_0 .net "victim_way", 0 0, L_000002cfcb7b4430;  1 drivers
v000002cfcb7ae7e0_0 .net "way0_hit", 0 0, L_000002cfcb3a4370;  1 drivers
v000002cfcb7aef60_0 .net "way0_rword", 31 0, L_000002cfcb3bfd10;  1 drivers
v000002cfcb7b00e0_0 .net "way0_valid", 0 0, L_000002cfcb7b6190;  1 drivers
v000002cfcb7b0400_0 .net "way1_hit", 0 0, L_000002cfcb3a4060;  1 drivers
v000002cfcb7afdc0_0 .net "way1_rword", 31 0, L_000002cfcb3bf3e0;  1 drivers
v000002cfcb7af000_0 .net "way1_valid", 0 0, L_000002cfcb7b5470;  1 drivers
v000002cfcb7aece0 .array "wb_addrs", 0 7, 31 0;
v000002cfcb7af140_0 .var "wb_count_cur", 3 0;
v000002cfcb7af1e0 .array "wb_datas", 0 7, 31 0;
v000002cfcb7af280_0 .net "wb_has_push_space_cur", 0 0, L_000002cfcb80e730;  1 drivers
v000002cfcb7aee20_0 .var "wb_head_cur", 2 0;
v000002cfcb7af500_0 .net "wb_push_addr_cur", 31 0, L_000002cfcb7b2950;  1 drivers
v000002cfcb7afb40_0 .net "wb_push_cur", 0 0, L_000002cfcb80fae0;  1 drivers
v000002cfcb7aed80_0 .net "wb_push_data_cur", 31 0, L_000002cfcb7b2a90;  1 drivers
v000002cfcb7afc80_0 .net "wb_send_cur", 0 0, L_000002cfcb80f450;  1 drivers
v000002cfcb7af320_0 .var "wb_tail_cur", 2 0;
v000002cfcb7af3c0_0 .net "write_hit_accept_cur", 0 0, L_000002cfcb80e880;  1 drivers
v000002cfcb7ae880_0 .net "write_hit_block_cur", 0 0, L_000002cfcb80ec70;  1 drivers
v000002cfcb7ae920_0 .net "write_miss", 0 0, L_000002cfcb8101e0;  1 drivers
v000002cfcb7b0180_0 .net "write_req_commit_cur", 0 0, L_000002cfcb80ff40;  1 drivers
E_000002cfcb74a140 .event posedge, v000002cfcb7ac690_0;
L_000002cfcb7b58d0 .part v000002cfcb7b5f10_0, 9, 23;
L_000002cfcb7b5970 .part v000002cfcb7b5f10_0, 4, 5;
L_000002cfcb7b5150 .part v000002cfcb7b5f10_0, 2, 2;
L_000002cfcb7b6190 .part/v v000002cfcb7aeec0_0, L_000002cfcb7b5970, 1;
L_000002cfcb7b5470 .part/v v000002cfcb7ae6a0_0, L_000002cfcb7b5970, 1;
L_000002cfcb7b5290 .array/port v000002cfcb7ae740, L_000002cfcb7b5510;
L_000002cfcb7b5510 .concat [ 5 2 0 0], L_000002cfcb7b5970, L_000002cfcb7b67e0;
L_000002cfcb7b62d0 .cmp/eq 23, L_000002cfcb7b5290, L_000002cfcb7b58d0;
L_000002cfcb7b55b0 .array/port v000002cfcb7afd20, L_000002cfcb7b53d0;
L_000002cfcb7b53d0 .concat [ 5 2 0 0], L_000002cfcb7b5970, L_000002cfcb7b6828;
L_000002cfcb7b5650 .cmp/eq 23, L_000002cfcb7b55b0, L_000002cfcb7b58d0;
L_000002cfcb7b5dd0 .array/port v000002cfcb7ac870, L_000002cfcb7b4bb0;
L_000002cfcb7b56f0 .concat [ 5 5 0 0], L_000002cfcb7b5970, L_000002cfcb7b6870;
L_000002cfcb7b5a10 .concat [ 10 2 0 0], L_000002cfcb7b56f0, L_000002cfcb7b68b8;
L_000002cfcb7b5e70 .arith/mult 12, L_000002cfcb7b5a10, L_000002cfcb7b6900;
L_000002cfcb7b5fb0 .concat [ 2 2 0 0], L_000002cfcb7b5150, L_000002cfcb7b6948;
L_000002cfcb7b5b50 .concat [ 12 1 0 0], L_000002cfcb7b5e70, L_000002cfcb7b6990;
L_000002cfcb7b5bf0 .concat [ 4 9 0 0], L_000002cfcb7b5fb0, L_000002cfcb7b69d8;
L_000002cfcb7b4bb0 .arith/sum 13, L_000002cfcb7b5b50, L_000002cfcb7b5bf0;
L_000002cfcb7b3df0 .array/port v000002cfcb7ad950, L_000002cfcb7b4d90;
L_000002cfcb7b2c70 .concat [ 5 5 0 0], L_000002cfcb7b5970, L_000002cfcb7b6a20;
L_000002cfcb7b2770 .concat [ 10 2 0 0], L_000002cfcb7b2c70, L_000002cfcb7b6a68;
L_000002cfcb7b3b70 .arith/mult 12, L_000002cfcb7b2770, L_000002cfcb7b6ab0;
L_000002cfcb7b2bd0 .concat [ 2 2 0 0], L_000002cfcb7b5150, L_000002cfcb7b6af8;
L_000002cfcb7b3350 .concat [ 12 1 0 0], L_000002cfcb7b3b70, L_000002cfcb7b6b40;
L_000002cfcb7b3fd0 .concat [ 4 9 0 0], L_000002cfcb7b2bd0, L_000002cfcb7b6b88;
L_000002cfcb7b4d90 .arith/sum 13, L_000002cfcb7b3350, L_000002cfcb7b3fd0;
L_000002cfcb7b30d0 .functor MUXZ 32, L_000002cfcb7b6bd0, L_000002cfcb3bf3e0, L_000002cfcb3a4060, C4<>;
L_000002cfcb7b2e50 .functor MUXZ 32, L_000002cfcb7b30d0, L_000002cfcb3bfd10, L_000002cfcb3a4370, C4<>;
L_000002cfcb7b42f0 .part/v v000002cfcb7acf50_0, L_000002cfcb7b5970, 1;
L_000002cfcb7b3670 .functor MUXZ 1, L_000002cfcb7b42f0, L_000002cfcb7b6c60, L_000002cfcb80fa00, C4<>;
L_000002cfcb7b4430 .functor MUXZ 1, L_000002cfcb7b3670, L_000002cfcb7b6c18, L_000002cfcb80e8f0, C4<>;
L_000002cfcb7b3850 .part v000002cfcb7b5330_0, 3, 1;
LS_000002cfcb7b2b30_0_0 .concat [ 1 1 1 1], L_000002cfcb7b3850, L_000002cfcb7b3850, L_000002cfcb7b3850, L_000002cfcb7b3850;
LS_000002cfcb7b2b30_0_4 .concat [ 1 1 1 1], L_000002cfcb7b3850, L_000002cfcb7b3850, L_000002cfcb7b3850, L_000002cfcb7b3850;
L_000002cfcb7b2b30 .concat [ 4 4 0 0], LS_000002cfcb7b2b30_0_0, LS_000002cfcb7b2b30_0_4;
L_000002cfcb7b3c10 .part v000002cfcb7b5330_0, 2, 1;
LS_000002cfcb7b32b0_0_0 .concat [ 1 1 1 1], L_000002cfcb7b3c10, L_000002cfcb7b3c10, L_000002cfcb7b3c10, L_000002cfcb7b3c10;
LS_000002cfcb7b32b0_0_4 .concat [ 1 1 1 1], L_000002cfcb7b3c10, L_000002cfcb7b3c10, L_000002cfcb7b3c10, L_000002cfcb7b3c10;
L_000002cfcb7b32b0 .concat [ 4 4 0 0], LS_000002cfcb7b32b0_0_0, LS_000002cfcb7b32b0_0_4;
L_000002cfcb7b2ef0 .part v000002cfcb7b5330_0, 1, 1;
LS_000002cfcb7b3710_0_0 .concat [ 1 1 1 1], L_000002cfcb7b2ef0, L_000002cfcb7b2ef0, L_000002cfcb7b2ef0, L_000002cfcb7b2ef0;
LS_000002cfcb7b3710_0_4 .concat [ 1 1 1 1], L_000002cfcb7b2ef0, L_000002cfcb7b2ef0, L_000002cfcb7b2ef0, L_000002cfcb7b2ef0;
L_000002cfcb7b3710 .concat [ 4 4 0 0], LS_000002cfcb7b3710_0_0, LS_000002cfcb7b3710_0_4;
L_000002cfcb7b3030 .part v000002cfcb7b5330_0, 0, 1;
LS_000002cfcb7b46b0_0_0 .concat [ 1 1 1 1], L_000002cfcb7b3030, L_000002cfcb7b3030, L_000002cfcb7b3030, L_000002cfcb7b3030;
LS_000002cfcb7b46b0_0_4 .concat [ 1 1 1 1], L_000002cfcb7b3030, L_000002cfcb7b3030, L_000002cfcb7b3030, L_000002cfcb7b3030;
L_000002cfcb7b46b0 .concat [ 4 4 0 0], LS_000002cfcb7b46b0_0_0, LS_000002cfcb7b46b0_0_4;
L_000002cfcb7b3530 .concat [ 8 8 8 8], L_000002cfcb7b46b0, L_000002cfcb7b3710, L_000002cfcb7b32b0, L_000002cfcb7b2b30;
L_000002cfcb7b4890 .concat [ 4 5 23 0], L_000002cfcb7b6ca8, v000002cfcb7ae2b0_0, v000002cfcb7ad3b0_0;
L_000002cfcb7b4cf0 .concat [ 2 2 28 0], L_000002cfcb7b6d38, v000002cfcb7ad630_0, L_000002cfcb7b6cf0;
L_000002cfcb7b29f0 .concat [ 2 2 5 23], L_000002cfcb7b6d80, v000002cfcb7ac910_0, v000002cfcb7ae2b0_0, v000002cfcb7ad3b0_0;
L_000002cfcb7b4390 .array/port v000002cfcb7ac870, L_000002cfcb7b3170;
L_000002cfcb7b3a30 .concat [ 5 5 0 0], v000002cfcb7ae2b0_0, L_000002cfcb7b6e10;
L_000002cfcb7b4750 .concat [ 10 2 0 0], L_000002cfcb7b3a30, L_000002cfcb7b6e58;
L_000002cfcb7b33f0 .arith/mult 12, L_000002cfcb7b4750, L_000002cfcb7b6ea0;
L_000002cfcb7b3f30 .concat [ 2 2 0 0], v000002cfcb7ac910_0, L_000002cfcb7b6ee8;
L_000002cfcb7b4070 .concat [ 12 1 0 0], L_000002cfcb7b33f0, L_000002cfcb7b6f30;
L_000002cfcb7b2db0 .concat [ 4 9 0 0], L_000002cfcb7b3f30, L_000002cfcb7b6f78;
L_000002cfcb7b3170 .arith/sum 13, L_000002cfcb7b4070, L_000002cfcb7b2db0;
L_000002cfcb7b3e90 .array/port v000002cfcb7ad950, L_000002cfcb7b2810;
L_000002cfcb7b44d0 .concat [ 5 5 0 0], v000002cfcb7ae2b0_0, L_000002cfcb7b6fc0;
L_000002cfcb7b4110 .concat [ 10 2 0 0], L_000002cfcb7b44d0, L_000002cfcb7b7008;
L_000002cfcb7b4570 .arith/mult 12, L_000002cfcb7b4110, L_000002cfcb7b7050;
L_000002cfcb7b41b0 .concat [ 2 2 0 0], v000002cfcb7ac910_0, L_000002cfcb7b7098;
L_000002cfcb7b2d10 .concat [ 12 1 0 0], L_000002cfcb7b4570, L_000002cfcb7b70e0;
L_000002cfcb7b47f0 .concat [ 4 9 0 0], L_000002cfcb7b41b0, L_000002cfcb7b7128;
L_000002cfcb7b2810 .arith/sum 13, L_000002cfcb7b2d10, L_000002cfcb7b47f0;
L_000002cfcb7b4930 .functor MUXZ 32, L_000002cfcb7b3e90, L_000002cfcb7b4390, L_000002cfcb80fd80, C4<>;
L_000002cfcb7b4250 .part v000002cfcb7ae210_0, 3, 1;
LS_000002cfcb7b49d0_0_0 .concat [ 1 1 1 1], L_000002cfcb7b4250, L_000002cfcb7b4250, L_000002cfcb7b4250, L_000002cfcb7b4250;
LS_000002cfcb7b49d0_0_4 .concat [ 1 1 1 1], L_000002cfcb7b4250, L_000002cfcb7b4250, L_000002cfcb7b4250, L_000002cfcb7b4250;
L_000002cfcb7b49d0 .concat [ 4 4 0 0], LS_000002cfcb7b49d0_0_0, LS_000002cfcb7b49d0_0_4;
L_000002cfcb7b3210 .part v000002cfcb7ae210_0, 2, 1;
LS_000002cfcb7b28b0_0_0 .concat [ 1 1 1 1], L_000002cfcb7b3210, L_000002cfcb7b3210, L_000002cfcb7b3210, L_000002cfcb7b3210;
LS_000002cfcb7b28b0_0_4 .concat [ 1 1 1 1], L_000002cfcb7b3210, L_000002cfcb7b3210, L_000002cfcb7b3210, L_000002cfcb7b3210;
L_000002cfcb7b28b0 .concat [ 4 4 0 0], LS_000002cfcb7b28b0_0_0, LS_000002cfcb7b28b0_0_4;
L_000002cfcb7b3d50 .part v000002cfcb7ae210_0, 1, 1;
LS_000002cfcb7b3cb0_0_0 .concat [ 1 1 1 1], L_000002cfcb7b3d50, L_000002cfcb7b3d50, L_000002cfcb7b3d50, L_000002cfcb7b3d50;
LS_000002cfcb7b3cb0_0_4 .concat [ 1 1 1 1], L_000002cfcb7b3d50, L_000002cfcb7b3d50, L_000002cfcb7b3d50, L_000002cfcb7b3d50;
L_000002cfcb7b3cb0 .concat [ 4 4 0 0], LS_000002cfcb7b3cb0_0_0, LS_000002cfcb7b3cb0_0_4;
L_000002cfcb7b35d0 .part v000002cfcb7ae210_0, 0, 1;
LS_000002cfcb7b3490_0_0 .concat [ 1 1 1 1], L_000002cfcb7b35d0, L_000002cfcb7b35d0, L_000002cfcb7b35d0, L_000002cfcb7b35d0;
LS_000002cfcb7b3490_0_4 .concat [ 1 1 1 1], L_000002cfcb7b35d0, L_000002cfcb7b35d0, L_000002cfcb7b35d0, L_000002cfcb7b35d0;
L_000002cfcb7b3490 .concat [ 4 4 0 0], LS_000002cfcb7b3490_0_0, LS_000002cfcb7b3490_0_4;
L_000002cfcb7b4a70 .concat [ 8 8 8 8], L_000002cfcb7b3490, L_000002cfcb7b3cb0, L_000002cfcb7b28b0, L_000002cfcb7b49d0;
L_000002cfcb7b4610 .cmp/eq 2, v000002cfcb7af820_0, L_000002cfcb7b7170;
L_000002cfcb7b4b10 .cmp/ne 2, v000002cfcb7af820_0, L_000002cfcb7b71b8;
L_000002cfcb7b2f90 .cmp/ne 2, v000002cfcb7af820_0, L_000002cfcb7b7200;
L_000002cfcb7b4c50 .cmp/ne 4, v000002cfcb7af140_0, L_000002cfcb7b7248;
L_000002cfcb7b37b0 .cmp/ne 4, v000002cfcb7af140_0, L_000002cfcb7b7290;
L_000002cfcb7b38f0 .cmp/eq 2, v000002cfcb7af820_0, L_000002cfcb7b72d8;
L_000002cfcb7b2630 .cmp/eq 2, v000002cfcb7af820_0, L_000002cfcb7b7320;
L_000002cfcb7b26d0 .cmp/eq 2, v000002cfcb7af820_0, L_000002cfcb7b7368;
L_000002cfcb7b2950 .functor MUXZ 32, L_000002cfcb7b29f0, v000002cfcb7b5f10_0, L_000002cfcb80e880, C4<>;
L_000002cfcb7b2a90 .functor MUXZ 32, L_000002cfcb80e7a0, L_000002cfcb80f5a0, L_000002cfcb80e880, C4<>;
L_000002cfcb7b3990 .cmp/eq 2, v000002cfcb7af820_0, L_000002cfcb7b73b0;
L_000002cfcb7b3ad0 .array/port v000002cfcb7aece0, L_000002cfcb8192d0;
L_000002cfcb8192d0 .concat [ 3 2 0 0], v000002cfcb7aee20_0, L_000002cfcb7b73f8;
L_000002cfcb8188d0 .functor MUXZ 32, L_000002cfcb7b7440, L_000002cfcb7b3ad0, L_000002cfcb80f450, C4<>;
L_000002cfcb817a70 .functor MUXZ 32, L_000002cfcb8188d0, L_000002cfcb80f840, L_000002cfcb7b3990, C4<>;
L_000002cfcb8174d0 .cmp/eq 2, v000002cfcb7af820_0, L_000002cfcb7b7488;
L_000002cfcb8180b0 .array/port v000002cfcb7af1e0, L_000002cfcb818290;
L_000002cfcb818290 .concat [ 3 2 0 0], v000002cfcb7aee20_0, L_000002cfcb7b74d0;
L_000002cfcb818970 .functor MUXZ 32, L_000002cfcb7b7518, L_000002cfcb8180b0, L_000002cfcb80f450, C4<>;
L_000002cfcb8179d0 .cmp/ne 2, v000002cfcb7af820_0, L_000002cfcb7b7560;
L_000002cfcb8183d0 .cmp/eq 2, v000002cfcb7af820_0, L_000002cfcb7b75a8;
S_000002cfcb38c9b0 .scope module, "mem" "memory" 3 50, 5 8 0, S_000002cfcb3781e0;
 .timescale 0 0;
    .port_info 0 /INPUT 1 "i_clk";
    .port_info 1 /INPUT 1 "i_rst";
    .port_info 2 /OUTPUT 1 "o_ready";
    .port_info 3 /INPUT 32 "i_addr";
    .port_info 4 /INPUT 1 "i_ren";
    .port_info 5 /INPUT 1 "i_wen";
    .port_info 6 /INPUT 4 "i_mask";
    .port_info 7 /INPUT 32 "i_wdata";
    .port_info 8 /OUTPUT 1 "o_valid";
    .port_info 9 /OUTPUT 32 "o_addr";
    .port_info 10 /OUTPUT 1 "o_wdone";
    .port_info 11 /OUTPUT 32 "o_rdata";
P_000002cfcb377770 .param/l "INTERVAL" 0 5 14, +C4<00000000000000000000000000000010>;
P_000002cfcb3777a8 .param/l "LATENCY" 0 5 12, +C4<00000000000000000000000000000100>;
P_000002cfcb3777e0 .param/l "SIZE" 0 5 10, +C4<0000000000000000000000000000000000000000000000000100000000000000>;
L_000002cfcb3f7240 .functor NOT 1, v000002cfcb7b4e30_0, C4<0>, C4<0>, C4<0>;
L_000002cfcb3f7470 .functor AND 1, L_000002cfcb3f7240, L_000002cfcb7b5c90, C4<1>, C4<1>;
v000002cfcb7afa00_2 .array/port v000002cfcb7afa00, 2;
L_000002cfcb3f74e0 .functor BUFZ 32, v000002cfcb7afa00_2, C4<00000000000000000000000000000000>, C4<00000000000000000000000000000000>, C4<00000000000000000000000000000000>;
v000002cfcb7b1010_2 .array/port v000002cfcb7b1010, 2;
L_000002cfcb3f7da0 .functor BUFZ 4, v000002cfcb7b1010_2, C4<0000>, C4<0000>, C4<0000>;
v000002cfcb7b15b0_2 .array/port v000002cfcb7b15b0, 2;
L_000002cfcb3f7be0 .functor BUFZ 32, v000002cfcb7b15b0_2, C4<00000000000000000000000000000000>, C4<00000000000000000000000000000000>, C4<00000000000000000000000000000000>;
v000002cfcb7afa00_3 .array/port v000002cfcb7afa00, 3;
L_000002cfcb3f7cc0 .functor BUFZ 32, v000002cfcb7afa00_3, C4<00000000000000000000000000000000>, C4<00000000000000000000000000000000>, C4<00000000000000000000000000000000>;
v000002cfcb7b1510_3 .array/port v000002cfcb7b1510, 3;
L_000002cfcb3f7d30 .functor BUFZ 1, v000002cfcb7b1510_3, C4<0>, C4<0>, C4<0>;
v000002cfcb7b1470_2 .array/port v000002cfcb7b1470, 2;
L_000002cfcb3a4840 .functor BUFZ 1, v000002cfcb7b1470_2, C4<0>, C4<0>, C4<0>;
L_000002cfcb3a3ce0 .functor BUFZ 32, L_000002cfcb7b50b0, C4<00000000000000000000000000000000>, C4<00000000000000000000000000000000>, C4<00000000000000000000000000000000>;
L_000002cfcb3a3b20 .functor BUFZ 32, L_000002cfcb3f7cc0, C4<00000000000000000000000000000000>, C4<00000000000000000000000000000000>, C4<00000000000000000000000000000000>;
L_000002cfcb3a4300 .functor BUFZ 1, L_000002cfcb3f7d30, C4<0>, C4<0>, C4<0>;
L_000002cfcb3a3d50 .functor BUFZ 1, L_000002cfcb3a4840, C4<0>, C4<0>, C4<0>;
L_000002cfcb3a3dc0 .functor BUFZ 1, L_000002cfcb3f7470, C4<0>, C4<0>, C4<0>;
v000002cfcb7afe60_0 .net *"_ivl_0", 0 0, L_000002cfcb3f7240;  1 drivers
v000002cfcb7aff00_0 .net *"_ivl_2", 31 0, L_000002cfcb7b5830;  1 drivers
v000002cfcb7af8c0_0 .net *"_ivl_32", 7 0, L_000002cfcb7b5d30;  1 drivers
L_000002cfcb7b66c0 .functor BUFT 1, C4<00000000000000000000000000000011>, C4<0>, C4<0>, C4<0>;
v000002cfcb7ae9c0_0 .net/2u *"_ivl_34", 31 0, L_000002cfcb7b66c0;  1 drivers
v000002cfcb7af960_0 .net *"_ivl_36", 31 0, L_000002cfcb7b5ab0;  1 drivers
v000002cfcb7aeb00_0 .net *"_ivl_38", 7 0, L_000002cfcb7b4f70;  1 drivers
L_000002cfcb7b6708 .functor BUFT 1, C4<00000000000000000000000000000010>, C4<0>, C4<0>, C4<0>;
v000002cfcb7af780_0 .net/2u *"_ivl_40", 31 0, L_000002cfcb7b6708;  1 drivers
v000002cfcb7aeba0_0 .net *"_ivl_42", 31 0, L_000002cfcb7b6050;  1 drivers
v000002cfcb7b04a0_0 .net *"_ivl_44", 7 0, L_000002cfcb7b60f0;  1 drivers
L_000002cfcb7b6750 .functor BUFT 1, C4<00000000000000000000000000000001>, C4<0>, C4<0>, C4<0>;
v000002cfcb7b0220_0 .net/2u *"_ivl_46", 31 0, L_000002cfcb7b6750;  1 drivers
v000002cfcb7afbe0_0 .net *"_ivl_48", 31 0, L_000002cfcb7b5010;  1 drivers
L_000002cfcb7b6630 .functor BUFT 1, C4<0000000000000000000000000000000>, C4<0>, C4<0>, C4<0>;
v000002cfcb7aec40_0 .net *"_ivl_5", 30 0, L_000002cfcb7b6630;  1 drivers
v000002cfcb7af460_0 .net *"_ivl_50", 7 0, L_000002cfcb7b6370;  1 drivers
L_000002cfcb7b6798 .functor BUFT 1, C4<00000000000000000000000000000000>, C4<0>, C4<0>, C4<0>;
v000002cfcb7af5a0_0 .net/2u *"_ivl_52", 31 0, L_000002cfcb7b6798;  1 drivers
v000002cfcb7ae600_0 .net *"_ivl_54", 31 0, L_000002cfcb7b51f0;  1 drivers
L_000002cfcb7b6678 .functor BUFT 1, C4<00000000000000000000000000000000>, C4<0>, C4<0>, C4<0>;
v000002cfcb7af640_0 .net/2u *"_ivl_6", 31 0, L_000002cfcb7b6678;  1 drivers
v000002cfcb7af6e0_0 .net *"_ivl_8", 0 0, L_000002cfcb7b5c90;  1 drivers
v000002cfcb7afa00 .array "addrs", 3 0, 31 0;
v000002cfcb7b02c0_0 .net "i_addr", 31 0, L_000002cfcb817a70;  alias, 1 drivers
v000002cfcb7b0360_0 .net "i_clk", 0 0, v000002cfcb7b1830_0;  alias, 1 drivers
v000002cfcb7afaa0_0 .net "i_mask", 3 0, L_000002cfcb7b65e8;  alias, 1 drivers
v000002cfcb7b1a10_0 .net "i_ren", 0 0, L_000002cfcb80f300;  alias, 1 drivers
v000002cfcb7b13d0_0 .net "i_rst", 0 0, v000002cfcb7b4e30_0;  alias, 1 drivers
v000002cfcb7b2190_0 .net "i_wdata", 31 0, L_000002cfcb818970;  alias, 1 drivers
v000002cfcb7b2370_0 .net "i_wen", 0 0, L_000002cfcb80ece0;  alias, 1 drivers
v000002cfcb7b16f0_0 .var "interval_counter", 0 0;
v000002cfcb7b1ab0_0 .net "mask", 3 0, L_000002cfcb3f7da0;  1 drivers
v000002cfcb7b1010 .array "masks", 3 0, 3 0;
v000002cfcb7b1b50 .array "mem", 16383 0, 7 0;
v000002cfcb7b11f0_0 .net "o_addr", 31 0, L_000002cfcb3a3b20;  alias, 1 drivers
v000002cfcb7b0890_0 .net "o_rdata", 31 0, L_000002cfcb3a3ce0;  alias, 1 drivers
v000002cfcb7b1290_0 .net "o_ready", 0 0, L_000002cfcb3a3dc0;  alias, 1 drivers
v000002cfcb7b0e30_0 .net "o_valid", 0 0, L_000002cfcb3a4300;  alias, 1 drivers
v000002cfcb7b0c50_0 .net "o_wdone", 0 0, L_000002cfcb3a3d50;  1 drivers
v000002cfcb7b0a70_0 .net "raddr", 31 0, v000002cfcb7afa00_3;  1 drivers
v000002cfcb7b2050_0 .net "ready", 0 0, L_000002cfcb3f7470;  1 drivers
v000002cfcb7b1bf0_0 .net "ren", 0 0, v000002cfcb7b1510_3;  1 drivers
v000002cfcb7b1510 .array "rens", 3 0, 0 0;
v000002cfcb7b2230_0 .net "res_addr", 31 0, L_000002cfcb3f7cc0;  1 drivers
v000002cfcb7b0b10_0 .net "res_rdata", 31 0, L_000002cfcb7b50b0;  1 drivers
v000002cfcb7b2410_0 .net "res_valid", 0 0, L_000002cfcb3f7d30;  1 drivers
v000002cfcb7b1330_0 .net "res_wdone", 0 0, L_000002cfcb3a4840;  1 drivers
v000002cfcb7b20f0_0 .net "waddr", 31 0, L_000002cfcb3f74e0;  1 drivers
v000002cfcb7b1970_0 .net "wdata", 31 0, L_000002cfcb3f7be0;  1 drivers
v000002cfcb7b15b0 .array "wdatas", 3 0, 31 0;
v000002cfcb7b1d30_0 .net "wen", 0 0, v000002cfcb7b1470_2;  1 drivers
v000002cfcb7b1470 .array "wens", 3 0, 0 0;
L_000002cfcb7b5830 .concat [ 1 31 0 0], v000002cfcb7b16f0_0, L_000002cfcb7b6630;
L_000002cfcb7b5c90 .cmp/eq 32, L_000002cfcb7b5830, L_000002cfcb7b6678;
L_000002cfcb7b5d30 .array/port v000002cfcb7b1b50, L_000002cfcb7b5ab0;
L_000002cfcb7b5ab0 .arith/sum 32, v000002cfcb7afa00_3, L_000002cfcb7b66c0;
L_000002cfcb7b4f70 .array/port v000002cfcb7b1b50, L_000002cfcb7b6050;
L_000002cfcb7b6050 .arith/sum 32, v000002cfcb7afa00_3, L_000002cfcb7b6708;
L_000002cfcb7b60f0 .array/port v000002cfcb7b1b50, L_000002cfcb7b5010;
L_000002cfcb7b5010 .arith/sum 32, v000002cfcb7afa00_3, L_000002cfcb7b6750;
L_000002cfcb7b6370 .array/port v000002cfcb7b1b50, L_000002cfcb7b51f0;
L_000002cfcb7b51f0 .arith/sum 32, v000002cfcb7afa00_3, L_000002cfcb7b6798;
L_000002cfcb7b50b0 .concat [ 8 8 8 8], L_000002cfcb7b6370, L_000002cfcb7b60f0, L_000002cfcb7b4f70, L_000002cfcb7b5d30;
S_000002cfcb7aa180 .scope generate, "genblk1[1]" "genblk1[1]" 5 102, 5 102 0, S_000002cfcb38c9b0;
 .timescale 0 0;
P_000002cfcb74a400 .param/l "i" 0 5 102, +C4<01>;
S_000002cfcb7aa310 .scope generate, "genblk1[2]" "genblk1[2]" 5 102, 5 102 0, S_000002cfcb38c9b0;
 .timescale 0 0;
P_000002cfcb74a180 .param/l "i" 0 5 102, +C4<010>;
S_000002cfcb3fe680 .scope generate, "genblk1[3]" "genblk1[3]" 5 102, 5 102 0, S_000002cfcb38c9b0;
 .timescale 0 0;
P_000002cfcb74a5c0 .param/l "i" 0 5 102, +C4<011>;
S_000002cfcb3fea20 .scope autotask, "reset_sequence" "reset_sequence" 3 206, 3 206 0, S_000002cfcb3781e0;
 .timescale 0 0;
E_000002cfcb74a640 .event negedge, v000002cfcb7ac690_0;
TD_cache_tb.reset_sequence ;
    %vpi_call/w 3 208 "$display", "Resetting cache and memory." {0 0 0};
    %wait E_000002cfcb74a640;
    %pushi/vec4 1, 0, 1;
    %store/vec4 v000002cfcb7b4e30_0, 0, 1;
    %wait E_000002cfcb74a640;
    %wait E_000002cfcb74a640;
    %wait E_000002cfcb74a640;
    %wait E_000002cfcb74a640;
    %pushi/vec4 0, 0, 1;
    %store/vec4 v000002cfcb7b4e30_0, 0, 1;
    %pushi/vec4 0, 0, 32;
    %store/vec4 v000002cfcb7b5f10_0, 0, 32;
    %pushi/vec4 0, 0, 1;
    %store/vec4 v000002cfcb7b64b0_0, 0, 1;
    %pushi/vec4 0, 0, 1;
    %store/vec4 v000002cfcb7b6230_0, 0, 1;
    %pushi/vec4 0, 0, 4;
    %store/vec4 v000002cfcb7b5330_0, 0, 4;
    %pushi/vec4 0, 0, 32;
    %store/vec4 v000002cfcb7b5790_0, 0, 32;
    %pushi/vec4 0, 0, 24;
    %store/vec4 v000002cfcb7b4ed0_0, 0, 24;
    %pushi/vec4 0, 0, 5;
    %store/vec4 v000002cfcb7b06b0_0, 0, 5;
    %pushi/vec4 0, 0, 4;
    %store/vec4 v000002cfcb7b0f70_0, 0, 4;
    %end;
S_000002cfcb3febb0 .scope autotask, "send_read" "send_read" 3 185, 3 185 0, S_000002cfcb3781e0;
 .timescale 0 0;
v000002cfcb7b0cf0_0 .var "index", 4 0;
v000002cfcb7b24b0_0 .var "mask", 3 0;
v000002cfcb7b10b0_0 .var "offset", 3 0;
v000002cfcb7b1650_0 .var "tag", 22 0;
E_000002cfcb74a440 .event negedge, v000002cfcb7ac690_0;
TD_cache_tb.send_read ;
    %load/vec4 v000002cfcb7b1650_0;
    %load/vec4 v000002cfcb7b0cf0_0;
    %concat/vec4; draw_concat_vec4
    %load/vec4 v000002cfcb7b10b0_0;
    %concat/vec4; draw_concat_vec4
    %store/vec4 v000002cfcb7b5f10_0, 0, 32;
    %load/vec4 v000002cfcb7b24b0_0;
    %store/vec4 v000002cfcb7b5330_0, 0, 4;
    %pushi/vec4 0, 0, 1;
    %store/vec4 v000002cfcb7b6230_0, 0, 1;
    %pushi/vec4 4294967295, 4294967295, 32;
    %store/vec4 v000002cfcb7b5790_0, 0, 32;
    %pushi/vec4 1, 0, 1;
    %store/vec4 v000002cfcb7b64b0_0, 0, 1;
    %wait E_000002cfcb74a440;
    %pushi/vec4 0, 0, 1;
    %store/vec4 v000002cfcb7b64b0_0, 0, 1;
    %delay 0, 0;
    %load/vec4 v000002cfcb7b5330_0;
    %parti/s 1, 3, 3;
    %replicate 8;
    %load/vec4 v000002cfcb7b5330_0;
    %parti/s 1, 2, 3;
    %replicate 8;
    %concat/vec4; draw_concat_vec4
    %load/vec4 v000002cfcb7b5330_0;
    %parti/s 1, 1, 2;
    %replicate 8;
    %concat/vec4; draw_concat_vec4
    %load/vec4 v000002cfcb7b5330_0;
    %parti/s 1, 0, 2;
    %replicate 8;
    %concat/vec4; draw_concat_vec4
    %store/vec4 v000002cfcb7b0bb0_0, 0, 32;
    %load/vec4 v000002cfcb7b1790_0;
    %nor/r;
    %flag_set/vec4 8;
    %jmp/0xz  T_1.0, 8;
    %load/vec4 v000002cfcb7b6410_0;
    %load/vec4 v000002cfcb7b0bb0_0;
    %and;
    %vpi_call/w 3 198 "$display", "Read HIT:   addr=%08x data=%08x mask=%04b", v000002cfcb7b5f10_0, S<0,vec4,u32>, v000002cfcb7b5330_0 {1 0 0};
    %jmp T_1.1;
T_1.0 ;
T_1.2 ;
    %load/vec4 v000002cfcb7b1790_0;
    %flag_set/vec4 8;
    %jmp/0xz T_1.3, 8;
    %wait E_000002cfcb74a440;
    %jmp T_1.2;
T_1.3 ;
    %load/vec4 v000002cfcb7b6410_0;
    %load/vec4 v000002cfcb7b0bb0_0;
    %and;
    %vpi_call/w 3 201 "$display", "Read MISS:  addr=%08x data=%08x mask=%04b", v000002cfcb7b5f10_0, S<0,vec4,u32>, v000002cfcb7b5330_0 {1 0 0};
T_1.1 ;
    %end;
S_000002cfcb3fed40 .scope autotask, "send_write" "send_write" 3 166, 3 166 0, S_000002cfcb3781e0;
 .timescale 0 0;
v000002cfcb7b1c90_0 .var "data", 31 0;
v000002cfcb7b18d0_0 .var "index", 4 0;
v000002cfcb7b1dd0_0 .var "mask", 3 0;
v000002cfcb7b0610_0 .var "offset", 3 0;
v000002cfcb7b0d90_0 .var "tag", 22 0;
E_000002cfcb74a680 .event negedge, v000002cfcb7ac690_0;
TD_cache_tb.send_write ;
    %load/vec4 v000002cfcb7b0d90_0;
    %load/vec4 v000002cfcb7b18d0_0;
    %concat/vec4; draw_concat_vec4
    %load/vec4 v000002cfcb7b0610_0;
    %concat/vec4; draw_concat_vec4
    %store/vec4 v000002cfcb7b5f10_0, 0, 32;
    %load/vec4 v000002cfcb7b1dd0_0;
    %store/vec4 v000002cfcb7b5330_0, 0, 4;
    %pushi/vec4 0, 0, 1;
    %store/vec4 v000002cfcb7b64b0_0, 0, 1;
    %pushi/vec4 1, 0, 1;
    %store/vec4 v000002cfcb7b6230_0, 0, 1;
    %load/vec4 v000002cfcb7b1c90_0;
    %store/vec4 v000002cfcb7b5790_0, 0, 32;
    %wait E_000002cfcb74a680;
    %pushi/vec4 0, 0, 1;
    %store/vec4 v000002cfcb7b6230_0, 0, 1;
    %load/vec4 v000002cfcb7b1790_0;
    %nor/r;
    %flag_set/vec4 8;
    %jmp/0xz  T_2.4, 8;
    %load/vec4 v000002cfcb7b5790_0;
    %load/vec4 v000002cfcb7b0bb0_0;
    %and;
    %vpi_call/w 3 177 "$display", "Write HIT:  addr=%08x data=%08x mask=%04b", v000002cfcb7b5f10_0, S<0,vec4,u32>, v000002cfcb7b5330_0 {1 0 0};
    %jmp T_2.5;
T_2.4 ;
T_2.6 ;
    %load/vec4 v000002cfcb7b1790_0;
    %flag_set/vec4 8;
    %jmp/0xz T_2.7, 8;
    %wait E_000002cfcb74a680;
    %jmp T_2.6;
T_2.7 ;
    %load/vec4 v000002cfcb7b5790_0;
    %load/vec4 v000002cfcb7b0bb0_0;
    %and;
    %vpi_call/w 3 180 "$display", "Write MISS: addr=%08x data=%08x mask=%04b", v000002cfcb7b5f10_0, S<0,vec4,u32>, v000002cfcb7b5330_0 {1 0 0};
T_2.5 ;
    %end;
    .scope S_000002cfcb7aa180;
T_3 ;
    %wait E_000002cfcb74a140;
    %load/vec4 v000002cfcb7b13d0_0;
    %flag_set/vec4 8;
    %jmp/0xz  T_3.0, 8;
    %pushi/vec4 0, 0, 1;
    %ix/load 3, 1, 0;
    %flag_set/imm 4, 0;
    %ix/load 4, 0, 0; Constant delay
    %assign/vec4/a/d v000002cfcb7b1510, 0, 4;
    %pushi/vec4 0, 0, 1;
    %ix/load 3, 1, 0;
    %flag_set/imm 4, 0;
    %ix/load 4, 0, 0; Constant delay
    %assign/vec4/a/d v000002cfcb7b1470, 0, 4;
    %jmp T_3.1;
T_3.0 ;
    %ix/load 4, 0, 0;
    %flag_set/imm 4, 0;
    %load/vec4a v000002cfcb7afa00, 4;
    %ix/load 3, 1, 0;
    %flag_set/imm 4, 0;
    %ix/load 4, 0, 0; Constant delay
    %assign/vec4/a/d v000002cfcb7afa00, 0, 4;
    %ix/load 4, 0, 0;
    %flag_set/imm 4, 0;
    %load/vec4a v000002cfcb7b1510, 4;
    %ix/load 3, 1, 0;
    %flag_set/imm 4, 0;
    %ix/load 4, 0, 0; Constant delay
    %assign/vec4/a/d v000002cfcb7b1510, 0, 4;
    %ix/load 4, 0, 0;
    %flag_set/imm 4, 0;
    %load/vec4a v000002cfcb7b1470, 4;
    %ix/load 3, 1, 0;
    %flag_set/imm 4, 0;
    %ix/load 4, 0, 0; Constant delay
    %assign/vec4/a/d v000002cfcb7b1470, 0, 4;
    %ix/load 4, 0, 0;
    %flag_set/imm 4, 0;
    %load/vec4a v000002cfcb7b1010, 4;
    %ix/load 3, 1, 0;
    %flag_set/imm 4, 0;
    %ix/load 4, 0, 0; Constant delay
    %assign/vec4/a/d v000002cfcb7b1010, 0, 4;
    %ix/load 4, 0, 0;
    %flag_set/imm 4, 0;
    %load/vec4a v000002cfcb7b15b0, 4;
    %ix/load 3, 1, 0;
    %flag_set/imm 4, 0;
    %ix/load 4, 0, 0; Constant delay
    %assign/vec4/a/d v000002cfcb7b15b0, 0, 4;
T_3.1 ;
    %jmp T_3;
    .thread T_3;
    .scope S_000002cfcb7aa310;
T_4 ;
    %wait E_000002cfcb74a140;
    %load/vec4 v000002cfcb7b13d0_0;
    %flag_set/vec4 8;
    %jmp/0xz  T_4.0, 8;
    %pushi/vec4 0, 0, 1;
    %ix/load 3, 2, 0;
    %flag_set/imm 4, 0;
    %ix/load 4, 0, 0; Constant delay
    %assign/vec4/a/d v000002cfcb7b1510, 0, 4;
    %pushi/vec4 0, 0, 1;
    %ix/load 3, 2, 0;
    %flag_set/imm 4, 0;
    %ix/load 4, 0, 0; Constant delay
    %assign/vec4/a/d v000002cfcb7b1470, 0, 4;
    %jmp T_4.1;
T_4.0 ;
    %ix/load 4, 1, 0;
    %flag_set/imm 4, 0;
    %load/vec4a v000002cfcb7afa00, 4;
    %ix/load 3, 2, 0;
    %flag_set/imm 4, 0;
    %ix/load 4, 0, 0; Constant delay
    %assign/vec4/a/d v000002cfcb7afa00, 0, 4;
    %ix/load 4, 1, 0;
    %flag_set/imm 4, 0;
    %load/vec4a v000002cfcb7b1510, 4;
    %ix/load 3, 2, 0;
    %flag_set/imm 4, 0;
    %ix/load 4, 0, 0; Constant delay
    %assign/vec4/a/d v000002cfcb7b1510, 0, 4;
    %ix/load 4, 1, 0;
    %flag_set/imm 4, 0;
    %load/vec4a v000002cfcb7b1470, 4;
    %ix/load 3, 2, 0;
    %flag_set/imm 4, 0;
    %ix/load 4, 0, 0; Constant delay
    %assign/vec4/a/d v000002cfcb7b1470, 0, 4;
    %ix/load 4, 1, 0;
    %flag_set/imm 4, 0;
    %load/vec4a v000002cfcb7b1010, 4;
    %ix/load 3, 2, 0;
    %flag_set/imm 4, 0;
    %ix/load 4, 0, 0; Constant delay
    %assign/vec4/a/d v000002cfcb7b1010, 0, 4;
    %ix/load 4, 1, 0;
    %flag_set/imm 4, 0;
    %load/vec4a v000002cfcb7b15b0, 4;
    %ix/load 3, 2, 0;
    %flag_set/imm 4, 0;
    %ix/load 4, 0, 0; Constant delay
    %assign/vec4/a/d v000002cfcb7b15b0, 0, 4;
T_4.1 ;
    %jmp T_4;
    .thread T_4;
    .scope S_000002cfcb3fe680;
T_5 ;
    %wait E_000002cfcb74a140;
    %load/vec4 v000002cfcb7b13d0_0;
    %flag_set/vec4 8;
    %jmp/0xz  T_5.0, 8;
    %pushi/vec4 0, 0, 1;
    %ix/load 3, 3, 0;
    %flag_set/imm 4, 0;
    %ix/load 4, 0, 0; Constant delay
    %assign/vec4/a/d v000002cfcb7b1510, 0, 4;
    %pushi/vec4 0, 0, 1;
    %ix/load 3, 3, 0;
    %flag_set/imm 4, 0;
    %ix/load 4, 0, 0; Constant delay
    %assign/vec4/a/d v000002cfcb7b1470, 0, 4;
    %jmp T_5.1;
T_5.0 ;
    %ix/load 4, 2, 0;
    %flag_set/imm 4, 0;
    %load/vec4a v000002cfcb7afa00, 4;
    %ix/load 3, 3, 0;
    %flag_set/imm 4, 0;
    %ix/load 4, 0, 0; Constant delay
    %assign/vec4/a/d v000002cfcb7afa00, 0, 4;
    %ix/load 4, 2, 0;
    %flag_set/imm 4, 0;
    %load/vec4a v000002cfcb7b1510, 4;
    %ix/load 3, 3, 0;
    %flag_set/imm 4, 0;
    %ix/load 4, 0, 0; Constant delay
    %assign/vec4/a/d v000002cfcb7b1510, 0, 4;
    %ix/load 4, 2, 0;
    %flag_set/imm 4, 0;
    %load/vec4a v000002cfcb7b1470, 4;
    %ix/load 3, 3, 0;
    %flag_set/imm 4, 0;
    %ix/load 4, 0, 0; Constant delay
    %assign/vec4/a/d v000002cfcb7b1470, 0, 4;
    %ix/load 4, 2, 0;
    %flag_set/imm 4, 0;
    %load/vec4a v000002cfcb7b1010, 4;
    %ix/load 3, 3, 0;
    %flag_set/imm 4, 0;
    %ix/load 4, 0, 0; Constant delay
    %assign/vec4/a/d v000002cfcb7b1010, 0, 4;
    %ix/load 4, 2, 0;
    %flag_set/imm 4, 0;
    %load/vec4a v000002cfcb7b15b0, 4;
    %ix/load 3, 3, 0;
    %flag_set/imm 4, 0;
    %ix/load 4, 0, 0; Constant delay
    %assign/vec4/a/d v000002cfcb7b15b0, 0, 4;
T_5.1 ;
    %jmp T_5;
    .thread T_5;
    .scope S_000002cfcb38c9b0;
T_6 ;
    %wait E_000002cfcb74a140;
    %load/vec4 v000002cfcb7b13d0_0;
    %flag_set/vec4 8;
    %jmp/0xz  T_6.0, 8;
    %pushi/vec4 0, 0, 1;
    %assign/vec4 v000002cfcb7b16f0_0, 0;
    %jmp T_6.1;
T_6.0 ;
    %load/vec4 v000002cfcb7b16f0_0;
    %pad/u 32;
    %cmpi/e 1, 0, 32;
    %jmp/0xz  T_6.2, 4;
    %pushi/vec4 0, 0, 1;
    %assign/vec4 v000002cfcb7b16f0_0, 0;
    %jmp T_6.3;
T_6.2 ;
    %load/vec4 v000002cfcb7b2050_0;
    %nor/r;
    %load/vec4 v000002cfcb7b1a10_0;
    %or;
    %load/vec4 v000002cfcb7b2370_0;
    %or;
    %flag_set/vec4 8;
    %jmp/0xz  T_6.4, 8;
    %load/vec4 v000002cfcb7b16f0_0;
    %pad/u 2;
    %addi 1, 0, 2;
    %pad/u 1;
    %assign/vec4 v000002cfcb7b16f0_0, 0;
T_6.4 ;
T_6.3 ;
T_6.1 ;
    %jmp T_6;
    .thread T_6;
    .scope S_000002cfcb38c9b0;
T_7 ;
    %wait E_000002cfcb74a140;
    %load/vec4 v000002cfcb7b13d0_0;
    %flag_set/vec4 8;
    %jmp/0xz  T_7.0, 8;
    %pushi/vec4 0, 0, 1;
    %ix/load 3, 0, 0;
    %flag_set/imm 4, 0;
    %ix/load 4, 0, 0; Constant delay
    %assign/vec4/a/d v000002cfcb7b1510, 0, 4;
    %pushi/vec4 0, 0, 1;
    %ix/load 3, 0, 0;
    %flag_set/imm 4, 0;
    %ix/load 4, 0, 0; Constant delay
    %assign/vec4/a/d v000002cfcb7b1470, 0, 4;
    %jmp T_7.1;
T_7.0 ;
    %load/vec4 v000002cfcb7b02c0_0;
    %ix/load 3, 0, 0;
    %flag_set/imm 4, 0;
    %ix/load 4, 0, 0; Constant delay
    %assign/vec4/a/d v000002cfcb7afa00, 0, 4;
    %load/vec4 v000002cfcb7b2050_0;
    %load/vec4 v000002cfcb7b1a10_0;
    %and;
    %ix/load 3, 0, 0;
    %flag_set/imm 4, 0;
    %ix/load 4, 0, 0; Constant delay
    %assign/vec4/a/d v000002cfcb7b1510, 0, 4;
    %load/vec4 v000002cfcb7b2050_0;
    %load/vec4 v000002cfcb7b2370_0;
    %and;
    %ix/load 3, 0, 0;
    %flag_set/imm 4, 0;
    %ix/load 4, 0, 0; Constant delay
    %assign/vec4/a/d v000002cfcb7b1470, 0, 4;
    %load/vec4 v000002cfcb7afaa0_0;
    %ix/load 3, 0, 0;
    %flag_set/imm 4, 0;
    %ix/load 4, 0, 0; Constant delay
    %assign/vec4/a/d v000002cfcb7b1010, 0, 4;
    %load/vec4 v000002cfcb7b2190_0;
    %ix/load 3, 0, 0;
    %flag_set/imm 4, 0;
    %ix/load 4, 0, 0; Constant delay
    %assign/vec4/a/d v000002cfcb7b15b0, 0, 4;
T_7.1 ;
    %jmp T_7;
    .thread T_7;
    .scope S_000002cfcb38c9b0;
T_8 ;
    %wait E_000002cfcb74a140;
    %load/vec4 v000002cfcb7b1d30_0;
    %load/vec4 v000002cfcb7b1ab0_0;
    %parti/s 1, 0, 2;
    %and;
    %flag_set/vec4 8;
    %jmp/0xz  T_8.0, 8;
    %load/vec4 v000002cfcb7b1970_0;
    %parti/s 8, 0, 2;
    %load/vec4 v000002cfcb7b20f0_0;
    %addi 0, 0, 32;
    %ix/vec4 3;
    %ix/load 4, 0, 0; Constant delay
    %assign/vec4/a/d v000002cfcb7b1b50, 0, 4;
T_8.0 ;
    %load/vec4 v000002cfcb7b1d30_0;
    %load/vec4 v000002cfcb7b1ab0_0;
    %parti/s 1, 1, 2;
    %and;
    %flag_set/vec4 8;
    %jmp/0xz  T_8.2, 8;
    %load/vec4 v000002cfcb7b1970_0;
    %parti/s 8, 8, 5;
    %load/vec4 v000002cfcb7b20f0_0;
    %addi 1, 0, 32;
    %ix/vec4 3;
    %ix/load 4, 0, 0; Constant delay
    %assign/vec4/a/d v000002cfcb7b1b50, 0, 4;
T_8.2 ;
    %load/vec4 v000002cfcb7b1d30_0;
    %load/vec4 v000002cfcb7b1ab0_0;
    %parti/s 1, 2, 3;
    %and;
    %flag_set/vec4 8;
    %jmp/0xz  T_8.4, 8;
    %load/vec4 v000002cfcb7b1970_0;
    %parti/s 8, 16, 6;
    %load/vec4 v000002cfcb7b20f0_0;
    %addi 2, 0, 32;
    %ix/vec4 3;
    %ix/load 4, 0, 0; Constant delay
    %assign/vec4/a/d v000002cfcb7b1b50, 0, 4;
T_8.4 ;
    %load/vec4 v000002cfcb7b1d30_0;
    %load/vec4 v000002cfcb7b1ab0_0;
    %parti/s 1, 3, 3;
    %and;
    %flag_set/vec4 8;
    %jmp/0xz  T_8.6, 8;
    %load/vec4 v000002cfcb7b1970_0;
    %parti/s 8, 24, 6;
    %load/vec4 v000002cfcb7b20f0_0;
    %addi 3, 0, 32;
    %ix/vec4 3;
    %ix/load 4, 0, 0; Constant delay
    %assign/vec4/a/d v000002cfcb7b1b50, 0, 4;
T_8.6 ;
    %jmp T_8;
    .thread T_8;
    .scope S_000002cfcb38c820;
T_9 ;
    %wait E_000002cfcb74a140;
    %load/vec4 v000002cfcb7ac730_0;
    %flag_set/vec4 8;
    %jmp/0xz  T_9.0, 8;
    %pushi/vec4 0, 0, 2;
    %assign/vec4 v000002cfcb7af820_0, 0;
    %pushi/vec4 0, 0, 23;
    %assign/vec4 v000002cfcb7ad3b0_0, 0;
    %pushi/vec4 0, 0, 5;
    %assign/vec4 v000002cfcb7ae2b0_0, 0;
    %pushi/vec4 0, 0, 2;
    %assign/vec4 v000002cfcb7ac910_0, 0;
    %pushi/vec4 0, 0, 1;
    %assign/vec4 v000002cfcb7ade50_0, 0;
    %pushi/vec4 0, 0, 1;
    %assign/vec4 v000002cfcb7adc70_0, 0;
    %pushi/vec4 0, 0, 4;
    %assign/vec4 v000002cfcb7ae210_0, 0;
    %pushi/vec4 0, 0, 32;
    %assign/vec4 v000002cfcb7ad770_0, 0;
    %pushi/vec4 0, 0, 2;
    %assign/vec4 v000002cfcb7ad630_0, 0;
    %pushi/vec4 0, 0, 3;
    %assign/vec4 v000002cfcb7aee20_0, 0;
    %pushi/vec4 0, 0, 3;
    %assign/vec4 v000002cfcb7af320_0, 0;
    %pushi/vec4 0, 0, 4;
    %assign/vec4 v000002cfcb7af140_0, 0;
    %pushi/vec4 0, 0, 32;
    %assign/vec4 v000002cfcb7aeec0_0, 0;
    %pushi/vec4 0, 0, 32;
    %assign/vec4 v000002cfcb7ae6a0_0, 0;
    %pushi/vec4 0, 0, 32;
    %assign/vec4 v000002cfcb7acf50_0, 0;
    %jmp T_9.1;
T_9.0 ;
    %load/vec4 v000002cfcb7afb40_0;
    %flag_set/vec4 8;
    %jmp/0xz  T_9.2, 8;
    %load/vec4 v000002cfcb7af500_0;
    %load/vec4 v000002cfcb7af320_0;
    %pad/u 5;
    %ix/vec4 3;
    %ix/load 4, 0, 0; Constant delay
    %assign/vec4/a/d v000002cfcb7aece0, 0, 4;
    %load/vec4 v000002cfcb7aed80_0;
    %load/vec4 v000002cfcb7af320_0;
    %pad/u 5;
    %ix/vec4 3;
    %ix/load 4, 0, 0; Constant delay
    %assign/vec4/a/d v000002cfcb7af1e0, 0, 4;
T_9.2 ;
    %load/vec4 v000002cfcb7afc80_0;
    %flag_set/vec4 8;
    %jmp/0xz  T_9.4, 8;
    %load/vec4 v000002cfcb7aee20_0;
    %addi 1, 0, 3;
    %assign/vec4 v000002cfcb7aee20_0, 0;
T_9.4 ;
    %load/vec4 v000002cfcb7afb40_0;
    %flag_set/vec4 8;
    %jmp/0xz  T_9.6, 8;
    %load/vec4 v000002cfcb7af320_0;
    %addi 1, 0, 3;
    %assign/vec4 v000002cfcb7af320_0, 0;
T_9.6 ;
    %load/vec4 v000002cfcb7afb40_0;
    %load/vec4 v000002cfcb7afc80_0;
    %concat/vec4; draw_concat_vec4
    %dup/vec4;
    %pushi/vec4 2, 0, 2;
    %cmp/u;
    %jmp/1 T_9.8, 6;
    %dup/vec4;
    %pushi/vec4 1, 0, 2;
    %cmp/u;
    %jmp/1 T_9.9, 6;
    %load/vec4 v000002cfcb7af140_0;
    %assign/vec4 v000002cfcb7af140_0, 0;
    %jmp T_9.11;
T_9.8 ;
    %load/vec4 v000002cfcb7af140_0;
    %addi 1, 0, 4;
    %assign/vec4 v000002cfcb7af140_0, 0;
    %jmp T_9.11;
T_9.9 ;
    %load/vec4 v000002cfcb7af140_0;
    %subi 1, 0, 4;
    %assign/vec4 v000002cfcb7af140_0, 0;
    %jmp T_9.11;
T_9.11 ;
    %pop/vec4 1;
    %load/vec4 v000002cfcb7af820_0;
    %dup/vec4;
    %pushi/vec4 0, 0, 2;
    %cmp/u;
    %jmp/1 T_9.12, 6;
    %dup/vec4;
    %pushi/vec4 1, 0, 2;
    %cmp/u;
    %jmp/1 T_9.13, 6;
    %dup/vec4;
    %pushi/vec4 2, 0, 2;
    %cmp/u;
    %jmp/1 T_9.14, 6;
    %dup/vec4;
    %pushi/vec4 3, 0, 2;
    %cmp/u;
    %jmp/1 T_9.15, 6;
    %pushi/vec4 0, 0, 2;
    %assign/vec4 v000002cfcb7af820_0, 0;
    %jmp T_9.17;
T_9.12 ;
    %load/vec4 v000002cfcb7adbd0_0;
    %load/vec4 v000002cfcb7ad090_0;
    %and;
    %flag_set/vec4 8;
    %jmp/0xz  T_9.18, 8;
    %load/vec4 v000002cfcb7ae7e0_0;
    %flag_set/vec4 8;
    %jmp/0xz  T_9.20, 8;
    %pushi/vec4 1, 0, 1;
    %ix/load 5, 0, 0;
    %ix/getv 4, v000002cfcb7af0a0_0;
    %assign/vec4/off/d v000002cfcb7acf50_0, 4, 5;
    %jmp T_9.21;
T_9.20 ;
    %load/vec4 v000002cfcb7b0400_0;
    %flag_set/vec4 8;
    %jmp/0xz  T_9.22, 8;
    %pushi/vec4 0, 0, 1;
    %ix/load 5, 0, 0;
    %ix/getv 4, v000002cfcb7af0a0_0;
    %assign/vec4/off/d v000002cfcb7acf50_0, 4, 5;
T_9.22 ;
T_9.21 ;
    %jmp T_9.19;
T_9.18 ;
    %load/vec4 v000002cfcb7af3c0_0;
    %flag_set/vec4 8;
    %jmp/0xz  T_9.24, 8;
    %load/vec4 v000002cfcb7ae7e0_0;
    %flag_set/vec4 8;
    %jmp/0xz  T_9.26, 8;
    %load/vec4 v000002cfcb7adb30_0;
    %load/vec4 v000002cfcb7af0a0_0;
    %pad/u 10;
    %pad/u 12;
    %muli 4, 0, 12;
    %pad/u 13;
    %load/vec4 v000002cfcb7b0040_0;
    %pad/u 4;
    %pad/u 13;
    %add;
    %ix/vec4 3;
    %ix/load 4, 0, 0; Constant delay
    %assign/vec4/a/d v000002cfcb7ac870, 0, 4;
    %jmp T_9.27;
T_9.26 ;
    %load/vec4 v000002cfcb7adb30_0;
    %load/vec4 v000002cfcb7af0a0_0;
    %pad/u 10;
    %pad/u 12;
    %muli 4, 0, 12;
    %pad/u 13;
    %load/vec4 v000002cfcb7b0040_0;
    %pad/u 4;
    %pad/u 13;
    %add;
    %ix/vec4 3;
    %ix/load 4, 0, 0; Constant delay
    %assign/vec4/a/d v000002cfcb7ad950, 0, 4;
T_9.27 ;
    %load/vec4 v000002cfcb7ae7e0_0;
    %flag_set/vec4 8;
    %jmp/0xz  T_9.28, 8;
    %pushi/vec4 1, 0, 1;
    %ix/load 5, 0, 0;
    %ix/getv 4, v000002cfcb7af0a0_0;
    %assign/vec4/off/d v000002cfcb7acf50_0, 4, 5;
    %jmp T_9.29;
T_9.28 ;
    %load/vec4 v000002cfcb7b0400_0;
    %flag_set/vec4 8;
    %jmp/0xz  T_9.30, 8;
    %pushi/vec4 0, 0, 1;
    %ix/load 5, 0, 0;
    %ix/getv 4, v000002cfcb7af0a0_0;
    %assign/vec4/off/d v000002cfcb7acf50_0, 4, 5;
T_9.30 ;
T_9.29 ;
    %jmp T_9.25;
T_9.24 ;
    %load/vec4 v000002cfcb7ae880_0;
    %flag_set/vec4 8;
    %jmp/0xz  T_9.32, 8;
    %load/vec4 v000002cfcb7affa0_0;
    %assign/vec4 v000002cfcb7ad3b0_0, 0;
    %load/vec4 v000002cfcb7af0a0_0;
    %assign/vec4 v000002cfcb7ae2b0_0, 0;
    %load/vec4 v000002cfcb7b0040_0;
    %assign/vec4 v000002cfcb7ac910_0, 0;
    %load/vec4 v000002cfcb7acb90_0;
    %assign/vec4 v000002cfcb7ade50_0, 0;
    %pushi/vec4 1, 0, 1;
    %assign/vec4 v000002cfcb7adc70_0, 0;
    %load/vec4 v000002cfcb7accd0_0;
    %assign/vec4 v000002cfcb7ae210_0, 0;
    %load/vec4 v000002cfcb7ad8b0_0;
    %assign/vec4 v000002cfcb7ad770_0, 0;
    %pushi/vec4 3, 0, 2;
    %assign/vec4 v000002cfcb7af820_0, 0;
    %jmp T_9.33;
T_9.32 ;
    %load/vec4 v000002cfcb7aca50_0;
    %load/vec4 v000002cfcb7ae920_0;
    %or;
    %flag_set/vec4 8;
    %jmp/0xz  T_9.34, 8;
    %load/vec4 v000002cfcb7affa0_0;
    %assign/vec4 v000002cfcb7ad3b0_0, 0;
    %load/vec4 v000002cfcb7af0a0_0;
    %assign/vec4 v000002cfcb7ae2b0_0, 0;
    %load/vec4 v000002cfcb7b0040_0;
    %assign/vec4 v000002cfcb7ac910_0, 0;
    %load/vec4 v000002cfcb7aea60_0;
    %assign/vec4 v000002cfcb7ade50_0, 0;
    %load/vec4 v000002cfcb7addb0_0;
    %assign/vec4 v000002cfcb7adc70_0, 0;
    %load/vec4 v000002cfcb7accd0_0;
    %assign/vec4 v000002cfcb7ae210_0, 0;
    %load/vec4 v000002cfcb7ad8b0_0;
    %assign/vec4 v000002cfcb7ad770_0, 0;
    %pushi/vec4 0, 0, 2;
    %assign/vec4 v000002cfcb7ad630_0, 0;
    %pushi/vec4 1, 0, 2;
    %assign/vec4 v000002cfcb7af820_0, 0;
T_9.34 ;
T_9.33 ;
T_9.25 ;
T_9.19 ;
    %jmp T_9.17;
T_9.13 ;
    %load/vec4 v000002cfcb7ad1d0_0;
    %flag_set/vec4 8;
    %jmp/0xz  T_9.36, 8;
    %pushi/vec4 2, 0, 2;
    %assign/vec4 v000002cfcb7af820_0, 0;
T_9.36 ;
    %jmp T_9.17;
T_9.14 ;
    %load/vec4 v000002cfcb7adf90_0;
    %flag_set/vec4 8;
    %jmp/0xz  T_9.38, 8;
    %load/vec4 v000002cfcb7ade50_0;
    %cmpi/e 0, 0, 1;
    %jmp/0xz  T_9.40, 4;
    %load/vec4 v000002cfcb7ae0d0_0;
    %load/vec4 v000002cfcb7ae2b0_0;
    %pad/u 10;
    %pad/u 12;
    %muli 4, 0, 12;
    %pad/u 13;
    %load/vec4 v000002cfcb7ad630_0;
    %pad/u 4;
    %pad/u 13;
    %add;
    %ix/vec4 3;
    %ix/load 4, 0, 0; Constant delay
    %assign/vec4/a/d v000002cfcb7ac870, 0, 4;
    %jmp T_9.41;
T_9.40 ;
    %load/vec4 v000002cfcb7ae0d0_0;
    %load/vec4 v000002cfcb7ae2b0_0;
    %pad/u 10;
    %pad/u 12;
    %muli 4, 0, 12;
    %pad/u 13;
    %load/vec4 v000002cfcb7ad630_0;
    %pad/u 4;
    %pad/u 13;
    %add;
    %ix/vec4 3;
    %ix/load 4, 0, 0; Constant delay
    %assign/vec4/a/d v000002cfcb7ad950, 0, 4;
T_9.41 ;
    %load/vec4 v000002cfcb7ad630_0;
    %cmpi/e 3, 0, 2;
    %jmp/0xz  T_9.42, 4;
    %load/vec4 v000002cfcb7ade50_0;
    %cmpi/e 0, 0, 1;
    %jmp/0xz  T_9.44, 4;
    %load/vec4 v000002cfcb7ad3b0_0;
    %load/vec4 v000002cfcb7ae2b0_0;
    %pad/u 7;
    %ix/vec4 3;
    %ix/load 4, 0, 0; Constant delay
    %assign/vec4/a/d v000002cfcb7ae740, 0, 4;
    %pushi/vec4 1, 0, 1;
    %ix/load 5, 0, 0;
    %ix/getv 4, v000002cfcb7ae2b0_0;
    %assign/vec4/off/d v000002cfcb7aeec0_0, 4, 5;
    %jmp T_9.45;
T_9.44 ;
    %load/vec4 v000002cfcb7ad3b0_0;
    %load/vec4 v000002cfcb7ae2b0_0;
    %pad/u 7;
    %ix/vec4 3;
    %ix/load 4, 0, 0; Constant delay
    %assign/vec4/a/d v000002cfcb7afd20, 0, 4;
    %pushi/vec4 1, 0, 1;
    %ix/load 5, 0, 0;
    %ix/getv 4, v000002cfcb7ae2b0_0;
    %assign/vec4/off/d v000002cfcb7ae6a0_0, 4, 5;
T_9.45 ;
    %load/vec4 v000002cfcb7adc70_0;
    %flag_set/vec4 8;
    %jmp/0xz  T_9.46, 8;
    %pushi/vec4 3, 0, 2;
    %assign/vec4 v000002cfcb7af820_0, 0;
    %jmp T_9.47;
T_9.46 ;
    %load/vec4 v000002cfcb7ade50_0;
    %inv;
    %ix/load 5, 0, 0;
    %ix/getv 4, v000002cfcb7ae2b0_0;
    %assign/vec4/off/d v000002cfcb7acf50_0, 4, 5;
    %pushi/vec4 0, 0, 2;
    %assign/vec4 v000002cfcb7af820_0, 0;
T_9.47 ;
    %jmp T_9.43;
T_9.42 ;
    %load/vec4 v000002cfcb7ad630_0;
    %addi 1, 0, 2;
    %assign/vec4 v000002cfcb7ad630_0, 0;
    %pushi/vec4 1, 0, 2;
    %assign/vec4 v000002cfcb7af820_0, 0;
T_9.43 ;
T_9.38 ;
    %jmp T_9.17;
T_9.15 ;
    %load/vec4 v000002cfcb7b0180_0;
    %flag_set/vec4 8;
    %jmp/0xz  T_9.48, 8;
    %load/vec4 v000002cfcb7ade50_0;
    %cmpi/e 0, 0, 1;
    %jmp/0xz  T_9.50, 4;
    %load/vec4 v000002cfcb7ad270_0;
    %load/vec4 v000002cfcb7ae2b0_0;
    %pad/u 10;
    %pad/u 12;
    %muli 4, 0, 12;
    %pad/u 13;
    %load/vec4 v000002cfcb7ac910_0;
    %pad/u 4;
    %pad/u 13;
    %add;
    %ix/vec4 3;
    %ix/load 4, 0, 0; Constant delay
    %assign/vec4/a/d v000002cfcb7ac870, 0, 4;
    %jmp T_9.51;
T_9.50 ;
    %load/vec4 v000002cfcb7ad270_0;
    %load/vec4 v000002cfcb7ae2b0_0;
    %pad/u 10;
    %pad/u 12;
    %muli 4, 0, 12;
    %pad/u 13;
    %load/vec4 v000002cfcb7ac910_0;
    %pad/u 4;
    %pad/u 13;
    %add;
    %ix/vec4 3;
    %ix/load 4, 0, 0; Constant delay
    %assign/vec4/a/d v000002cfcb7ad950, 0, 4;
T_9.51 ;
    %load/vec4 v000002cfcb7ade50_0;
    %inv;
    %ix/load 5, 0, 0;
    %ix/getv 4, v000002cfcb7ae2b0_0;
    %assign/vec4/off/d v000002cfcb7acf50_0, 4, 5;
    %pushi/vec4 0, 0, 2;
    %assign/vec4 v000002cfcb7af820_0, 0;
T_9.48 ;
    %jmp T_9.17;
T_9.17 ;
    %pop/vec4 1;
T_9.1 ;
    %jmp T_9;
    .thread T_9;
    .scope S_000002cfcb3781e0;
T_10 ;
    %pushi/vec4 1, 0, 1;
    %store/vec4 v000002cfcb7b1830_0, 0, 1;
    %pushi/vec4 0, 0, 1;
    %store/vec4 v000002cfcb7b4e30_0, 0, 1;
    %vpi_call/w 3 89 "$dumpfile", "cache.vcd" {0 0 0};
    %vpi_call/w 3 90 "$dumpvars", 32'sb00000000000000000000000000000000, S_000002cfcb3781e0 {0 0 0};
    %vpi_call/w 3 92 "$display", "Starting." {0 0 0};
    %alloc S_000002cfcb3fea20;
    %fork TD_cache_tb.reset_sequence, S_000002cfcb3fea20;
    %join;
    %free S_000002cfcb3fea20;
    %vpi_call/w 3 95 "$display", "Loading program." {0 0 0};
    %vpi_call/w 3 96 "$readmemh", "program.mem", v000002cfcb7b1b50 {0 0 0};
    %pushi/vec4 0, 0, 32;
    %store/vec4 v000002cfcb7b1150_0, 0, 32;
T_10.0 ;
    %load/vec4 v000002cfcb7b1150_0;
    %cmpi/s 32, 0, 32;
    %jmp/0xz T_10.1, 5;
    %pushi/vec4 0, 0, 24;
    %store/vec4 v000002cfcb7b4ed0_0, 0, 24;
    %load/vec4 v000002cfcb7b1150_0;
    %parti/s 5, 0, 2;
    %store/vec4 v000002cfcb7b06b0_0, 0, 5;
    %pushi/vec4 0, 0, 4;
    %store/vec4 v000002cfcb7b0f70_0, 0, 4;
    %alloc S_000002cfcb3febb0;
    %load/vec4 v000002cfcb7b4ed0_0;
    %pad/u 23;
    %store/vec4 v000002cfcb7b1650_0, 0, 23;
    %load/vec4 v000002cfcb7b06b0_0;
    %store/vec4 v000002cfcb7b0cf0_0, 0, 5;
    %load/vec4 v000002cfcb7b0f70_0;
    %store/vec4 v000002cfcb7b10b0_0, 0, 4;
    %pushi/vec4 15, 0, 4;
    %store/vec4 v000002cfcb7b24b0_0, 0, 4;
    %fork TD_cache_tb.send_read, S_000002cfcb3febb0;
    %join;
    %free S_000002cfcb3febb0;
    %alloc S_000002cfcb3febb0;
    %load/vec4 v000002cfcb7b4ed0_0;
    %pad/u 23;
    %store/vec4 v000002cfcb7b1650_0, 0, 23;
    %load/vec4 v000002cfcb7b06b0_0;
    %store/vec4 v000002cfcb7b0cf0_0, 0, 5;
    %load/vec4 v000002cfcb7b0f70_0;
    %store/vec4 v000002cfcb7b10b0_0, 0, 4;
    %pushi/vec4 15, 0, 4;
    %store/vec4 v000002cfcb7b24b0_0, 0, 4;
    %fork TD_cache_tb.send_read, S_000002cfcb3febb0;
    %join;
    %free S_000002cfcb3febb0;
    %alloc S_000002cfcb3febb0;
    %load/vec4 v000002cfcb7b4ed0_0;
    %pad/u 23;
    %store/vec4 v000002cfcb7b1650_0, 0, 23;
    %load/vec4 v000002cfcb7b06b0_0;
    %store/vec4 v000002cfcb7b0cf0_0, 0, 5;
    %load/vec4 v000002cfcb7b0f70_0;
    %store/vec4 v000002cfcb7b10b0_0, 0, 4;
    %pushi/vec4 3, 0, 4;
    %store/vec4 v000002cfcb7b24b0_0, 0, 4;
    %fork TD_cache_tb.send_read, S_000002cfcb3febb0;
    %join;
    %free S_000002cfcb3febb0;
    %pushi/vec4 8, 0, 4;
    %store/vec4 v000002cfcb7b0f70_0, 0, 4;
    %alloc S_000002cfcb3febb0;
    %load/vec4 v000002cfcb7b4ed0_0;
    %pad/u 23;
    %store/vec4 v000002cfcb7b1650_0, 0, 23;
    %load/vec4 v000002cfcb7b06b0_0;
    %store/vec4 v000002cfcb7b0cf0_0, 0, 5;
    %load/vec4 v000002cfcb7b0f70_0;
    %store/vec4 v000002cfcb7b10b0_0, 0, 4;
    %pushi/vec4 15, 0, 4;
    %store/vec4 v000002cfcb7b24b0_0, 0, 4;
    %fork TD_cache_tb.send_read, S_000002cfcb3febb0;
    %join;
    %free S_000002cfcb3febb0;
    %pushi/vec4 1, 0, 24;
    %store/vec4 v000002cfcb7b4ed0_0, 0, 24;
    %pushi/vec4 0, 0, 4;
    %store/vec4 v000002cfcb7b0f70_0, 0, 4;
    %alloc S_000002cfcb3fed40;
    %load/vec4 v000002cfcb7b4ed0_0;
    %pad/u 23;
    %store/vec4 v000002cfcb7b0d90_0, 0, 23;
    %load/vec4 v000002cfcb7b06b0_0;
    %store/vec4 v000002cfcb7b18d0_0, 0, 5;
    %load/vec4 v000002cfcb7b0f70_0;
    %store/vec4 v000002cfcb7b0610_0, 0, 4;
    %pushi/vec4 15, 0, 4;
    %store/vec4 v000002cfcb7b1dd0_0, 0, 4;
    %pushi/vec4 3735928559, 0, 32;
    %store/vec4 v000002cfcb7b1c90_0, 0, 32;
    %fork TD_cache_tb.send_write, S_000002cfcb3fed40;
    %join;
    %free S_000002cfcb3fed40;
    %alloc S_000002cfcb3fed40;
    %load/vec4 v000002cfcb7b4ed0_0;
    %pad/u 23;
    %store/vec4 v000002cfcb7b0d90_0, 0, 23;
    %load/vec4 v000002cfcb7b06b0_0;
    %store/vec4 v000002cfcb7b18d0_0, 0, 5;
    %load/vec4 v000002cfcb7b0f70_0;
    %store/vec4 v000002cfcb7b0610_0, 0, 4;
    %pushi/vec4 15, 0, 4;
    %store/vec4 v000002cfcb7b1dd0_0, 0, 4;
    %pushi/vec4 3203386110, 0, 32;
    %store/vec4 v000002cfcb7b1c90_0, 0, 32;
    %fork TD_cache_tb.send_write, S_000002cfcb3fed40;
    %join;
    %free S_000002cfcb3fed40;
    %alloc S_000002cfcb3febb0;
    %load/vec4 v000002cfcb7b4ed0_0;
    %pad/u 23;
    %store/vec4 v000002cfcb7b1650_0, 0, 23;
    %load/vec4 v000002cfcb7b06b0_0;
    %store/vec4 v000002cfcb7b0cf0_0, 0, 5;
    %load/vec4 v000002cfcb7b0f70_0;
    %store/vec4 v000002cfcb7b10b0_0, 0, 4;
    %pushi/vec4 15, 0, 4;
    %store/vec4 v000002cfcb7b24b0_0, 0, 4;
    %fork TD_cache_tb.send_read, S_000002cfcb3febb0;
    %join;
    %free S_000002cfcb3febb0;
    %pushi/vec4 2, 0, 24;
    %store/vec4 v000002cfcb7b4ed0_0, 0, 24;
    %alloc S_000002cfcb3fed40;
    %load/vec4 v000002cfcb7b4ed0_0;
    %pad/u 23;
    %store/vec4 v000002cfcb7b0d90_0, 0, 23;
    %load/vec4 v000002cfcb7b06b0_0;
    %store/vec4 v000002cfcb7b18d0_0, 0, 5;
    %load/vec4 v000002cfcb7b0f70_0;
    %store/vec4 v000002cfcb7b0610_0, 0, 4;
    %pushi/vec4 15, 0, 4;
    %store/vec4 v000002cfcb7b1dd0_0, 0, 4;
    %pushi/vec4 3405692655, 0, 32;
    %store/vec4 v000002cfcb7b1c90_0, 0, 32;
    %fork TD_cache_tb.send_write, S_000002cfcb3fed40;
    %join;
    %free S_000002cfcb3fed40;
    %pushi/vec4 1, 0, 24;
    %store/vec4 v000002cfcb7b4ed0_0, 0, 24;
    %pushi/vec4 0, 0, 4;
    %store/vec4 v000002cfcb7b0f70_0, 0, 4;
    %alloc S_000002cfcb3fed40;
    %load/vec4 v000002cfcb7b4ed0_0;
    %pad/u 23;
    %store/vec4 v000002cfcb7b0d90_0, 0, 23;
    %load/vec4 v000002cfcb7b06b0_0;
    %store/vec4 v000002cfcb7b18d0_0, 0, 5;
    %load/vec4 v000002cfcb7b0f70_0;
    %store/vec4 v000002cfcb7b0610_0, 0, 4;
    %pushi/vec4 12, 0, 4;
    %store/vec4 v000002cfcb7b1dd0_0, 0, 4;
    %pushi/vec4 3203334144, 0, 32;
    %store/vec4 v000002cfcb7b1c90_0, 0, 32;
    %fork TD_cache_tb.send_write, S_000002cfcb3fed40;
    %join;
    %free S_000002cfcb3fed40;
    %alloc S_000002cfcb3febb0;
    %load/vec4 v000002cfcb7b4ed0_0;
    %pad/u 23;
    %store/vec4 v000002cfcb7b1650_0, 0, 23;
    %load/vec4 v000002cfcb7b06b0_0;
    %store/vec4 v000002cfcb7b0cf0_0, 0, 5;
    %load/vec4 v000002cfcb7b0f70_0;
    %store/vec4 v000002cfcb7b10b0_0, 0, 4;
    %pushi/vec4 15, 0, 4;
    %store/vec4 v000002cfcb7b24b0_0, 0, 4;
    %fork TD_cache_tb.send_read, S_000002cfcb3febb0;
    %join;
    %free S_000002cfcb3febb0;
    %alloc S_000002cfcb3fed40;
    %load/vec4 v000002cfcb7b4ed0_0;
    %pad/u 23;
    %store/vec4 v000002cfcb7b0d90_0, 0, 23;
    %load/vec4 v000002cfcb7b06b0_0;
    %store/vec4 v000002cfcb7b18d0_0, 0, 5;
    %load/vec4 v000002cfcb7b0f70_0;
    %store/vec4 v000002cfcb7b0610_0, 0, 4;
    %pushi/vec4 3, 0, 4;
    %store/vec4 v000002cfcb7b1dd0_0, 0, 4;
    %pushi/vec4 51966, 0, 32;
    %store/vec4 v000002cfcb7b1c90_0, 0, 32;
    %fork TD_cache_tb.send_write, S_000002cfcb3fed40;
    %join;
    %free S_000002cfcb3fed40;
    %alloc S_000002cfcb3febb0;
    %load/vec4 v000002cfcb7b4ed0_0;
    %pad/u 23;
    %store/vec4 v000002cfcb7b1650_0, 0, 23;
    %load/vec4 v000002cfcb7b06b0_0;
    %store/vec4 v000002cfcb7b0cf0_0, 0, 5;
    %load/vec4 v000002cfcb7b0f70_0;
    %store/vec4 v000002cfcb7b10b0_0, 0, 4;
    %pushi/vec4 15, 0, 4;
    %store/vec4 v000002cfcb7b24b0_0, 0, 4;
    %fork TD_cache_tb.send_read, S_000002cfcb3febb0;
    %join;
    %free S_000002cfcb3febb0;
    %load/vec4 v000002cfcb7b1150_0;
    %addi 1, 0, 32;
    %store/vec4 v000002cfcb7b1150_0, 0, 32;
    %jmp T_10.0;
T_10.1 ;
    %pushi/vec4 0, 0, 5;
    %store/vec4 v000002cfcb7b06b0_0, 0, 5;
    %alloc S_000002cfcb3fea20;
    %fork TD_cache_tb.reset_sequence, S_000002cfcb3fea20;
    %join;
    %free S_000002cfcb3fea20;
    %alloc S_000002cfcb3fed40;
    %pushi/vec4 1, 0, 23;
    %store/vec4 v000002cfcb7b0d90_0, 0, 23;
    %load/vec4 v000002cfcb7b06b0_0;
    %store/vec4 v000002cfcb7b18d0_0, 0, 5;
    %pushi/vec4 0, 0, 4;
    %store/vec4 v000002cfcb7b0610_0, 0, 4;
    %pushi/vec4 15, 0, 4;
    %store/vec4 v000002cfcb7b1dd0_0, 0, 4;
    %pushi/vec4 0, 0, 32;
    %store/vec4 v000002cfcb7b1c90_0, 0, 32;
    %fork TD_cache_tb.send_write, S_000002cfcb3fed40;
    %join;
    %free S_000002cfcb3fed40;
    %alloc S_000002cfcb3fed40;
    %pushi/vec4 1, 0, 23;
    %store/vec4 v000002cfcb7b0d90_0, 0, 23;
    %load/vec4 v000002cfcb7b06b0_0;
    %store/vec4 v000002cfcb7b18d0_0, 0, 5;
    %pushi/vec4 4, 0, 4;
    %store/vec4 v000002cfcb7b0610_0, 0, 4;
    %pushi/vec4 15, 0, 4;
    %store/vec4 v000002cfcb7b1dd0_0, 0, 4;
    %pushi/vec4 286331153, 0, 32;
    %store/vec4 v000002cfcb7b1c90_0, 0, 32;
    %fork TD_cache_tb.send_write, S_000002cfcb3fed40;
    %join;
    %free S_000002cfcb3fed40;
    %alloc S_000002cfcb3fed40;
    %pushi/vec4 1, 0, 23;
    %store/vec4 v000002cfcb7b0d90_0, 0, 23;
    %load/vec4 v000002cfcb7b06b0_0;
    %store/vec4 v000002cfcb7b18d0_0, 0, 5;
    %pushi/vec4 8, 0, 4;
    %store/vec4 v000002cfcb7b0610_0, 0, 4;
    %pushi/vec4 15, 0, 4;
    %store/vec4 v000002cfcb7b1dd0_0, 0, 4;
    %pushi/vec4 572662306, 0, 32;
    %store/vec4 v000002cfcb7b1c90_0, 0, 32;
    %fork TD_cache_tb.send_write, S_000002cfcb3fed40;
    %join;
    %free S_000002cfcb3fed40;
    %alloc S_000002cfcb3fed40;
    %pushi/vec4 1, 0, 23;
    %store/vec4 v000002cfcb7b0d90_0, 0, 23;
    %load/vec4 v000002cfcb7b06b0_0;
    %store/vec4 v000002cfcb7b18d0_0, 0, 5;
    %pushi/vec4 12, 0, 4;
    %store/vec4 v000002cfcb7b0610_0, 0, 4;
    %pushi/vec4 15, 0, 4;
    %store/vec4 v000002cfcb7b1dd0_0, 0, 4;
    %pushi/vec4 858993459, 0, 32;
    %store/vec4 v000002cfcb7b1c90_0, 0, 32;
    %fork TD_cache_tb.send_write, S_000002cfcb3fed40;
    %join;
    %free S_000002cfcb3fed40;
    %alloc S_000002cfcb3fed40;
    %pushi/vec4 2, 0, 23;
    %store/vec4 v000002cfcb7b0d90_0, 0, 23;
    %load/vec4 v000002cfcb7b06b0_0;
    %store/vec4 v000002cfcb7b18d0_0, 0, 5;
    %pushi/vec4 0, 0, 4;
    %store/vec4 v000002cfcb7b0610_0, 0, 4;
    %pushi/vec4 15, 0, 4;
    %store/vec4 v000002cfcb7b1dd0_0, 0, 4;
    %pushi/vec4 1145324612, 0, 32;
    %store/vec4 v000002cfcb7b1c90_0, 0, 32;
    %fork TD_cache_tb.send_write, S_000002cfcb3fed40;
    %join;
    %free S_000002cfcb3fed40;
    %alloc S_000002cfcb3fed40;
    %pushi/vec4 2, 0, 23;
    %store/vec4 v000002cfcb7b0d90_0, 0, 23;
    %load/vec4 v000002cfcb7b06b0_0;
    %store/vec4 v000002cfcb7b18d0_0, 0, 5;
    %pushi/vec4 4, 0, 4;
    %store/vec4 v000002cfcb7b0610_0, 0, 4;
    %pushi/vec4 15, 0, 4;
    %store/vec4 v000002cfcb7b1dd0_0, 0, 4;
    %pushi/vec4 1431655765, 0, 32;
    %store/vec4 v000002cfcb7b1c90_0, 0, 32;
    %fork TD_cache_tb.send_write, S_000002cfcb3fed40;
    %join;
    %free S_000002cfcb3fed40;
    %alloc S_000002cfcb3fed40;
    %pushi/vec4 2, 0, 23;
    %store/vec4 v000002cfcb7b0d90_0, 0, 23;
    %load/vec4 v000002cfcb7b06b0_0;
    %store/vec4 v000002cfcb7b18d0_0, 0, 5;
    %pushi/vec4 8, 0, 4;
    %store/vec4 v000002cfcb7b0610_0, 0, 4;
    %pushi/vec4 15, 0, 4;
    %store/vec4 v000002cfcb7b1dd0_0, 0, 4;
    %pushi/vec4 1717986918, 0, 32;
    %store/vec4 v000002cfcb7b1c90_0, 0, 32;
    %fork TD_cache_tb.send_write, S_000002cfcb3fed40;
    %join;
    %free S_000002cfcb3fed40;
    %alloc S_000002cfcb3fed40;
    %pushi/vec4 2, 0, 23;
    %store/vec4 v000002cfcb7b0d90_0, 0, 23;
    %load/vec4 v000002cfcb7b06b0_0;
    %store/vec4 v000002cfcb7b18d0_0, 0, 5;
    %pushi/vec4 12, 0, 4;
    %store/vec4 v000002cfcb7b0610_0, 0, 4;
    %pushi/vec4 15, 0, 4;
    %store/vec4 v000002cfcb7b1dd0_0, 0, 4;
    %pushi/vec4 2004318071, 0, 32;
    %store/vec4 v000002cfcb7b1c90_0, 0, 32;
    %fork TD_cache_tb.send_write, S_000002cfcb3fed40;
    %join;
    %free S_000002cfcb3fed40;
    %alloc S_000002cfcb3febb0;
    %pushi/vec4 1, 0, 23;
    %store/vec4 v000002cfcb7b1650_0, 0, 23;
    %load/vec4 v000002cfcb7b06b0_0;
    %store/vec4 v000002cfcb7b0cf0_0, 0, 5;
    %pushi/vec4 0, 0, 4;
    %store/vec4 v000002cfcb7b10b0_0, 0, 4;
    %pushi/vec4 15, 0, 4;
    %store/vec4 v000002cfcb7b24b0_0, 0, 4;
    %fork TD_cache_tb.send_read, S_000002cfcb3febb0;
    %join;
    %free S_000002cfcb3febb0;
    %alloc S_000002cfcb3febb0;
    %pushi/vec4 1, 0, 23;
    %store/vec4 v000002cfcb7b1650_0, 0, 23;
    %load/vec4 v000002cfcb7b06b0_0;
    %store/vec4 v000002cfcb7b0cf0_0, 0, 5;
    %pushi/vec4 4, 0, 4;
    %store/vec4 v000002cfcb7b10b0_0, 0, 4;
    %pushi/vec4 15, 0, 4;
    %store/vec4 v000002cfcb7b24b0_0, 0, 4;
    %fork TD_cache_tb.send_read, S_000002cfcb3febb0;
    %join;
    %free S_000002cfcb3febb0;
    %alloc S_000002cfcb3febb0;
    %pushi/vec4 1, 0, 23;
    %store/vec4 v000002cfcb7b1650_0, 0, 23;
    %load/vec4 v000002cfcb7b06b0_0;
    %store/vec4 v000002cfcb7b0cf0_0, 0, 5;
    %pushi/vec4 8, 0, 4;
    %store/vec4 v000002cfcb7b10b0_0, 0, 4;
    %pushi/vec4 15, 0, 4;
    %store/vec4 v000002cfcb7b24b0_0, 0, 4;
    %fork TD_cache_tb.send_read, S_000002cfcb3febb0;
    %join;
    %free S_000002cfcb3febb0;
    %alloc S_000002cfcb3febb0;
    %pushi/vec4 1, 0, 23;
    %store/vec4 v000002cfcb7b1650_0, 0, 23;
    %load/vec4 v000002cfcb7b06b0_0;
    %store/vec4 v000002cfcb7b0cf0_0, 0, 5;
    %pushi/vec4 12, 0, 4;
    %store/vec4 v000002cfcb7b10b0_0, 0, 4;
    %pushi/vec4 15, 0, 4;
    %store/vec4 v000002cfcb7b24b0_0, 0, 4;
    %fork TD_cache_tb.send_read, S_000002cfcb3febb0;
    %join;
    %free S_000002cfcb3febb0;
    %alloc S_000002cfcb3febb0;
    %pushi/vec4 2, 0, 23;
    %store/vec4 v000002cfcb7b1650_0, 0, 23;
    %load/vec4 v000002cfcb7b06b0_0;
    %store/vec4 v000002cfcb7b0cf0_0, 0, 5;
    %pushi/vec4 0, 0, 4;
    %store/vec4 v000002cfcb7b10b0_0, 0, 4;
    %pushi/vec4 15, 0, 4;
    %store/vec4 v000002cfcb7b24b0_0, 0, 4;
    %fork TD_cache_tb.send_read, S_000002cfcb3febb0;
    %join;
    %free S_000002cfcb3febb0;
    %alloc S_000002cfcb3febb0;
    %pushi/vec4 2, 0, 23;
    %store/vec4 v000002cfcb7b1650_0, 0, 23;
    %load/vec4 v000002cfcb7b06b0_0;
    %store/vec4 v000002cfcb7b0cf0_0, 0, 5;
    %pushi/vec4 4, 0, 4;
    %store/vec4 v000002cfcb7b10b0_0, 0, 4;
    %pushi/vec4 15, 0, 4;
    %store/vec4 v000002cfcb7b24b0_0, 0, 4;
    %fork TD_cache_tb.send_read, S_000002cfcb3febb0;
    %join;
    %free S_000002cfcb3febb0;
    %alloc S_000002cfcb3febb0;
    %pushi/vec4 2, 0, 23;
    %store/vec4 v000002cfcb7b1650_0, 0, 23;
    %load/vec4 v000002cfcb7b06b0_0;
    %store/vec4 v000002cfcb7b0cf0_0, 0, 5;
    %pushi/vec4 8, 0, 4;
    %store/vec4 v000002cfcb7b10b0_0, 0, 4;
    %pushi/vec4 15, 0, 4;
    %store/vec4 v000002cfcb7b24b0_0, 0, 4;
    %fork TD_cache_tb.send_read, S_000002cfcb3febb0;
    %join;
    %free S_000002cfcb3febb0;
    %alloc S_000002cfcb3febb0;
    %pushi/vec4 2, 0, 23;
    %store/vec4 v000002cfcb7b1650_0, 0, 23;
    %load/vec4 v000002cfcb7b06b0_0;
    %store/vec4 v000002cfcb7b0cf0_0, 0, 5;
    %pushi/vec4 12, 0, 4;
    %store/vec4 v000002cfcb7b10b0_0, 0, 4;
    %pushi/vec4 15, 0, 4;
    %store/vec4 v000002cfcb7b24b0_0, 0, 4;
    %fork TD_cache_tb.send_read, S_000002cfcb3febb0;
    %join;
    %free S_000002cfcb3febb0;
    %vpi_call/w 3 163 "$finish" {0 0 0};
    %end;
    .thread T_10;
    .scope S_000002cfcb3781e0;
T_11 ;
    %delay 5, 0;
    %load/vec4 v000002cfcb7b1830_0;
    %inv;
    %store/vec4 v000002cfcb7b1830_0, 0, 1;
    %jmp T_11;
    .thread T_11;
# The file index is used to find the file name in the following table.
:file_names 6;
    "N/A";
    "<interactive>";
    "-";
    "tb\cache_tb.sv";
    "rtl\cache.v";
    "rtl\tb_memory.v";
