#! /c/Source/iverilog-install/bin/vvp
:ivl_version "12.0 (devel)" "(s20150603-1539-g2693dd32b)";
:ivl_delay_selection "TYPICAL";
:vpi_time_precision + 0;
:vpi_module "D:\iverilog\lib\ivl\system.vpi";
:vpi_module "D:\iverilog\lib\ivl\vhdl_sys.vpi";
:vpi_module "D:\iverilog\lib\ivl\vhdl_textio.vpi";
:vpi_module "D:\iverilog\lib\ivl\v2005_math.vpi";
:vpi_module "D:\iverilog\lib\ivl\va_math.vpi";
:vpi_module "D:\iverilog\lib\ivl\v2009.vpi";
S_000001d1c8414a60 .scope package, "$unit" "$unit" 2 1;
 .timescale 0 0;
S_000001d1c8814420 .scope module, "cache_tb" "cache_tb" 3 1;
 .timescale 0 0;
P_000001d1c844a280 .param/l "D" 1 3 12, +C4<00000000000000000000000000000100>;
P_000001d1c844a2b8 .param/l "DEPTH" 1 3 9, +C4<00000000000000000000000000100000>;
P_000001d1c844a2f0 .param/l "INTERVAL" 0 3 5, +C4<00000000000000000000000000000010>;
P_000001d1c844a328 .param/l "LATENCY" 0 3 4, +C4<00000000000000000000000000000100>;
P_000001d1c844a360 .param/l "O" 1 3 7, +C4<00000000000000000000000000000100>;
P_000001d1c844a398 .param/l "S" 1 3 8, +C4<00000000000000000000000000000101>;
P_000001d1c844a3d0 .param/l "SIZE" 0 3 3, +C4<0000000000000000000000000000000000000000000000000100000000000000>;
P_000001d1c844a408 .param/l "T" 1 3 11, +C4<0000000000000000000000000000010111>;
P_000001d1c844a440 .param/l "W" 1 3 10, +C4<00000000000000000000000000000010>;
v000001d1c887ece0_0 .net "busy", 0 0, L_000001d1c88dd570;  1 drivers
v000001d1c887eba0_0 .var "clk", 0 0;
v000001d1c887e100_0 .var "expanded_mask", 31 0;
v000001d1c887e1a0_0 .var/i "i", 31 0;
v000001d1c887ed80_0 .var "index", 4 0;
v000001d1c887ee20_0 .net "mem_addr", 31 0, L_000001d1c88e6430;  1 drivers
L_000001d1c8884158 .functor BUFT 1, C4<1111>, C4<0>, C4<0>, C4<0>;
v000001d1c8880560_0 .net "mem_mask", 3 0, L_000001d1c8884158;  1 drivers
v000001d1c8880920_0 .net "mem_oaddr", 31 0, L_000001d1c846feb0;  1 drivers
v000001d1c8881280_0 .net "mem_rdata", 31 0, L_000001d1c846fac0;  1 drivers
v000001d1c8882360_0 .net "mem_ready", 0 0, L_000001d1c8488f40;  1 drivers
v000001d1c88816e0_0 .net "mem_ren", 0 0, L_000001d1c88dd1f0;  1 drivers
v000001d1c8882900_0 .net "mem_valid", 0 0, L_000001d1c8489720;  1 drivers
v000001d1c8881460_0 .net "mem_wdata", 31 0, L_000001d1c88e5fd0;  1 drivers
v000001d1c8881b40_0 .net "mem_wen", 0 0, L_000001d1c88dd730;  1 drivers
v000001d1c8882180_0 .var "offset", 3 0;
v000001d1c8881500_0 .var "req_addr", 31 0;
v000001d1c88815a0_0 .var "req_mask", 3 0;
v000001d1c88811e0_0 .var "req_ren", 0 0;
v000001d1c8881320_0 .var "req_wdata", 31 0;
v000001d1c8882860_0 .var "req_wen", 0 0;
v000001d1c8881820_0 .net "res_rdata", 31 0, L_000001d1c88dc460;  1 drivers
v000001d1c8880ec0_0 .var "rst", 0 0;
v000001d1c8880600_0 .var "tag", 23 0;
S_000001d1c844a480 .scope module, "dut" "cache" 3 64, 4 3 0, S_000001d1c8814420;
 .timescale 0 0;
    .port_info 0 /INPUT 1 "i_clk";
    .port_info 1 /INPUT 1 "i_rst";
    .port_info 2 /INPUT 1 "i_mem_ready";
    .port_info 3 /OUTPUT 32 "o_mem_addr";
    .port_info 4 /OUTPUT 1 "o_mem_ren";
    .port_info 5 /OUTPUT 1 "o_mem_wen";
    .port_info 6 /OUTPUT 32 "o_mem_wdata";
    .port_info 7 /INPUT 32 "i_mem_rdata";
    .port_info 8 /INPUT 1 "i_mem_valid";
    .port_info 9 /OUTPUT 1 "o_busy";
    .port_info 10 /INPUT 32 "i_req_addr";
    .port_info 11 /INPUT 1 "i_req_ren";
    .port_info 12 /INPUT 1 "i_req_wen";
    .port_info 13 /INPUT 4 "i_req_mask";
    .port_info 14 /INPUT 32 "i_req_wdata";
    .port_info 15 /OUTPUT 32 "o_res_rdata";
P_000001d1c845c7b0 .param/l "D" 1 4 25, +C4<00000000000000000000000000000100>;
P_000001d1c845c7e8 .param/l "DEPTH" 1 4 23, +C4<00000000000000000000000000100000>;
P_000001d1c845c820 .param/l "O" 1 4 21, +C4<00000000000000000000000000000100>;
P_000001d1c845c858 .param/l "REFILL_LAST_WORD" 1 4 37, C4<11>;
P_000001d1c845c890 .param/l "S" 1 4 22, +C4<00000000000000000000000000000101>;
P_000001d1c845c8c8 .param/l "STATE_IDLE" 1 4 27, C4<00>;
P_000001d1c845c900 .param/l "STATE_REFILL_REQ" 1 4 28, C4<01>;
P_000001d1c845c938 .param/l "STATE_REFILL_WAIT" 1 4 29, C4<10>;
P_000001d1c845c970 .param/l "STATE_WRITE_REQ" 1 4 30, C4<11>;
P_000001d1c845c9a8 .param/l "T" 1 4 24, +C4<00000000000000000000000000010111>;
P_000001d1c845c9e0 .param/l "WB_COUNT_FULL" 1 4 36, C4<1000>;
P_000001d1c845ca18 .param/l "WB_COUNT_W" 1 4 34, +C4<00000000000000000000000000000100>;
P_000001d1c845ca50 .param/l "WB_COUNT_ZERO" 1 4 35, C4<0000>;
P_000001d1c845ca88 .param/l "WB_DEPTH" 1 4 32, +C4<00000000000000000000000000001000>;
P_000001d1c845cac0 .param/l "WB_PTR_W" 1 4 33, +C4<00000000000000000000000000000011>;
L_000001d1c8436700 .functor AND 1, L_000001d1c8881140, L_000001d1c88822c0, C4<1>, C4<1>;
L_000001d1c846fe40 .functor AND 1, L_000001d1c8881fa0, L_000001d1c88807e0, C4<1>, C4<1>;
L_000001d1c88dcd20 .functor OR 1, L_000001d1c8436700, L_000001d1c846fe40, C4<0>, C4<0>;
L_000001d1c88dcd90 .functor BUFZ 32, L_000001d1c8881a00, C4<00000000000000000000000000000000>, C4<00000000000000000000000000000000>, C4<00000000000000000000000000000000>;
L_000001d1c88dc700 .functor BUFZ 32, L_000001d1c88809c0, C4<00000000000000000000000000000000>, C4<00000000000000000000000000000000>, C4<00000000000000000000000000000000>;
L_000001d1c88dd3b0 .functor NOT 1, L_000001d1c88dcd20, C4<0>, C4<0>, C4<0>;
L_000001d1c88dcee0 .functor AND 1, v000001d1c88811e0_0, L_000001d1c88dd3b0, C4<1>, C4<1>;
L_000001d1c88ddc00 .functor NOT 1, L_000001d1c88dcd20, C4<0>, C4<0>, C4<0>;
L_000001d1c88ddb90 .functor AND 1, v000001d1c8882860_0, L_000001d1c88ddc00, C4<1>, C4<1>;
L_000001d1c88dca80 .functor NOT 1, L_000001d1c8881140, C4<0>, C4<0>, C4<0>;
L_000001d1c88dcaf0 .functor NOT 1, L_000001d1c8881fa0, C4<0>, C4<0>, C4<0>;
L_000001d1c88dd490 .functor BUFZ 1, L_000001d1c846fe40, C4<0>, C4<0>, C4<0>;
L_000001d1c88dc380 .functor NOT 32, L_000001d1c8883a80, C4<00000000000000000000000000000000>, C4<00000000000000000000000000000000>, C4<00000000000000000000000000000000>;
L_000001d1c88dce00 .functor AND 32, L_000001d1c8880240, L_000001d1c88dc380, C4<11111111111111111111111111111111>, C4<11111111111111111111111111111111>;
L_000001d1c88dd2d0 .functor AND 32, v000001d1c8881320_0, L_000001d1c8883a80, C4<11111111111111111111111111111111>, C4<11111111111111111111111111111111>;
L_000001d1c88dd7a0 .functor OR 32, L_000001d1c88dce00, L_000001d1c88dd2d0, C4<00000000000000000000000000000000>, C4<00000000000000000000000000000000>;
L_000001d1c88dd500 .functor OR 32, L_000001d1c8883d00, L_000001d1c88831c0, C4<00000000000000000000000000000000>, C4<00000000000000000000000000000000>;
L_000001d1c8884938 .functor BUFT 1, C4<0>, C4<0>, C4<0>, C4<0>;
L_000001d1c88dce70 .functor XNOR 1, v000001d1c887b670_0, L_000001d1c8884938, C4<0>, C4<0>;
L_000001d1c88dd420 .functor NOT 32, L_000001d1c8883080, C4<00000000000000000000000000000000>, C4<00000000000000000000000000000000>, C4<00000000000000000000000000000000>;
L_000001d1c88dd810 .functor AND 32, L_000001d1c8883620, L_000001d1c88dd420, C4<11111111111111111111111111111111>, C4<11111111111111111111111111111111>;
L_000001d1c88dcf50 .functor AND 32, v000001d1c887b7b0_0, L_000001d1c8883080, C4<11111111111111111111111111111111>, C4<11111111111111111111111111111111>;
L_000001d1c88dcc40 .functor OR 32, L_000001d1c88dd810, L_000001d1c88dcf50, C4<00000000000000000000000000000000>, C4<00000000000000000000000000000000>;
L_000001d1c88dd9d0 .functor OR 1, L_000001d1c88dcee0, L_000001d1c88ddb90, C4<0>, C4<0>;
L_000001d1c88dcb60 .functor AND 1, L_000001d1c8883760, L_000001d1c88dd9d0, C4<1>, C4<1>;
L_000001d1c88dc5b0 .functor NOT 1, v000001d1c887c820_0, C4<0>, C4<0>, C4<0>;
L_000001d1c88dcbd0 .functor AND 1, L_000001d1c8883940, L_000001d1c88dc5b0, C4<1>, C4<1>;
L_000001d1c88dc850 .functor AND 1, L_000001d1c88dcbd0, L_000001d1c8488f40, C4<1>, C4<1>;
L_000001d1c88ddc70 .functor AND 1, L_000001d1c88839e0, L_000001d1c88e62f0, C4<1>, C4<1>;
L_000001d1c88ddce0 .functor AND 1, L_000001d1c88ddc70, L_000001d1c88e5c10, C4<1>, C4<1>;
L_000001d1c88dd960 .functor AND 1, L_000001d1c88ddce0, L_000001d1c8488f40, C4<1>, C4<1>;
L_000001d1c88dc230 .functor NOT 1, L_000001d1c88dcb60, C4<0>, C4<0>, C4<0>;
L_000001d1c88dd650 .functor AND 1, L_000001d1c88dd960, L_000001d1c88dc230, C4<1>, C4<1>;
L_000001d1c88dcfc0 .functor OR 1, L_000001d1c88e5a30, L_000001d1c88dd650, C4<0>, C4<0>;
L_000001d1c88dc8c0 .functor AND 1, L_000001d1c88e6570, v000001d1c8882860_0, C4<1>, C4<1>;
L_000001d1c88dc4d0 .functor AND 1, L_000001d1c88dc8c0, L_000001d1c88dcd20, C4<1>, C4<1>;
L_000001d1c88dccb0 .functor AND 1, L_000001d1c88dc4d0, L_000001d1c88dcfc0, C4<1>, C4<1>;
L_000001d1c88dd030 .functor AND 1, L_000001d1c88e5670, v000001d1c8882860_0, C4<1>, C4<1>;
L_000001d1c88dd0a0 .functor AND 1, L_000001d1c88dd030, L_000001d1c88dcd20, C4<1>, C4<1>;
L_000001d1c88dd110 .functor NOT 1, L_000001d1c88dcfc0, C4<0>, C4<0>, C4<0>;
L_000001d1c88dca10 .functor AND 1, L_000001d1c88dd0a0, L_000001d1c88dd110, C4<1>, C4<1>;
L_000001d1c88dd180 .functor AND 1, L_000001d1c88e5df0, L_000001d1c88dcfc0, C4<1>, C4<1>;
L_000001d1c88dd880 .functor OR 1, L_000001d1c88dccb0, L_000001d1c88dd180, C4<0>, C4<0>;
L_000001d1c88dd1f0 .functor BUFZ 1, L_000001d1c88dc850, C4<0>, C4<0>, C4<0>;
L_000001d1c88dd730 .functor BUFZ 1, L_000001d1c88dd650, C4<0>, C4<0>, C4<0>;
L_000001d1c88dc540 .functor OR 1, L_000001d1c88dcee0, L_000001d1c88ddb90, C4<0>, C4<0>;
L_000001d1c88ddd50 .functor OR 1, L_000001d1c88dc540, L_000001d1c88dca10, C4<0>, C4<0>;
L_000001d1c88dc690 .functor AND 1, L_000001d1c88e5990, L_000001d1c88ddd50, C4<1>, C4<1>;
L_000001d1c88dd570 .functor OR 1, L_000001d1c88e6070, L_000001d1c88dc690, C4<0>, C4<0>;
L_000001d1c88dc460 .functor BUFZ 32, L_000001d1c8880240, C4<00000000000000000000000000000000>, C4<00000000000000000000000000000000>, C4<00000000000000000000000000000000>;
v000001d1c84c0d40_0 .net *"_ivl_10", 22 0, L_000001d1c8881be0;  1 drivers
v000001d1c84bfda0_0 .net *"_ivl_102", 0 0, L_000001d1c88ddc00;  1 drivers
v000001d1c84bfd00_0 .net *"_ivl_106", 0 0, L_000001d1c88dca80;  1 drivers
L_000001d1c8884788 .functor BUFT 1, C4<0>, C4<0>, C4<0>, C4<0>;
v000001d1c84c0fc0_0 .net/2u *"_ivl_108", 0 0, L_000001d1c8884788;  1 drivers
v000001d1c84c0980_0 .net *"_ivl_110", 0 0, L_000001d1c88dcaf0;  1 drivers
L_000001d1c88847d0 .functor BUFT 1, C4<1>, C4<0>, C4<0>, C4<0>;
v000001d1c84bfee0_0 .net/2u *"_ivl_112", 0 0, L_000001d1c88847d0;  1 drivers
v000001d1c84c1420_0 .net *"_ivl_115", 0 0, L_000001d1c88802e0;  1 drivers
v000001d1c84c0b60_0 .net *"_ivl_116", 0 0, L_000001d1c8880380;  1 drivers
v000001d1c84c0020_0 .net *"_ivl_12", 6 0, L_000001d1c88810a0;  1 drivers
v000001d1c84c16a0_0 .net *"_ivl_123", 0 0, L_000001d1c88804c0;  1 drivers
v000001d1c84c0520_0 .net *"_ivl_124", 7 0, L_000001d1c8880ce0;  1 drivers
v000001d1c84c0de0_0 .net *"_ivl_127", 0 0, L_000001d1c8880d80;  1 drivers
v000001d1c84c14c0_0 .net *"_ivl_128", 7 0, L_000001d1c8880e20;  1 drivers
v000001d1c84c0480_0 .net *"_ivl_131", 0 0, L_000001d1c8883bc0;  1 drivers
v000001d1c84c1880_0 .net *"_ivl_132", 7 0, L_000001d1c88833a0;  1 drivers
v000001d1c84c0340_0 .net *"_ivl_135", 0 0, L_000001d1c88829a0;  1 drivers
v000001d1c84c0a20_0 .net *"_ivl_136", 7 0, L_000001d1c8883c60;  1 drivers
v000001d1c84bff80_0 .net *"_ivl_140", 31 0, L_000001d1c88dc380;  1 drivers
v000001d1c84c0e80_0 .net *"_ivl_142", 31 0, L_000001d1c88dce00;  1 drivers
v000001d1c84c0660_0 .net *"_ivl_144", 31 0, L_000001d1c88dd2d0;  1 drivers
L_000001d1c8884818 .functor BUFT 1, C4<0000>, C4<0>, C4<0>, C4<0>;
v000001d1c84c07a0_0 .net/2u *"_ivl_148", 3 0, L_000001d1c8884818;  1 drivers
L_000001d1c8884350 .functor BUFT 1, C4<00>, C4<0>, C4<0>, C4<0>;
v000001d1c84c1100_0 .net *"_ivl_15", 1 0, L_000001d1c8884350;  1 drivers
L_000001d1c8884860 .functor BUFT 1, C4<0000000000000000000000000000>, C4<0>, C4<0>, C4<0>;
v000001d1c84c00c0_0 .net/2u *"_ivl_152", 27 0, L_000001d1c8884860;  1 drivers
L_000001d1c88848a8 .functor BUFT 1, C4<00>, C4<0>, C4<0>, C4<0>;
v000001d1c84c08e0_0 .net/2u *"_ivl_154", 1 0, L_000001d1c88848a8;  1 drivers
v000001d1c84c0ac0_0 .net *"_ivl_156", 31 0, L_000001d1c88831c0;  1 drivers
v000001d1c84c0160_0 .net *"_ivl_16", 0 0, L_000001d1c88822c0;  1 drivers
L_000001d1c88848f0 .functor BUFT 1, C4<00>, C4<0>, C4<0>, C4<0>;
v000001d1c84c11a0_0 .net/2u *"_ivl_160", 1 0, L_000001d1c88848f0;  1 drivers
v000001d1c84c1240_0 .net/2u *"_ivl_164", 0 0, L_000001d1c8884938;  1 drivers
v000001d1c84c12e0_0 .net *"_ivl_166", 0 0, L_000001d1c88dce70;  1 drivers
v000001d1c84c1560_0 .net *"_ivl_168", 31 0, L_000001d1c8882a40;  1 drivers
v000001d1c84c1600_0 .net *"_ivl_170", 9 0, L_000001d1c8882b80;  1 drivers
L_000001d1c8884980 .functor BUFT 1, C4<00000>, C4<0>, C4<0>, C4<0>;
v000001d1c84c03e0_0 .net *"_ivl_173", 4 0, L_000001d1c8884980;  1 drivers
v000001d1c8489d30_0 .net *"_ivl_174", 11 0, L_000001d1c8883da0;  1 drivers
L_000001d1c88849c8 .functor BUFT 1, C4<00>, C4<0>, C4<0>, C4<0>;
v000001d1c848a5f0_0 .net *"_ivl_177", 1 0, L_000001d1c88849c8;  1 drivers
L_000001d1c8884a10 .functor BUFT 1, C4<000000000100>, C4<0>, C4<0>, C4<0>;
v000001d1c848a370_0 .net/2u *"_ivl_178", 11 0, L_000001d1c8884a10;  1 drivers
v000001d1c8875f90_0 .net *"_ivl_181", 11 0, L_000001d1c8883300;  1 drivers
v000001d1c88756d0_0 .net *"_ivl_182", 3 0, L_000001d1c8883260;  1 drivers
L_000001d1c8884a58 .functor BUFT 1, C4<00>, C4<0>, C4<0>, C4<0>;
v000001d1c8874ff0_0 .net *"_ivl_185", 1 0, L_000001d1c8884a58;  1 drivers
L_000001d1c8884aa0 .functor BUFT 1, C4<0>, C4<0>, C4<0>, C4<0>;
v000001d1c8876210_0 .net *"_ivl_188", 0 0, L_000001d1c8884aa0;  1 drivers
v000001d1c88758b0_0 .net *"_ivl_189", 12 0, L_000001d1c8883e40;  1 drivers
L_000001d1c8884ae8 .functor BUFT 1, C4<000000000>, C4<0>, C4<0>, C4<0>;
v000001d1c88768f0_0 .net *"_ivl_192", 8 0, L_000001d1c8884ae8;  1 drivers
v000001d1c8875e50_0 .net *"_ivl_193", 12 0, L_000001d1c8883ee0;  1 drivers
v000001d1c88760d0_0 .net *"_ivl_194", 12 0, L_000001d1c8883f80;  1 drivers
v000001d1c88759f0_0 .net *"_ivl_196", 31 0, L_000001d1c8883440;  1 drivers
v000001d1c8874e10_0 .net *"_ivl_198", 9 0, L_000001d1c88834e0;  1 drivers
v000001d1c8876b70_0 .net *"_ivl_20", 22 0, L_000001d1c8881780;  1 drivers
L_000001d1c8884b30 .functor BUFT 1, C4<00000>, C4<0>, C4<0>, C4<0>;
v000001d1c8874eb0_0 .net *"_ivl_201", 4 0, L_000001d1c8884b30;  1 drivers
v000001d1c8875ef0_0 .net *"_ivl_202", 11 0, L_000001d1c8884020;  1 drivers
L_000001d1c8884b78 .functor BUFT 1, C4<00>, C4<0>, C4<0>, C4<0>;
v000001d1c8874f50_0 .net *"_ivl_205", 1 0, L_000001d1c8884b78;  1 drivers
L_000001d1c8884bc0 .functor BUFT 1, C4<000000000100>, C4<0>, C4<0>, C4<0>;
v000001d1c8876030_0 .net/2u *"_ivl_206", 11 0, L_000001d1c8884bc0;  1 drivers
v000001d1c8875810_0 .net *"_ivl_209", 11 0, L_000001d1c8882f40;  1 drivers
v000001d1c8875090_0 .net *"_ivl_210", 3 0, L_000001d1c8882ae0;  1 drivers
L_000001d1c8884c08 .functor BUFT 1, C4<00>, C4<0>, C4<0>, C4<0>;
v000001d1c8876ad0_0 .net *"_ivl_213", 1 0, L_000001d1c8884c08;  1 drivers
L_000001d1c8884c50 .functor BUFT 1, C4<0>, C4<0>, C4<0>, C4<0>;
v000001d1c8875630_0 .net *"_ivl_216", 0 0, L_000001d1c8884c50;  1 drivers
v000001d1c8876170_0 .net *"_ivl_217", 12 0, L_000001d1c8883580;  1 drivers
v000001d1c8875130_0 .net *"_ivl_22", 6 0, L_000001d1c88818c0;  1 drivers
L_000001d1c8884c98 .functor BUFT 1, C4<000000000>, C4<0>, C4<0>, C4<0>;
v000001d1c8875db0_0 .net *"_ivl_220", 8 0, L_000001d1c8884c98;  1 drivers
v000001d1c8875770_0 .net *"_ivl_221", 12 0, L_000001d1c8883120;  1 drivers
v000001d1c8875270_0 .net *"_ivl_222", 12 0, L_000001d1c8882e00;  1 drivers
v000001d1c8875a90_0 .net *"_ivl_227", 0 0, L_000001d1c8882c20;  1 drivers
v000001d1c8875950_0 .net *"_ivl_228", 7 0, L_000001d1c8882cc0;  1 drivers
v000001d1c8875d10_0 .net *"_ivl_231", 0 0, L_000001d1c8882d60;  1 drivers
v000001d1c88762b0_0 .net *"_ivl_232", 7 0, L_000001d1c8882ea0;  1 drivers
v000001d1c88754f0_0 .net *"_ivl_235", 0 0, L_000001d1c8883800;  1 drivers
v000001d1c8876530_0 .net *"_ivl_236", 7 0, L_000001d1c88836c0;  1 drivers
v000001d1c8875b30_0 .net *"_ivl_239", 0 0, L_000001d1c88838a0;  1 drivers
v000001d1c8875bd0_0 .net *"_ivl_240", 7 0, L_000001d1c8882fe0;  1 drivers
v000001d1c8876a30_0 .net *"_ivl_244", 31 0, L_000001d1c88dd420;  1 drivers
v000001d1c8875c70_0 .net *"_ivl_246", 31 0, L_000001d1c88dd810;  1 drivers
v000001d1c8874cd0_0 .net *"_ivl_248", 31 0, L_000001d1c88dcf50;  1 drivers
L_000001d1c8884398 .functor BUFT 1, C4<00>, C4<0>, C4<0>, C4<0>;
v000001d1c8876350_0 .net *"_ivl_25", 1 0, L_000001d1c8884398;  1 drivers
L_000001d1c8884ce0 .functor BUFT 1, C4<00>, C4<0>, C4<0>, C4<0>;
v000001d1c88765d0_0 .net/2u *"_ivl_252", 1 0, L_000001d1c8884ce0;  1 drivers
v000001d1c8876710_0 .net *"_ivl_254", 0 0, L_000001d1c8883760;  1 drivers
v000001d1c88763f0_0 .net *"_ivl_256", 0 0, L_000001d1c88dd9d0;  1 drivers
v000001d1c8876490_0 .net *"_ivl_26", 0 0, L_000001d1c88807e0;  1 drivers
L_000001d1c8884d28 .functor BUFT 1, C4<01>, C4<0>, C4<0>, C4<0>;
v000001d1c8876670_0 .net/2u *"_ivl_260", 1 0, L_000001d1c8884d28;  1 drivers
v000001d1c8875310_0 .net *"_ivl_262", 0 0, L_000001d1c8883940;  1 drivers
v000001d1c88767b0_0 .net *"_ivl_264", 0 0, L_000001d1c88dc5b0;  1 drivers
v000001d1c8876850_0 .net *"_ivl_266", 0 0, L_000001d1c88dcbd0;  1 drivers
L_000001d1c8884d70 .functor BUFT 1, C4<01>, C4<0>, C4<0>, C4<0>;
v000001d1c8876990_0 .net/2u *"_ivl_270", 1 0, L_000001d1c8884d70;  1 drivers
v000001d1c8874d70_0 .net *"_ivl_272", 0 0, L_000001d1c88839e0;  1 drivers
L_000001d1c8884db8 .functor BUFT 1, C4<10>, C4<0>, C4<0>, C4<0>;
v000001d1c88751d0_0 .net/2u *"_ivl_274", 1 0, L_000001d1c8884db8;  1 drivers
v000001d1c88753b0_0 .net *"_ivl_276", 0 0, L_000001d1c88e62f0;  1 drivers
v000001d1c8875450_0 .net *"_ivl_278", 0 0, L_000001d1c88ddc70;  1 drivers
L_000001d1c8884e00 .functor BUFT 1, C4<0000>, C4<0>, C4<0>, C4<0>;
v000001d1c8875590_0 .net/2u *"_ivl_280", 3 0, L_000001d1c8884e00;  1 drivers
v000001d1c88779b0_0 .net *"_ivl_282", 0 0, L_000001d1c88e5c10;  1 drivers
v000001d1c8877eb0_0 .net *"_ivl_284", 0 0, L_000001d1c88ddce0;  1 drivers
v000001d1c8877190_0 .net *"_ivl_286", 0 0, L_000001d1c88dd960;  1 drivers
v000001d1c8878130_0 .net *"_ivl_288", 0 0, L_000001d1c88dc230;  1 drivers
L_000001d1c8884e48 .functor BUFT 1, C4<1000>, C4<0>, C4<0>, C4<0>;
v000001d1c8877ff0_0 .net/2u *"_ivl_292", 3 0, L_000001d1c8884e48;  1 drivers
v000001d1c8878ef0_0 .net *"_ivl_294", 0 0, L_000001d1c88e5a30;  1 drivers
L_000001d1c8884e90 .functor BUFT 1, C4<00>, C4<0>, C4<0>, C4<0>;
v000001d1c8878bd0_0 .net/2u *"_ivl_298", 1 0, L_000001d1c8884e90;  1 drivers
v000001d1c8878b30_0 .net *"_ivl_300", 0 0, L_000001d1c88e6570;  1 drivers
v000001d1c8877910_0 .net *"_ivl_302", 0 0, L_000001d1c88dc8c0;  1 drivers
v000001d1c8878e50_0 .net *"_ivl_304", 0 0, L_000001d1c88dc4d0;  1 drivers
L_000001d1c8884ed8 .functor BUFT 1, C4<00>, C4<0>, C4<0>, C4<0>;
v000001d1c8878810_0 .net/2u *"_ivl_308", 1 0, L_000001d1c8884ed8;  1 drivers
v000001d1c8877690_0 .net *"_ivl_310", 0 0, L_000001d1c88e5670;  1 drivers
v000001d1c88775f0_0 .net *"_ivl_312", 0 0, L_000001d1c88dd030;  1 drivers
v000001d1c8878f90_0 .net *"_ivl_314", 0 0, L_000001d1c88dd0a0;  1 drivers
v000001d1c8877af0_0 .net *"_ivl_316", 0 0, L_000001d1c88dd110;  1 drivers
v000001d1c8878d10_0 .net *"_ivl_32", 31 0, L_000001d1c8881a00;  1 drivers
L_000001d1c8884f20 .functor BUFT 1, C4<11>, C4<0>, C4<0>, C4<0>;
v000001d1c88774b0_0 .net/2u *"_ivl_320", 1 0, L_000001d1c8884f20;  1 drivers
v000001d1c8877e10_0 .net *"_ivl_322", 0 0, L_000001d1c88e5df0;  1 drivers
L_000001d1c8884f68 .functor BUFT 1, C4<01>, C4<0>, C4<0>, C4<0>;
v000001d1c88786d0_0 .net/2u *"_ivl_332", 1 0, L_000001d1c8884f68;  1 drivers
v000001d1c88770f0_0 .net *"_ivl_334", 0 0, L_000001d1c88e57b0;  1 drivers
v000001d1c8877410_0 .net *"_ivl_336", 31 0, L_000001d1c88e5f30;  1 drivers
v000001d1c8877f50_0 .net *"_ivl_338", 4 0, L_000001d1c88e58f0;  1 drivers
v000001d1c8878090_0 .net *"_ivl_34", 9 0, L_000001d1c88806a0;  1 drivers
L_000001d1c8884fb0 .functor BUFT 1, C4<00>, C4<0>, C4<0>, C4<0>;
v000001d1c8877c30_0 .net *"_ivl_341", 1 0, L_000001d1c8884fb0;  1 drivers
L_000001d1c8884ff8 .functor BUFT 1, C4<00000000000000000000000000000000>, C4<0>, C4<0>, C4<0>;
v000001d1c8877230_0 .net/2u *"_ivl_342", 31 0, L_000001d1c8884ff8;  1 drivers
v000001d1c8878310_0 .net *"_ivl_344", 31 0, L_000001d1c88e5710;  1 drivers
v000001d1c8878db0_0 .net *"_ivl_352", 31 0, L_000001d1c88e66b0;  1 drivers
v000001d1c8877870_0 .net *"_ivl_354", 4 0, L_000001d1c88e5e90;  1 drivers
L_000001d1c8885040 .functor BUFT 1, C4<00>, C4<0>, C4<0>, C4<0>;
v000001d1c8877cd0_0 .net *"_ivl_357", 1 0, L_000001d1c8885040;  1 drivers
L_000001d1c8885088 .functor BUFT 1, C4<00000000000000000000000000000000>, C4<0>, C4<0>, C4<0>;
v000001d1c8877550_0 .net/2u *"_ivl_358", 31 0, L_000001d1c8885088;  1 drivers
L_000001d1c88850d0 .functor BUFT 1, C4<00>, C4<0>, C4<0>, C4<0>;
v000001d1c88772d0_0 .net/2u *"_ivl_362", 1 0, L_000001d1c88850d0;  1 drivers
v000001d1c8878c70_0 .net *"_ivl_364", 0 0, L_000001d1c88e6070;  1 drivers
L_000001d1c8885118 .functor BUFT 1, C4<00>, C4<0>, C4<0>, C4<0>;
v000001d1c8877a50_0 .net/2u *"_ivl_366", 1 0, L_000001d1c8885118;  1 drivers
v000001d1c8877b90_0 .net *"_ivl_368", 0 0, L_000001d1c88e5990;  1 drivers
L_000001d1c88843e0 .functor BUFT 1, C4<00000>, C4<0>, C4<0>, C4<0>;
v000001d1c8877d70_0 .net *"_ivl_37", 4 0, L_000001d1c88843e0;  1 drivers
v000001d1c88781d0_0 .net *"_ivl_370", 0 0, L_000001d1c88dc540;  1 drivers
v000001d1c8877730_0 .net *"_ivl_372", 0 0, L_000001d1c88ddd50;  1 drivers
v000001d1c8877370_0 .net *"_ivl_374", 0 0, L_000001d1c88dc690;  1 drivers
v000001d1c8878270_0 .net *"_ivl_38", 11 0, L_000001d1c8881960;  1 drivers
L_000001d1c8884428 .functor BUFT 1, C4<00>, C4<0>, C4<0>, C4<0>;
v000001d1c8878590_0 .net *"_ivl_41", 1 0, L_000001d1c8884428;  1 drivers
L_000001d1c8884470 .functor BUFT 1, C4<000000000100>, C4<0>, C4<0>, C4<0>;
v000001d1c8878770_0 .net/2u *"_ivl_42", 11 0, L_000001d1c8884470;  1 drivers
v000001d1c88789f0_0 .net *"_ivl_45", 11 0, L_000001d1c88820e0;  1 drivers
v000001d1c88777d0_0 .net *"_ivl_46", 3 0, L_000001d1c8881aa0;  1 drivers
L_000001d1c88844b8 .functor BUFT 1, C4<00>, C4<0>, C4<0>, C4<0>;
v000001d1c88783b0_0 .net *"_ivl_49", 1 0, L_000001d1c88844b8;  1 drivers
L_000001d1c8884500 .functor BUFT 1, C4<0>, C4<0>, C4<0>, C4<0>;
v000001d1c8878450_0 .net *"_ivl_52", 0 0, L_000001d1c8884500;  1 drivers
v000001d1c88788b0_0 .net *"_ivl_53", 12 0, L_000001d1c8881c80;  1 drivers
L_000001d1c8884548 .functor BUFT 1, C4<000000000>, C4<0>, C4<0>, C4<0>;
v000001d1c88784f0_0 .net *"_ivl_56", 8 0, L_000001d1c8884548;  1 drivers
v000001d1c8878630_0 .net *"_ivl_57", 12 0, L_000001d1c8881d20;  1 drivers
v000001d1c8878950_0 .net *"_ivl_58", 12 0, L_000001d1c88825e0;  1 drivers
v000001d1c8878a90_0 .net *"_ivl_62", 31 0, L_000001d1c88809c0;  1 drivers
v000001d1c887b170_0 .net *"_ivl_64", 9 0, L_000001d1c8881dc0;  1 drivers
L_000001d1c8884590 .functor BUFT 1, C4<00000>, C4<0>, C4<0>, C4<0>;
v000001d1c887ab30_0 .net *"_ivl_67", 4 0, L_000001d1c8884590;  1 drivers
v000001d1c887a590_0 .net *"_ivl_68", 11 0, L_000001d1c8880a60;  1 drivers
L_000001d1c88845d8 .functor BUFT 1, C4<00>, C4<0>, C4<0>, C4<0>;
v000001d1c887b0d0_0 .net *"_ivl_71", 1 0, L_000001d1c88845d8;  1 drivers
L_000001d1c8884620 .functor BUFT 1, C4<000000000100>, C4<0>, C4<0>, C4<0>;
v000001d1c887b5d0_0 .net/2u *"_ivl_72", 11 0, L_000001d1c8884620;  1 drivers
v000001d1c887aa90_0 .net *"_ivl_75", 11 0, L_000001d1c8882680;  1 drivers
v000001d1c887b3f0_0 .net *"_ivl_76", 3 0, L_000001d1c8880b00;  1 drivers
L_000001d1c8884668 .functor BUFT 1, C4<00>, C4<0>, C4<0>, C4<0>;
v000001d1c8879eb0_0 .net *"_ivl_79", 1 0, L_000001d1c8884668;  1 drivers
L_000001d1c88846b0 .functor BUFT 1, C4<0>, C4<0>, C4<0>, C4<0>;
v000001d1c887b210_0 .net *"_ivl_82", 0 0, L_000001d1c88846b0;  1 drivers
v000001d1c887abd0_0 .net *"_ivl_83", 12 0, L_000001d1c8881e60;  1 drivers
L_000001d1c88846f8 .functor BUFT 1, C4<000000000>, C4<0>, C4<0>, C4<0>;
v000001d1c887ae50_0 .net *"_ivl_86", 8 0, L_000001d1c88846f8;  1 drivers
v000001d1c8879ff0_0 .net *"_ivl_87", 12 0, L_000001d1c8880c40;  1 drivers
v000001d1c887b530_0 .net *"_ivl_88", 12 0, L_000001d1c8881f00;  1 drivers
L_000001d1c8884740 .functor BUFT 1, C4<00000000000000000000000000000000>, C4<0>, C4<0>, C4<0>;
v000001d1c887a270_0 .net/2u *"_ivl_92", 31 0, L_000001d1c8884740;  1 drivers
v000001d1c8879e10_0 .net *"_ivl_94", 31 0, L_000001d1c8882040;  1 drivers
v000001d1c8879910_0 .net *"_ivl_98", 0 0, L_000001d1c88dd3b0;  1 drivers
v000001d1c887b030_0 .net "cpu_miss_req_cur", 0 0, L_000001d1c88dcb60;  1 drivers
v000001d1c887a310 .array "datas0", 127 0, 31 0;
v000001d1c887a3b0 .array "datas1", 127 0, 31 0;
v000001d1c8879d70_0 .net "hit", 0 0, L_000001d1c88dcd20;  1 drivers
v000001d1c887aef0_0 .net "hit_rword", 31 0, L_000001d1c8880240;  1 drivers
v000001d1c887a130_0 .net "hit_way", 0 0, L_000001d1c88dd490;  1 drivers
v000001d1c887a630_0 .net "i_clk", 0 0, v000001d1c887eba0_0;  1 drivers
v000001d1c887ac70_0 .net "i_mem_rdata", 31 0, L_000001d1c846fac0;  alias, 1 drivers
v000001d1c88799b0_0 .net "i_mem_ready", 0 0, L_000001d1c8488f40;  alias, 1 drivers
v000001d1c887a950_0 .net "i_mem_valid", 0 0, L_000001d1c8489720;  alias, 1 drivers
v000001d1c887a450_0 .net "i_req_addr", 31 0, v000001d1c8881500_0;  1 drivers
v000001d1c887b2b0_0 .net "i_req_mask", 3 0, v000001d1c88815a0_0;  1 drivers
v000001d1c887a8b0_0 .net "i_req_ren", 0 0, v000001d1c88811e0_0;  1 drivers
v000001d1c887b490_0 .net "i_req_wdata", 31 0, v000001d1c8881320_0;  1 drivers
v000001d1c887a1d0_0 .net "i_req_wen", 0 0, v000001d1c8882860_0;  1 drivers
v000001d1c887a6d0_0 .net "i_rst", 0 0, v000001d1c8880ec0_0;  1 drivers
v000001d1c887a770_0 .var "lru", 31 0;
v000001d1c8879a50_0 .net "merged_write_word", 31 0, L_000001d1c88dd7a0;  1 drivers
v000001d1c887ad10_0 .net "miss_byte_mask", 31 0, L_000001d1c8883080;  1 drivers
v000001d1c887b350_0 .var "miss_is_write_cur", 0 0;
v000001d1c887b710_0 .net "miss_line_addr", 31 0, L_000001d1c8883d00;  1 drivers
v000001d1c887a9f0_0 .var "miss_mask_cur", 3 0;
v000001d1c887a810_0 .net "miss_merged_write_word", 31 0, L_000001d1c88dcc40;  1 drivers
v000001d1c887a4f0_0 .var "miss_set_cur", 4 0;
v000001d1c887adb0_0 .var "miss_tag_cur", 22 0;
v000001d1c887b670_0 .var "miss_way_cur", 0 0;
v000001d1c887af90_0 .net "miss_way_rword", 31 0, L_000001d1c8883620;  1 drivers
v000001d1c887b7b0_0 .var "miss_wdata_cur", 31 0;
v000001d1c8879af0_0 .net "miss_word_addr", 31 0, L_000001d1c8883b20;  1 drivers
v000001d1c8879b90_0 .var "miss_word_cur", 1 0;
v000001d1c8879c30_0 .net "o_busy", 0 0, L_000001d1c88dd570;  alias, 1 drivers
v000001d1c8879cd0_0 .net "o_mem_addr", 31 0, L_000001d1c88e6430;  alias, 1 drivers
v000001d1c8879f50_0 .net "o_mem_ren", 0 0, L_000001d1c88dd1f0;  alias, 1 drivers
v000001d1c887a090_0 .net "o_mem_wdata", 31 0, L_000001d1c88e5fd0;  alias, 1 drivers
v000001d1c887cfa0_0 .net "o_mem_wen", 0 0, L_000001d1c88dd730;  alias, 1 drivers
v000001d1c887c320_0 .net "o_res_rdata", 31 0, L_000001d1c88dc460;  alias, 1 drivers
v000001d1c887d180_0 .net "read_miss", 0 0, L_000001d1c88dcee0;  1 drivers
v000001d1c887c820_0 .var "refill_req_done_cur", 0 0;
v000001d1c887d540_0 .net "refill_req_fire_cur", 0 0, L_000001d1c88dc850;  1 drivers
v000001d1c887d4a0_0 .var "refill_req_word_cur", 1 0;
v000001d1c887c500_0 .var "refill_rsp_word_cur", 1 0;
v000001d1c887c140_0 .net "refill_word_addr", 31 0, L_000001d1c88dd500;  1 drivers
v000001d1c887d680_0 .net "req_byte_mask", 31 0, L_000001d1c8883a80;  1 drivers
v000001d1c887d040_0 .net "req_set", 4 0, L_000001d1c8882540;  1 drivers
v000001d1c887bec0_0 .net "req_tag", 22 0, L_000001d1c8881000;  1 drivers
v000001d1c887c5a0_0 .net "req_word", 1 0, L_000001d1c88824a0;  1 drivers
v000001d1c887cd20_0 .var "state_cur", 1 0;
v000001d1c887be20 .array "tags0", 0 31, 22 0;
v000001d1c887d5e0 .array "tags1", 0 31, 22 0;
v000001d1c887d400_0 .var "valid0", 31 0;
v000001d1c887c1e0_0 .var "valid1", 31 0;
v000001d1c887cf00_0 .net "victim_way", 0 0, L_000001d1c8880420;  1 drivers
v000001d1c887c640_0 .net "way0_hit", 0 0, L_000001d1c8436700;  1 drivers
v000001d1c887d720_0 .net "way0_rword", 31 0, L_000001d1c88dcd90;  1 drivers
v000001d1c887d7c0_0 .net "way0_valid", 0 0, L_000001d1c8881140;  1 drivers
v000001d1c887bd80_0 .net "way1_hit", 0 0, L_000001d1c846fe40;  1 drivers
v000001d1c887c6e0_0 .net "way1_rword", 31 0, L_000001d1c88dc700;  1 drivers
v000001d1c887c3c0_0 .net "way1_valid", 0 0, L_000001d1c8881fa0;  1 drivers
v000001d1c887c280 .array "wb_addrs", 0 7, 31 0;
v000001d1c887d0e0_0 .var "wb_count_cur", 3 0;
v000001d1c887caa0 .array "wb_datas", 0 7, 31 0;
v000001d1c887bf60_0 .net "wb_has_push_space_cur", 0 0, L_000001d1c88dcfc0;  1 drivers
v000001d1c887c460_0 .var "wb_head_cur", 2 0;
v000001d1c887ba60_0 .net "wb_push_addr_cur", 31 0, L_000001d1c88e5490;  1 drivers
v000001d1c887c780_0 .net "wb_push_cur", 0 0, L_000001d1c88dd880;  1 drivers
v000001d1c887c8c0_0 .net "wb_push_data_cur", 31 0, L_000001d1c88e6390;  1 drivers
v000001d1c887cc80_0 .net "wb_send_cur", 0 0, L_000001d1c88dd650;  1 drivers
v000001d1c887ce60_0 .var "wb_tail_cur", 2 0;
v000001d1c887bc40_0 .net "write_hit_accept_cur", 0 0, L_000001d1c88dccb0;  1 drivers
v000001d1c887d220_0 .net "write_hit_block_cur", 0 0, L_000001d1c88dca10;  1 drivers
v000001d1c887d2c0_0 .net "write_miss", 0 0, L_000001d1c88ddb90;  1 drivers
v000001d1c887cb40_0 .net "write_req_commit_cur", 0 0, L_000001d1c88dd180;  1 drivers
E_000001d1c8819d10 .event posedge, v000001d1c887a630_0;
L_000001d1c8881000 .part v000001d1c8881500_0, 9, 23;
L_000001d1c8882540 .part v000001d1c8881500_0, 4, 5;
L_000001d1c88824a0 .part v000001d1c8881500_0, 2, 2;
L_000001d1c8881140 .part/v v000001d1c887d400_0, L_000001d1c8882540, 1;
L_000001d1c8881fa0 .part/v v000001d1c887c1e0_0, L_000001d1c8882540, 1;
L_000001d1c8881be0 .array/port v000001d1c887be20, L_000001d1c88810a0;
L_000001d1c88810a0 .concat [ 5 2 0 0], L_000001d1c8882540, L_000001d1c8884350;
L_000001d1c88822c0 .cmp/eq 23, L_000001d1c8881be0, L_000001d1c8881000;
L_000001d1c8881780 .array/port v000001d1c887d5e0, L_000001d1c88818c0;
L_000001d1c88818c0 .concat [ 5 2 0 0], L_000001d1c8882540, L_000001d1c8884398;
L_000001d1c88807e0 .cmp/eq 23, L_000001d1c8881780, L_000001d1c8881000;
L_000001d1c8881a00 .array/port v000001d1c887a310, L_000001d1c88825e0;
L_000001d1c88806a0 .concat [ 5 5 0 0], L_000001d1c8882540, L_000001d1c88843e0;
L_000001d1c8881960 .concat [ 10 2 0 0], L_000001d1c88806a0, L_000001d1c8884428;
L_000001d1c88820e0 .arith/mult 12, L_000001d1c8881960, L_000001d1c8884470;
L_000001d1c8881aa0 .concat [ 2 2 0 0], L_000001d1c88824a0, L_000001d1c88844b8;
L_000001d1c8881c80 .concat [ 12 1 0 0], L_000001d1c88820e0, L_000001d1c8884500;
L_000001d1c8881d20 .concat [ 4 9 0 0], L_000001d1c8881aa0, L_000001d1c8884548;
L_000001d1c88825e0 .arith/sum 13, L_000001d1c8881c80, L_000001d1c8881d20;
L_000001d1c88809c0 .array/port v000001d1c887a3b0, L_000001d1c8881f00;
L_000001d1c8881dc0 .concat [ 5 5 0 0], L_000001d1c8882540, L_000001d1c8884590;
L_000001d1c8880a60 .concat [ 10 2 0 0], L_000001d1c8881dc0, L_000001d1c88845d8;
L_000001d1c8882680 .arith/mult 12, L_000001d1c8880a60, L_000001d1c8884620;
L_000001d1c8880b00 .concat [ 2 2 0 0], L_000001d1c88824a0, L_000001d1c8884668;
L_000001d1c8881e60 .concat [ 12 1 0 0], L_000001d1c8882680, L_000001d1c88846b0;
L_000001d1c8880c40 .concat [ 4 9 0 0], L_000001d1c8880b00, L_000001d1c88846f8;
L_000001d1c8881f00 .arith/sum 13, L_000001d1c8881e60, L_000001d1c8880c40;
L_000001d1c8882040 .functor MUXZ 32, L_000001d1c8884740, L_000001d1c88dc700, L_000001d1c846fe40, C4<>;
L_000001d1c8880240 .functor MUXZ 32, L_000001d1c8882040, L_000001d1c88dcd90, L_000001d1c8436700, C4<>;
L_000001d1c88802e0 .part/v v000001d1c887a770_0, L_000001d1c8882540, 1;
L_000001d1c8880380 .functor MUXZ 1, L_000001d1c88802e0, L_000001d1c88847d0, L_000001d1c88dcaf0, C4<>;
L_000001d1c8880420 .functor MUXZ 1, L_000001d1c8880380, L_000001d1c8884788, L_000001d1c88dca80, C4<>;
L_000001d1c88804c0 .part v000001d1c88815a0_0, 3, 1;
LS_000001d1c8880ce0_0_0 .concat [ 1 1 1 1], L_000001d1c88804c0, L_000001d1c88804c0, L_000001d1c88804c0, L_000001d1c88804c0;
LS_000001d1c8880ce0_0_4 .concat [ 1 1 1 1], L_000001d1c88804c0, L_000001d1c88804c0, L_000001d1c88804c0, L_000001d1c88804c0;
L_000001d1c8880ce0 .concat [ 4 4 0 0], LS_000001d1c8880ce0_0_0, LS_000001d1c8880ce0_0_4;
L_000001d1c8880d80 .part v000001d1c88815a0_0, 2, 1;
LS_000001d1c8880e20_0_0 .concat [ 1 1 1 1], L_000001d1c8880d80, L_000001d1c8880d80, L_000001d1c8880d80, L_000001d1c8880d80;
LS_000001d1c8880e20_0_4 .concat [ 1 1 1 1], L_000001d1c8880d80, L_000001d1c8880d80, L_000001d1c8880d80, L_000001d1c8880d80;
L_000001d1c8880e20 .concat [ 4 4 0 0], LS_000001d1c8880e20_0_0, LS_000001d1c8880e20_0_4;
L_000001d1c8883bc0 .part v000001d1c88815a0_0, 1, 1;
LS_000001d1c88833a0_0_0 .concat [ 1 1 1 1], L_000001d1c8883bc0, L_000001d1c8883bc0, L_000001d1c8883bc0, L_000001d1c8883bc0;
LS_000001d1c88833a0_0_4 .concat [ 1 1 1 1], L_000001d1c8883bc0, L_000001d1c8883bc0, L_000001d1c8883bc0, L_000001d1c8883bc0;
L_000001d1c88833a0 .concat [ 4 4 0 0], LS_000001d1c88833a0_0_0, LS_000001d1c88833a0_0_4;
L_000001d1c88829a0 .part v000001d1c88815a0_0, 0, 1;
LS_000001d1c8883c60_0_0 .concat [ 1 1 1 1], L_000001d1c88829a0, L_000001d1c88829a0, L_000001d1c88829a0, L_000001d1c88829a0;
LS_000001d1c8883c60_0_4 .concat [ 1 1 1 1], L_000001d1c88829a0, L_000001d1c88829a0, L_000001d1c88829a0, L_000001d1c88829a0;
L_000001d1c8883c60 .concat [ 4 4 0 0], LS_000001d1c8883c60_0_0, LS_000001d1c8883c60_0_4;
L_000001d1c8883a80 .concat [ 8 8 8 8], L_000001d1c8883c60, L_000001d1c88833a0, L_000001d1c8880e20, L_000001d1c8880ce0;
L_000001d1c8883d00 .concat [ 4 5 23 0], L_000001d1c8884818, v000001d1c887a4f0_0, v000001d1c887adb0_0;
L_000001d1c88831c0 .concat [ 2 2 28 0], L_000001d1c88848a8, v000001d1c887d4a0_0, L_000001d1c8884860;
L_000001d1c8883b20 .concat [ 2 2 5 23], L_000001d1c88848f0, v000001d1c8879b90_0, v000001d1c887a4f0_0, v000001d1c887adb0_0;
L_000001d1c8882a40 .array/port v000001d1c887a310, L_000001d1c8883f80;
L_000001d1c8882b80 .concat [ 5 5 0 0], v000001d1c887a4f0_0, L_000001d1c8884980;
L_000001d1c8883da0 .concat [ 10 2 0 0], L_000001d1c8882b80, L_000001d1c88849c8;
L_000001d1c8883300 .arith/mult 12, L_000001d1c8883da0, L_000001d1c8884a10;
L_000001d1c8883260 .concat [ 2 2 0 0], v000001d1c8879b90_0, L_000001d1c8884a58;
L_000001d1c8883e40 .concat [ 12 1 0 0], L_000001d1c8883300, L_000001d1c8884aa0;
L_000001d1c8883ee0 .concat [ 4 9 0 0], L_000001d1c8883260, L_000001d1c8884ae8;
L_000001d1c8883f80 .arith/sum 13, L_000001d1c8883e40, L_000001d1c8883ee0;
L_000001d1c8883440 .array/port v000001d1c887a3b0, L_000001d1c8882e00;
L_000001d1c88834e0 .concat [ 5 5 0 0], v000001d1c887a4f0_0, L_000001d1c8884b30;
L_000001d1c8884020 .concat [ 10 2 0 0], L_000001d1c88834e0, L_000001d1c8884b78;
L_000001d1c8882f40 .arith/mult 12, L_000001d1c8884020, L_000001d1c8884bc0;
L_000001d1c8882ae0 .concat [ 2 2 0 0], v000001d1c8879b90_0, L_000001d1c8884c08;
L_000001d1c8883580 .concat [ 12 1 0 0], L_000001d1c8882f40, L_000001d1c8884c50;
L_000001d1c8883120 .concat [ 4 9 0 0], L_000001d1c8882ae0, L_000001d1c8884c98;
L_000001d1c8882e00 .arith/sum 13, L_000001d1c8883580, L_000001d1c8883120;
L_000001d1c8883620 .functor MUXZ 32, L_000001d1c8883440, L_000001d1c8882a40, L_000001d1c88dce70, C4<>;
L_000001d1c8882c20 .part v000001d1c887a9f0_0, 3, 1;
LS_000001d1c8882cc0_0_0 .concat [ 1 1 1 1], L_000001d1c8882c20, L_000001d1c8882c20, L_000001d1c8882c20, L_000001d1c8882c20;
LS_000001d1c8882cc0_0_4 .concat [ 1 1 1 1], L_000001d1c8882c20, L_000001d1c8882c20, L_000001d1c8882c20, L_000001d1c8882c20;
L_000001d1c8882cc0 .concat [ 4 4 0 0], LS_000001d1c8882cc0_0_0, LS_000001d1c8882cc0_0_4;
L_000001d1c8882d60 .part v000001d1c887a9f0_0, 2, 1;
LS_000001d1c8882ea0_0_0 .concat [ 1 1 1 1], L_000001d1c8882d60, L_000001d1c8882d60, L_000001d1c8882d60, L_000001d1c8882d60;
LS_000001d1c8882ea0_0_4 .concat [ 1 1 1 1], L_000001d1c8882d60, L_000001d1c8882d60, L_000001d1c8882d60, L_000001d1c8882d60;
L_000001d1c8882ea0 .concat [ 4 4 0 0], LS_000001d1c8882ea0_0_0, LS_000001d1c8882ea0_0_4;
L_000001d1c8883800 .part v000001d1c887a9f0_0, 1, 1;
LS_000001d1c88836c0_0_0 .concat [ 1 1 1 1], L_000001d1c8883800, L_000001d1c8883800, L_000001d1c8883800, L_000001d1c8883800;
LS_000001d1c88836c0_0_4 .concat [ 1 1 1 1], L_000001d1c8883800, L_000001d1c8883800, L_000001d1c8883800, L_000001d1c8883800;
L_000001d1c88836c0 .concat [ 4 4 0 0], LS_000001d1c88836c0_0_0, LS_000001d1c88836c0_0_4;
L_000001d1c88838a0 .part v000001d1c887a9f0_0, 0, 1;
LS_000001d1c8882fe0_0_0 .concat [ 1 1 1 1], L_000001d1c88838a0, L_000001d1c88838a0, L_000001d1c88838a0, L_000001d1c88838a0;
LS_000001d1c8882fe0_0_4 .concat [ 1 1 1 1], L_000001d1c88838a0, L_000001d1c88838a0, L_000001d1c88838a0, L_000001d1c88838a0;
L_000001d1c8882fe0 .concat [ 4 4 0 0], LS_000001d1c8882fe0_0_0, LS_000001d1c8882fe0_0_4;
L_000001d1c8883080 .concat [ 8 8 8 8], L_000001d1c8882fe0, L_000001d1c88836c0, L_000001d1c8882ea0, L_000001d1c8882cc0;
L_000001d1c8883760 .cmp/eq 2, v000001d1c887cd20_0, L_000001d1c8884ce0;
L_000001d1c8883940 .cmp/eq 2, v000001d1c887cd20_0, L_000001d1c8884d28;
L_000001d1c88839e0 .cmp/ne 2, v000001d1c887cd20_0, L_000001d1c8884d70;
L_000001d1c88e62f0 .cmp/ne 2, v000001d1c887cd20_0, L_000001d1c8884db8;
L_000001d1c88e5c10 .cmp/ne 4, v000001d1c887d0e0_0, L_000001d1c8884e00;
L_000001d1c88e5a30 .cmp/ne 4, v000001d1c887d0e0_0, L_000001d1c8884e48;
L_000001d1c88e6570 .cmp/eq 2, v000001d1c887cd20_0, L_000001d1c8884e90;
L_000001d1c88e5670 .cmp/eq 2, v000001d1c887cd20_0, L_000001d1c8884ed8;
L_000001d1c88e5df0 .cmp/eq 2, v000001d1c887cd20_0, L_000001d1c8884f20;
L_000001d1c88e5490 .functor MUXZ 32, L_000001d1c8883b20, v000001d1c8881500_0, L_000001d1c88dccb0, C4<>;
L_000001d1c88e6390 .functor MUXZ 32, L_000001d1c88dcc40, L_000001d1c88dd7a0, L_000001d1c88dccb0, C4<>;
L_000001d1c88e57b0 .cmp/eq 2, v000001d1c887cd20_0, L_000001d1c8884f68;
L_000001d1c88e5f30 .array/port v000001d1c887c280, L_000001d1c88e58f0;
L_000001d1c88e58f0 .concat [ 3 2 0 0], v000001d1c887c460_0, L_000001d1c8884fb0;
L_000001d1c88e5710 .functor MUXZ 32, L_000001d1c8884ff8, L_000001d1c88e5f30, L_000001d1c88dd650, C4<>;
L_000001d1c88e6430 .functor MUXZ 32, L_000001d1c88e5710, L_000001d1c88dd500, L_000001d1c88e57b0, C4<>;
L_000001d1c88e66b0 .array/port v000001d1c887caa0, L_000001d1c88e5e90;
L_000001d1c88e5e90 .concat [ 3 2 0 0], v000001d1c887c460_0, L_000001d1c8885040;
L_000001d1c88e5fd0 .functor MUXZ 32, L_000001d1c8885088, L_000001d1c88e66b0, L_000001d1c88dd650, C4<>;
L_000001d1c88e6070 .cmp/ne 2, v000001d1c887cd20_0, L_000001d1c88850d0;
L_000001d1c88e5990 .cmp/eq 2, v000001d1c887cd20_0, L_000001d1c8885118;
S_000001d1c8874a70 .scope module, "mem" "memory" 3 50, 5 8 0, S_000001d1c8814420;
 .timescale 0 0;
    .port_info 0 /INPUT 1 "i_clk";
    .port_info 1 /INPUT 1 "i_rst";
    .port_info 2 /OUTPUT 1 "o_ready";
    .port_info 3 /INPUT 32 "i_addr";
    .port_info 4 /INPUT 1 "i_ren";
    .port_info 5 /INPUT 1 "i_wen";
    .port_info 6 /INPUT 4 "i_mask";
    .port_info 7 /INPUT 32 "i_wdata";
    .port_info 8 /OUTPUT 1 "o_valid";
    .port_info 9 /OUTPUT 32 "o_addr";
    .port_info 10 /OUTPUT 1 "o_wdone";
    .port_info 11 /OUTPUT 32 "o_rdata";
P_000001d1c8448630 .param/l "INTERVAL" 0 5 14, +C4<00000000000000000000000000000010>;
P_000001d1c8448668 .param/l "LATENCY" 0 5 12, +C4<00000000000000000000000000000100>;
P_000001d1c84486a0 .param/l "SIZE" 0 5 10, +C4<0000000000000000000000000000000000000000000000000100000000000000>;
L_000001d1c84bf2f0 .functor NOT 1, v000001d1c8880ec0_0, C4<0>, C4<0>, C4<0>;
L_000001d1c84bf7c0 .functor AND 1, L_000001d1c84bf2f0, L_000001d1c8880f60, C4<1>, C4<1>;
v000001d1c887e920_2 .array/port v000001d1c887e920, 2;
L_000001d1c84bee90 .functor BUFZ 32, v000001d1c887e920_2, C4<00000000000000000000000000000000>, C4<00000000000000000000000000000000>, C4<00000000000000000000000000000000>;
v000001d1c887e7e0_2 .array/port v000001d1c887e7e0, 2;
L_000001d1c8470850 .functor BUFZ 4, v000001d1c887e7e0_2, C4<0000>, C4<0000>, C4<0000>;
v000001d1c887df20_2 .array/port v000001d1c887df20, 2;
L_000001d1c84701c0 .functor BUFZ 32, v000001d1c887df20_2, C4<00000000000000000000000000000000>, C4<00000000000000000000000000000000>, C4<00000000000000000000000000000000>;
v000001d1c887e920_3 .array/port v000001d1c887e920, 3;
L_000001d1c8470770 .functor BUFZ 32, v000001d1c887e920_3, C4<00000000000000000000000000000000>, C4<00000000000000000000000000000000>, C4<00000000000000000000000000000000>;
v000001d1c887f460_3 .array/port v000001d1c887f460, 3;
L_000001d1c8470230 .functor BUFZ 1, v000001d1c887f460_3, C4<0>, C4<0>, C4<0>;
v000001d1c887f6e0_2 .array/port v000001d1c887f6e0, 2;
L_000001d1c84702a0 .functor BUFZ 1, v000001d1c887f6e0_2, C4<0>, C4<0>, C4<0>;
L_000001d1c846fac0 .functor BUFZ 32, L_000001d1c8882400, C4<00000000000000000000000000000000>, C4<00000000000000000000000000000000>, C4<00000000000000000000000000000000>;
L_000001d1c846feb0 .functor BUFZ 32, L_000001d1c8470770, C4<00000000000000000000000000000000>, C4<00000000000000000000000000000000>, C4<00000000000000000000000000000000>;
L_000001d1c8489720 .functor BUFZ 1, L_000001d1c8470230, C4<0>, C4<0>, C4<0>;
L_000001d1c8488b50 .functor BUFZ 1, L_000001d1c84702a0, C4<0>, C4<0>, C4<0>;
L_000001d1c8488f40 .functor BUFZ 1, L_000001d1c84bf7c0, C4<0>, C4<0>, C4<0>;
v000001d1c887b920_0 .net *"_ivl_0", 0 0, L_000001d1c84bf2f0;  1 drivers
v000001d1c887c960_0 .net *"_ivl_2", 31 0, L_000001d1c88813c0;  1 drivers
v000001d1c887b9c0_0 .net *"_ivl_32", 7 0, L_000001d1c8880880;  1 drivers
L_000001d1c8884230 .functor BUFT 1, C4<00000000000000000000000000000011>, C4<0>, C4<0>, C4<0>;
v000001d1c887ca00_0 .net/2u *"_ivl_34", 31 0, L_000001d1c8884230;  1 drivers
v000001d1c887d360_0 .net *"_ivl_36", 31 0, L_000001d1c8882720;  1 drivers
v000001d1c887cbe0_0 .net *"_ivl_38", 7 0, L_000001d1c8882220;  1 drivers
L_000001d1c8884278 .functor BUFT 1, C4<00000000000000000000000000000010>, C4<0>, C4<0>, C4<0>;
v000001d1c887cdc0_0 .net/2u *"_ivl_40", 31 0, L_000001d1c8884278;  1 drivers
v000001d1c887bb00_0 .net *"_ivl_42", 31 0, L_000001d1c8880ba0;  1 drivers
v000001d1c887bba0_0 .net *"_ivl_44", 7 0, L_000001d1c88827c0;  1 drivers
L_000001d1c88842c0 .functor BUFT 1, C4<00000000000000000000000000000001>, C4<0>, C4<0>, C4<0>;
v000001d1c887bce0_0 .net/2u *"_ivl_46", 31 0, L_000001d1c88842c0;  1 drivers
v000001d1c887c000_0 .net *"_ivl_48", 31 0, L_000001d1c8881640;  1 drivers
L_000001d1c88841a0 .functor BUFT 1, C4<0000000000000000000000000000000>, C4<0>, C4<0>, C4<0>;
v000001d1c887c0a0_0 .net *"_ivl_5", 30 0, L_000001d1c88841a0;  1 drivers
v000001d1c887dc00_0 .net *"_ivl_50", 7 0, L_000001d1c8880740;  1 drivers
L_000001d1c8884308 .functor BUFT 1, C4<00000000000000000000000000000000>, C4<0>, C4<0>, C4<0>;
v000001d1c887e740_0 .net/2u *"_ivl_52", 31 0, L_000001d1c8884308;  1 drivers
v000001d1c887e240_0 .net *"_ivl_54", 31 0, L_000001d1c88801a0;  1 drivers
L_000001d1c88841e8 .functor BUFT 1, C4<00000000000000000000000000000000>, C4<0>, C4<0>, C4<0>;
v000001d1c887e600_0 .net/2u *"_ivl_6", 31 0, L_000001d1c88841e8;  1 drivers
v000001d1c887f1e0_0 .net *"_ivl_8", 0 0, L_000001d1c8880f60;  1 drivers
v000001d1c887e920 .array "addrs", 3 0, 31 0;
v000001d1c887e2e0_0 .net "i_addr", 31 0, L_000001d1c88e6430;  alias, 1 drivers
v000001d1c887e6a0_0 .net "i_clk", 0 0, v000001d1c887eba0_0;  alias, 1 drivers
v000001d1c887dd40_0 .net "i_mask", 3 0, L_000001d1c8884158;  alias, 1 drivers
v000001d1c887ea60_0 .net "i_ren", 0 0, L_000001d1c88dd1f0;  alias, 1 drivers
v000001d1c887f0a0_0 .net "i_rst", 0 0, v000001d1c8880ec0_0;  alias, 1 drivers
v000001d1c887f500_0 .net "i_wdata", 31 0, L_000001d1c88e5fd0;  alias, 1 drivers
v000001d1c887f140_0 .net "i_wen", 0 0, L_000001d1c88dd730;  alias, 1 drivers
v000001d1c887e4c0_0 .var "interval_counter", 0 0;
v000001d1c887f320_0 .net "mask", 3 0, L_000001d1c8470850;  1 drivers
v000001d1c887e7e0 .array "masks", 3 0, 3 0;
v000001d1c887f5a0 .array "mem", 16383 0, 7 0;
v000001d1c887e380_0 .net "o_addr", 31 0, L_000001d1c846feb0;  alias, 1 drivers
v000001d1c887f820_0 .net "o_rdata", 31 0, L_000001d1c846fac0;  alias, 1 drivers
v000001d1c887f280_0 .net "o_ready", 0 0, L_000001d1c8488f40;  alias, 1 drivers
v000001d1c887ef60_0 .net "o_valid", 0 0, L_000001d1c8489720;  alias, 1 drivers
v000001d1c887f000_0 .net "o_wdone", 0 0, L_000001d1c8488b50;  1 drivers
v000001d1c887e880_0 .net "raddr", 31 0, v000001d1c887e920_3;  1 drivers
v000001d1c887eec0_0 .net "ready", 0 0, L_000001d1c84bf7c0;  1 drivers
v000001d1c887e560_0 .net "ren", 0 0, v000001d1c887f460_3;  1 drivers
v000001d1c887f460 .array "rens", 3 0, 0 0;
v000001d1c887e420_0 .net "res_addr", 31 0, L_000001d1c8470770;  1 drivers
v000001d1c887f3c0_0 .net "res_rdata", 31 0, L_000001d1c8882400;  1 drivers
v000001d1c887f8c0_0 .net "res_valid", 0 0, L_000001d1c8470230;  1 drivers
v000001d1c887dca0_0 .net "res_wdone", 0 0, L_000001d1c84702a0;  1 drivers
v000001d1c887f640_0 .net "waddr", 31 0, L_000001d1c84bee90;  1 drivers
v000001d1c887dfc0_0 .net "wdata", 31 0, L_000001d1c84701c0;  1 drivers
v000001d1c887df20 .array "wdatas", 3 0, 31 0;
v000001d1c887eb00_0 .net "wen", 0 0, v000001d1c887f6e0_2;  1 drivers
v000001d1c887f6e0 .array "wens", 3 0, 0 0;
L_000001d1c88813c0 .concat [ 1 31 0 0], v000001d1c887e4c0_0, L_000001d1c88841a0;
L_000001d1c8880f60 .cmp/eq 32, L_000001d1c88813c0, L_000001d1c88841e8;
L_000001d1c8880880 .array/port v000001d1c887f5a0, L_000001d1c8882720;
L_000001d1c8882720 .arith/sum 32, v000001d1c887e920_3, L_000001d1c8884230;
L_000001d1c8882220 .array/port v000001d1c887f5a0, L_000001d1c8880ba0;
L_000001d1c8880ba0 .arith/sum 32, v000001d1c887e920_3, L_000001d1c8884278;
L_000001d1c88827c0 .array/port v000001d1c887f5a0, L_000001d1c8881640;
L_000001d1c8881640 .arith/sum 32, v000001d1c887e920_3, L_000001d1c88842c0;
L_000001d1c8880740 .array/port v000001d1c887f5a0, L_000001d1c88801a0;
L_000001d1c88801a0 .arith/sum 32, v000001d1c887e920_3, L_000001d1c8884308;
L_000001d1c8882400 .concat [ 8 8 8 8], L_000001d1c8880740, L_000001d1c88827c0, L_000001d1c8882220, L_000001d1c8880880;
S_000001d1c8876c90 .scope generate, "genblk1[1]" "genblk1[1]" 5 102, 5 102 0, S_000001d1c8874a70;
 .timescale 0 0;
P_000001d1c8819fd0 .param/l "i" 0 5 102, +C4<01>;
S_000001d1c8876e20 .scope generate, "genblk1[2]" "genblk1[2]" 5 102, 5 102 0, S_000001d1c8874a70;
 .timescale 0 0;
P_000001d1c8819b90 .param/l "i" 0 5 102, +C4<010>;
S_000001d1c887d8e0 .scope generate, "genblk1[3]" "genblk1[3]" 5 102, 5 102 0, S_000001d1c8874a70;
 .timescale 0 0;
P_000001d1c881a7d0 .param/l "i" 0 5 102, +C4<011>;
S_000001d1c887fc90 .scope autotask, "reset_sequence" "reset_sequence" 3 206, 3 206 0, S_000001d1c8814420;
 .timescale 0 0;
E_000001d1c881a050 .event negedge, v000001d1c887a630_0;
TD_cache_tb.reset_sequence ;
    %vpi_call/w 3 208 "$display", "Resetting cache and memory." {0 0 0};
    %wait E_000001d1c881a050;
    %pushi/vec4 1, 0, 1;
    %store/vec4 v000001d1c8880ec0_0, 0, 1;
    %wait E_000001d1c881a050;
    %wait E_000001d1c881a050;
    %wait E_000001d1c881a050;
    %wait E_000001d1c881a050;
    %pushi/vec4 0, 0, 1;
    %store/vec4 v000001d1c8880ec0_0, 0, 1;
    %pushi/vec4 0, 0, 32;
    %store/vec4 v000001d1c8881500_0, 0, 32;
    %pushi/vec4 0, 0, 1;
    %store/vec4 v000001d1c88811e0_0, 0, 1;
    %pushi/vec4 0, 0, 1;
    %store/vec4 v000001d1c8882860_0, 0, 1;
    %pushi/vec4 0, 0, 4;
    %store/vec4 v000001d1c88815a0_0, 0, 4;
    %pushi/vec4 0, 0, 32;
    %store/vec4 v000001d1c8881320_0, 0, 32;
    %pushi/vec4 0, 0, 24;
    %store/vec4 v000001d1c8880600_0, 0, 24;
    %pushi/vec4 0, 0, 5;
    %store/vec4 v000001d1c887ed80_0, 0, 5;
    %pushi/vec4 0, 0, 4;
    %store/vec4 v000001d1c8882180_0, 0, 4;
    %end;
S_000001d1c887fe20 .scope autotask, "send_read" "send_read" 3 185, 3 185 0, S_000001d1c8814420;
 .timescale 0 0;
v000001d1c887dde0_0 .var "index", 4 0;
v000001d1c887e9c0_0 .var "mask", 3 0;
v000001d1c887f780_0 .var "offset", 3 0;
v000001d1c887ec40_0 .var "tag", 22 0;
E_000001d1c881a3d0 .event negedge, v000001d1c887a630_0;
TD_cache_tb.send_read ;
    %load/vec4 v000001d1c887ec40_0;
    %load/vec4 v000001d1c887dde0_0;
    %concat/vec4; draw_concat_vec4
    %load/vec4 v000001d1c887f780_0;
    %concat/vec4; draw_concat_vec4
    %store/vec4 v000001d1c8881500_0, 0, 32;
    %load/vec4 v000001d1c887e9c0_0;
    %store/vec4 v000001d1c88815a0_0, 0, 4;
    %pushi/vec4 0, 0, 1;
    %store/vec4 v000001d1c8882860_0, 0, 1;
    %pushi/vec4 4294967295, 4294967295, 32;
    %store/vec4 v000001d1c8881320_0, 0, 32;
    %pushi/vec4 1, 0, 1;
    %store/vec4 v000001d1c88811e0_0, 0, 1;
    %wait E_000001d1c881a3d0;
    %pushi/vec4 0, 0, 1;
    %store/vec4 v000001d1c88811e0_0, 0, 1;
    %delay 0, 0;
    %load/vec4 v000001d1c88815a0_0;
    %parti/s 1, 3, 3;
    %replicate 8;
    %load/vec4 v000001d1c88815a0_0;
    %parti/s 1, 2, 3;
    %replicate 8;
    %concat/vec4; draw_concat_vec4
    %load/vec4 v000001d1c88815a0_0;
    %parti/s 1, 1, 2;
    %replicate 8;
    %concat/vec4; draw_concat_vec4
    %load/vec4 v000001d1c88815a0_0;
    %parti/s 1, 0, 2;
    %replicate 8;
    %concat/vec4; draw_concat_vec4
    %store/vec4 v000001d1c887e100_0, 0, 32;
    %load/vec4 v000001d1c887ece0_0;
    %nor/r;
    %flag_set/vec4 8;
    %jmp/0xz  T_1.0, 8;
    %load/vec4 v000001d1c8881820_0;
    %load/vec4 v000001d1c887e100_0;
    %and;
    %vpi_call/w 3 198 "$display", "Read HIT:   addr=%08x data=%08x mask=%04b", v000001d1c8881500_0, S<0,vec4,u32>, v000001d1c88815a0_0 {1 0 0};
    %jmp T_1.1;
T_1.0 ;
T_1.2 ;
    %load/vec4 v000001d1c887ece0_0;
    %flag_set/vec4 8;
    %jmp/0xz T_1.3, 8;
    %wait E_000001d1c881a3d0;
    %jmp T_1.2;
T_1.3 ;
    %load/vec4 v000001d1c8881820_0;
    %load/vec4 v000001d1c887e100_0;
    %and;
    %vpi_call/w 3 201 "$display", "Read MISS:  addr=%08x data=%08x mask=%04b", v000001d1c8881500_0, S<0,vec4,u32>, v000001d1c88815a0_0 {1 0 0};
T_1.1 ;
    %end;
S_000001d1c887ffb0 .scope autotask, "send_write" "send_write" 3 166, 3 166 0, S_000001d1c8814420;
 .timescale 0 0;
v000001d1c887f960_0 .var "data", 31 0;
v000001d1c887dac0_0 .var "index", 4 0;
v000001d1c887db60_0 .var "mask", 3 0;
v000001d1c887de80_0 .var "offset", 3 0;
v000001d1c887e060_0 .var "tag", 22 0;
E_000001d1c881a6d0 .event negedge, v000001d1c887a630_0;
TD_cache_tb.send_write ;
    %load/vec4 v000001d1c887e060_0;
    %load/vec4 v000001d1c887dac0_0;
    %concat/vec4; draw_concat_vec4
    %load/vec4 v000001d1c887de80_0;
    %concat/vec4; draw_concat_vec4
    %store/vec4 v000001d1c8881500_0, 0, 32;
    %load/vec4 v000001d1c887db60_0;
    %store/vec4 v000001d1c88815a0_0, 0, 4;
    %pushi/vec4 0, 0, 1;
    %store/vec4 v000001d1c88811e0_0, 0, 1;
    %pushi/vec4 1, 0, 1;
    %store/vec4 v000001d1c8882860_0, 0, 1;
    %load/vec4 v000001d1c887f960_0;
    %store/vec4 v000001d1c8881320_0, 0, 32;
    %wait E_000001d1c881a6d0;
    %pushi/vec4 0, 0, 1;
    %store/vec4 v000001d1c8882860_0, 0, 1;
    %load/vec4 v000001d1c887ece0_0;
    %nor/r;
    %flag_set/vec4 8;
    %jmp/0xz  T_2.4, 8;
    %load/vec4 v000001d1c8881320_0;
    %load/vec4 v000001d1c887e100_0;
    %and;
    %vpi_call/w 3 177 "$display", "Write HIT:  addr=%08x data=%08x mask=%04b", v000001d1c8881500_0, S<0,vec4,u32>, v000001d1c88815a0_0 {1 0 0};
    %jmp T_2.5;
T_2.4 ;
T_2.6 ;
    %load/vec4 v000001d1c887ece0_0;
    %flag_set/vec4 8;
    %jmp/0xz T_2.7, 8;
    %wait E_000001d1c881a6d0;
    %jmp T_2.6;
T_2.7 ;
    %load/vec4 v000001d1c8881320_0;
    %load/vec4 v000001d1c887e100_0;
    %and;
    %vpi_call/w 3 180 "$display", "Write MISS: addr=%08x data=%08x mask=%04b", v000001d1c8881500_0, S<0,vec4,u32>, v000001d1c88815a0_0 {1 0 0};
T_2.5 ;
    %end;
    .scope S_000001d1c8876c90;
T_3 ;
    %wait E_000001d1c8819d10;
    %load/vec4 v000001d1c887f0a0_0;
    %flag_set/vec4 8;
    %jmp/0xz  T_3.0, 8;
    %pushi/vec4 0, 0, 1;
    %ix/load 3, 1, 0;
    %flag_set/imm 4, 0;
    %ix/load 4, 0, 0; Constant delay
    %assign/vec4/a/d v000001d1c887f460, 0, 4;
    %pushi/vec4 0, 0, 1;
    %ix/load 3, 1, 0;
    %flag_set/imm 4, 0;
    %ix/load 4, 0, 0; Constant delay
    %assign/vec4/a/d v000001d1c887f6e0, 0, 4;
    %jmp T_3.1;
T_3.0 ;
    %ix/load 4, 0, 0;
    %flag_set/imm 4, 0;
    %load/vec4a v000001d1c887e920, 4;
    %ix/load 3, 1, 0;
    %flag_set/imm 4, 0;
    %ix/load 4, 0, 0; Constant delay
    %assign/vec4/a/d v000001d1c887e920, 0, 4;
    %ix/load 4, 0, 0;
    %flag_set/imm 4, 0;
    %load/vec4a v000001d1c887f460, 4;
    %ix/load 3, 1, 0;
    %flag_set/imm 4, 0;
    %ix/load 4, 0, 0; Constant delay
    %assign/vec4/a/d v000001d1c887f460, 0, 4;
    %ix/load 4, 0, 0;
    %flag_set/imm 4, 0;
    %load/vec4a v000001d1c887f6e0, 4;
    %ix/load 3, 1, 0;
    %flag_set/imm 4, 0;
    %ix/load 4, 0, 0; Constant delay
    %assign/vec4/a/d v000001d1c887f6e0, 0, 4;
    %ix/load 4, 0, 0;
    %flag_set/imm 4, 0;
    %load/vec4a v000001d1c887e7e0, 4;
    %ix/load 3, 1, 0;
    %flag_set/imm 4, 0;
    %ix/load 4, 0, 0; Constant delay
    %assign/vec4/a/d v000001d1c887e7e0, 0, 4;
    %ix/load 4, 0, 0;
    %flag_set/imm 4, 0;
    %load/vec4a v000001d1c887df20, 4;
    %ix/load 3, 1, 0;
    %flag_set/imm 4, 0;
    %ix/load 4, 0, 0; Constant delay
    %assign/vec4/a/d v000001d1c887df20, 0, 4;
T_3.1 ;
    %jmp T_3;
    .thread T_3;
    .scope S_000001d1c8876e20;
T_4 ;
    %wait E_000001d1c8819d10;
    %load/vec4 v000001d1c887f0a0_0;
    %flag_set/vec4 8;
    %jmp/0xz  T_4.0, 8;
    %pushi/vec4 0, 0, 1;
    %ix/load 3, 2, 0;
    %flag_set/imm 4, 0;
    %ix/load 4, 0, 0; Constant delay
    %assign/vec4/a/d v000001d1c887f460, 0, 4;
    %pushi/vec4 0, 0, 1;
    %ix/load 3, 2, 0;
    %flag_set/imm 4, 0;
    %ix/load 4, 0, 0; Constant delay
    %assign/vec4/a/d v000001d1c887f6e0, 0, 4;
    %jmp T_4.1;
T_4.0 ;
    %ix/load 4, 1, 0;
    %flag_set/imm 4, 0;
    %load/vec4a v000001d1c887e920, 4;
    %ix/load 3, 2, 0;
    %flag_set/imm 4, 0;
    %ix/load 4, 0, 0; Constant delay
    %assign/vec4/a/d v000001d1c887e920, 0, 4;
    %ix/load 4, 1, 0;
    %flag_set/imm 4, 0;
    %load/vec4a v000001d1c887f460, 4;
    %ix/load 3, 2, 0;
    %flag_set/imm 4, 0;
    %ix/load 4, 0, 0; Constant delay
    %assign/vec4/a/d v000001d1c887f460, 0, 4;
    %ix/load 4, 1, 0;
    %flag_set/imm 4, 0;
    %load/vec4a v000001d1c887f6e0, 4;
    %ix/load 3, 2, 0;
    %flag_set/imm 4, 0;
    %ix/load 4, 0, 0; Constant delay
    %assign/vec4/a/d v000001d1c887f6e0, 0, 4;
    %ix/load 4, 1, 0;
    %flag_set/imm 4, 0;
    %load/vec4a v000001d1c887e7e0, 4;
    %ix/load 3, 2, 0;
    %flag_set/imm 4, 0;
    %ix/load 4, 0, 0; Constant delay
    %assign/vec4/a/d v000001d1c887e7e0, 0, 4;
    %ix/load 4, 1, 0;
    %flag_set/imm 4, 0;
    %load/vec4a v000001d1c887df20, 4;
    %ix/load 3, 2, 0;
    %flag_set/imm 4, 0;
    %ix/load 4, 0, 0; Constant delay
    %assign/vec4/a/d v000001d1c887df20, 0, 4;
T_4.1 ;
    %jmp T_4;
    .thread T_4;
    .scope S_000001d1c887d8e0;
T_5 ;
    %wait E_000001d1c8819d10;
    %load/vec4 v000001d1c887f0a0_0;
    %flag_set/vec4 8;
    %jmp/0xz  T_5.0, 8;
    %pushi/vec4 0, 0, 1;
    %ix/load 3, 3, 0;
    %flag_set/imm 4, 0;
    %ix/load 4, 0, 0; Constant delay
    %assign/vec4/a/d v000001d1c887f460, 0, 4;
    %pushi/vec4 0, 0, 1;
    %ix/load 3, 3, 0;
    %flag_set/imm 4, 0;
    %ix/load 4, 0, 0; Constant delay
    %assign/vec4/a/d v000001d1c887f6e0, 0, 4;
    %jmp T_5.1;
T_5.0 ;
    %ix/load 4, 2, 0;
    %flag_set/imm 4, 0;
    %load/vec4a v000001d1c887e920, 4;
    %ix/load 3, 3, 0;
    %flag_set/imm 4, 0;
    %ix/load 4, 0, 0; Constant delay
    %assign/vec4/a/d v000001d1c887e920, 0, 4;
    %ix/load 4, 2, 0;
    %flag_set/imm 4, 0;
    %load/vec4a v000001d1c887f460, 4;
    %ix/load 3, 3, 0;
    %flag_set/imm 4, 0;
    %ix/load 4, 0, 0; Constant delay
    %assign/vec4/a/d v000001d1c887f460, 0, 4;
    %ix/load 4, 2, 0;
    %flag_set/imm 4, 0;
    %load/vec4a v000001d1c887f6e0, 4;
    %ix/load 3, 3, 0;
    %flag_set/imm 4, 0;
    %ix/load 4, 0, 0; Constant delay
    %assign/vec4/a/d v000001d1c887f6e0, 0, 4;
    %ix/load 4, 2, 0;
    %flag_set/imm 4, 0;
    %load/vec4a v000001d1c887e7e0, 4;
    %ix/load 3, 3, 0;
    %flag_set/imm 4, 0;
    %ix/load 4, 0, 0; Constant delay
    %assign/vec4/a/d v000001d1c887e7e0, 0, 4;
    %ix/load 4, 2, 0;
    %flag_set/imm 4, 0;
    %load/vec4a v000001d1c887df20, 4;
    %ix/load 3, 3, 0;
    %flag_set/imm 4, 0;
    %ix/load 4, 0, 0; Constant delay
    %assign/vec4/a/d v000001d1c887df20, 0, 4;
T_5.1 ;
    %jmp T_5;
    .thread T_5;
    .scope S_000001d1c8874a70;
T_6 ;
    %wait E_000001d1c8819d10;
    %load/vec4 v000001d1c887f0a0_0;
    %flag_set/vec4 8;
    %jmp/0xz  T_6.0, 8;
    %pushi/vec4 0, 0, 1;
    %assign/vec4 v000001d1c887e4c0_0, 0;
    %jmp T_6.1;
T_6.0 ;
    %load/vec4 v000001d1c887e4c0_0;
    %pad/u 32;
    %cmpi/e 1, 0, 32;
    %jmp/0xz  T_6.2, 4;
    %pushi/vec4 0, 0, 1;
    %assign/vec4 v000001d1c887e4c0_0, 0;
    %jmp T_6.3;
T_6.2 ;
    %load/vec4 v000001d1c887eec0_0;
    %nor/r;
    %load/vec4 v000001d1c887ea60_0;
    %or;
    %load/vec4 v000001d1c887f140_0;
    %or;
    %flag_set/vec4 8;
    %jmp/0xz  T_6.4, 8;
    %load/vec4 v000001d1c887e4c0_0;
    %pad/u 2;
    %addi 1, 0, 2;
    %pad/u 1;
    %assign/vec4 v000001d1c887e4c0_0, 0;
T_6.4 ;
T_6.3 ;
T_6.1 ;
    %jmp T_6;
    .thread T_6;
    .scope S_000001d1c8874a70;
T_7 ;
    %wait E_000001d1c8819d10;
    %load/vec4 v000001d1c887f0a0_0;
    %flag_set/vec4 8;
    %jmp/0xz  T_7.0, 8;
    %pushi/vec4 0, 0, 1;
    %ix/load 3, 0, 0;
    %flag_set/imm 4, 0;
    %ix/load 4, 0, 0; Constant delay
    %assign/vec4/a/d v000001d1c887f460, 0, 4;
    %pushi/vec4 0, 0, 1;
    %ix/load 3, 0, 0;
    %flag_set/imm 4, 0;
    %ix/load 4, 0, 0; Constant delay
    %assign/vec4/a/d v000001d1c887f6e0, 0, 4;
    %jmp T_7.1;
T_7.0 ;
    %load/vec4 v000001d1c887e2e0_0;
    %ix/load 3, 0, 0;
    %flag_set/imm 4, 0;
    %ix/load 4, 0, 0; Constant delay
    %assign/vec4/a/d v000001d1c887e920, 0, 4;
    %load/vec4 v000001d1c887eec0_0;
    %load/vec4 v000001d1c887ea60_0;
    %and;
    %ix/load 3, 0, 0;
    %flag_set/imm 4, 0;
    %ix/load 4, 0, 0; Constant delay
    %assign/vec4/a/d v000001d1c887f460, 0, 4;
    %load/vec4 v000001d1c887eec0_0;
    %load/vec4 v000001d1c887f140_0;
    %and;
    %ix/load 3, 0, 0;
    %flag_set/imm 4, 0;
    %ix/load 4, 0, 0; Constant delay
    %assign/vec4/a/d v000001d1c887f6e0, 0, 4;
    %load/vec4 v000001d1c887dd40_0;
    %ix/load 3, 0, 0;
    %flag_set/imm 4, 0;
    %ix/load 4, 0, 0; Constant delay
    %assign/vec4/a/d v000001d1c887e7e0, 0, 4;
    %load/vec4 v000001d1c887f500_0;
    %ix/load 3, 0, 0;
    %flag_set/imm 4, 0;
    %ix/load 4, 0, 0; Constant delay
    %assign/vec4/a/d v000001d1c887df20, 0, 4;
T_7.1 ;
    %jmp T_7;
    .thread T_7;
    .scope S_000001d1c8874a70;
T_8 ;
    %wait E_000001d1c8819d10;
    %load/vec4 v000001d1c887eb00_0;
    %load/vec4 v000001d1c887f320_0;
    %parti/s 1, 0, 2;
    %and;
    %flag_set/vec4 8;
    %jmp/0xz  T_8.0, 8;
    %load/vec4 v000001d1c887dfc0_0;
    %parti/s 8, 0, 2;
    %load/vec4 v000001d1c887f640_0;
    %addi 0, 0, 32;
    %ix/vec4 3;
    %ix/load 4, 0, 0; Constant delay
    %assign/vec4/a/d v000001d1c887f5a0, 0, 4;
T_8.0 ;
    %load/vec4 v000001d1c887eb00_0;
    %load/vec4 v000001d1c887f320_0;
    %parti/s 1, 1, 2;
    %and;
    %flag_set/vec4 8;
    %jmp/0xz  T_8.2, 8;
    %load/vec4 v000001d1c887dfc0_0;
    %parti/s 8, 8, 5;
    %load/vec4 v000001d1c887f640_0;
    %addi 1, 0, 32;
    %ix/vec4 3;
    %ix/load 4, 0, 0; Constant delay
    %assign/vec4/a/d v000001d1c887f5a0, 0, 4;
T_8.2 ;
    %load/vec4 v000001d1c887eb00_0;
    %load/vec4 v000001d1c887f320_0;
    %parti/s 1, 2, 3;
    %and;
    %flag_set/vec4 8;
    %jmp/0xz  T_8.4, 8;
    %load/vec4 v000001d1c887dfc0_0;
    %parti/s 8, 16, 6;
    %load/vec4 v000001d1c887f640_0;
    %addi 2, 0, 32;
    %ix/vec4 3;
    %ix/load 4, 0, 0; Constant delay
    %assign/vec4/a/d v000001d1c887f5a0, 0, 4;
T_8.4 ;
    %load/vec4 v000001d1c887eb00_0;
    %load/vec4 v000001d1c887f320_0;
    %parti/s 1, 3, 3;
    %and;
    %flag_set/vec4 8;
    %jmp/0xz  T_8.6, 8;
    %load/vec4 v000001d1c887dfc0_0;
    %parti/s 8, 24, 6;
    %load/vec4 v000001d1c887f640_0;
    %addi 3, 0, 32;
    %ix/vec4 3;
    %ix/load 4, 0, 0; Constant delay
    %assign/vec4/a/d v000001d1c887f5a0, 0, 4;
T_8.6 ;
    %jmp T_8;
    .thread T_8;
    .scope S_000001d1c844a480;
T_9 ;
    %wait E_000001d1c8819d10;
    %load/vec4 v000001d1c887a6d0_0;
    %flag_set/vec4 8;
    %jmp/0xz  T_9.0, 8;
    %pushi/vec4 0, 0, 2;
    %assign/vec4 v000001d1c887cd20_0, 0;
    %pushi/vec4 0, 0, 23;
    %assign/vec4 v000001d1c887adb0_0, 0;
    %pushi/vec4 0, 0, 5;
    %assign/vec4 v000001d1c887a4f0_0, 0;
    %pushi/vec4 0, 0, 2;
    %assign/vec4 v000001d1c8879b90_0, 0;
    %pushi/vec4 0, 0, 1;
    %assign/vec4 v000001d1c887b670_0, 0;
    %pushi/vec4 0, 0, 1;
    %assign/vec4 v000001d1c887b350_0, 0;
    %pushi/vec4 0, 0, 4;
    %assign/vec4 v000001d1c887a9f0_0, 0;
    %pushi/vec4 0, 0, 32;
    %assign/vec4 v000001d1c887b7b0_0, 0;
    %pushi/vec4 0, 0, 2;
    %assign/vec4 v000001d1c887d4a0_0, 0;
    %pushi/vec4 0, 0, 2;
    %assign/vec4 v000001d1c887c500_0, 0;
    %pushi/vec4 0, 0, 1;
    %assign/vec4 v000001d1c887c820_0, 0;
    %pushi/vec4 0, 0, 3;
    %assign/vec4 v000001d1c887c460_0, 0;
    %pushi/vec4 0, 0, 3;
    %assign/vec4 v000001d1c887ce60_0, 0;
    %pushi/vec4 0, 0, 4;
    %assign/vec4 v000001d1c887d0e0_0, 0;
    %pushi/vec4 0, 0, 32;
    %assign/vec4 v000001d1c887d400_0, 0;
    %pushi/vec4 0, 0, 32;
    %assign/vec4 v000001d1c887c1e0_0, 0;
    %pushi/vec4 0, 0, 32;
    %assign/vec4 v000001d1c887a770_0, 0;
    %jmp T_9.1;
T_9.0 ;
    %load/vec4 v000001d1c887c780_0;
    %flag_set/vec4 8;
    %jmp/0xz  T_9.2, 8;
    %load/vec4 v000001d1c887ba60_0;
    %load/vec4 v000001d1c887ce60_0;
    %pad/u 5;
    %ix/vec4 3;
    %ix/load 4, 0, 0; Constant delay
    %assign/vec4/a/d v000001d1c887c280, 0, 4;
    %load/vec4 v000001d1c887c8c0_0;
    %load/vec4 v000001d1c887ce60_0;
    %pad/u 5;
    %ix/vec4 3;
    %ix/load 4, 0, 0; Constant delay
    %assign/vec4/a/d v000001d1c887caa0, 0, 4;
T_9.2 ;
    %load/vec4 v000001d1c887cc80_0;
    %flag_set/vec4 8;
    %jmp/0xz  T_9.4, 8;
    %load/vec4 v000001d1c887c460_0;
    %addi 1, 0, 3;
    %assign/vec4 v000001d1c887c460_0, 0;
T_9.4 ;
    %load/vec4 v000001d1c887c780_0;
    %flag_set/vec4 8;
    %jmp/0xz  T_9.6, 8;
    %load/vec4 v000001d1c887ce60_0;
    %addi 1, 0, 3;
    %assign/vec4 v000001d1c887ce60_0, 0;
T_9.6 ;
    %load/vec4 v000001d1c887c780_0;
    %load/vec4 v000001d1c887cc80_0;
    %concat/vec4; draw_concat_vec4
    %dup/vec4;
    %pushi/vec4 2, 0, 2;
    %cmp/u;
    %jmp/1 T_9.8, 6;
    %dup/vec4;
    %pushi/vec4 1, 0, 2;
    %cmp/u;
    %jmp/1 T_9.9, 6;
    %load/vec4 v000001d1c887d0e0_0;
    %assign/vec4 v000001d1c887d0e0_0, 0;
    %jmp T_9.11;
T_9.8 ;
    %load/vec4 v000001d1c887d0e0_0;
    %addi 1, 0, 4;
    %assign/vec4 v000001d1c887d0e0_0, 0;
    %jmp T_9.11;
T_9.9 ;
    %load/vec4 v000001d1c887d0e0_0;
    %subi 1, 0, 4;
    %assign/vec4 v000001d1c887d0e0_0, 0;
    %jmp T_9.11;
T_9.11 ;
    %pop/vec4 1;
    %load/vec4 v000001d1c887cd20_0;
    %dup/vec4;
    %pushi/vec4 0, 0, 2;
    %cmp/u;
    %jmp/1 T_9.12, 6;
    %dup/vec4;
    %pushi/vec4 1, 0, 2;
    %cmp/u;
    %jmp/1 T_9.13, 6;
    %dup/vec4;
    %pushi/vec4 2, 0, 2;
    %cmp/u;
    %jmp/1 T_9.14, 6;
    %dup/vec4;
    %pushi/vec4 3, 0, 2;
    %cmp/u;
    %jmp/1 T_9.15, 6;
    %pushi/vec4 0, 0, 2;
    %assign/vec4 v000001d1c887cd20_0, 0;
    %jmp T_9.17;
T_9.12 ;
    %load/vec4 v000001d1c887a8b0_0;
    %load/vec4 v000001d1c8879d70_0;
    %and;
    %flag_set/vec4 8;
    %jmp/0xz  T_9.18, 8;
    %load/vec4 v000001d1c887c640_0;
    %flag_set/vec4 8;
    %jmp/0xz  T_9.20, 8;
    %pushi/vec4 1, 0, 1;
    %ix/load 5, 0, 0;
    %ix/getv 4, v000001d1c887d040_0;
    %assign/vec4/off/d v000001d1c887a770_0, 4, 5;
    %jmp T_9.21;
T_9.20 ;
    %load/vec4 v000001d1c887bd80_0;
    %flag_set/vec4 8;
    %jmp/0xz  T_9.22, 8;
    %pushi/vec4 0, 0, 1;
    %ix/load 5, 0, 0;
    %ix/getv 4, v000001d1c887d040_0;
    %assign/vec4/off/d v000001d1c887a770_0, 4, 5;
T_9.22 ;
T_9.21 ;
    %jmp T_9.19;
T_9.18 ;
    %load/vec4 v000001d1c887bc40_0;
    %flag_set/vec4 8;
    %jmp/0xz  T_9.24, 8;
    %load/vec4 v000001d1c887c640_0;
    %flag_set/vec4 8;
    %jmp/0xz  T_9.26, 8;
    %load/vec4 v000001d1c8879a50_0;
    %load/vec4 v000001d1c887d040_0;
    %pad/u 10;
    %pad/u 12;
    %muli 4, 0, 12;
    %pad/u 13;
    %load/vec4 v000001d1c887c5a0_0;
    %pad/u 4;
    %pad/u 13;
    %add;
    %ix/vec4 3;
    %ix/load 4, 0, 0; Constant delay
    %assign/vec4/a/d v000001d1c887a310, 0, 4;
    %jmp T_9.27;
T_9.26 ;
    %load/vec4 v000001d1c8879a50_0;
    %load/vec4 v000001d1c887d040_0;
    %pad/u 10;
    %pad/u 12;
    %muli 4, 0, 12;
    %pad/u 13;
    %load/vec4 v000001d1c887c5a0_0;
    %pad/u 4;
    %pad/u 13;
    %add;
    %ix/vec4 3;
    %ix/load 4, 0, 0; Constant delay
    %assign/vec4/a/d v000001d1c887a3b0, 0, 4;
T_9.27 ;
    %load/vec4 v000001d1c887c640_0;
    %flag_set/vec4 8;
    %jmp/0xz  T_9.28, 8;
    %pushi/vec4 1, 0, 1;
    %ix/load 5, 0, 0;
    %ix/getv 4, v000001d1c887d040_0;
    %assign/vec4/off/d v000001d1c887a770_0, 4, 5;
    %jmp T_9.29;
T_9.28 ;
    %load/vec4 v000001d1c887bd80_0;
    %flag_set/vec4 8;
    %jmp/0xz  T_9.30, 8;
    %pushi/vec4 0, 0, 1;
    %ix/load 5, 0, 0;
    %ix/getv 4, v000001d1c887d040_0;
    %assign/vec4/off/d v000001d1c887a770_0, 4, 5;
T_9.30 ;
T_9.29 ;
    %jmp T_9.25;
T_9.24 ;
    %load/vec4 v000001d1c887d220_0;
    %flag_set/vec4 8;
    %jmp/0xz  T_9.32, 8;
    %load/vec4 v000001d1c887bec0_0;
    %assign/vec4 v000001d1c887adb0_0, 0;
    %load/vec4 v000001d1c887d040_0;
    %assign/vec4 v000001d1c887a4f0_0, 0;
    %load/vec4 v000001d1c887c5a0_0;
    %assign/vec4 v000001d1c8879b90_0, 0;
    %load/vec4 v000001d1c887a130_0;
    %assign/vec4 v000001d1c887b670_0, 0;
    %pushi/vec4 1, 0, 1;
    %assign/vec4 v000001d1c887b350_0, 0;
    %load/vec4 v000001d1c887b2b0_0;
    %assign/vec4 v000001d1c887a9f0_0, 0;
    %load/vec4 v000001d1c887b490_0;
    %assign/vec4 v000001d1c887b7b0_0, 0;
    %pushi/vec4 3, 0, 2;
    %assign/vec4 v000001d1c887cd20_0, 0;
    %jmp T_9.33;
T_9.32 ;
    %load/vec4 v000001d1c887d180_0;
    %load/vec4 v000001d1c887d2c0_0;
    %or;
    %flag_set/vec4 8;
    %jmp/0xz  T_9.34, 8;
    %load/vec4 v000001d1c887bec0_0;
    %assign/vec4 v000001d1c887adb0_0, 0;
    %load/vec4 v000001d1c887d040_0;
    %assign/vec4 v000001d1c887a4f0_0, 0;
    %load/vec4 v000001d1c887c5a0_0;
    %assign/vec4 v000001d1c8879b90_0, 0;
    %load/vec4 v000001d1c887cf00_0;
    %assign/vec4 v000001d1c887b670_0, 0;
    %load/vec4 v000001d1c887a1d0_0;
    %assign/vec4 v000001d1c887b350_0, 0;
    %load/vec4 v000001d1c887b2b0_0;
    %assign/vec4 v000001d1c887a9f0_0, 0;
    %load/vec4 v000001d1c887b490_0;
    %assign/vec4 v000001d1c887b7b0_0, 0;
    %pushi/vec4 0, 0, 2;
    %assign/vec4 v000001d1c887d4a0_0, 0;
    %pushi/vec4 0, 0, 2;
    %assign/vec4 v000001d1c887c500_0, 0;
    %pushi/vec4 0, 0, 1;
    %assign/vec4 v000001d1c887c820_0, 0;
    %pushi/vec4 1, 0, 2;
    %assign/vec4 v000001d1c887cd20_0, 0;
T_9.34 ;
T_9.33 ;
T_9.25 ;
T_9.19 ;
    %jmp T_9.17;
T_9.13 ;
    %load/vec4 v000001d1c887d540_0;
    %flag_set/vec4 8;
    %jmp/0xz  T_9.36, 8;
    %load/vec4 v000001d1c887d4a0_0;
    %cmpi/e 3, 0, 2;
    %jmp/0xz  T_9.38, 4;
    %pushi/vec4 1, 0, 1;
    %assign/vec4 v000001d1c887c820_0, 0;
    %jmp T_9.39;
T_9.38 ;
    %load/vec4 v000001d1c887d4a0_0;
    %addi 1, 0, 2;
    %assign/vec4 v000001d1c887d4a0_0, 0;
T_9.39 ;
T_9.36 ;
    %load/vec4 v000001d1c887a950_0;
    %flag_set/vec4 8;
    %jmp/0xz  T_9.40, 8;
    %load/vec4 v000001d1c887b670_0;
    %cmpi/e 0, 0, 1;
    %jmp/0xz  T_9.42, 4;
    %load/vec4 v000001d1c887ac70_0;
    %load/vec4 v000001d1c887a4f0_0;
    %pad/u 10;
    %pad/u 12;
    %muli 4, 0, 12;
    %pad/u 13;
    %load/vec4 v000001d1c887c500_0;
    %pad/u 4;
    %pad/u 13;
    %add;
    %ix/vec4 3;
    %ix/load 4, 0, 0; Constant delay
    %assign/vec4/a/d v000001d1c887a310, 0, 4;
    %jmp T_9.43;
T_9.42 ;
    %load/vec4 v000001d1c887ac70_0;
    %load/vec4 v000001d1c887a4f0_0;
    %pad/u 10;
    %pad/u 12;
    %muli 4, 0, 12;
    %pad/u 13;
    %load/vec4 v000001d1c887c500_0;
    %pad/u 4;
    %pad/u 13;
    %add;
    %ix/vec4 3;
    %ix/load 4, 0, 0; Constant delay
    %assign/vec4/a/d v000001d1c887a3b0, 0, 4;
T_9.43 ;
    %load/vec4 v000001d1c887c500_0;
    %cmpi/e 3, 0, 2;
    %jmp/0xz  T_9.44, 4;
    %load/vec4 v000001d1c887b670_0;
    %cmpi/e 0, 0, 1;
    %jmp/0xz  T_9.46, 4;
    %load/vec4 v000001d1c887adb0_0;
    %load/vec4 v000001d1c887a4f0_0;
    %pad/u 7;
    %ix/vec4 3;
    %ix/load 4, 0, 0; Constant delay
    %assign/vec4/a/d v000001d1c887be20, 0, 4;
    %pushi/vec4 1, 0, 1;
    %ix/load 5, 0, 0;
    %ix/getv 4, v000001d1c887a4f0_0;
    %assign/vec4/off/d v000001d1c887d400_0, 4, 5;
    %jmp T_9.47;
T_9.46 ;
    %load/vec4 v000001d1c887adb0_0;
    %load/vec4 v000001d1c887a4f0_0;
    %pad/u 7;
    %ix/vec4 3;
    %ix/load 4, 0, 0; Constant delay
    %assign/vec4/a/d v000001d1c887d5e0, 0, 4;
    %pushi/vec4 1, 0, 1;
    %ix/load 5, 0, 0;
    %ix/getv 4, v000001d1c887a4f0_0;
    %assign/vec4/off/d v000001d1c887c1e0_0, 4, 5;
T_9.47 ;
    %load/vec4 v000001d1c887b350_0;
    %flag_set/vec4 8;
    %jmp/0xz  T_9.48, 8;
    %pushi/vec4 3, 0, 2;
    %assign/vec4 v000001d1c887cd20_0, 0;
    %jmp T_9.49;
T_9.48 ;
    %load/vec4 v000001d1c887b670_0;
    %inv;
    %ix/load 5, 0, 0;
    %ix/getv 4, v000001d1c887a4f0_0;
    %assign/vec4/off/d v000001d1c887a770_0, 4, 5;
    %pushi/vec4 0, 0, 2;
    %assign/vec4 v000001d1c887cd20_0, 0;
T_9.49 ;
    %jmp T_9.45;
T_9.44 ;
    %load/vec4 v000001d1c887c500_0;
    %addi 1, 0, 2;
    %assign/vec4 v000001d1c887c500_0, 0;
T_9.45 ;
T_9.40 ;
    %jmp T_9.17;
T_9.14 ;
    %pushi/vec4 0, 0, 2;
    %assign/vec4 v000001d1c887cd20_0, 0;
    %jmp T_9.17;
T_9.15 ;
    %load/vec4 v000001d1c887cb40_0;
    %flag_set/vec4 8;
    %jmp/0xz  T_9.50, 8;
    %load/vec4 v000001d1c887b670_0;
    %cmpi/e 0, 0, 1;
    %jmp/0xz  T_9.52, 4;
    %load/vec4 v000001d1c887a810_0;
    %load/vec4 v000001d1c887a4f0_0;
    %pad/u 10;
    %pad/u 12;
    %muli 4, 0, 12;
    %pad/u 13;
    %load/vec4 v000001d1c8879b90_0;
    %pad/u 4;
    %pad/u 13;
    %add;
    %ix/vec4 3;
    %ix/load 4, 0, 0; Constant delay
    %assign/vec4/a/d v000001d1c887a310, 0, 4;
    %jmp T_9.53;
T_9.52 ;
    %load/vec4 v000001d1c887a810_0;
    %load/vec4 v000001d1c887a4f0_0;
    %pad/u 10;
    %pad/u 12;
    %muli 4, 0, 12;
    %pad/u 13;
    %load/vec4 v000001d1c8879b90_0;
    %pad/u 4;
    %pad/u 13;
    %add;
    %ix/vec4 3;
    %ix/load 4, 0, 0; Constant delay
    %assign/vec4/a/d v000001d1c887a3b0, 0, 4;
T_9.53 ;
    %load/vec4 v000001d1c887b670_0;
    %inv;
    %ix/load 5, 0, 0;
    %ix/getv 4, v000001d1c887a4f0_0;
    %assign/vec4/off/d v000001d1c887a770_0, 4, 5;
    %pushi/vec4 0, 0, 2;
    %assign/vec4 v000001d1c887cd20_0, 0;
T_9.50 ;
    %jmp T_9.17;
T_9.17 ;
    %pop/vec4 1;
T_9.1 ;
    %jmp T_9;
    .thread T_9;
    .scope S_000001d1c8814420;
T_10 ;
    %pushi/vec4 1, 0, 1;
    %store/vec4 v000001d1c887eba0_0, 0, 1;
    %pushi/vec4 0, 0, 1;
    %store/vec4 v000001d1c8880ec0_0, 0, 1;
    %vpi_call/w 3 89 "$dumpfile", "cache.vcd" {0 0 0};
    %vpi_call/w 3 90 "$dumpvars", 32'sb00000000000000000000000000000000, S_000001d1c8814420 {0 0 0};
    %vpi_call/w 3 92 "$display", "Starting." {0 0 0};
    %alloc S_000001d1c887fc90;
    %fork TD_cache_tb.reset_sequence, S_000001d1c887fc90;
    %join;
    %free S_000001d1c887fc90;
    %vpi_call/w 3 95 "$display", "Loading program." {0 0 0};
    %vpi_call/w 3 96 "$readmemh", "program.mem", v000001d1c887f5a0 {0 0 0};
    %pushi/vec4 0, 0, 32;
    %store/vec4 v000001d1c887e1a0_0, 0, 32;
T_10.0 ;
    %load/vec4 v000001d1c887e1a0_0;
    %cmpi/s 32, 0, 32;
    %jmp/0xz T_10.1, 5;
    %pushi/vec4 0, 0, 24;
    %store/vec4 v000001d1c8880600_0, 0, 24;
    %load/vec4 v000001d1c887e1a0_0;
    %parti/s 5, 0, 2;
    %store/vec4 v000001d1c887ed80_0, 0, 5;
    %pushi/vec4 0, 0, 4;
    %store/vec4 v000001d1c8882180_0, 0, 4;
    %alloc S_000001d1c887fe20;
    %load/vec4 v000001d1c8880600_0;
    %pad/u 23;
    %store/vec4 v000001d1c887ec40_0, 0, 23;
    %load/vec4 v000001d1c887ed80_0;
    %store/vec4 v000001d1c887dde0_0, 0, 5;
    %load/vec4 v000001d1c8882180_0;
    %store/vec4 v000001d1c887f780_0, 0, 4;
    %pushi/vec4 15, 0, 4;
    %store/vec4 v000001d1c887e9c0_0, 0, 4;
    %fork TD_cache_tb.send_read, S_000001d1c887fe20;
    %join;
    %free S_000001d1c887fe20;
    %alloc S_000001d1c887fe20;
    %load/vec4 v000001d1c8880600_0;
    %pad/u 23;
    %store/vec4 v000001d1c887ec40_0, 0, 23;
    %load/vec4 v000001d1c887ed80_0;
    %store/vec4 v000001d1c887dde0_0, 0, 5;
    %load/vec4 v000001d1c8882180_0;
    %store/vec4 v000001d1c887f780_0, 0, 4;
    %pushi/vec4 15, 0, 4;
    %store/vec4 v000001d1c887e9c0_0, 0, 4;
    %fork TD_cache_tb.send_read, S_000001d1c887fe20;
    %join;
    %free S_000001d1c887fe20;
    %alloc S_000001d1c887fe20;
    %load/vec4 v000001d1c8880600_0;
    %pad/u 23;
    %store/vec4 v000001d1c887ec40_0, 0, 23;
    %load/vec4 v000001d1c887ed80_0;
    %store/vec4 v000001d1c887dde0_0, 0, 5;
    %load/vec4 v000001d1c8882180_0;
    %store/vec4 v000001d1c887f780_0, 0, 4;
    %pushi/vec4 3, 0, 4;
    %store/vec4 v000001d1c887e9c0_0, 0, 4;
    %fork TD_cache_tb.send_read, S_000001d1c887fe20;
    %join;
    %free S_000001d1c887fe20;
    %pushi/vec4 8, 0, 4;
    %store/vec4 v000001d1c8882180_0, 0, 4;
    %alloc S_000001d1c887fe20;
    %load/vec4 v000001d1c8880600_0;
    %pad/u 23;
    %store/vec4 v000001d1c887ec40_0, 0, 23;
    %load/vec4 v000001d1c887ed80_0;
    %store/vec4 v000001d1c887dde0_0, 0, 5;
    %load/vec4 v000001d1c8882180_0;
    %store/vec4 v000001d1c887f780_0, 0, 4;
    %pushi/vec4 15, 0, 4;
    %store/vec4 v000001d1c887e9c0_0, 0, 4;
    %fork TD_cache_tb.send_read, S_000001d1c887fe20;
    %join;
    %free S_000001d1c887fe20;
    %pushi/vec4 1, 0, 24;
    %store/vec4 v000001d1c8880600_0, 0, 24;
    %pushi/vec4 0, 0, 4;
    %store/vec4 v000001d1c8882180_0, 0, 4;
    %alloc S_000001d1c887ffb0;
    %load/vec4 v000001d1c8880600_0;
    %pad/u 23;
    %store/vec4 v000001d1c887e060_0, 0, 23;
    %load/vec4 v000001d1c887ed80_0;
    %store/vec4 v000001d1c887dac0_0, 0, 5;
    %load/vec4 v000001d1c8882180_0;
    %store/vec4 v000001d1c887de80_0, 0, 4;
    %pushi/vec4 15, 0, 4;
    %store/vec4 v000001d1c887db60_0, 0, 4;
    %pushi/vec4 3735928559, 0, 32;
    %store/vec4 v000001d1c887f960_0, 0, 32;
    %fork TD_cache_tb.send_write, S_000001d1c887ffb0;
    %join;
    %free S_000001d1c887ffb0;
    %alloc S_000001d1c887ffb0;
    %load/vec4 v000001d1c8880600_0;
    %pad/u 23;
    %store/vec4 v000001d1c887e060_0, 0, 23;
    %load/vec4 v000001d1c887ed80_0;
    %store/vec4 v000001d1c887dac0_0, 0, 5;
    %load/vec4 v000001d1c8882180_0;
    %store/vec4 v000001d1c887de80_0, 0, 4;
    %pushi/vec4 15, 0, 4;
    %store/vec4 v000001d1c887db60_0, 0, 4;
    %pushi/vec4 3203386110, 0, 32;
    %store/vec4 v000001d1c887f960_0, 0, 32;
    %fork TD_cache_tb.send_write, S_000001d1c887ffb0;
    %join;
    %free S_000001d1c887ffb0;
    %alloc S_000001d1c887fe20;
    %load/vec4 v000001d1c8880600_0;
    %pad/u 23;
    %store/vec4 v000001d1c887ec40_0, 0, 23;
    %load/vec4 v000001d1c887ed80_0;
    %store/vec4 v000001d1c887dde0_0, 0, 5;
    %load/vec4 v000001d1c8882180_0;
    %store/vec4 v000001d1c887f780_0, 0, 4;
    %pushi/vec4 15, 0, 4;
    %store/vec4 v000001d1c887e9c0_0, 0, 4;
    %fork TD_cache_tb.send_read, S_000001d1c887fe20;
    %join;
    %free S_000001d1c887fe20;
    %pushi/vec4 2, 0, 24;
    %store/vec4 v000001d1c8880600_0, 0, 24;
    %alloc S_000001d1c887ffb0;
    %load/vec4 v000001d1c8880600_0;
    %pad/u 23;
    %store/vec4 v000001d1c887e060_0, 0, 23;
    %load/vec4 v000001d1c887ed80_0;
    %store/vec4 v000001d1c887dac0_0, 0, 5;
    %load/vec4 v000001d1c8882180_0;
    %store/vec4 v000001d1c887de80_0, 0, 4;
    %pushi/vec4 15, 0, 4;
    %store/vec4 v000001d1c887db60_0, 0, 4;
    %pushi/vec4 3405692655, 0, 32;
    %store/vec4 v000001d1c887f960_0, 0, 32;
    %fork TD_cache_tb.send_write, S_000001d1c887ffb0;
    %join;
    %free S_000001d1c887ffb0;
    %pushi/vec4 1, 0, 24;
    %store/vec4 v000001d1c8880600_0, 0, 24;
    %pushi/vec4 0, 0, 4;
    %store/vec4 v000001d1c8882180_0, 0, 4;
    %alloc S_000001d1c887ffb0;
    %load/vec4 v000001d1c8880600_0;
    %pad/u 23;
    %store/vec4 v000001d1c887e060_0, 0, 23;
    %load/vec4 v000001d1c887ed80_0;
    %store/vec4 v000001d1c887dac0_0, 0, 5;
    %load/vec4 v000001d1c8882180_0;
    %store/vec4 v000001d1c887de80_0, 0, 4;
    %pushi/vec4 12, 0, 4;
    %store/vec4 v000001d1c887db60_0, 0, 4;
    %pushi/vec4 3203334144, 0, 32;
    %store/vec4 v000001d1c887f960_0, 0, 32;
    %fork TD_cache_tb.send_write, S_000001d1c887ffb0;
    %join;
    %free S_000001d1c887ffb0;
    %alloc S_000001d1c887fe20;
    %load/vec4 v000001d1c8880600_0;
    %pad/u 23;
    %store/vec4 v000001d1c887ec40_0, 0, 23;
    %load/vec4 v000001d1c887ed80_0;
    %store/vec4 v000001d1c887dde0_0, 0, 5;
    %load/vec4 v000001d1c8882180_0;
    %store/vec4 v000001d1c887f780_0, 0, 4;
    %pushi/vec4 15, 0, 4;
    %store/vec4 v000001d1c887e9c0_0, 0, 4;
    %fork TD_cache_tb.send_read, S_000001d1c887fe20;
    %join;
    %free S_000001d1c887fe20;
    %alloc S_000001d1c887ffb0;
    %load/vec4 v000001d1c8880600_0;
    %pad/u 23;
    %store/vec4 v000001d1c887e060_0, 0, 23;
    %load/vec4 v000001d1c887ed80_0;
    %store/vec4 v000001d1c887dac0_0, 0, 5;
    %load/vec4 v000001d1c8882180_0;
    %store/vec4 v000001d1c887de80_0, 0, 4;
    %pushi/vec4 3, 0, 4;
    %store/vec4 v000001d1c887db60_0, 0, 4;
    %pushi/vec4 51966, 0, 32;
    %store/vec4 v000001d1c887f960_0, 0, 32;
    %fork TD_cache_tb.send_write, S_000001d1c887ffb0;
    %join;
    %free S_000001d1c887ffb0;
    %alloc S_000001d1c887fe20;
    %load/vec4 v000001d1c8880600_0;
    %pad/u 23;
    %store/vec4 v000001d1c887ec40_0, 0, 23;
    %load/vec4 v000001d1c887ed80_0;
    %store/vec4 v000001d1c887dde0_0, 0, 5;
    %load/vec4 v000001d1c8882180_0;
    %store/vec4 v000001d1c887f780_0, 0, 4;
    %pushi/vec4 15, 0, 4;
    %store/vec4 v000001d1c887e9c0_0, 0, 4;
    %fork TD_cache_tb.send_read, S_000001d1c887fe20;
    %join;
    %free S_000001d1c887fe20;
    %load/vec4 v000001d1c887e1a0_0;
    %addi 1, 0, 32;
    %store/vec4 v000001d1c887e1a0_0, 0, 32;
    %jmp T_10.0;
T_10.1 ;
    %pushi/vec4 0, 0, 5;
    %store/vec4 v000001d1c887ed80_0, 0, 5;
    %alloc S_000001d1c887fc90;
    %fork TD_cache_tb.reset_sequence, S_000001d1c887fc90;
    %join;
    %free S_000001d1c887fc90;
    %alloc S_000001d1c887ffb0;
    %pushi/vec4 1, 0, 23;
    %store/vec4 v000001d1c887e060_0, 0, 23;
    %load/vec4 v000001d1c887ed80_0;
    %store/vec4 v000001d1c887dac0_0, 0, 5;
    %pushi/vec4 0, 0, 4;
    %store/vec4 v000001d1c887de80_0, 0, 4;
    %pushi/vec4 15, 0, 4;
    %store/vec4 v000001d1c887db60_0, 0, 4;
    %pushi/vec4 0, 0, 32;
    %store/vec4 v000001d1c887f960_0, 0, 32;
    %fork TD_cache_tb.send_write, S_000001d1c887ffb0;
    %join;
    %free S_000001d1c887ffb0;
    %alloc S_000001d1c887ffb0;
    %pushi/vec4 1, 0, 23;
    %store/vec4 v000001d1c887e060_0, 0, 23;
    %load/vec4 v000001d1c887ed80_0;
    %store/vec4 v000001d1c887dac0_0, 0, 5;
    %pushi/vec4 4, 0, 4;
    %store/vec4 v000001d1c887de80_0, 0, 4;
    %pushi/vec4 15, 0, 4;
    %store/vec4 v000001d1c887db60_0, 0, 4;
    %pushi/vec4 286331153, 0, 32;
    %store/vec4 v000001d1c887f960_0, 0, 32;
    %fork TD_cache_tb.send_write, S_000001d1c887ffb0;
    %join;
    %free S_000001d1c887ffb0;
    %alloc S_000001d1c887ffb0;
    %pushi/vec4 1, 0, 23;
    %store/vec4 v000001d1c887e060_0, 0, 23;
    %load/vec4 v000001d1c887ed80_0;
    %store/vec4 v000001d1c887dac0_0, 0, 5;
    %pushi/vec4 8, 0, 4;
    %store/vec4 v000001d1c887de80_0, 0, 4;
    %pushi/vec4 15, 0, 4;
    %store/vec4 v000001d1c887db60_0, 0, 4;
    %pushi/vec4 572662306, 0, 32;
    %store/vec4 v000001d1c887f960_0, 0, 32;
    %fork TD_cache_tb.send_write, S_000001d1c887ffb0;
    %join;
    %free S_000001d1c887ffb0;
    %alloc S_000001d1c887ffb0;
    %pushi/vec4 1, 0, 23;
    %store/vec4 v000001d1c887e060_0, 0, 23;
    %load/vec4 v000001d1c887ed80_0;
    %store/vec4 v000001d1c887dac0_0, 0, 5;
    %pushi/vec4 12, 0, 4;
    %store/vec4 v000001d1c887de80_0, 0, 4;
    %pushi/vec4 15, 0, 4;
    %store/vec4 v000001d1c887db60_0, 0, 4;
    %pushi/vec4 858993459, 0, 32;
    %store/vec4 v000001d1c887f960_0, 0, 32;
    %fork TD_cache_tb.send_write, S_000001d1c887ffb0;
    %join;
    %free S_000001d1c887ffb0;
    %alloc S_000001d1c887ffb0;
    %pushi/vec4 2, 0, 23;
    %store/vec4 v000001d1c887e060_0, 0, 23;
    %load/vec4 v000001d1c887ed80_0;
    %store/vec4 v000001d1c887dac0_0, 0, 5;
    %pushi/vec4 0, 0, 4;
    %store/vec4 v000001d1c887de80_0, 0, 4;
    %pushi/vec4 15, 0, 4;
    %store/vec4 v000001d1c887db60_0, 0, 4;
    %pushi/vec4 1145324612, 0, 32;
    %store/vec4 v000001d1c887f960_0, 0, 32;
    %fork TD_cache_tb.send_write, S_000001d1c887ffb0;
    %join;
    %free S_000001d1c887ffb0;
    %alloc S_000001d1c887ffb0;
    %pushi/vec4 2, 0, 23;
    %store/vec4 v000001d1c887e060_0, 0, 23;
    %load/vec4 v000001d1c887ed80_0;
    %store/vec4 v000001d1c887dac0_0, 0, 5;
    %pushi/vec4 4, 0, 4;
    %store/vec4 v000001d1c887de80_0, 0, 4;
    %pushi/vec4 15, 0, 4;
    %store/vec4 v000001d1c887db60_0, 0, 4;
    %pushi/vec4 1431655765, 0, 32;
    %store/vec4 v000001d1c887f960_0, 0, 32;
    %fork TD_cache_tb.send_write, S_000001d1c887ffb0;
    %join;
    %free S_000001d1c887ffb0;
    %alloc S_000001d1c887ffb0;
    %pushi/vec4 2, 0, 23;
    %store/vec4 v000001d1c887e060_0, 0, 23;
    %load/vec4 v000001d1c887ed80_0;
    %store/vec4 v000001d1c887dac0_0, 0, 5;
    %pushi/vec4 8, 0, 4;
    %store/vec4 v000001d1c887de80_0, 0, 4;
    %pushi/vec4 15, 0, 4;
    %store/vec4 v000001d1c887db60_0, 0, 4;
    %pushi/vec4 1717986918, 0, 32;
    %store/vec4 v000001d1c887f960_0, 0, 32;
    %fork TD_cache_tb.send_write, S_000001d1c887ffb0;
    %join;
    %free S_000001d1c887ffb0;
    %alloc S_000001d1c887ffb0;
    %pushi/vec4 2, 0, 23;
    %store/vec4 v000001d1c887e060_0, 0, 23;
    %load/vec4 v000001d1c887ed80_0;
    %store/vec4 v000001d1c887dac0_0, 0, 5;
    %pushi/vec4 12, 0, 4;
    %store/vec4 v000001d1c887de80_0, 0, 4;
    %pushi/vec4 15, 0, 4;
    %store/vec4 v000001d1c887db60_0, 0, 4;
    %pushi/vec4 2004318071, 0, 32;
    %store/vec4 v000001d1c887f960_0, 0, 32;
    %fork TD_cache_tb.send_write, S_000001d1c887ffb0;
    %join;
    %free S_000001d1c887ffb0;
    %alloc S_000001d1c887fe20;
    %pushi/vec4 1, 0, 23;
    %store/vec4 v000001d1c887ec40_0, 0, 23;
    %load/vec4 v000001d1c887ed80_0;
    %store/vec4 v000001d1c887dde0_0, 0, 5;
    %pushi/vec4 0, 0, 4;
    %store/vec4 v000001d1c887f780_0, 0, 4;
    %pushi/vec4 15, 0, 4;
    %store/vec4 v000001d1c887e9c0_0, 0, 4;
    %fork TD_cache_tb.send_read, S_000001d1c887fe20;
    %join;
    %free S_000001d1c887fe20;
    %alloc S_000001d1c887fe20;
    %pushi/vec4 1, 0, 23;
    %store/vec4 v000001d1c887ec40_0, 0, 23;
    %load/vec4 v000001d1c887ed80_0;
    %store/vec4 v000001d1c887dde0_0, 0, 5;
    %pushi/vec4 4, 0, 4;
    %store/vec4 v000001d1c887f780_0, 0, 4;
    %pushi/vec4 15, 0, 4;
    %store/vec4 v000001d1c887e9c0_0, 0, 4;
    %fork TD_cache_tb.send_read, S_000001d1c887fe20;
    %join;
    %free S_000001d1c887fe20;
    %alloc S_000001d1c887fe20;
    %pushi/vec4 1, 0, 23;
    %store/vec4 v000001d1c887ec40_0, 0, 23;
    %load/vec4 v000001d1c887ed80_0;
    %store/vec4 v000001d1c887dde0_0, 0, 5;
    %pushi/vec4 8, 0, 4;
    %store/vec4 v000001d1c887f780_0, 0, 4;
    %pushi/vec4 15, 0, 4;
    %store/vec4 v000001d1c887e9c0_0, 0, 4;
    %fork TD_cache_tb.send_read, S_000001d1c887fe20;
    %join;
    %free S_000001d1c887fe20;
    %alloc S_000001d1c887fe20;
    %pushi/vec4 1, 0, 23;
    %store/vec4 v000001d1c887ec40_0, 0, 23;
    %load/vec4 v000001d1c887ed80_0;
    %store/vec4 v000001d1c887dde0_0, 0, 5;
    %pushi/vec4 12, 0, 4;
    %store/vec4 v000001d1c887f780_0, 0, 4;
    %pushi/vec4 15, 0, 4;
    %store/vec4 v000001d1c887e9c0_0, 0, 4;
    %fork TD_cache_tb.send_read, S_000001d1c887fe20;
    %join;
    %free S_000001d1c887fe20;
    %alloc S_000001d1c887fe20;
    %pushi/vec4 2, 0, 23;
    %store/vec4 v000001d1c887ec40_0, 0, 23;
    %load/vec4 v000001d1c887ed80_0;
    %store/vec4 v000001d1c887dde0_0, 0, 5;
    %pushi/vec4 0, 0, 4;
    %store/vec4 v000001d1c887f780_0, 0, 4;
    %pushi/vec4 15, 0, 4;
    %store/vec4 v000001d1c887e9c0_0, 0, 4;
    %fork TD_cache_tb.send_read, S_000001d1c887fe20;
    %join;
    %free S_000001d1c887fe20;
    %alloc S_000001d1c887fe20;
    %pushi/vec4 2, 0, 23;
    %store/vec4 v000001d1c887ec40_0, 0, 23;
    %load/vec4 v000001d1c887ed80_0;
    %store/vec4 v000001d1c887dde0_0, 0, 5;
    %pushi/vec4 4, 0, 4;
    %store/vec4 v000001d1c887f780_0, 0, 4;
    %pushi/vec4 15, 0, 4;
    %store/vec4 v000001d1c887e9c0_0, 0, 4;
    %fork TD_cache_tb.send_read, S_000001d1c887fe20;
    %join;
    %free S_000001d1c887fe20;
    %alloc S_000001d1c887fe20;
    %pushi/vec4 2, 0, 23;
    %store/vec4 v000001d1c887ec40_0, 0, 23;
    %load/vec4 v000001d1c887ed80_0;
    %store/vec4 v000001d1c887dde0_0, 0, 5;
    %pushi/vec4 8, 0, 4;
    %store/vec4 v000001d1c887f780_0, 0, 4;
    %pushi/vec4 15, 0, 4;
    %store/vec4 v000001d1c887e9c0_0, 0, 4;
    %fork TD_cache_tb.send_read, S_000001d1c887fe20;
    %join;
    %free S_000001d1c887fe20;
    %alloc S_000001d1c887fe20;
    %pushi/vec4 2, 0, 23;
    %store/vec4 v000001d1c887ec40_0, 0, 23;
    %load/vec4 v000001d1c887ed80_0;
    %store/vec4 v000001d1c887dde0_0, 0, 5;
    %pushi/vec4 12, 0, 4;
    %store/vec4 v000001d1c887f780_0, 0, 4;
    %pushi/vec4 15, 0, 4;
    %store/vec4 v000001d1c887e9c0_0, 0, 4;
    %fork TD_cache_tb.send_read, S_000001d1c887fe20;
    %join;
    %free S_000001d1c887fe20;
    %vpi_call/w 3 163 "$finish" {0 0 0};
    %end;
    .thread T_10;
    .scope S_000001d1c8814420;
T_11 ;
    %delay 5, 0;
    %load/vec4 v000001d1c887eba0_0;
    %inv;
    %store/vec4 v000001d1c887eba0_0, 0, 1;
    %jmp T_11;
    .thread T_11;
# The file index is used to find the file name in the following table.
:file_names 6;
    "N/A";
    "<interactive>";
    "-";
    "tb\cache_tb.sv";
    "rtl\cache.v";
    "rtl\tb_memory.v";
