#! /c/Source/iverilog-install/bin/vvp
:ivl_version "12.0 (devel)" "(s20150603-1539-g2693dd32b)";
:ivl_delay_selection "TYPICAL";
:vpi_time_precision + 0;
:vpi_module "D:\iverilog\lib\ivl\system.vpi";
:vpi_module "D:\iverilog\lib\ivl\vhdl_sys.vpi";
:vpi_module "D:\iverilog\lib\ivl\vhdl_textio.vpi";
:vpi_module "D:\iverilog\lib\ivl\v2005_math.vpi";
:vpi_module "D:\iverilog\lib\ivl\va_math.vpi";
:vpi_module "D:\iverilog\lib\ivl\v2009.vpi";
S_00000286014c16a0 .scope package, "$unit" "$unit" 2 1;
 .timescale 0 0;
S_0000028601440740 .scope module, "cache_tb" "cache_tb" 3 1;
 .timescale 0 0;
P_00000286014408d0 .param/l "D" 1 3 12, +C4<00000000000000000000000000000100>;
P_0000028601440908 .param/l "DEPTH" 1 3 9, +C4<00000000000000000000000000100000>;
P_0000028601440940 .param/l "INTERVAL" 0 3 5, +C4<00000000000000000000000000000010>;
P_0000028601440978 .param/l "LATENCY" 0 3 4, +C4<00000000000000000000000000000100>;
P_00000286014409b0 .param/l "O" 1 3 7, +C4<00000000000000000000000000000100>;
P_00000286014409e8 .param/l "S" 1 3 8, +C4<00000000000000000000000000000101>;
P_0000028601440a20 .param/l "SIZE" 0 3 3, +C4<0000000000000000000000000000000000000000000000000100000000000000>;
P_0000028601440a58 .param/l "T" 1 3 11, +C4<0000000000000000000000000000010111>;
P_0000028601440a90 .param/l "W" 1 3 10, +C4<00000000000000000000000000000010>;
v000002860186e010_0 .net "busy", 0 0, L_00000286018d35b0;  1 drivers
v000002860186dd90_0 .var "clk", 0 0;
v000002860186d430_0 .var "expanded_mask", 31 0;
v000002860186e150_0 .var/i "i", 31 0;
v000002860186d4d0_0 .var "index", 4 0;
v000002860186ded0_0 .net "mem_addr", 31 0, L_00000286018ceea0;  1 drivers
L_0000028601873778 .functor BUFT 1, C4<1111>, C4<0>, C4<0>, C4<0>;
v000002860186db10_0 .net "mem_mask", 3 0, L_0000028601873778;  1 drivers
v000002860186e510_0 .net "mem_oaddr", 31 0, L_00000286014cc500;  1 drivers
v000002860186e0b0_0 .net "mem_rdata", 31 0, L_00000286014cc1f0;  1 drivers
v000002860186ea10_0 .net "mem_ready", 0 0, L_00000286014cc180;  1 drivers
v000002860186df70_0 .net "mem_ren", 0 0, L_0000028601488c80;  1 drivers
v000002860186e6f0_0 .net "mem_valid", 0 0, L_00000286014cc570;  1 drivers
v000002860186d610_0 .net "mem_wdata", 31 0, L_00000286018cfda0;  1 drivers
v000002860186dbb0_0 .net "mem_wen", 0 0, L_00000286014300c0;  1 drivers
v000002860186e1f0_0 .var "offset", 3 0;
v000002860186d930_0 .var "req_addr", 31 0;
v000002860186ef10_0 .var "req_mask", 3 0;
v000002860186d6b0_0 .var "req_ren", 0 0;
v000002860186d750_0 .var "req_wdata", 31 0;
v000002860186e330_0 .var "req_wen", 0 0;
v000002860186dc50_0 .net "res_rdata", 31 0, L_00000286018d3850;  1 drivers
v000002860186e3d0_0 .var "rst", 0 0;
v000002860186e830_0 .var "tag", 23 0;
S_000002860145aa30 .scope module, "dut" "cache" 3 64, 4 3 0, S_0000028601440740;
 .timescale 0 0;
    .port_info 0 /INPUT 1 "i_clk";
    .port_info 1 /INPUT 1 "i_rst";
    .port_info 2 /INPUT 1 "i_mem_ready";
    .port_info 3 /OUTPUT 32 "o_mem_addr";
    .port_info 4 /OUTPUT 1 "o_mem_ren";
    .port_info 5 /OUTPUT 1 "o_mem_wen";
    .port_info 6 /OUTPUT 32 "o_mem_wdata";
    .port_info 7 /INPUT 32 "i_mem_rdata";
    .port_info 8 /INPUT 1 "i_mem_valid";
    .port_info 9 /OUTPUT 1 "o_busy";
    .port_info 10 /INPUT 32 "i_req_addr";
    .port_info 11 /INPUT 1 "i_req_ren";
    .port_info 12 /INPUT 1 "i_req_wen";
    .port_info 13 /INPUT 4 "i_req_mask";
    .port_info 14 /INPUT 32 "i_req_wdata";
    .port_info 15 /OUTPUT 32 "o_res_rdata";
P_000002860145abc0 .param/l "D" 1 4 80, +C4<00000000000000000000000000000100>;
P_000002860145abf8 .param/l "DEPTH" 1 4 77, +C4<00000000000000000000000000100000>;
P_000002860145ac30 .param/l "O" 1 4 75, +C4<00000000000000000000000000000100>;
P_000002860145ac68 .param/l "S" 1 4 76, +C4<00000000000000000000000000000101>;
P_000002860145aca0 .param/l "STATE_IDLE" 1 4 95, C4<00>;
P_000002860145acd8 .param/l "STATE_REFILL_REQ" 1 4 96, C4<01>;
P_000002860145ad10 .param/l "STATE_REFILL_WAIT" 1 4 97, C4<10>;
P_000002860145ad48 .param/l "STATE_WRITE_REQ" 1 4 98, C4<11>;
P_000002860145ad80 .param/l "T" 1 4 79, +C4<0000000000000000000000000000010111>;
P_000002860145adb8 .param/l "W" 1 4 78, +C4<00000000000000000000000000000010>;
L_00000286014cc880 .functor AND 1, L_00000286018cc1e0, L_00000286018cc6e0, C4<1>, C4<1>;
L_00000286014cc5e0 .functor AND 1, L_00000286018cc8c0, L_00000286018cc820, C4<1>, C4<1>;
L_00000286014cc650 .functor OR 1, L_00000286014cc880, L_00000286014cc5e0, C4<0>, C4<0>;
L_00000286014cc810 .functor BUFZ 32, L_00000286018cd540, C4<00000000000000000000000000000000>, C4<00000000000000000000000000000000>, C4<00000000000000000000000000000000>;
L_00000286014cc8f0 .functor BUFZ 32, L_00000286018cc640, C4<00000000000000000000000000000000>, C4<00000000000000000000000000000000>, C4<00000000000000000000000000000000>;
L_00000286014cc960 .functor NOT 1, L_00000286014cc650, C4<0>, C4<0>, C4<0>;
L_00000286014cc9d0 .functor AND 1, v000002860186d6b0_0, L_00000286014cc960, C4<1>, C4<1>;
L_00000286014ccb20 .functor NOT 1, L_00000286014cc650, C4<0>, C4<0>, C4<0>;
L_000002860146fc30 .functor AND 1, v000002860186e330_0, L_00000286014ccb20, C4<1>, C4<1>;
L_000002860146fb50 .functor NOT 1, L_00000286018cc1e0, C4<0>, C4<0>, C4<0>;
L_000002860146ffb0 .functor NOT 1, L_00000286018cc8c0, C4<0>, C4<0>, C4<0>;
L_0000028601470170 .functor BUFZ 1, L_00000286014cc5e0, C4<0>, C4<0>, C4<0>;
L_000002860146f370 .functor OR 32, L_00000286018cc5a0, L_00000286018cc000, C4<00000000000000000000000000000000>, C4<00000000000000000000000000000000>;
L_0000028601874030 .functor BUFT 1, C4<0>, C4<0>, C4<0>, C4<0>;
L_000002860146fe60 .functor XNOR 1, v00000286018697b0_0, L_0000028601874030, C4<0>, C4<0>;
L_000002860146f5a0 .functor AND 1, v000002860186e330_0, L_00000286014cc650, C4<1>, C4<1>;
L_000002860146f610 .functor AND 1, L_000002860146f5a0, L_00000286014cc180, C4<1>, C4<1>;
L_000002860146f8b0 .functor AND 1, v000002860186e330_0, L_00000286014cc650, C4<1>, C4<1>;
L_0000028601488f90 .functor NOT 1, L_00000286014cc180, C4<0>, C4<0>, C4<0>;
L_0000028601488c10 .functor AND 1, L_000002860146f8b0, L_0000028601488f90, C4<1>, C4<1>;
L_0000028601488c80 .functor AND 1, L_00000286018ce680, L_00000286014cc180, C4<1>, C4<1>;
L_00000286014adb30 .functor AND 1, L_00000286018ce540, L_00000286014cc180, C4<1>, C4<1>;
L_00000286014300c0 .functor OR 1, L_00000286014adb30, L_000002860146f610, C4<0>, C4<0>;
L_00000286018d2270 .functor OR 1, L_00000286018ce7c0, L_00000286014cc9d0, C4<0>, C4<0>;
L_00000286018d2890 .functor OR 1, L_00000286018d2270, L_000002860146fc30, C4<0>, C4<0>;
L_00000286018d35b0 .functor OR 1, L_00000286018d2890, L_0000028601488c10, C4<0>, C4<0>;
L_00000286018d3850 .functor BUFZ 32, L_00000286018cd040, C4<00000000000000000000000000000000>, C4<00000000000000000000000000000000>, C4<00000000000000000000000000000000>;
v00000286014afce0_0 .net *"_ivl_100", 12 0, L_00000286018ccbe0;  1 drivers
L_0000028601873df0 .functor BUFT 1, C4<00000000000000000000000000000000>, C4<0>, C4<0>, C4<0>;
v00000286014aea20_0 .net/2u *"_ivl_104", 31 0, L_0000028601873df0;  1 drivers
v00000286014aeac0_0 .net *"_ivl_106", 31 0, L_00000286018cbf60;  1 drivers
L_0000028601873970 .functor BUFT 1, C4<00>, C4<0>, C4<0>, C4<0>;
v00000286014b0000_0 .net *"_ivl_11", 1 0, L_0000028601873970;  1 drivers
v00000286014aff60_0 .net *"_ivl_110", 0 0, L_00000286014cc960;  1 drivers
v00000286014aeb60_0 .net *"_ivl_114", 0 0, L_00000286014ccb20;  1 drivers
v00000286014b01e0_0 .net *"_ivl_118", 0 0, L_000002860146fb50;  1 drivers
L_0000028601873e38 .functor BUFT 1, C4<0>, C4<0>, C4<0>, C4<0>;
v0000028601488680_0 .net/2u *"_ivl_120", 0 0, L_0000028601873e38;  1 drivers
v0000028601487a00_0 .net *"_ivl_122", 0 0, L_000002860146ffb0;  1 drivers
L_0000028601873e80 .functor BUFT 1, C4<1>, C4<0>, C4<0>, C4<0>;
v00000286014887c0_0 .net/2u *"_ivl_124", 0 0, L_0000028601873e80;  1 drivers
v00000286018647a0_0 .net *"_ivl_126", 0 0, L_00000286018cc280;  1 drivers
v0000028601864160_0 .net *"_ivl_128", 6 0, L_00000286018cca00;  1 drivers
L_0000028601873ec8 .functor BUFT 1, C4<00>, C4<0>, C4<0>, C4<0>;
v00000286018652e0_0 .net *"_ivl_131", 1 0, L_0000028601873ec8;  1 drivers
v00000286018651a0_0 .net *"_ivl_132", 0 0, L_00000286018cbc40;  1 drivers
L_0000028601873f10 .functor BUFT 1, C4<0000>, C4<0>, C4<0>, C4<0>;
v0000028601865e20_0 .net/2u *"_ivl_138", 3 0, L_0000028601873f10;  1 drivers
v0000028601865240_0 .net *"_ivl_14", 1 0, L_00000286018cba60;  1 drivers
L_0000028601873f58 .functor BUFT 1, C4<0000000000000000000000000000>, C4<0>, C4<0>, C4<0>;
v0000028601864520_0 .net/2u *"_ivl_142", 27 0, L_0000028601873f58;  1 drivers
L_0000028601873fa0 .functor BUFT 1, C4<00>, C4<0>, C4<0>, C4<0>;
v0000028601864ca0_0 .net/2u *"_ivl_144", 1 0, L_0000028601873fa0;  1 drivers
v0000028601864200_0 .net *"_ivl_146", 31 0, L_00000286018cc000;  1 drivers
L_0000028601873fe8 .functor BUFT 1, C4<00>, C4<0>, C4<0>, C4<0>;
v0000028601865380_0 .net/2u *"_ivl_150", 1 0, L_0000028601873fe8;  1 drivers
v0000028601865420_0 .net/2u *"_ivl_156", 0 0, L_0000028601874030;  1 drivers
v00000286018642a0_0 .net *"_ivl_158", 0 0, L_000002860146fe60;  1 drivers
v0000028601865740_0 .net *"_ivl_16", 6 0, L_00000286018cb7e0;  1 drivers
v0000028601864980_0 .net *"_ivl_160", 31 0, L_00000286018cc320;  1 drivers
v0000028601864d40_0 .net *"_ivl_162", 9 0, L_00000286018cc460;  1 drivers
L_0000028601874078 .functor BUFT 1, C4<00000>, C4<0>, C4<0>, C4<0>;
v0000028601865560_0 .net *"_ivl_165", 4 0, L_0000028601874078;  1 drivers
v00000286018643e0_0 .net *"_ivl_166", 11 0, L_00000286018cc780;  1 drivers
L_00000286018740c0 .functor BUFT 1, C4<00>, C4<0>, C4<0>, C4<0>;
v00000286018654c0_0 .net *"_ivl_169", 1 0, L_00000286018740c0;  1 drivers
L_0000028601874108 .functor BUFT 1, C4<000000000100>, C4<0>, C4<0>, C4<0>;
v00000286018657e0_0 .net/2u *"_ivl_170", 11 0, L_0000028601874108;  1 drivers
v0000028601866000_0 .net *"_ivl_173", 11 0, L_00000286018cc960;  1 drivers
v0000028601865600_0 .net *"_ivl_174", 3 0, L_00000286018ccdc0;  1 drivers
L_0000028601874150 .functor BUFT 1, C4<00>, C4<0>, C4<0>, C4<0>;
v0000028601864b60_0 .net *"_ivl_177", 1 0, L_0000028601874150;  1 drivers
L_0000028601874198 .functor BUFT 1, C4<0>, C4<0>, C4<0>, C4<0>;
v00000286018656a0_0 .net *"_ivl_180", 0 0, L_0000028601874198;  1 drivers
v0000028601864340_0 .net *"_ivl_181", 12 0, L_00000286018cce60;  1 drivers
L_00000286018741e0 .functor BUFT 1, C4<000000000>, C4<0>, C4<0>, C4<0>;
v0000028601865ce0_0 .net *"_ivl_184", 8 0, L_00000286018741e0;  1 drivers
v0000028601865ba0_0 .net *"_ivl_185", 12 0, L_00000286018cd0e0;  1 drivers
v0000028601864a20_0 .net *"_ivl_186", 12 0, L_00000286018cd180;  1 drivers
v0000028601865880_0 .net *"_ivl_188", 31 0, L_00000286018cd220;  1 drivers
L_00000286018739b8 .functor BUFT 1, C4<00>, C4<0>, C4<0>, C4<0>;
v0000028601865c40_0 .net *"_ivl_19", 1 0, L_00000286018739b8;  1 drivers
v0000028601865d80_0 .net *"_ivl_190", 9 0, L_00000286018cb920;  1 drivers
L_0000028601874228 .functor BUFT 1, C4<00000>, C4<0>, C4<0>, C4<0>;
v0000028601865100_0 .net *"_ivl_193", 4 0, L_0000028601874228;  1 drivers
v0000028601864480_0 .net *"_ivl_194", 11 0, L_00000286018cd2c0;  1 drivers
L_0000028601874270 .functor BUFT 1, C4<00>, C4<0>, C4<0>, C4<0>;
v0000028601864660_0 .net *"_ivl_197", 1 0, L_0000028601874270;  1 drivers
L_00000286018742b8 .functor BUFT 1, C4<000000000100>, C4<0>, C4<0>, C4<0>;
v0000028601865920_0 .net/2u *"_ivl_198", 11 0, L_00000286018742b8;  1 drivers
v00000286018659c0_0 .net *"_ivl_201", 11 0, L_00000286018cfb20;  1 drivers
v0000028601865a60_0 .net *"_ivl_202", 3 0, L_00000286018d00c0;  1 drivers
L_0000028601874300 .functor BUFT 1, C4<00>, C4<0>, C4<0>, C4<0>;
v0000028601864700_0 .net *"_ivl_205", 1 0, L_0000028601874300;  1 drivers
L_0000028601874348 .functor BUFT 1, C4<0>, C4<0>, C4<0>, C4<0>;
v00000286018645c0_0 .net *"_ivl_208", 0 0, L_0000028601874348;  1 drivers
v0000028601864ac0_0 .net *"_ivl_209", 12 0, L_00000286018d0160;  1 drivers
L_0000028601874390 .functor BUFT 1, C4<000000000>, C4<0>, C4<0>, C4<0>;
v0000028601865b00_0 .net *"_ivl_212", 8 0, L_0000028601874390;  1 drivers
v0000028601864de0_0 .net *"_ivl_213", 12 0, L_00000286018d0200;  1 drivers
v0000028601865ec0_0 .net *"_ivl_214", 12 0, L_00000286018ce360;  1 drivers
v0000028601865f60_0 .net *"_ivl_22", 22 0, L_00000286018cd4a0;  1 drivers
v0000028601864840_0 .net *"_ivl_220", 0 0, L_000002860146f5a0;  1 drivers
v0000028601865060_0 .net *"_ivl_224", 0 0, L_000002860146f8b0;  1 drivers
v00000286018648e0_0 .net *"_ivl_226", 0 0, L_0000028601488f90;  1 drivers
L_00000286018743d8 .functor BUFT 1, C4<01>, C4<0>, C4<0>, C4<0>;
v0000028601864c00_0 .net/2u *"_ivl_230", 1 0, L_00000286018743d8;  1 drivers
v0000028601864e80_0 .net *"_ivl_232", 0 0, L_00000286018cf4e0;  1 drivers
L_0000028601874420 .functor BUFT 1, C4<11>, C4<0>, C4<0>, C4<0>;
v0000028601864f20_0 .net/2u *"_ivl_234", 1 0, L_0000028601874420;  1 drivers
v0000028601864fc0_0 .net *"_ivl_236", 0 0, L_00000286018ce2c0;  1 drivers
L_0000028601874468 .functor BUFT 1, C4<00000000000000000000000000000000>, C4<0>, C4<0>, C4<0>;
v0000028601866170_0 .net/2u *"_ivl_238", 31 0, L_0000028601874468;  1 drivers
v0000028601867d90_0 .net *"_ivl_24", 6 0, L_00000286018cc0a0;  1 drivers
v0000028601867a70_0 .net *"_ivl_240", 31 0, L_00000286018ce4a0;  1 drivers
v0000028601866210_0 .net *"_ivl_242", 31 0, L_00000286018ce5e0;  1 drivers
L_00000286018744b0 .functor BUFT 1, C4<01>, C4<0>, C4<0>, C4<0>;
v0000028601867250_0 .net/2u *"_ivl_246", 1 0, L_00000286018744b0;  1 drivers
v00000286018672f0_0 .net *"_ivl_248", 0 0, L_00000286018ce680;  1 drivers
L_00000286018744f8 .functor BUFT 1, C4<11>, C4<0>, C4<0>, C4<0>;
v0000028601866710_0 .net/2u *"_ivl_252", 1 0, L_00000286018744f8;  1 drivers
v00000286018676b0_0 .net *"_ivl_254", 0 0, L_00000286018ce540;  1 drivers
v0000028601867e30_0 .net *"_ivl_256", 0 0, L_00000286014adb30;  1 drivers
L_0000028601874540 .functor BUFT 1, C4<11>, C4<0>, C4<0>, C4<0>;
v00000286018679d0_0 .net/2u *"_ivl_260", 1 0, L_0000028601874540;  1 drivers
v0000028601867390_0 .net *"_ivl_262", 0 0, L_00000286018cef40;  1 drivers
L_0000028601874588 .functor BUFT 1, C4<00000000000000000000000000000000>, C4<0>, C4<0>, C4<0>;
v0000028601866990_0 .net/2u *"_ivl_264", 31 0, L_0000028601874588;  1 drivers
v00000286018674d0_0 .net *"_ivl_266", 31 0, L_00000286018ce720;  1 drivers
L_0000028601873a00 .functor BUFT 1, C4<00>, C4<0>, C4<0>, C4<0>;
v00000286018671b0_0 .net *"_ivl_27", 1 0, L_0000028601873a00;  1 drivers
L_00000286018745d0 .functor BUFT 1, C4<00>, C4<0>, C4<0>, C4<0>;
v0000028601867570_0 .net/2u *"_ivl_270", 1 0, L_00000286018745d0;  1 drivers
v0000028601867930_0 .net *"_ivl_272", 0 0, L_00000286018ce7c0;  1 drivers
v0000028601867430_0 .net *"_ivl_274", 0 0, L_00000286018d2270;  1 drivers
v0000028601866ad0_0 .net *"_ivl_276", 0 0, L_00000286018d2890;  1 drivers
v0000028601867610_0 .net *"_ivl_28", 0 0, L_00000286018cc6e0;  1 drivers
v0000028601867750_0 .net *"_ivl_32", 22 0, L_00000286018ccfa0;  1 drivers
v00000286018677f0_0 .net *"_ivl_34", 6 0, L_00000286018ccaa0;  1 drivers
L_0000028601873a48 .functor BUFT 1, C4<00>, C4<0>, C4<0>, C4<0>;
v00000286018667b0_0 .net *"_ivl_37", 1 0, L_0000028601873a48;  1 drivers
v0000028601866850_0 .net *"_ivl_38", 0 0, L_00000286018cc820;  1 drivers
v0000028601867890_0 .net *"_ivl_44", 31 0, L_00000286018cd540;  1 drivers
v0000028601867b10_0 .net *"_ivl_46", 9 0, L_00000286018ccc80;  1 drivers
L_0000028601873a90 .functor BUFT 1, C4<00000>, C4<0>, C4<0>, C4<0>;
v0000028601866490_0 .net *"_ivl_49", 4 0, L_0000028601873a90;  1 drivers
v0000028601867bb0_0 .net *"_ivl_50", 11 0, L_00000286018cbd80;  1 drivers
L_0000028601873ad8 .functor BUFT 1, C4<00>, C4<0>, C4<0>, C4<0>;
v00000286018662b0_0 .net *"_ivl_53", 1 0, L_0000028601873ad8;  1 drivers
L_0000028601873b20 .functor BUFT 1, C4<000000000100>, C4<0>, C4<0>, C4<0>;
v0000028601867c50_0 .net/2u *"_ivl_54", 11 0, L_0000028601873b20;  1 drivers
v0000028601867ed0_0 .net *"_ivl_57", 11 0, L_00000286018cbb00;  1 drivers
v0000028601867cf0_0 .net *"_ivl_58", 3 0, L_00000286018cc500;  1 drivers
v00000286018668f0_0 .net *"_ivl_6", 1 0, L_00000286018cd400;  1 drivers
L_0000028601873b68 .functor BUFT 1, C4<00>, C4<0>, C4<0>, C4<0>;
v0000028601867f70_0 .net *"_ivl_61", 1 0, L_0000028601873b68;  1 drivers
L_0000028601873bb0 .functor BUFT 1, C4<0>, C4<0>, C4<0>, C4<0>;
v0000028601868010_0 .net *"_ivl_64", 0 0, L_0000028601873bb0;  1 drivers
v0000028601866350_0 .net *"_ivl_65", 12 0, L_00000286018cd360;  1 drivers
L_0000028601873bf8 .functor BUFT 1, C4<000000000>, C4<0>, C4<0>, C4<0>;
v00000286018663f0_0 .net *"_ivl_68", 8 0, L_0000028601873bf8;  1 drivers
v0000028601866530_0 .net *"_ivl_69", 12 0, L_00000286018cbba0;  1 drivers
v00000286018665d0_0 .net *"_ivl_70", 12 0, L_00000286018cd5e0;  1 drivers
v0000028601866670_0 .net *"_ivl_74", 31 0, L_00000286018cc640;  1 drivers
v0000028601866a30_0 .net *"_ivl_76", 9 0, L_00000286018ccf00;  1 drivers
L_0000028601873c40 .functor BUFT 1, C4<00000>, C4<0>, C4<0>, C4<0>;
v0000028601866b70_0 .net *"_ivl_79", 4 0, L_0000028601873c40;  1 drivers
v0000028601866e90_0 .net *"_ivl_8", 6 0, L_00000286018cc3c0;  1 drivers
v0000028601866c10_0 .net *"_ivl_80", 11 0, L_00000286018ccb40;  1 drivers
L_0000028601873c88 .functor BUFT 1, C4<00>, C4<0>, C4<0>, C4<0>;
v0000028601866d50_0 .net *"_ivl_83", 1 0, L_0000028601873c88;  1 drivers
L_0000028601873cd0 .functor BUFT 1, C4<000000000100>, C4<0>, C4<0>, C4<0>;
v0000028601866cb0_0 .net/2u *"_ivl_84", 11 0, L_0000028601873cd0;  1 drivers
v0000028601866df0_0 .net *"_ivl_87", 11 0, L_00000286018cd680;  1 drivers
v0000028601866f30_0 .net *"_ivl_88", 3 0, L_00000286018cb9c0;  1 drivers
L_0000028601873d18 .functor BUFT 1, C4<00>, C4<0>, C4<0>, C4<0>;
v0000028601866fd0_0 .net *"_ivl_91", 1 0, L_0000028601873d18;  1 drivers
L_0000028601873d60 .functor BUFT 1, C4<0>, C4<0>, C4<0>, C4<0>;
v0000028601867070_0 .net *"_ivl_94", 0 0, L_0000028601873d60;  1 drivers
v0000028601867110_0 .net *"_ivl_95", 12 0, L_00000286018cbec0;  1 drivers
L_0000028601873da8 .functor BUFT 1, C4<000000000>, C4<0>, C4<0>, C4<0>;
v000002860186a2f0_0 .net *"_ivl_98", 8 0, L_0000028601873da8;  1 drivers
v0000028601869f30_0 .net *"_ivl_99", 12 0, L_00000286018cbe20;  1 drivers
v0000028601868a90 .array "datas0", 127 0, 31 0;
v0000028601869210 .array "datas1", 127 0, 31 0;
v000002860186a390_0 .net "hit", 0 0, L_00000286014cc650;  1 drivers
v0000028601869cb0_0 .net "hit_rword", 31 0, L_00000286018cd040;  1 drivers
v0000028601868c70_0 .net "i_clk", 0 0, v000002860186dd90_0;  1 drivers
v0000028601869350_0 .net "i_mem_rdata", 31 0, L_00000286014cc1f0;  alias, 1 drivers
v000002860186a250_0 .net "i_mem_ready", 0 0, L_00000286014cc180;  alias, 1 drivers
v0000028601869530_0 .net "i_mem_valid", 0 0, L_00000286014cc570;  alias, 1 drivers
v0000028601868f90_0 .net "i_req_addr", 31 0, v000002860186d930_0;  1 drivers
v0000028601869df0_0 .net "i_req_mask", 3 0, v000002860186ef10_0;  1 drivers
v0000028601868d10_0 .net "i_req_ren", 0 0, v000002860186d6b0_0;  1 drivers
v0000028601869670_0 .net "i_req_wdata", 31 0, v000002860186d750_0;  1 drivers
v000002860186a110_0 .net "i_req_wen", 0 0, v000002860186e330_0;  1 drivers
v0000028601868b30_0 .net "i_rst", 0 0, v000002860186e3d0_0;  1 drivers
v0000028601868e50 .array "lru", 0 31, 0 0;
v0000028601868810_0 .net "merged_write_word", 31 0, L_00000286018cc140;  1 drivers
v0000028601869d50_0 .var "miss_is_write_cur", 0 0;
v0000028601869e90_0 .net "miss_line_addr", 31 0, L_00000286018cc5a0;  1 drivers
v0000028601869850_0 .var "miss_mask_cur", 3 0;
v000002860186a430_0 .net "miss_merged_write_word", 31 0, L_00000286018ce400;  1 drivers
v0000028601868bd0_0 .var "miss_set_cur", 4 0;
v00000286018690d0_0 .var "miss_tag_cur", 22 0;
v0000028601869fd0_0 .net "miss_victim_way", 0 0, L_00000286018cb880;  1 drivers
v00000286018697b0_0 .var "miss_victim_way_cur", 0 0;
v0000028601868950_0 .net "miss_way_rword", 31 0, L_00000286018cfd00;  1 drivers
v000002860186a070_0 .var "miss_wdata_cur", 31 0;
v0000028601868ef0_0 .net "miss_word_addr", 31 0, L_00000286018ccd20;  1 drivers
v0000028601869a30_0 .var "miss_word_cur", 1 0;
v00000286018693f0_0 .net "o_busy", 0 0, L_00000286018d35b0;  alias, 1 drivers
v000002860186a1b0_0 .net "o_mem_addr", 31 0, L_00000286018ceea0;  alias, 1 drivers
v0000028601869030_0 .net "o_mem_ren", 0 0, L_0000028601488c80;  alias, 1 drivers
v00000286018689f0_0 .net "o_mem_wdata", 31 0, L_00000286018cfda0;  alias, 1 drivers
v00000286018688b0_0 .net "o_mem_wen", 0 0, L_00000286014300c0;  alias, 1 drivers
v0000028601868590_0 .net "o_res_rdata", 31 0, L_00000286018d3850;  alias, 1 drivers
v0000028601868630_0 .net "read_miss", 0 0, L_00000286014cc9d0;  1 drivers
v0000028601868db0_0 .net "refill_word_addr", 31 0, L_000002860146f370;  1 drivers
v00000286018695d0_0 .var "refill_word_cur", 1 0;
v0000028601869710_0 .net "req_set", 4 0, L_000002860186da70;  1 drivers
v0000028601869170_0 .net "req_tag", 22 0, L_000002860186d890;  1 drivers
v0000028601869ad0_0 .net "req_word", 1 0, L_00000286018cbce0;  1 drivers
v00000286018692b0_0 .var/i "set_idx", 31 0;
v0000028601869490_0 .var "state_cur", 1 0;
v00000286018698f0 .array "tags0", 0 31, 22 0;
v0000028601869990 .array "tags1", 0 31, 22 0;
v0000028601869b70 .array "valid", 0 31, 1 0;
v0000028601869c10_0 .net "way0_hit", 0 0, L_00000286014cc880;  1 drivers
v00000286018686d0_0 .net "way0_rword", 31 0, L_00000286014cc810;  1 drivers
v0000028601868770_0 .net "way0_valid", 0 0, L_00000286018cc1e0;  1 drivers
v000002860186b170_0 .net "way1_hit", 0 0, L_00000286014cc5e0;  1 drivers
v000002860186c7f0_0 .net "way1_rword", 31 0, L_00000286014cc8f0;  1 drivers
v000002860186c430_0 .net "way1_valid", 0 0, L_00000286018cc8c0;  1 drivers
v000002860186bd50_0 .var/i "word_idx", 31 0;
v000002860186cc50_0 .net "write_hit_fire", 0 0, L_000002860146f610;  1 drivers
v000002860186c1b0_0 .net "write_hit_stall", 0 0, L_0000028601488c10;  1 drivers
v000002860186b210_0 .net "write_hit_way", 0 0, L_0000028601470170;  1 drivers
v000002860186c4d0_0 .net "write_miss", 0 0, L_000002860146fc30;  1 drivers
E_00000286014a00b0 .event posedge, v0000028601868c70_0;
L_000002860186d890 .part v000002860186d930_0, 9, 23;
L_000002860186da70 .part v000002860186d930_0, 4, 5;
L_00000286018cbce0 .part v000002860186d930_0, 2, 2;
L_00000286018cd400 .array/port v0000028601869b70, L_00000286018cc3c0;
L_00000286018cc3c0 .concat [ 5 2 0 0], L_000002860186da70, L_0000028601873970;
L_00000286018cc1e0 .part L_00000286018cd400, 0, 1;
L_00000286018cba60 .array/port v0000028601869b70, L_00000286018cb7e0;
L_00000286018cb7e0 .concat [ 5 2 0 0], L_000002860186da70, L_00000286018739b8;
L_00000286018cc8c0 .part L_00000286018cba60, 1, 1;
L_00000286018cd4a0 .array/port v00000286018698f0, L_00000286018cc0a0;
L_00000286018cc0a0 .concat [ 5 2 0 0], L_000002860186da70, L_0000028601873a00;
L_00000286018cc6e0 .cmp/eq 23, L_00000286018cd4a0, L_000002860186d890;
L_00000286018ccfa0 .array/port v0000028601869990, L_00000286018ccaa0;
L_00000286018ccaa0 .concat [ 5 2 0 0], L_000002860186da70, L_0000028601873a48;
L_00000286018cc820 .cmp/eq 23, L_00000286018ccfa0, L_000002860186d890;
L_00000286018cd540 .array/port v0000028601868a90, L_00000286018cd5e0;
L_00000286018ccc80 .concat [ 5 5 0 0], L_000002860186da70, L_0000028601873a90;
L_00000286018cbd80 .concat [ 10 2 0 0], L_00000286018ccc80, L_0000028601873ad8;
L_00000286018cbb00 .arith/mult 12, L_00000286018cbd80, L_0000028601873b20;
L_00000286018cc500 .concat [ 2 2 0 0], L_00000286018cbce0, L_0000028601873b68;
L_00000286018cd360 .concat [ 12 1 0 0], L_00000286018cbb00, L_0000028601873bb0;
L_00000286018cbba0 .concat [ 4 9 0 0], L_00000286018cc500, L_0000028601873bf8;
L_00000286018cd5e0 .arith/sum 13, L_00000286018cd360, L_00000286018cbba0;
L_00000286018cc640 .array/port v0000028601869210, L_00000286018ccbe0;
L_00000286018ccf00 .concat [ 5 5 0 0], L_000002860186da70, L_0000028601873c40;
L_00000286018ccb40 .concat [ 10 2 0 0], L_00000286018ccf00, L_0000028601873c88;
L_00000286018cd680 .arith/mult 12, L_00000286018ccb40, L_0000028601873cd0;
L_00000286018cb9c0 .concat [ 2 2 0 0], L_00000286018cbce0, L_0000028601873d18;
L_00000286018cbec0 .concat [ 12 1 0 0], L_00000286018cd680, L_0000028601873d60;
L_00000286018cbe20 .concat [ 4 9 0 0], L_00000286018cb9c0, L_0000028601873da8;
L_00000286018ccbe0 .arith/sum 13, L_00000286018cbec0, L_00000286018cbe20;
L_00000286018cbf60 .functor MUXZ 32, L_0000028601873df0, L_00000286014cc8f0, L_00000286014cc5e0, C4<>;
L_00000286018cd040 .functor MUXZ 32, L_00000286018cbf60, L_00000286014cc810, L_00000286014cc880, C4<>;
L_00000286018cc280 .array/port v0000028601868e50, L_00000286018cca00;
L_00000286018cca00 .concat [ 5 2 0 0], L_000002860186da70, L_0000028601873ec8;
L_00000286018cbc40 .functor MUXZ 1, L_00000286018cc280, L_0000028601873e80, L_000002860146ffb0, C4<>;
L_00000286018cb880 .functor MUXZ 1, L_00000286018cbc40, L_0000028601873e38, L_000002860146fb50, C4<>;
L_00000286018cc5a0 .concat [ 4 5 23 0], L_0000028601873f10, v0000028601868bd0_0, v00000286018690d0_0;
L_00000286018cc000 .concat [ 2 2 28 0], L_0000028601873fa0, v00000286018695d0_0, L_0000028601873f58;
L_00000286018ccd20 .concat [ 2 2 5 23], L_0000028601873fe8, v0000028601869a30_0, v0000028601868bd0_0, v00000286018690d0_0;
L_00000286018cc140 .ufunc/vec4 TD_cache_tb.dut.apply_mask, 32, L_00000286018cd040, v000002860186d750_0, v000002860186ef10_0 (v00000286014b0140_0, v00000286014afb00_0, v00000286014afa60_0) S_00000286012f6970;
L_00000286018cc320 .array/port v0000028601868a90, L_00000286018cd180;
L_00000286018cc460 .concat [ 5 5 0 0], v0000028601868bd0_0, L_0000028601874078;
L_00000286018cc780 .concat [ 10 2 0 0], L_00000286018cc460, L_00000286018740c0;
L_00000286018cc960 .arith/mult 12, L_00000286018cc780, L_0000028601874108;
L_00000286018ccdc0 .concat [ 2 2 0 0], v0000028601869a30_0, L_0000028601874150;
L_00000286018cce60 .concat [ 12 1 0 0], L_00000286018cc960, L_0000028601874198;
L_00000286018cd0e0 .concat [ 4 9 0 0], L_00000286018ccdc0, L_00000286018741e0;
L_00000286018cd180 .arith/sum 13, L_00000286018cce60, L_00000286018cd0e0;
L_00000286018cd220 .array/port v0000028601869210, L_00000286018ce360;
L_00000286018cb920 .concat [ 5 5 0 0], v0000028601868bd0_0, L_0000028601874228;
L_00000286018cd2c0 .concat [ 10 2 0 0], L_00000286018cb920, L_0000028601874270;
L_00000286018cfb20 .arith/mult 12, L_00000286018cd2c0, L_00000286018742b8;
L_00000286018d00c0 .concat [ 2 2 0 0], v0000028601869a30_0, L_0000028601874300;
L_00000286018d0160 .concat [ 12 1 0 0], L_00000286018cfb20, L_0000028601874348;
L_00000286018d0200 .concat [ 4 9 0 0], L_00000286018d00c0, L_0000028601874390;
L_00000286018ce360 .arith/sum 13, L_00000286018d0160, L_00000286018d0200;
L_00000286018cfd00 .functor MUXZ 32, L_00000286018cd220, L_00000286018cc320, L_000002860146fe60, C4<>;
L_00000286018ce400 .ufunc/vec4 TD_cache_tb.dut.apply_mask, 32, L_00000286018cfd00, v000002860186a070_0, v0000028601869850_0 (v00000286014b0140_0, v00000286014afb00_0, v00000286014afa60_0) S_00000286012f6970;
L_00000286018cf4e0 .cmp/eq 2, v0000028601869490_0, L_00000286018743d8;
L_00000286018ce2c0 .cmp/eq 2, v0000028601869490_0, L_0000028601874420;
L_00000286018ce4a0 .functor MUXZ 32, L_0000028601874468, v000002860186d930_0, L_000002860146f610, C4<>;
L_00000286018ce5e0 .functor MUXZ 32, L_00000286018ce4a0, L_00000286018ccd20, L_00000286018ce2c0, C4<>;
L_00000286018ceea0 .functor MUXZ 32, L_00000286018ce5e0, L_000002860146f370, L_00000286018cf4e0, C4<>;
L_00000286018ce680 .cmp/eq 2, v0000028601869490_0, L_00000286018744b0;
L_00000286018ce540 .cmp/eq 2, v0000028601869490_0, L_00000286018744f8;
L_00000286018cef40 .cmp/eq 2, v0000028601869490_0, L_0000028601874540;
L_00000286018ce720 .functor MUXZ 32, L_0000028601874588, L_00000286018cc140, L_000002860146f610, C4<>;
L_00000286018cfda0 .functor MUXZ 32, L_00000286018ce720, L_00000286018ce400, L_00000286018cef40, C4<>;
L_00000286018ce7c0 .cmp/ne 2, v0000028601869490_0, L_00000286018745d0;
S_00000286012f6970 .scope function.vec4.s32, "apply_mask" "apply_mask" 4 118, 4 118 0, S_000002860145aa30;
 .timescale 0 0;
; Variable apply_mask is vec4 return value of scope S_00000286012f6970
v00000286014b0820_0 .var "byte_mask", 31 0;
v00000286014afa60_0 .var "mask", 3 0;
v00000286014afb00_0 .var "new_word", 31 0;
v00000286014b0140_0 .var "old_word", 31 0;
TD_cache_tb.dut.apply_mask ;
    %load/vec4 v00000286014afa60_0;
    %store/vec4 v00000286014afba0_0, 0, 4;
    %callf/vec4 TD_cache_tb.dut.expand_mask, S_00000286012f6b00;
    %store/vec4 v00000286014b0820_0, 0, 32;
    %load/vec4 v00000286014b0140_0;
    %load/vec4 v00000286014b0820_0;
    %inv;
    %and;
    %load/vec4 v00000286014afb00_0;
    %load/vec4 v00000286014b0820_0;
    %and;
    %or;
    %ret/vec4 0, 0, 32;  Assign to apply_mask (store_vec4_to_lval)
    %end;
S_00000286012f6b00 .scope function.vec4.s32, "expand_mask" "expand_mask" 4 111, 4 111 0, S_000002860145aa30;
 .timescale 0 0;
; Variable expand_mask is vec4 return value of scope S_00000286012f6b00
v00000286014afba0_0 .var "mask", 3 0;
TD_cache_tb.dut.expand_mask ;
    %load/vec4 v00000286014afba0_0;
    %parti/s 1, 3, 3;
    %replicate 8;
    %load/vec4 v00000286014afba0_0;
    %parti/s 1, 2, 3;
    %replicate 8;
    %concat/vec4; draw_concat_vec4
    %load/vec4 v00000286014afba0_0;
    %parti/s 1, 1, 2;
    %replicate 8;
    %concat/vec4; draw_concat_vec4
    %load/vec4 v00000286014afba0_0;
    %parti/s 1, 0, 2;
    %replicate 8;
    %concat/vec4; draw_concat_vec4
    %ret/vec4 0, 0, 32;  Assign to expand_mask (store_vec4_to_lval)
    %end;
S_00000286014cec80 .scope module, "mem" "memory" 3 50, 5 8 0, S_0000028601440740;
 .timescale 0 0;
    .port_info 0 /INPUT 1 "i_clk";
    .port_info 1 /INPUT 1 "i_rst";
    .port_info 2 /OUTPUT 1 "o_ready";
    .port_info 3 /INPUT 32 "i_addr";
    .port_info 4 /INPUT 1 "i_ren";
    .port_info 5 /INPUT 1 "i_wen";
    .port_info 6 /INPUT 4 "i_mask";
    .port_info 7 /INPUT 32 "i_wdata";
    .port_info 8 /OUTPUT 1 "o_valid";
    .port_info 9 /OUTPUT 32 "o_addr";
    .port_info 10 /OUTPUT 1 "o_wdone";
    .port_info 11 /OUTPUT 32 "o_rdata";
P_0000028601458d30 .param/l "INTERVAL" 0 5 14, +C4<00000000000000000000000000000010>;
P_0000028601458d68 .param/l "LATENCY" 0 5 12, +C4<00000000000000000000000000000100>;
P_0000028601458da0 .param/l "SIZE" 0 5 10, +C4<0000000000000000000000000000000000000000000000000100000000000000>;
L_00000286014cc260 .functor NOT 1, v000002860186e3d0_0, C4<0>, C4<0>, C4<0>;
L_00000286014cbd20 .functor AND 1, L_00000286014cc260, L_000002860186e650, C4<1>, C4<1>;
v000002860186b0d0_2 .array/port v000002860186b0d0, 2;
L_00000286014cc2d0 .functor BUFZ 32, v000002860186b0d0_2, C4<00000000000000000000000000000000>, C4<00000000000000000000000000000000>, C4<00000000000000000000000000000000>;
v000002860186c070_2 .array/port v000002860186c070, 2;
L_00000286014cbe00 .functor BUFZ 4, v000002860186c070_2, C4<0000>, C4<0000>, C4<0000>;
v000002860186e290_2 .array/port v000002860186e290, 2;
L_00000286014cc340 .functor BUFZ 32, v000002860186e290_2, C4<00000000000000000000000000000000>, C4<00000000000000000000000000000000>, C4<00000000000000000000000000000000>;
v000002860186b0d0_3 .array/port v000002860186b0d0, 3;
L_00000286014cc730 .functor BUFZ 32, v000002860186b0d0_3, C4<00000000000000000000000000000000>, C4<00000000000000000000000000000000>, C4<00000000000000000000000000000000>;
v000002860186c570_3 .array/port v000002860186c570, 3;
L_00000286014cc420 .functor BUFZ 1, v000002860186c570_3, C4<0>, C4<0>, C4<0>;
v000002860186f190_2 .array/port v000002860186f190, 2;
L_00000286014cc7a0 .functor BUFZ 1, v000002860186f190_2, C4<0>, C4<0>, C4<0>;
L_00000286014cc1f0 .functor BUFZ 32, L_000002860186f050, C4<00000000000000000000000000000000>, C4<00000000000000000000000000000000>, C4<00000000000000000000000000000000>;
L_00000286014cc500 .functor BUFZ 32, L_00000286014cc730, C4<00000000000000000000000000000000>, C4<00000000000000000000000000000000>, C4<00000000000000000000000000000000>;
L_00000286014cc570 .functor BUFZ 1, L_00000286014cc420, C4<0>, C4<0>, C4<0>;
L_00000286014cbf50 .functor BUFZ 1, L_00000286014cc7a0, C4<0>, C4<0>, C4<0>;
L_00000286014cc180 .functor BUFZ 1, L_00000286014cbd20, C4<0>, C4<0>, C4<0>;
v000002860186b670_0 .net *"_ivl_0", 0 0, L_00000286014cc260;  1 drivers
v000002860186bdf0_0 .net *"_ivl_2", 31 0, L_000002860186e470;  1 drivers
v000002860186c890_0 .net *"_ivl_32", 7 0, L_000002860186eab0;  1 drivers
L_0000028601873850 .functor BUFT 1, C4<00000000000000000000000000000011>, C4<0>, C4<0>, C4<0>;
v000002860186aef0_0 .net/2u *"_ivl_34", 31 0, L_0000028601873850;  1 drivers
v000002860186c250_0 .net *"_ivl_36", 31 0, L_000002860186d7f0;  1 drivers
v000002860186c930_0 .net *"_ivl_38", 7 0, L_000002860186eb50;  1 drivers
L_0000028601873898 .functor BUFT 1, C4<00000000000000000000000000000010>, C4<0>, C4<0>, C4<0>;
v000002860186adb0_0 .net/2u *"_ivl_40", 31 0, L_0000028601873898;  1 drivers
v000002860186c9d0_0 .net *"_ivl_42", 31 0, L_000002860186ebf0;  1 drivers
v000002860186ba30_0 .net *"_ivl_44", 7 0, L_000002860186ec90;  1 drivers
L_00000286018738e0 .functor BUFT 1, C4<00000000000000000000000000000001>, C4<0>, C4<0>, C4<0>;
v000002860186ae50_0 .net/2u *"_ivl_46", 31 0, L_00000286018738e0;  1 drivers
v000002860186ca70_0 .net *"_ivl_48", 31 0, L_000002860186ed30;  1 drivers
L_00000286018737c0 .functor BUFT 1, C4<0000000000000000000000000000000>, C4<0>, C4<0>, C4<0>;
v000002860186bfd0_0 .net *"_ivl_5", 30 0, L_00000286018737c0;  1 drivers
v000002860186bc10_0 .net *"_ivl_50", 7 0, L_000002860186d9d0;  1 drivers
L_0000028601873928 .functor BUFT 1, C4<00000000000000000000000000000000>, C4<0>, C4<0>, C4<0>;
v000002860186af90_0 .net/2u *"_ivl_52", 31 0, L_0000028601873928;  1 drivers
v000002860186b8f0_0 .net *"_ivl_54", 31 0, L_000002860186edd0;  1 drivers
L_0000028601873808 .functor BUFT 1, C4<00000000000000000000000000000000>, C4<0>, C4<0>, C4<0>;
v000002860186be90_0 .net/2u *"_ivl_6", 31 0, L_0000028601873808;  1 drivers
v000002860186b030_0 .net *"_ivl_8", 0 0, L_000002860186e650;  1 drivers
v000002860186b0d0 .array "addrs", 3 0, 31 0;
v000002860186b990_0 .net "i_addr", 31 0, L_00000286018ceea0;  alias, 1 drivers
v000002860186c2f0_0 .net "i_clk", 0 0, v000002860186dd90_0;  alias, 1 drivers
v000002860186b2b0_0 .net "i_mask", 3 0, L_0000028601873778;  alias, 1 drivers
v000002860186c390_0 .net "i_ren", 0 0, L_0000028601488c80;  alias, 1 drivers
v000002860186b5d0_0 .net "i_rst", 0 0, v000002860186e3d0_0;  alias, 1 drivers
v000002860186b710_0 .net "i_wdata", 31 0, L_00000286018cfda0;  alias, 1 drivers
v000002860186cb10_0 .net "i_wen", 0 0, L_00000286014300c0;  alias, 1 drivers
v000002860186bf30_0 .var "interval_counter", 0 0;
v000002860186bad0_0 .net "mask", 3 0, L_00000286014cbe00;  1 drivers
v000002860186c070 .array "masks", 3 0, 3 0;
v000002860186b350 .array "mem", 16383 0, 7 0;
v000002860186c610_0 .net "o_addr", 31 0, L_00000286014cc500;  alias, 1 drivers
v000002860186bcb0_0 .net "o_rdata", 31 0, L_00000286014cc1f0;  alias, 1 drivers
v000002860186b3f0_0 .net "o_ready", 0 0, L_00000286014cc180;  alias, 1 drivers
v000002860186c110_0 .net "o_valid", 0 0, L_00000286014cc570;  alias, 1 drivers
v000002860186b7b0_0 .net "o_wdone", 0 0, L_00000286014cbf50;  1 drivers
v000002860186b850_0 .net "raddr", 31 0, v000002860186b0d0_3;  1 drivers
v000002860186c750_0 .net "ready", 0 0, L_00000286014cbd20;  1 drivers
v000002860186b490_0 .net "ren", 0 0, v000002860186c570_3;  1 drivers
v000002860186c570 .array "rens", 3 0, 0 0;
v000002860186b530_0 .net "res_addr", 31 0, L_00000286014cc730;  1 drivers
v000002860186cbb0_0 .net "res_rdata", 31 0, L_000002860186f050;  1 drivers
v000002860186bb70_0 .net "res_valid", 0 0, L_00000286014cc420;  1 drivers
v000002860186c6b0_0 .net "res_wdone", 0 0, L_00000286014cc7a0;  1 drivers
v000002860186dcf0_0 .net "waddr", 31 0, L_00000286014cc2d0;  1 drivers
v000002860186efb0_0 .net "wdata", 31 0, L_00000286014cc340;  1 drivers
v000002860186e290 .array "wdatas", 3 0, 31 0;
v000002860186d2f0_0 .net "wen", 0 0, v000002860186f190_2;  1 drivers
v000002860186f190 .array "wens", 3 0, 0 0;
L_000002860186e470 .concat [ 1 31 0 0], v000002860186bf30_0, L_00000286018737c0;
L_000002860186e650 .cmp/eq 32, L_000002860186e470, L_0000028601873808;
L_000002860186eab0 .array/port v000002860186b350, L_000002860186d7f0;
L_000002860186d7f0 .arith/sum 32, v000002860186b0d0_3, L_0000028601873850;
L_000002860186eb50 .array/port v000002860186b350, L_000002860186ebf0;
L_000002860186ebf0 .arith/sum 32, v000002860186b0d0_3, L_0000028601873898;
L_000002860186ec90 .array/port v000002860186b350, L_000002860186ed30;
L_000002860186ed30 .arith/sum 32, v000002860186b0d0_3, L_00000286018738e0;
L_000002860186d9d0 .array/port v000002860186b350, L_000002860186edd0;
L_000002860186edd0 .arith/sum 32, v000002860186b0d0_3, L_0000028601873928;
L_000002860186f050 .concat [ 8 8 8 8], L_000002860186d9d0, L_000002860186ec90, L_000002860186eb50, L_000002860186eab0;
S_00000286014cee10 .scope generate, "genblk1[1]" "genblk1[1]" 5 102, 5 102 0, S_00000286014cec80;
 .timescale 0 0;
P_00000286014a02b0 .param/l "i" 0 5 102, +C4<01>;
S_000002860186cd70 .scope generate, "genblk1[2]" "genblk1[2]" 5 102, 5 102 0, S_00000286014cec80;
 .timescale 0 0;
P_00000286014a0370 .param/l "i" 0 5 102, +C4<010>;
S_000002860186cf00 .scope generate, "genblk1[3]" "genblk1[3]" 5 102, 5 102 0, S_00000286014cec80;
 .timescale 0 0;
P_00000286014a0730 .param/l "i" 0 5 102, +C4<011>;
S_000002860186f2b0 .scope autotask, "reset_sequence" "reset_sequence" 3 206, 3 206 0, S_0000028601440740;
 .timescale 0 0;
E_000002860149f9f0 .event negedge, v0000028601868c70_0;
TD_cache_tb.reset_sequence ;
    %vpi_call/w 3 208 "$display", "Resetting cache and memory." {0 0 0};
    %wait E_000002860149f9f0;
    %pushi/vec4 1, 0, 1;
    %store/vec4 v000002860186e3d0_0, 0, 1;
    %wait E_000002860149f9f0;
    %wait E_000002860149f9f0;
    %wait E_000002860149f9f0;
    %wait E_000002860149f9f0;
    %pushi/vec4 0, 0, 1;
    %store/vec4 v000002860186e3d0_0, 0, 1;
    %pushi/vec4 0, 0, 32;
    %store/vec4 v000002860186d930_0, 0, 32;
    %pushi/vec4 0, 0, 1;
    %store/vec4 v000002860186d6b0_0, 0, 1;
    %pushi/vec4 0, 0, 1;
    %store/vec4 v000002860186e330_0, 0, 1;
    %pushi/vec4 0, 0, 4;
    %store/vec4 v000002860186ef10_0, 0, 4;
    %pushi/vec4 0, 0, 32;
    %store/vec4 v000002860186d750_0, 0, 32;
    %pushi/vec4 0, 0, 24;
    %store/vec4 v000002860186e830_0, 0, 24;
    %pushi/vec4 0, 0, 5;
    %store/vec4 v000002860186d4d0_0, 0, 5;
    %pushi/vec4 0, 0, 4;
    %store/vec4 v000002860186e1f0_0, 0, 4;
    %end;
S_000002860186f440 .scope autotask, "send_read" "send_read" 3 185, 3 185 0, S_0000028601440740;
 .timescale 0 0;
v000002860186e970_0 .var "index", 4 0;
v000002860186e5b0_0 .var "mask", 3 0;
v000002860186d390_0 .var "offset", 3 0;
v000002860186e8d0_0 .var "tag", 22 0;
E_00000286014a03f0 .event negedge, v0000028601868c70_0;
TD_cache_tb.send_read ;
    %load/vec4 v000002860186e8d0_0;
    %load/vec4 v000002860186e970_0;
    %concat/vec4; draw_concat_vec4
    %load/vec4 v000002860186d390_0;
    %concat/vec4; draw_concat_vec4
    %store/vec4 v000002860186d930_0, 0, 32;
    %load/vec4 v000002860186e5b0_0;
    %store/vec4 v000002860186ef10_0, 0, 4;
    %pushi/vec4 0, 0, 1;
    %store/vec4 v000002860186e330_0, 0, 1;
    %pushi/vec4 4294967295, 4294967295, 32;
    %store/vec4 v000002860186d750_0, 0, 32;
    %pushi/vec4 1, 0, 1;
    %store/vec4 v000002860186d6b0_0, 0, 1;
    %wait E_00000286014a03f0;
    %pushi/vec4 0, 0, 1;
    %store/vec4 v000002860186d6b0_0, 0, 1;
    %delay 0, 0;
    %load/vec4 v000002860186ef10_0;
    %parti/s 1, 3, 3;
    %replicate 8;
    %load/vec4 v000002860186ef10_0;
    %parti/s 1, 2, 3;
    %replicate 8;
    %concat/vec4; draw_concat_vec4
    %load/vec4 v000002860186ef10_0;
    %parti/s 1, 1, 2;
    %replicate 8;
    %concat/vec4; draw_concat_vec4
    %load/vec4 v000002860186ef10_0;
    %parti/s 1, 0, 2;
    %replicate 8;
    %concat/vec4; draw_concat_vec4
    %store/vec4 v000002860186d430_0, 0, 32;
    %load/vec4 v000002860186e010_0;
    %nor/r;
    %flag_set/vec4 8;
    %jmp/0xz  T_3.0, 8;
    %load/vec4 v000002860186dc50_0;
    %load/vec4 v000002860186d430_0;
    %and;
    %vpi_call/w 3 198 "$display", "Read HIT:   addr=%08x data=%08x mask=%04b", v000002860186d930_0, S<0,vec4,u32>, v000002860186ef10_0 {1 0 0};
    %jmp T_3.1;
T_3.0 ;
T_3.2 ;
    %load/vec4 v000002860186e010_0;
    %flag_set/vec4 8;
    %jmp/0xz T_3.3, 8;
    %wait E_00000286014a03f0;
    %jmp T_3.2;
T_3.3 ;
    %load/vec4 v000002860186dc50_0;
    %load/vec4 v000002860186d430_0;
    %and;
    %vpi_call/w 3 201 "$display", "Read MISS:  addr=%08x data=%08x mask=%04b", v000002860186d930_0, S<0,vec4,u32>, v000002860186ef10_0 {1 0 0};
T_3.1 ;
    %end;
S_000002860186f5d0 .scope autotask, "send_write" "send_write" 3 166, 3 166 0, S_0000028601440740;
 .timescale 0 0;
v000002860186d570_0 .var "data", 31 0;
v000002860186f0f0_0 .var "index", 4 0;
v000002860186ee70_0 .var "mask", 3 0;
v000002860186de30_0 .var "offset", 3 0;
v000002860186e790_0 .var "tag", 22 0;
E_000002860149fab0 .event negedge, v0000028601868c70_0;
TD_cache_tb.send_write ;
    %load/vec4 v000002860186e790_0;
    %load/vec4 v000002860186f0f0_0;
    %concat/vec4; draw_concat_vec4
    %load/vec4 v000002860186de30_0;
    %concat/vec4; draw_concat_vec4
    %store/vec4 v000002860186d930_0, 0, 32;
    %load/vec4 v000002860186ee70_0;
    %store/vec4 v000002860186ef10_0, 0, 4;
    %pushi/vec4 0, 0, 1;
    %store/vec4 v000002860186d6b0_0, 0, 1;
    %pushi/vec4 1, 0, 1;
    %store/vec4 v000002860186e330_0, 0, 1;
    %load/vec4 v000002860186d570_0;
    %store/vec4 v000002860186d750_0, 0, 32;
    %wait E_000002860149fab0;
    %pushi/vec4 0, 0, 1;
    %store/vec4 v000002860186e330_0, 0, 1;
    %load/vec4 v000002860186e010_0;
    %nor/r;
    %flag_set/vec4 8;
    %jmp/0xz  T_4.4, 8;
    %load/vec4 v000002860186d750_0;
    %load/vec4 v000002860186d430_0;
    %and;
    %vpi_call/w 3 177 "$display", "Write HIT:  addr=%08x data=%08x mask=%04b", v000002860186d930_0, S<0,vec4,u32>, v000002860186ef10_0 {1 0 0};
    %jmp T_4.5;
T_4.4 ;
T_4.6 ;
    %load/vec4 v000002860186e010_0;
    %flag_set/vec4 8;
    %jmp/0xz T_4.7, 8;
    %wait E_000002860149fab0;
    %jmp T_4.6;
T_4.7 ;
    %load/vec4 v000002860186d750_0;
    %load/vec4 v000002860186d430_0;
    %and;
    %vpi_call/w 3 180 "$display", "Write MISS: addr=%08x data=%08x mask=%04b", v000002860186d930_0, S<0,vec4,u32>, v000002860186ef10_0 {1 0 0};
T_4.5 ;
    %end;
    .scope S_00000286014cee10;
T_5 ;
    %wait E_00000286014a00b0;
    %load/vec4 v000002860186b5d0_0;
    %flag_set/vec4 8;
    %jmp/0xz  T_5.0, 8;
    %pushi/vec4 0, 0, 1;
    %ix/load 3, 1, 0;
    %flag_set/imm 4, 0;
    %ix/load 4, 0, 0; Constant delay
    %assign/vec4/a/d v000002860186c570, 0, 4;
    %pushi/vec4 0, 0, 1;
    %ix/load 3, 1, 0;
    %flag_set/imm 4, 0;
    %ix/load 4, 0, 0; Constant delay
    %assign/vec4/a/d v000002860186f190, 0, 4;
    %jmp T_5.1;
T_5.0 ;
    %ix/load 4, 0, 0;
    %flag_set/imm 4, 0;
    %load/vec4a v000002860186b0d0, 4;
    %ix/load 3, 1, 0;
    %flag_set/imm 4, 0;
    %ix/load 4, 0, 0; Constant delay
    %assign/vec4/a/d v000002860186b0d0, 0, 4;
    %ix/load 4, 0, 0;
    %flag_set/imm 4, 0;
    %load/vec4a v000002860186c570, 4;
    %ix/load 3, 1, 0;
    %flag_set/imm 4, 0;
    %ix/load 4, 0, 0; Constant delay
    %assign/vec4/a/d v000002860186c570, 0, 4;
    %ix/load 4, 0, 0;
    %flag_set/imm 4, 0;
    %load/vec4a v000002860186f190, 4;
    %ix/load 3, 1, 0;
    %flag_set/imm 4, 0;
    %ix/load 4, 0, 0; Constant delay
    %assign/vec4/a/d v000002860186f190, 0, 4;
    %ix/load 4, 0, 0;
    %flag_set/imm 4, 0;
    %load/vec4a v000002860186c070, 4;
    %ix/load 3, 1, 0;
    %flag_set/imm 4, 0;
    %ix/load 4, 0, 0; Constant delay
    %assign/vec4/a/d v000002860186c070, 0, 4;
    %ix/load 4, 0, 0;
    %flag_set/imm 4, 0;
    %load/vec4a v000002860186e290, 4;
    %ix/load 3, 1, 0;
    %flag_set/imm 4, 0;
    %ix/load 4, 0, 0; Constant delay
    %assign/vec4/a/d v000002860186e290, 0, 4;
T_5.1 ;
    %jmp T_5;
    .thread T_5;
    .scope S_000002860186cd70;
T_6 ;
    %wait E_00000286014a00b0;
    %load/vec4 v000002860186b5d0_0;
    %flag_set/vec4 8;
    %jmp/0xz  T_6.0, 8;
    %pushi/vec4 0, 0, 1;
    %ix/load 3, 2, 0;
    %flag_set/imm 4, 0;
    %ix/load 4, 0, 0; Constant delay
    %assign/vec4/a/d v000002860186c570, 0, 4;
    %pushi/vec4 0, 0, 1;
    %ix/load 3, 2, 0;
    %flag_set/imm 4, 0;
    %ix/load 4, 0, 0; Constant delay
    %assign/vec4/a/d v000002860186f190, 0, 4;
    %jmp T_6.1;
T_6.0 ;
    %ix/load 4, 1, 0;
    %flag_set/imm 4, 0;
    %load/vec4a v000002860186b0d0, 4;
    %ix/load 3, 2, 0;
    %flag_set/imm 4, 0;
    %ix/load 4, 0, 0; Constant delay
    %assign/vec4/a/d v000002860186b0d0, 0, 4;
    %ix/load 4, 1, 0;
    %flag_set/imm 4, 0;
    %load/vec4a v000002860186c570, 4;
    %ix/load 3, 2, 0;
    %flag_set/imm 4, 0;
    %ix/load 4, 0, 0; Constant delay
    %assign/vec4/a/d v000002860186c570, 0, 4;
    %ix/load 4, 1, 0;
    %flag_set/imm 4, 0;
    %load/vec4a v000002860186f190, 4;
    %ix/load 3, 2, 0;
    %flag_set/imm 4, 0;
    %ix/load 4, 0, 0; Constant delay
    %assign/vec4/a/d v000002860186f190, 0, 4;
    %ix/load 4, 1, 0;
    %flag_set/imm 4, 0;
    %load/vec4a v000002860186c070, 4;
    %ix/load 3, 2, 0;
    %flag_set/imm 4, 0;
    %ix/load 4, 0, 0; Constant delay
    %assign/vec4/a/d v000002860186c070, 0, 4;
    %ix/load 4, 1, 0;
    %flag_set/imm 4, 0;
    %load/vec4a v000002860186e290, 4;
    %ix/load 3, 2, 0;
    %flag_set/imm 4, 0;
    %ix/load 4, 0, 0; Constant delay
    %assign/vec4/a/d v000002860186e290, 0, 4;
T_6.1 ;
    %jmp T_6;
    .thread T_6;
    .scope S_000002860186cf00;
T_7 ;
    %wait E_00000286014a00b0;
    %load/vec4 v000002860186b5d0_0;
    %flag_set/vec4 8;
    %jmp/0xz  T_7.0, 8;
    %pushi/vec4 0, 0, 1;
    %ix/load 3, 3, 0;
    %flag_set/imm 4, 0;
    %ix/load 4, 0, 0; Constant delay
    %assign/vec4/a/d v000002860186c570, 0, 4;
    %pushi/vec4 0, 0, 1;
    %ix/load 3, 3, 0;
    %flag_set/imm 4, 0;
    %ix/load 4, 0, 0; Constant delay
    %assign/vec4/a/d v000002860186f190, 0, 4;
    %jmp T_7.1;
T_7.0 ;
    %ix/load 4, 2, 0;
    %flag_set/imm 4, 0;
    %load/vec4a v000002860186b0d0, 4;
    %ix/load 3, 3, 0;
    %flag_set/imm 4, 0;
    %ix/load 4, 0, 0; Constant delay
    %assign/vec4/a/d v000002860186b0d0, 0, 4;
    %ix/load 4, 2, 0;
    %flag_set/imm 4, 0;
    %load/vec4a v000002860186c570, 4;
    %ix/load 3, 3, 0;
    %flag_set/imm 4, 0;
    %ix/load 4, 0, 0; Constant delay
    %assign/vec4/a/d v000002860186c570, 0, 4;
    %ix/load 4, 2, 0;
    %flag_set/imm 4, 0;
    %load/vec4a v000002860186f190, 4;
    %ix/load 3, 3, 0;
    %flag_set/imm 4, 0;
    %ix/load 4, 0, 0; Constant delay
    %assign/vec4/a/d v000002860186f190, 0, 4;
    %ix/load 4, 2, 0;
    %flag_set/imm 4, 0;
    %load/vec4a v000002860186c070, 4;
    %ix/load 3, 3, 0;
    %flag_set/imm 4, 0;
    %ix/load 4, 0, 0; Constant delay
    %assign/vec4/a/d v000002860186c070, 0, 4;
    %ix/load 4, 2, 0;
    %flag_set/imm 4, 0;
    %load/vec4a v000002860186e290, 4;
    %ix/load 3, 3, 0;
    %flag_set/imm 4, 0;
    %ix/load 4, 0, 0; Constant delay
    %assign/vec4/a/d v000002860186e290, 0, 4;
T_7.1 ;
    %jmp T_7;
    .thread T_7;
    .scope S_00000286014cec80;
T_8 ;
    %wait E_00000286014a00b0;
    %load/vec4 v000002860186b5d0_0;
    %flag_set/vec4 8;
    %jmp/0xz  T_8.0, 8;
    %pushi/vec4 0, 0, 1;
    %assign/vec4 v000002860186bf30_0, 0;
    %jmp T_8.1;
T_8.0 ;
    %load/vec4 v000002860186bf30_0;
    %pad/u 32;
    %cmpi/e 1, 0, 32;
    %jmp/0xz  T_8.2, 4;
    %pushi/vec4 0, 0, 1;
    %assign/vec4 v000002860186bf30_0, 0;
    %jmp T_8.3;
T_8.2 ;
    %load/vec4 v000002860186c750_0;
    %nor/r;
    %load/vec4 v000002860186c390_0;
    %or;
    %load/vec4 v000002860186cb10_0;
    %or;
    %flag_set/vec4 8;
    %jmp/0xz  T_8.4, 8;
    %load/vec4 v000002860186bf30_0;
    %pad/u 2;
    %addi 1, 0, 2;
    %pad/u 1;
    %assign/vec4 v000002860186bf30_0, 0;
T_8.4 ;
T_8.3 ;
T_8.1 ;
    %jmp T_8;
    .thread T_8;
    .scope S_00000286014cec80;
T_9 ;
    %wait E_00000286014a00b0;
    %load/vec4 v000002860186b5d0_0;
    %flag_set/vec4 8;
    %jmp/0xz  T_9.0, 8;
    %pushi/vec4 0, 0, 1;
    %ix/load 3, 0, 0;
    %flag_set/imm 4, 0;
    %ix/load 4, 0, 0; Constant delay
    %assign/vec4/a/d v000002860186c570, 0, 4;
    %pushi/vec4 0, 0, 1;
    %ix/load 3, 0, 0;
    %flag_set/imm 4, 0;
    %ix/load 4, 0, 0; Constant delay
    %assign/vec4/a/d v000002860186f190, 0, 4;
    %jmp T_9.1;
T_9.0 ;
    %load/vec4 v000002860186b990_0;
    %ix/load 3, 0, 0;
    %flag_set/imm 4, 0;
    %ix/load 4, 0, 0; Constant delay
    %assign/vec4/a/d v000002860186b0d0, 0, 4;
    %load/vec4 v000002860186c750_0;
    %load/vec4 v000002860186c390_0;
    %and;
    %ix/load 3, 0, 0;
    %flag_set/imm 4, 0;
    %ix/load 4, 0, 0; Constant delay
    %assign/vec4/a/d v000002860186c570, 0, 4;
    %load/vec4 v000002860186c750_0;
    %load/vec4 v000002860186cb10_0;
    %and;
    %ix/load 3, 0, 0;
    %flag_set/imm 4, 0;
    %ix/load 4, 0, 0; Constant delay
    %assign/vec4/a/d v000002860186f190, 0, 4;
    %load/vec4 v000002860186b2b0_0;
    %ix/load 3, 0, 0;
    %flag_set/imm 4, 0;
    %ix/load 4, 0, 0; Constant delay
    %assign/vec4/a/d v000002860186c070, 0, 4;
    %load/vec4 v000002860186b710_0;
    %ix/load 3, 0, 0;
    %flag_set/imm 4, 0;
    %ix/load 4, 0, 0; Constant delay
    %assign/vec4/a/d v000002860186e290, 0, 4;
T_9.1 ;
    %jmp T_9;
    .thread T_9;
    .scope S_00000286014cec80;
T_10 ;
    %wait E_00000286014a00b0;
    %load/vec4 v000002860186d2f0_0;
    %load/vec4 v000002860186bad0_0;
    %parti/s 1, 0, 2;
    %and;
    %flag_set/vec4 8;
    %jmp/0xz  T_10.0, 8;
    %load/vec4 v000002860186efb0_0;
    %parti/s 8, 0, 2;
    %load/vec4 v000002860186dcf0_0;
    %addi 0, 0, 32;
    %ix/vec4 3;
    %ix/load 4, 0, 0; Constant delay
    %assign/vec4/a/d v000002860186b350, 0, 4;
T_10.0 ;
    %load/vec4 v000002860186d2f0_0;
    %load/vec4 v000002860186bad0_0;
    %parti/s 1, 1, 2;
    %and;
    %flag_set/vec4 8;
    %jmp/0xz  T_10.2, 8;
    %load/vec4 v000002860186efb0_0;
    %parti/s 8, 8, 5;
    %load/vec4 v000002860186dcf0_0;
    %addi 1, 0, 32;
    %ix/vec4 3;
    %ix/load 4, 0, 0; Constant delay
    %assign/vec4/a/d v000002860186b350, 0, 4;
T_10.2 ;
    %load/vec4 v000002860186d2f0_0;
    %load/vec4 v000002860186bad0_0;
    %parti/s 1, 2, 3;
    %and;
    %flag_set/vec4 8;
    %jmp/0xz  T_10.4, 8;
    %load/vec4 v000002860186efb0_0;
    %parti/s 8, 16, 6;
    %load/vec4 v000002860186dcf0_0;
    %addi 2, 0, 32;
    %ix/vec4 3;
    %ix/load 4, 0, 0; Constant delay
    %assign/vec4/a/d v000002860186b350, 0, 4;
T_10.4 ;
    %load/vec4 v000002860186d2f0_0;
    %load/vec4 v000002860186bad0_0;
    %parti/s 1, 3, 3;
    %and;
    %flag_set/vec4 8;
    %jmp/0xz  T_10.6, 8;
    %load/vec4 v000002860186efb0_0;
    %parti/s 8, 24, 6;
    %load/vec4 v000002860186dcf0_0;
    %addi 3, 0, 32;
    %ix/vec4 3;
    %ix/load 4, 0, 0; Constant delay
    %assign/vec4/a/d v000002860186b350, 0, 4;
T_10.6 ;
    %jmp T_10;
    .thread T_10;
    .scope S_000002860145aa30;
T_11 ;
    %wait E_00000286014a00b0;
    %load/vec4 v0000028601868b30_0;
    %flag_set/vec4 8;
    %jmp/0xz  T_11.0, 8;
    %pushi/vec4 0, 0, 2;
    %assign/vec4 v0000028601869490_0, 0;
    %pushi/vec4 0, 0, 23;
    %assign/vec4 v00000286018690d0_0, 0;
    %pushi/vec4 0, 0, 5;
    %assign/vec4 v0000028601868bd0_0, 0;
    %pushi/vec4 0, 0, 2;
    %assign/vec4 v0000028601869a30_0, 0;
    %pushi/vec4 0, 0, 1;
    %assign/vec4 v00000286018697b0_0, 0;
    %pushi/vec4 0, 0, 1;
    %assign/vec4 v0000028601869d50_0, 0;
    %pushi/vec4 0, 0, 4;
    %assign/vec4 v0000028601869850_0, 0;
    %pushi/vec4 0, 0, 32;
    %assign/vec4 v000002860186a070_0, 0;
    %pushi/vec4 0, 0, 2;
    %assign/vec4 v00000286018695d0_0, 0;
    %pushi/vec4 0, 0, 32;
    %store/vec4 v00000286018692b0_0, 0, 32;
T_11.2 ;
    %load/vec4 v00000286018692b0_0;
    %cmpi/s 32, 0, 32;
    %jmp/0xz T_11.3, 5;
    %pushi/vec4 0, 0, 2;
    %ix/getv/s 3, v00000286018692b0_0;
    %ix/load 4, 0, 0; Constant delay
    %assign/vec4/a/d v0000028601869b70, 0, 4;
    %pushi/vec4 0, 0, 1;
    %ix/getv/s 3, v00000286018692b0_0;
    %ix/load 4, 0, 0; Constant delay
    %assign/vec4/a/d v0000028601868e50, 0, 4;
    %pushi/vec4 0, 0, 23;
    %ix/getv/s 3, v00000286018692b0_0;
    %ix/load 4, 0, 0; Constant delay
    %assign/vec4/a/d v00000286018698f0, 0, 4;
    %pushi/vec4 0, 0, 23;
    %ix/getv/s 3, v00000286018692b0_0;
    %ix/load 4, 0, 0; Constant delay
    %assign/vec4/a/d v0000028601869990, 0, 4;
    %pushi/vec4 0, 0, 32;
    %store/vec4 v000002860186bd50_0, 0, 32;
T_11.4 ;
    %load/vec4 v000002860186bd50_0;
    %cmpi/s 4, 0, 32;
    %jmp/0xz T_11.5, 5;
    %pushi/vec4 0, 0, 32;
    %load/vec4 v00000286018692b0_0;
    %pad/s 35;
    %pad/s 37;
    %muli 4, 0, 37;
    %pad/s 38;
    %load/vec4 v000002860186bd50_0;
    %pad/s 38;
    %add;
    %ix/vec4/s 3;
    %ix/load 4, 0, 0; Constant delay
    %assign/vec4/a/d v0000028601868a90, 0, 4;
    %pushi/vec4 0, 0, 32;
    %load/vec4 v00000286018692b0_0;
    %pad/s 35;
    %pad/s 37;
    %muli 4, 0, 37;
    %pad/s 38;
    %load/vec4 v000002860186bd50_0;
    %pad/s 38;
    %add;
    %ix/vec4/s 3;
    %ix/load 4, 0, 0; Constant delay
    %assign/vec4/a/d v0000028601869210, 0, 4;
    %load/vec4 v000002860186bd50_0;
    %addi 1, 0, 32;
    %store/vec4 v000002860186bd50_0, 0, 32;
    %jmp T_11.4;
T_11.5 ;
    %load/vec4 v00000286018692b0_0;
    %addi 1, 0, 32;
    %store/vec4 v00000286018692b0_0, 0, 32;
    %jmp T_11.2;
T_11.3 ;
    %jmp T_11.1;
T_11.0 ;
    %load/vec4 v0000028601869490_0;
    %dup/vec4;
    %pushi/vec4 0, 0, 2;
    %cmp/u;
    %jmp/1 T_11.6, 6;
    %dup/vec4;
    %pushi/vec4 1, 0, 2;
    %cmp/u;
    %jmp/1 T_11.7, 6;
    %dup/vec4;
    %pushi/vec4 2, 0, 2;
    %cmp/u;
    %jmp/1 T_11.8, 6;
    %dup/vec4;
    %pushi/vec4 3, 0, 2;
    %cmp/u;
    %jmp/1 T_11.9, 6;
    %pushi/vec4 0, 0, 2;
    %assign/vec4 v0000028601869490_0, 0;
    %jmp T_11.11;
T_11.6 ;
    %load/vec4 v0000028601868d10_0;
    %flag_set/vec4 9;
    %flag_get/vec4 9;
    %jmp/0 T_11.14, 9;
    %load/vec4 v000002860186a390_0;
    %and;
T_11.14;
    %flag_set/vec4 8;
    %jmp/0xz  T_11.12, 8;
    %load/vec4 v0000028601869c10_0;
    %flag_set/vec4 8;
    %jmp/0xz  T_11.15, 8;
    %pushi/vec4 1, 0, 1;
    %load/vec4 v0000028601869710_0;
    %pad/u 7;
    %ix/vec4 3;
    %ix/load 4, 0, 0; Constant delay
    %assign/vec4/a/d v0000028601868e50, 0, 4;
    %jmp T_11.16;
T_11.15 ;
    %load/vec4 v000002860186b170_0;
    %flag_set/vec4 8;
    %jmp/0xz  T_11.17, 8;
    %pushi/vec4 0, 0, 1;
    %load/vec4 v0000028601869710_0;
    %pad/u 7;
    %ix/vec4 3;
    %ix/load 4, 0, 0; Constant delay
    %assign/vec4/a/d v0000028601868e50, 0, 4;
T_11.17 ;
T_11.16 ;
    %jmp T_11.13;
T_11.12 ;
    %load/vec4 v000002860186cc50_0;
    %flag_set/vec4 8;
    %jmp/0xz  T_11.19, 8;
    %load/vec4 v0000028601869c10_0;
    %flag_set/vec4 8;
    %jmp/0xz  T_11.21, 8;
    %load/vec4 v0000028601868810_0;
    %load/vec4 v0000028601869710_0;
    %pad/u 10;
    %pad/u 12;
    %muli 4, 0, 12;
    %pad/u 13;
    %load/vec4 v0000028601869ad0_0;
    %pad/u 4;
    %pad/u 13;
    %add;
    %ix/vec4 3;
    %ix/load 4, 0, 0; Constant delay
    %assign/vec4/a/d v0000028601868a90, 0, 4;
    %jmp T_11.22;
T_11.21 ;
    %load/vec4 v0000028601868810_0;
    %load/vec4 v0000028601869710_0;
    %pad/u 10;
    %pad/u 12;
    %muli 4, 0, 12;
    %pad/u 13;
    %load/vec4 v0000028601869ad0_0;
    %pad/u 4;
    %pad/u 13;
    %add;
    %ix/vec4 3;
    %ix/load 4, 0, 0; Constant delay
    %assign/vec4/a/d v0000028601869210, 0, 4;
T_11.22 ;
    %load/vec4 v0000028601869c10_0;
    %flag_set/vec4 8;
    %jmp/0xz  T_11.23, 8;
    %pushi/vec4 1, 0, 1;
    %load/vec4 v0000028601869710_0;
    %pad/u 7;
    %ix/vec4 3;
    %ix/load 4, 0, 0; Constant delay
    %assign/vec4/a/d v0000028601868e50, 0, 4;
    %jmp T_11.24;
T_11.23 ;
    %load/vec4 v000002860186b170_0;
    %flag_set/vec4 8;
    %jmp/0xz  T_11.25, 8;
    %pushi/vec4 0, 0, 1;
    %load/vec4 v0000028601869710_0;
    %pad/u 7;
    %ix/vec4 3;
    %ix/load 4, 0, 0; Constant delay
    %assign/vec4/a/d v0000028601868e50, 0, 4;
T_11.25 ;
T_11.24 ;
    %jmp T_11.20;
T_11.19 ;
    %load/vec4 v000002860186c1b0_0;
    %flag_set/vec4 8;
    %jmp/0xz  T_11.27, 8;
    %load/vec4 v0000028601869170_0;
    %assign/vec4 v00000286018690d0_0, 0;
    %load/vec4 v0000028601869710_0;
    %assign/vec4 v0000028601868bd0_0, 0;
    %load/vec4 v0000028601869ad0_0;
    %assign/vec4 v0000028601869a30_0, 0;
    %load/vec4 v000002860186b210_0;
    %assign/vec4 v00000286018697b0_0, 0;
    %pushi/vec4 1, 0, 1;
    %assign/vec4 v0000028601869d50_0, 0;
    %load/vec4 v0000028601869df0_0;
    %assign/vec4 v0000028601869850_0, 0;
    %load/vec4 v0000028601869670_0;
    %assign/vec4 v000002860186a070_0, 0;
    %pushi/vec4 3, 0, 2;
    %assign/vec4 v0000028601869490_0, 0;
    %jmp T_11.28;
T_11.27 ;
    %load/vec4 v0000028601868630_0;
    %flag_set/vec4 8;
    %jmp/0xz  T_11.29, 8;
    %load/vec4 v0000028601869170_0;
    %assign/vec4 v00000286018690d0_0, 0;
    %load/vec4 v0000028601869710_0;
    %assign/vec4 v0000028601868bd0_0, 0;
    %load/vec4 v0000028601869ad0_0;
    %assign/vec4 v0000028601869a30_0, 0;
    %load/vec4 v0000028601869fd0_0;
    %assign/vec4 v00000286018697b0_0, 0;
    %pushi/vec4 0, 0, 1;
    %assign/vec4 v0000028601869d50_0, 0;
    %load/vec4 v0000028601869df0_0;
    %assign/vec4 v0000028601869850_0, 0;
    %load/vec4 v0000028601869670_0;
    %assign/vec4 v000002860186a070_0, 0;
    %pushi/vec4 0, 0, 2;
    %assign/vec4 v00000286018695d0_0, 0;
    %pushi/vec4 1, 0, 2;
    %assign/vec4 v0000028601869490_0, 0;
    %jmp T_11.30;
T_11.29 ;
    %load/vec4 v000002860186c4d0_0;
    %flag_set/vec4 8;
    %jmp/0xz  T_11.31, 8;
    %load/vec4 v0000028601869170_0;
    %assign/vec4 v00000286018690d0_0, 0;
    %load/vec4 v0000028601869710_0;
    %assign/vec4 v0000028601868bd0_0, 0;
    %load/vec4 v0000028601869ad0_0;
    %assign/vec4 v0000028601869a30_0, 0;
    %load/vec4 v0000028601869fd0_0;
    %assign/vec4 v00000286018697b0_0, 0;
    %pushi/vec4 1, 0, 1;
    %assign/vec4 v0000028601869d50_0, 0;
    %load/vec4 v0000028601869df0_0;
    %assign/vec4 v0000028601869850_0, 0;
    %load/vec4 v0000028601869670_0;
    %assign/vec4 v000002860186a070_0, 0;
    %pushi/vec4 0, 0, 2;
    %assign/vec4 v00000286018695d0_0, 0;
    %pushi/vec4 1, 0, 2;
    %assign/vec4 v0000028601869490_0, 0;
T_11.31 ;
T_11.30 ;
T_11.28 ;
T_11.20 ;
T_11.13 ;
    %jmp T_11.11;
T_11.7 ;
    %load/vec4 v000002860186a250_0;
    %flag_set/vec4 8;
    %jmp/0xz  T_11.33, 8;
    %pushi/vec4 2, 0, 2;
    %assign/vec4 v0000028601869490_0, 0;
T_11.33 ;
    %jmp T_11.11;
T_11.8 ;
    %load/vec4 v0000028601869530_0;
    %flag_set/vec4 8;
    %jmp/0xz  T_11.35, 8;
    %load/vec4 v00000286018697b0_0;
    %cmpi/e 0, 0, 1;
    %jmp/0xz  T_11.37, 4;
    %load/vec4 v0000028601869350_0;
    %load/vec4 v0000028601868bd0_0;
    %pad/u 10;
    %pad/u 12;
    %muli 4, 0, 12;
    %pad/u 13;
    %load/vec4 v00000286018695d0_0;
    %pad/u 4;
    %pad/u 13;
    %add;
    %ix/vec4 3;
    %ix/load 4, 0, 0; Constant delay
    %assign/vec4/a/d v0000028601868a90, 0, 4;
    %jmp T_11.38;
T_11.37 ;
    %load/vec4 v0000028601869350_0;
    %load/vec4 v0000028601868bd0_0;
    %pad/u 10;
    %pad/u 12;
    %muli 4, 0, 12;
    %pad/u 13;
    %load/vec4 v00000286018695d0_0;
    %pad/u 4;
    %pad/u 13;
    %add;
    %ix/vec4 3;
    %ix/load 4, 0, 0; Constant delay
    %assign/vec4/a/d v0000028601869210, 0, 4;
T_11.38 ;
    %load/vec4 v00000286018695d0_0;
    %pad/u 32;
    %cmpi/e 3, 0, 32;
    %jmp/0xz  T_11.39, 4;
    %load/vec4 v00000286018697b0_0;
    %cmpi/e 0, 0, 1;
    %jmp/0xz  T_11.41, 4;
    %load/vec4 v00000286018690d0_0;
    %load/vec4 v0000028601868bd0_0;
    %pad/u 7;
    %ix/vec4 3;
    %ix/load 4, 0, 0; Constant delay
    %assign/vec4/a/d v00000286018698f0, 0, 4;
    %pushi/vec4 1, 0, 1;
    %load/vec4 v0000028601868bd0_0;
    %pad/u 7;
    %ix/vec4 3;
    %ix/load 4, 0, 0; Constant delay
    %assign/vec4/a/d v0000028601869b70, 0, 4;
    %jmp T_11.42;
T_11.41 ;
    %load/vec4 v00000286018690d0_0;
    %load/vec4 v0000028601868bd0_0;
    %pad/u 7;
    %ix/vec4 3;
    %ix/load 4, 0, 0; Constant delay
    %assign/vec4/a/d v0000028601869990, 0, 4;
    %pushi/vec4 1, 0, 1;
    %load/vec4 v0000028601868bd0_0;
    %pad/u 7;
    %ix/vec4 3;
    %ix/load 4, 1, 0; part off
    %ix/load 5, 0, 0; Constant delay
    %assign/vec4/a/d v0000028601869b70, 4, 5;
T_11.42 ;
    %load/vec4 v0000028601869d50_0;
    %flag_set/vec4 8;
    %jmp/0xz  T_11.43, 8;
    %pushi/vec4 3, 0, 2;
    %assign/vec4 v0000028601869490_0, 0;
    %jmp T_11.44;
T_11.43 ;
    %load/vec4 v00000286018697b0_0;
    %inv;
    %load/vec4 v0000028601868bd0_0;
    %pad/u 7;
    %ix/vec4 3;
    %ix/load 4, 0, 0; Constant delay
    %assign/vec4/a/d v0000028601868e50, 0, 4;
    %pushi/vec4 0, 0, 2;
    %assign/vec4 v0000028601869490_0, 0;
T_11.44 ;
    %jmp T_11.40;
T_11.39 ;
    %load/vec4 v00000286018695d0_0;
    %addi 1, 0, 2;
    %assign/vec4 v00000286018695d0_0, 0;
    %pushi/vec4 1, 0, 2;
    %assign/vec4 v0000028601869490_0, 0;
T_11.40 ;
T_11.35 ;
    %jmp T_11.11;
T_11.9 ;
    %load/vec4 v000002860186a250_0;
    %flag_set/vec4 8;
    %jmp/0xz  T_11.45, 8;
    %load/vec4 v00000286018697b0_0;
    %cmpi/e 0, 0, 1;
    %jmp/0xz  T_11.47, 4;
    %load/vec4 v000002860186a430_0;
    %load/vec4 v0000028601868bd0_0;
    %pad/u 10;
    %pad/u 12;
    %muli 4, 0, 12;
    %pad/u 13;
    %load/vec4 v0000028601869a30_0;
    %pad/u 4;
    %pad/u 13;
    %add;
    %ix/vec4 3;
    %ix/load 4, 0, 0; Constant delay
    %assign/vec4/a/d v0000028601868a90, 0, 4;
    %jmp T_11.48;
T_11.47 ;
    %load/vec4 v000002860186a430_0;
    %load/vec4 v0000028601868bd0_0;
    %pad/u 10;
    %pad/u 12;
    %muli 4, 0, 12;
    %pad/u 13;
    %load/vec4 v0000028601869a30_0;
    %pad/u 4;
    %pad/u 13;
    %add;
    %ix/vec4 3;
    %ix/load 4, 0, 0; Constant delay
    %assign/vec4/a/d v0000028601869210, 0, 4;
T_11.48 ;
    %load/vec4 v00000286018697b0_0;
    %inv;
    %load/vec4 v0000028601868bd0_0;
    %pad/u 7;
    %ix/vec4 3;
    %ix/load 4, 0, 0; Constant delay
    %assign/vec4/a/d v0000028601868e50, 0, 4;
    %pushi/vec4 0, 0, 2;
    %assign/vec4 v0000028601869490_0, 0;
T_11.45 ;
    %jmp T_11.11;
T_11.11 ;
    %pop/vec4 1;
T_11.1 ;
    %jmp T_11;
    .thread T_11;
    .scope S_0000028601440740;
T_12 ;
    %pushi/vec4 1, 0, 1;
    %store/vec4 v000002860186dd90_0, 0, 1;
    %pushi/vec4 0, 0, 1;
    %store/vec4 v000002860186e3d0_0, 0, 1;
    %vpi_call/w 3 89 "$dumpfile", "cache.vcd" {0 0 0};
    %vpi_call/w 3 90 "$dumpvars", 32'sb00000000000000000000000000000000, S_0000028601440740 {0 0 0};
    %vpi_call/w 3 92 "$display", "Starting." {0 0 0};
    %alloc S_000002860186f2b0;
    %fork TD_cache_tb.reset_sequence, S_000002860186f2b0;
    %join;
    %free S_000002860186f2b0;
    %vpi_call/w 3 95 "$display", "Loading program." {0 0 0};
    %vpi_call/w 3 96 "$readmemh", "program.mem", v000002860186b350 {0 0 0};
    %pushi/vec4 0, 0, 32;
    %store/vec4 v000002860186e150_0, 0, 32;
T_12.0 ;
    %load/vec4 v000002860186e150_0;
    %cmpi/s 32, 0, 32;
    %jmp/0xz T_12.1, 5;
    %pushi/vec4 0, 0, 24;
    %store/vec4 v000002860186e830_0, 0, 24;
    %load/vec4 v000002860186e150_0;
    %parti/s 5, 0, 2;
    %store/vec4 v000002860186d4d0_0, 0, 5;
    %pushi/vec4 0, 0, 4;
    %store/vec4 v000002860186e1f0_0, 0, 4;
    %alloc S_000002860186f440;
    %load/vec4 v000002860186e830_0;
    %pad/u 23;
    %store/vec4 v000002860186e8d0_0, 0, 23;
    %load/vec4 v000002860186d4d0_0;
    %store/vec4 v000002860186e970_0, 0, 5;
    %load/vec4 v000002860186e1f0_0;
    %store/vec4 v000002860186d390_0, 0, 4;
    %pushi/vec4 15, 0, 4;
    %store/vec4 v000002860186e5b0_0, 0, 4;
    %fork TD_cache_tb.send_read, S_000002860186f440;
    %join;
    %free S_000002860186f440;
    %alloc S_000002860186f440;
    %load/vec4 v000002860186e830_0;
    %pad/u 23;
    %store/vec4 v000002860186e8d0_0, 0, 23;
    %load/vec4 v000002860186d4d0_0;
    %store/vec4 v000002860186e970_0, 0, 5;
    %load/vec4 v000002860186e1f0_0;
    %store/vec4 v000002860186d390_0, 0, 4;
    %pushi/vec4 15, 0, 4;
    %store/vec4 v000002860186e5b0_0, 0, 4;
    %fork TD_cache_tb.send_read, S_000002860186f440;
    %join;
    %free S_000002860186f440;
    %alloc S_000002860186f440;
    %load/vec4 v000002860186e830_0;
    %pad/u 23;
    %store/vec4 v000002860186e8d0_0, 0, 23;
    %load/vec4 v000002860186d4d0_0;
    %store/vec4 v000002860186e970_0, 0, 5;
    %load/vec4 v000002860186e1f0_0;
    %store/vec4 v000002860186d390_0, 0, 4;
    %pushi/vec4 3, 0, 4;
    %store/vec4 v000002860186e5b0_0, 0, 4;
    %fork TD_cache_tb.send_read, S_000002860186f440;
    %join;
    %free S_000002860186f440;
    %pushi/vec4 8, 0, 4;
    %store/vec4 v000002860186e1f0_0, 0, 4;
    %alloc S_000002860186f440;
    %load/vec4 v000002860186e830_0;
    %pad/u 23;
    %store/vec4 v000002860186e8d0_0, 0, 23;
    %load/vec4 v000002860186d4d0_0;
    %store/vec4 v000002860186e970_0, 0, 5;
    %load/vec4 v000002860186e1f0_0;
    %store/vec4 v000002860186d390_0, 0, 4;
    %pushi/vec4 15, 0, 4;
    %store/vec4 v000002860186e5b0_0, 0, 4;
    %fork TD_cache_tb.send_read, S_000002860186f440;
    %join;
    %free S_000002860186f440;
    %pushi/vec4 1, 0, 24;
    %store/vec4 v000002860186e830_0, 0, 24;
    %pushi/vec4 0, 0, 4;
    %store/vec4 v000002860186e1f0_0, 0, 4;
    %alloc S_000002860186f5d0;
    %load/vec4 v000002860186e830_0;
    %pad/u 23;
    %store/vec4 v000002860186e790_0, 0, 23;
    %load/vec4 v000002860186d4d0_0;
    %store/vec4 v000002860186f0f0_0, 0, 5;
    %load/vec4 v000002860186e1f0_0;
    %store/vec4 v000002860186de30_0, 0, 4;
    %pushi/vec4 15, 0, 4;
    %store/vec4 v000002860186ee70_0, 0, 4;
    %pushi/vec4 3735928559, 0, 32;
    %store/vec4 v000002860186d570_0, 0, 32;
    %fork TD_cache_tb.send_write, S_000002860186f5d0;
    %join;
    %free S_000002860186f5d0;
    %alloc S_000002860186f5d0;
    %load/vec4 v000002860186e830_0;
    %pad/u 23;
    %store/vec4 v000002860186e790_0, 0, 23;
    %load/vec4 v000002860186d4d0_0;
    %store/vec4 v000002860186f0f0_0, 0, 5;
    %load/vec4 v000002860186e1f0_0;
    %store/vec4 v000002860186de30_0, 0, 4;
    %pushi/vec4 15, 0, 4;
    %store/vec4 v000002860186ee70_0, 0, 4;
    %pushi/vec4 3203386110, 0, 32;
    %store/vec4 v000002860186d570_0, 0, 32;
    %fork TD_cache_tb.send_write, S_000002860186f5d0;
    %join;
    %free S_000002860186f5d0;
    %alloc S_000002860186f440;
    %load/vec4 v000002860186e830_0;
    %pad/u 23;
    %store/vec4 v000002860186e8d0_0, 0, 23;
    %load/vec4 v000002860186d4d0_0;
    %store/vec4 v000002860186e970_0, 0, 5;
    %load/vec4 v000002860186e1f0_0;
    %store/vec4 v000002860186d390_0, 0, 4;
    %pushi/vec4 15, 0, 4;
    %store/vec4 v000002860186e5b0_0, 0, 4;
    %fork TD_cache_tb.send_read, S_000002860186f440;
    %join;
    %free S_000002860186f440;
    %pushi/vec4 2, 0, 24;
    %store/vec4 v000002860186e830_0, 0, 24;
    %alloc S_000002860186f5d0;
    %load/vec4 v000002860186e830_0;
    %pad/u 23;
    %store/vec4 v000002860186e790_0, 0, 23;
    %load/vec4 v000002860186d4d0_0;
    %store/vec4 v000002860186f0f0_0, 0, 5;
    %load/vec4 v000002860186e1f0_0;
    %store/vec4 v000002860186de30_0, 0, 4;
    %pushi/vec4 15, 0, 4;
    %store/vec4 v000002860186ee70_0, 0, 4;
    %pushi/vec4 3405692655, 0, 32;
    %store/vec4 v000002860186d570_0, 0, 32;
    %fork TD_cache_tb.send_write, S_000002860186f5d0;
    %join;
    %free S_000002860186f5d0;
    %pushi/vec4 1, 0, 24;
    %store/vec4 v000002860186e830_0, 0, 24;
    %pushi/vec4 0, 0, 4;
    %store/vec4 v000002860186e1f0_0, 0, 4;
    %alloc S_000002860186f5d0;
    %load/vec4 v000002860186e830_0;
    %pad/u 23;
    %store/vec4 v000002860186e790_0, 0, 23;
    %load/vec4 v000002860186d4d0_0;
    %store/vec4 v000002860186f0f0_0, 0, 5;
    %load/vec4 v000002860186e1f0_0;
    %store/vec4 v000002860186de30_0, 0, 4;
    %pushi/vec4 12, 0, 4;
    %store/vec4 v000002860186ee70_0, 0, 4;
    %pushi/vec4 3203334144, 0, 32;
    %store/vec4 v000002860186d570_0, 0, 32;
    %fork TD_cache_tb.send_write, S_000002860186f5d0;
    %join;
    %free S_000002860186f5d0;
    %alloc S_000002860186f440;
    %load/vec4 v000002860186e830_0;
    %pad/u 23;
    %store/vec4 v000002860186e8d0_0, 0, 23;
    %load/vec4 v000002860186d4d0_0;
    %store/vec4 v000002860186e970_0, 0, 5;
    %load/vec4 v000002860186e1f0_0;
    %store/vec4 v000002860186d390_0, 0, 4;
    %pushi/vec4 15, 0, 4;
    %store/vec4 v000002860186e5b0_0, 0, 4;
    %fork TD_cache_tb.send_read, S_000002860186f440;
    %join;
    %free S_000002860186f440;
    %alloc S_000002860186f5d0;
    %load/vec4 v000002860186e830_0;
    %pad/u 23;
    %store/vec4 v000002860186e790_0, 0, 23;
    %load/vec4 v000002860186d4d0_0;
    %store/vec4 v000002860186f0f0_0, 0, 5;
    %load/vec4 v000002860186e1f0_0;
    %store/vec4 v000002860186de30_0, 0, 4;
    %pushi/vec4 3, 0, 4;
    %store/vec4 v000002860186ee70_0, 0, 4;
    %pushi/vec4 51966, 0, 32;
    %store/vec4 v000002860186d570_0, 0, 32;
    %fork TD_cache_tb.send_write, S_000002860186f5d0;
    %join;
    %free S_000002860186f5d0;
    %alloc S_000002860186f440;
    %load/vec4 v000002860186e830_0;
    %pad/u 23;
    %store/vec4 v000002860186e8d0_0, 0, 23;
    %load/vec4 v000002860186d4d0_0;
    %store/vec4 v000002860186e970_0, 0, 5;
    %load/vec4 v000002860186e1f0_0;
    %store/vec4 v000002860186d390_0, 0, 4;
    %pushi/vec4 15, 0, 4;
    %store/vec4 v000002860186e5b0_0, 0, 4;
    %fork TD_cache_tb.send_read, S_000002860186f440;
    %join;
    %free S_000002860186f440;
    %load/vec4 v000002860186e150_0;
    %addi 1, 0, 32;
    %store/vec4 v000002860186e150_0, 0, 32;
    %jmp T_12.0;
T_12.1 ;
    %pushi/vec4 0, 0, 5;
    %store/vec4 v000002860186d4d0_0, 0, 5;
    %alloc S_000002860186f2b0;
    %fork TD_cache_tb.reset_sequence, S_000002860186f2b0;
    %join;
    %free S_000002860186f2b0;
    %alloc S_000002860186f5d0;
    %pushi/vec4 1, 0, 23;
    %store/vec4 v000002860186e790_0, 0, 23;
    %load/vec4 v000002860186d4d0_0;
    %store/vec4 v000002860186f0f0_0, 0, 5;
    %pushi/vec4 0, 0, 4;
    %store/vec4 v000002860186de30_0, 0, 4;
    %pushi/vec4 15, 0, 4;
    %store/vec4 v000002860186ee70_0, 0, 4;
    %pushi/vec4 0, 0, 32;
    %store/vec4 v000002860186d570_0, 0, 32;
    %fork TD_cache_tb.send_write, S_000002860186f5d0;
    %join;
    %free S_000002860186f5d0;
    %alloc S_000002860186f5d0;
    %pushi/vec4 1, 0, 23;
    %store/vec4 v000002860186e790_0, 0, 23;
    %load/vec4 v000002860186d4d0_0;
    %store/vec4 v000002860186f0f0_0, 0, 5;
    %pushi/vec4 4, 0, 4;
    %store/vec4 v000002860186de30_0, 0, 4;
    %pushi/vec4 15, 0, 4;
    %store/vec4 v000002860186ee70_0, 0, 4;
    %pushi/vec4 286331153, 0, 32;
    %store/vec4 v000002860186d570_0, 0, 32;
    %fork TD_cache_tb.send_write, S_000002860186f5d0;
    %join;
    %free S_000002860186f5d0;
    %alloc S_000002860186f5d0;
    %pushi/vec4 1, 0, 23;
    %store/vec4 v000002860186e790_0, 0, 23;
    %load/vec4 v000002860186d4d0_0;
    %store/vec4 v000002860186f0f0_0, 0, 5;
    %pushi/vec4 8, 0, 4;
    %store/vec4 v000002860186de30_0, 0, 4;
    %pushi/vec4 15, 0, 4;
    %store/vec4 v000002860186ee70_0, 0, 4;
    %pushi/vec4 572662306, 0, 32;
    %store/vec4 v000002860186d570_0, 0, 32;
    %fork TD_cache_tb.send_write, S_000002860186f5d0;
    %join;
    %free S_000002860186f5d0;
    %alloc S_000002860186f5d0;
    %pushi/vec4 1, 0, 23;
    %store/vec4 v000002860186e790_0, 0, 23;
    %load/vec4 v000002860186d4d0_0;
    %store/vec4 v000002860186f0f0_0, 0, 5;
    %pushi/vec4 12, 0, 4;
    %store/vec4 v000002860186de30_0, 0, 4;
    %pushi/vec4 15, 0, 4;
    %store/vec4 v000002860186ee70_0, 0, 4;
    %pushi/vec4 858993459, 0, 32;
    %store/vec4 v000002860186d570_0, 0, 32;
    %fork TD_cache_tb.send_write, S_000002860186f5d0;
    %join;
    %free S_000002860186f5d0;
    %alloc S_000002860186f5d0;
    %pushi/vec4 2, 0, 23;
    %store/vec4 v000002860186e790_0, 0, 23;
    %load/vec4 v000002860186d4d0_0;
    %store/vec4 v000002860186f0f0_0, 0, 5;
    %pushi/vec4 0, 0, 4;
    %store/vec4 v000002860186de30_0, 0, 4;
    %pushi/vec4 15, 0, 4;
    %store/vec4 v000002860186ee70_0, 0, 4;
    %pushi/vec4 1145324612, 0, 32;
    %store/vec4 v000002860186d570_0, 0, 32;
    %fork TD_cache_tb.send_write, S_000002860186f5d0;
    %join;
    %free S_000002860186f5d0;
    %alloc S_000002860186f5d0;
    %pushi/vec4 2, 0, 23;
    %store/vec4 v000002860186e790_0, 0, 23;
    %load/vec4 v000002860186d4d0_0;
    %store/vec4 v000002860186f0f0_0, 0, 5;
    %pushi/vec4 4, 0, 4;
    %store/vec4 v000002860186de30_0, 0, 4;
    %pushi/vec4 15, 0, 4;
    %store/vec4 v000002860186ee70_0, 0, 4;
    %pushi/vec4 1431655765, 0, 32;
    %store/vec4 v000002860186d570_0, 0, 32;
    %fork TD_cache_tb.send_write, S_000002860186f5d0;
    %join;
    %free S_000002860186f5d0;
    %alloc S_000002860186f5d0;
    %pushi/vec4 2, 0, 23;
    %store/vec4 v000002860186e790_0, 0, 23;
    %load/vec4 v000002860186d4d0_0;
    %store/vec4 v000002860186f0f0_0, 0, 5;
    %pushi/vec4 8, 0, 4;
    %store/vec4 v000002860186de30_0, 0, 4;
    %pushi/vec4 15, 0, 4;
    %store/vec4 v000002860186ee70_0, 0, 4;
    %pushi/vec4 1717986918, 0, 32;
    %store/vec4 v000002860186d570_0, 0, 32;
    %fork TD_cache_tb.send_write, S_000002860186f5d0;
    %join;
    %free S_000002860186f5d0;
    %alloc S_000002860186f5d0;
    %pushi/vec4 2, 0, 23;
    %store/vec4 v000002860186e790_0, 0, 23;
    %load/vec4 v000002860186d4d0_0;
    %store/vec4 v000002860186f0f0_0, 0, 5;
    %pushi/vec4 12, 0, 4;
    %store/vec4 v000002860186de30_0, 0, 4;
    %pushi/vec4 15, 0, 4;
    %store/vec4 v000002860186ee70_0, 0, 4;
    %pushi/vec4 2004318071, 0, 32;
    %store/vec4 v000002860186d570_0, 0, 32;
    %fork TD_cache_tb.send_write, S_000002860186f5d0;
    %join;
    %free S_000002860186f5d0;
    %alloc S_000002860186f440;
    %pushi/vec4 1, 0, 23;
    %store/vec4 v000002860186e8d0_0, 0, 23;
    %load/vec4 v000002860186d4d0_0;
    %store/vec4 v000002860186e970_0, 0, 5;
    %pushi/vec4 0, 0, 4;
    %store/vec4 v000002860186d390_0, 0, 4;
    %pushi/vec4 15, 0, 4;
    %store/vec4 v000002860186e5b0_0, 0, 4;
    %fork TD_cache_tb.send_read, S_000002860186f440;
    %join;
    %free S_000002860186f440;
    %alloc S_000002860186f440;
    %pushi/vec4 1, 0, 23;
    %store/vec4 v000002860186e8d0_0, 0, 23;
    %load/vec4 v000002860186d4d0_0;
    %store/vec4 v000002860186e970_0, 0, 5;
    %pushi/vec4 4, 0, 4;
    %store/vec4 v000002860186d390_0, 0, 4;
    %pushi/vec4 15, 0, 4;
    %store/vec4 v000002860186e5b0_0, 0, 4;
    %fork TD_cache_tb.send_read, S_000002860186f440;
    %join;
    %free S_000002860186f440;
    %alloc S_000002860186f440;
    %pushi/vec4 1, 0, 23;
    %store/vec4 v000002860186e8d0_0, 0, 23;
    %load/vec4 v000002860186d4d0_0;
    %store/vec4 v000002860186e970_0, 0, 5;
    %pushi/vec4 8, 0, 4;
    %store/vec4 v000002860186d390_0, 0, 4;
    %pushi/vec4 15, 0, 4;
    %store/vec4 v000002860186e5b0_0, 0, 4;
    %fork TD_cache_tb.send_read, S_000002860186f440;
    %join;
    %free S_000002860186f440;
    %alloc S_000002860186f440;
    %pushi/vec4 1, 0, 23;
    %store/vec4 v000002860186e8d0_0, 0, 23;
    %load/vec4 v000002860186d4d0_0;
    %store/vec4 v000002860186e970_0, 0, 5;
    %pushi/vec4 12, 0, 4;
    %store/vec4 v000002860186d390_0, 0, 4;
    %pushi/vec4 15, 0, 4;
    %store/vec4 v000002860186e5b0_0, 0, 4;
    %fork TD_cache_tb.send_read, S_000002860186f440;
    %join;
    %free S_000002860186f440;
    %alloc S_000002860186f440;
    %pushi/vec4 2, 0, 23;
    %store/vec4 v000002860186e8d0_0, 0, 23;
    %load/vec4 v000002860186d4d0_0;
    %store/vec4 v000002860186e970_0, 0, 5;
    %pushi/vec4 0, 0, 4;
    %store/vec4 v000002860186d390_0, 0, 4;
    %pushi/vec4 15, 0, 4;
    %store/vec4 v000002860186e5b0_0, 0, 4;
    %fork TD_cache_tb.send_read, S_000002860186f440;
    %join;
    %free S_000002860186f440;
    %alloc S_000002860186f440;
    %pushi/vec4 2, 0, 23;
    %store/vec4 v000002860186e8d0_0, 0, 23;
    %load/vec4 v000002860186d4d0_0;
    %store/vec4 v000002860186e970_0, 0, 5;
    %pushi/vec4 4, 0, 4;
    %store/vec4 v000002860186d390_0, 0, 4;
    %pushi/vec4 15, 0, 4;
    %store/vec4 v000002860186e5b0_0, 0, 4;
    %fork TD_cache_tb.send_read, S_000002860186f440;
    %join;
    %free S_000002860186f440;
    %alloc S_000002860186f440;
    %pushi/vec4 2, 0, 23;
    %store/vec4 v000002860186e8d0_0, 0, 23;
    %load/vec4 v000002860186d4d0_0;
    %store/vec4 v000002860186e970_0, 0, 5;
    %pushi/vec4 8, 0, 4;
    %store/vec4 v000002860186d390_0, 0, 4;
    %pushi/vec4 15, 0, 4;
    %store/vec4 v000002860186e5b0_0, 0, 4;
    %fork TD_cache_tb.send_read, S_000002860186f440;
    %join;
    %free S_000002860186f440;
    %alloc S_000002860186f440;
    %pushi/vec4 2, 0, 23;
    %store/vec4 v000002860186e8d0_0, 0, 23;
    %load/vec4 v000002860186d4d0_0;
    %store/vec4 v000002860186e970_0, 0, 5;
    %pushi/vec4 12, 0, 4;
    %store/vec4 v000002860186d390_0, 0, 4;
    %pushi/vec4 15, 0, 4;
    %store/vec4 v000002860186e5b0_0, 0, 4;
    %fork TD_cache_tb.send_read, S_000002860186f440;
    %join;
    %free S_000002860186f440;
    %vpi_call/w 3 163 "$finish" {0 0 0};
    %end;
    .thread T_12;
    .scope S_0000028601440740;
T_13 ;
    %delay 5, 0;
    %load/vec4 v000002860186dd90_0;
    %inv;
    %store/vec4 v000002860186dd90_0, 0, 1;
    %jmp T_13;
    .thread T_13;
# The file index is used to find the file name in the following table.
:file_names 6;
    "N/A";
    "<interactive>";
    "-";
    "tb\cache_tb.sv";
    "rtl\cache.v";
    "rtl\tb_memory.v";
