#! /c/Source/iverilog-install/bin/vvp
:ivl_version "12.0 (devel)" "(s20150603-1539-g2693dd32b)";
:ivl_delay_selection "TYPICAL";
:vpi_time_precision - 12;
:vpi_module "D:\iverilog\lib\ivl\system.vpi";
:vpi_module "D:\iverilog\lib\ivl\vhdl_sys.vpi";
:vpi_module "D:\iverilog\lib\ivl\vhdl_textio.vpi";
:vpi_module "D:\iverilog\lib\ivl\v2005_math.vpi";
:vpi_module "D:\iverilog\lib\ivl\va_math.vpi";
S_000001f0f6a91d50 .scope module, "tb" "tb" 2 2;
 .timescale -9 -12;
v000001f0f6af7390_0 .var "clk", 0 0;
v000001f0f6af6f30_0 .net "rs1", 31 0, L_000001f0f6b41ee0;  1 drivers
v000001f0f6af7570_0 .var "rs1_addr", 4 0;
v000001f0f6af6fd0_0 .var "rs2_addr", 4 0;
v000001f0f6af74d0_0 .var "rst", 0 0;
v000001f0f6af7cf0_0 .var "waddr", 4 0;
v000001f0f6af7d90_0 .var "wdata", 31 0;
v000001f0f6af76b0_0 .var "wen", 0 0;
E_000001f0f6a8fde0 .event negedge, v000001f0f6af7bb0_0;
S_000001f0f6a46950 .scope module, "dut" "rf" 2 4, 3 8 0, S_000001f0f6a91d50;
 .timescale -9 -12;
    .port_info 0 /INPUT 1 "i_clk";
    .port_info 1 /INPUT 1 "i_rst";
    .port_info 2 /INPUT 5 "i_rs1_raddr";
    .port_info 3 /OUTPUT 32 "o_rs1_rdata";
    .port_info 4 /INPUT 5 "i_rs2_raddr";
    .port_info 5 /OUTPUT 32 "o_rs2_rdata";
    .port_info 6 /INPUT 1 "i_rd_wen";
    .port_info 7 /INPUT 5 "i_rd_waddr";
    .port_info 8 /INPUT 32 "i_rd_wdata";
P_000001f0f6a90a20 .param/l "BYPASS_EN" 0 3 17, +C4<00000000000000000000000000000001>;
L_000001f0f6af88a8 .functor BUFT 1, C4<1>, C4<0>, C4<0>, C4<0>;
L_000001f0f6a8a970 .functor AND 1, L_000001f0f6af88a8, v000001f0f6af76b0_0, C4<1>, C4<1>;
L_000001f0f6a8a660 .functor AND 1, L_000001f0f6a8a970, L_000001f0f6af7e30, C4<1>, C4<1>;
L_000001f0f6a8a9e0 .functor AND 1, L_000001f0f6a8a660, L_000001f0f6af7ed0, C4<1>, C4<1>;
L_000001f0f6af8938 .functor BUFT 1, C4<1>, C4<0>, C4<0>, C4<0>;
L_000001f0f6a8a900 .functor AND 1, L_000001f0f6af8938, v000001f0f6af76b0_0, C4<1>, C4<1>;
L_000001f0f6a8a350 .functor AND 1, L_000001f0f6a8a900, L_000001f0f6af60d0, C4<1>, C4<1>;
L_000001f0f6a8a6d0 .functor AND 1, L_000001f0f6a8a350, L_000001f0f6b41f80, C4<1>, C4<1>;
v000001f0f6a8dbe0_0 .net/2u *"_ivl_0", 0 0, L_000001f0f6af88a8;  1 drivers
v000001f0f6a8dd20_0 .net *"_ivl_10", 0 0, L_000001f0f6af7ed0;  1 drivers
v000001f0f6a8ddc0_0 .net/2u *"_ivl_14", 0 0, L_000001f0f6af8938;  1 drivers
v000001f0f6a8de60_0 .net *"_ivl_17", 0 0, L_000001f0f6a8a900;  1 drivers
L_000001f0f6af8980 .functor BUFT 1, C4<00000>, C4<0>, C4<0>, C4<0>;
v000001f0f6a8dfa0_0 .net/2u *"_ivl_18", 4 0, L_000001f0f6af8980;  1 drivers
v000001f0f6a8e0e0_0 .net *"_ivl_20", 0 0, L_000001f0f6af60d0;  1 drivers
v000001f0f6a8e180_0 .net *"_ivl_23", 0 0, L_000001f0f6a8a350;  1 drivers
v000001f0f6af7070_0 .net *"_ivl_24", 0 0, L_000001f0f6b41f80;  1 drivers
L_000001f0f6af89c8 .functor BUFT 1, C4<00000000000000000000000000000000>, C4<0>, C4<0>, C4<0>;
v000001f0f6af6170_0 .net/2u *"_ivl_28", 31 0, L_000001f0f6af89c8;  1 drivers
v000001f0f6af6990_0 .net *"_ivl_3", 0 0, L_000001f0f6a8a970;  1 drivers
L_000001f0f6af8a10 .functor BUFT 1, C4<00000>, C4<0>, C4<0>, C4<0>;
v000001f0f6af65d0_0 .net/2u *"_ivl_30", 4 0, L_000001f0f6af8a10;  1 drivers
v000001f0f6af6490_0 .net *"_ivl_32", 0 0, L_000001f0f6b41e40;  1 drivers
L_000001f0f6af8a58 .functor BUFT 1, C4<00000000000000000000000000000000>, C4<0>, C4<0>, C4<0>;
v000001f0f6af6210_0 .net/2u *"_ivl_34", 31 0, L_000001f0f6af8a58;  1 drivers
v000001f0f6af62b0_0 .net *"_ivl_36", 31 0, L_000001f0f6b40e00;  1 drivers
v000001f0f6af7a70_0 .net *"_ivl_38", 6 0, L_000001f0f6b41a80;  1 drivers
L_000001f0f6af88f0 .functor BUFT 1, C4<00000>, C4<0>, C4<0>, C4<0>;
v000001f0f6af7610_0 .net/2u *"_ivl_4", 4 0, L_000001f0f6af88f0;  1 drivers
L_000001f0f6af8aa0 .functor BUFT 1, C4<00>, C4<0>, C4<0>, C4<0>;
v000001f0f6af6d50_0 .net *"_ivl_41", 1 0, L_000001f0f6af8aa0;  1 drivers
v000001f0f6af6350_0 .net *"_ivl_42", 31 0, L_000001f0f6b41620;  1 drivers
v000001f0f6af7890_0 .net *"_ivl_44", 31 0, L_000001f0f6b40f40;  1 drivers
L_000001f0f6af8ae8 .functor BUFT 1, C4<00000000000000000000000000000000>, C4<0>, C4<0>, C4<0>;
v000001f0f6af6850_0 .net/2u *"_ivl_48", 31 0, L_000001f0f6af8ae8;  1 drivers
L_000001f0f6af8b30 .functor BUFT 1, C4<00000>, C4<0>, C4<0>, C4<0>;
v000001f0f6af7110_0 .net/2u *"_ivl_50", 4 0, L_000001f0f6af8b30;  1 drivers
v000001f0f6af6a30_0 .net *"_ivl_52", 0 0, L_000001f0f6b41260;  1 drivers
L_000001f0f6af8b78 .functor BUFT 1, C4<00000000000000000000000000000000>, C4<0>, C4<0>, C4<0>;
v000001f0f6af6b70_0 .net/2u *"_ivl_54", 31 0, L_000001f0f6af8b78;  1 drivers
v000001f0f6af71b0_0 .net *"_ivl_56", 31 0, L_000001f0f6b41da0;  1 drivers
v000001f0f6af63f0_0 .net *"_ivl_58", 6 0, L_000001f0f6b41120;  1 drivers
v000001f0f6af77f0_0 .net *"_ivl_6", 0 0, L_000001f0f6af7e30;  1 drivers
L_000001f0f6af8bc0 .functor BUFT 1, C4<00>, C4<0>, C4<0>, C4<0>;
v000001f0f6af6e90_0 .net *"_ivl_61", 1 0, L_000001f0f6af8bc0;  1 drivers
v000001f0f6af6530_0 .net *"_ivl_62", 31 0, L_000001f0f6b41440;  1 drivers
v000001f0f6af6df0_0 .net *"_ivl_64", 31 0, L_000001f0f6b40fe0;  1 drivers
v000001f0f6af7250_0 .net *"_ivl_9", 0 0, L_000001f0f6a8a660;  1 drivers
v000001f0f6af7bb0_0 .net "i_clk", 0 0, v000001f0f6af7390_0;  1 drivers
v000001f0f6af6670_0 .net "i_rd_waddr", 4 0, v000001f0f6af7cf0_0;  1 drivers
v000001f0f6af67b0_0 .var "i_rd_waddr_q", 4 0;
v000001f0f6af6710_0 .net "i_rd_wdata", 31 0, v000001f0f6af7d90_0;  1 drivers
v000001f0f6af68f0_0 .var "i_rd_wdata_q", 31 0;
v000001f0f6af6cb0_0 .net "i_rd_wen", 0 0, v000001f0f6af76b0_0;  1 drivers
v000001f0f6af72f0_0 .var "i_rd_wen_q", 0 0;
v000001f0f6af7430_0 .net "i_rs1_raddr", 4 0, v000001f0f6af7570_0;  1 drivers
v000001f0f6af7f70_0 .net "i_rs2_raddr", 4 0, v000001f0f6af6fd0_0;  1 drivers
v000001f0f6af7b10_0 .net "i_rst", 0 0, v000001f0f6af74d0_0;  1 drivers
v000001f0f6af7750_0 .var/i "idx", 31 0;
v000001f0f6af6ad0_0 .net "o_rs1_rdata", 31 0, L_000001f0f6b41ee0;  alias, 1 drivers
v000001f0f6af7930_0 .net "o_rs2_rdata", 31 0, L_000001f0f6b41080;  1 drivers
v000001f0f6af7c50 .array "regs", 31 0, 31 0;
v000001f0f6af6c10_0 .net "rs1_bypass_hit", 0 0, L_000001f0f6a8a9e0;  1 drivers
v000001f0f6af79d0_0 .net "rs2_bypass_hit", 0 0, L_000001f0f6a8a6d0;  1 drivers
E_000001f0f6a90160 .event posedge, v000001f0f6af7bb0_0;
E_000001f0f6a907a0 .event anyedge, v000001f0f6af6710_0, v000001f0f6af6670_0, v000001f0f6af6cb0_0, v000001f0f6af7b10_0;
L_000001f0f6af7e30 .cmp/ne 5, v000001f0f6af7cf0_0, L_000001f0f6af88f0;
L_000001f0f6af7ed0 .cmp/eq 5, v000001f0f6af7570_0, v000001f0f6af7cf0_0;
L_000001f0f6af60d0 .cmp/ne 5, v000001f0f6af7cf0_0, L_000001f0f6af8980;
L_000001f0f6b41f80 .cmp/eq 5, v000001f0f6af6fd0_0, v000001f0f6af7cf0_0;
L_000001f0f6b41e40 .cmp/eq 5, v000001f0f6af7570_0, L_000001f0f6af8a10;
L_000001f0f6b40e00 .array/port v000001f0f6af7c50, L_000001f0f6b41a80;
L_000001f0f6b41a80 .concat [ 5 2 0 0], v000001f0f6af7570_0, L_000001f0f6af8aa0;
L_000001f0f6b41620 .functor MUXZ 32, L_000001f0f6b40e00, v000001f0f6af7d90_0, L_000001f0f6a8a9e0, C4<>;
L_000001f0f6b40f40 .functor MUXZ 32, L_000001f0f6b41620, L_000001f0f6af8a58, L_000001f0f6b41e40, C4<>;
L_000001f0f6b41ee0 .functor MUXZ 32, L_000001f0f6b40f40, L_000001f0f6af89c8, v000001f0f6af74d0_0, C4<>;
L_000001f0f6b41260 .cmp/eq 5, v000001f0f6af6fd0_0, L_000001f0f6af8b30;
L_000001f0f6b41da0 .array/port v000001f0f6af7c50, L_000001f0f6b41120;
L_000001f0f6b41120 .concat [ 5 2 0 0], v000001f0f6af6fd0_0, L_000001f0f6af8bc0;
L_000001f0f6b41440 .functor MUXZ 32, L_000001f0f6b41da0, v000001f0f6af7d90_0, L_000001f0f6a8a6d0, C4<>;
L_000001f0f6b40fe0 .functor MUXZ 32, L_000001f0f6b41440, L_000001f0f6af8b78, L_000001f0f6b41260, C4<>;
L_000001f0f6b41080 .functor MUXZ 32, L_000001f0f6b40fe0, L_000001f0f6af8ae8, v000001f0f6af74d0_0, C4<>;
    .scope S_000001f0f6a46950;
T_0 ;
    %wait E_000001f0f6a907a0;
    %load/vec4 v000001f0f6af7b10_0;
    %flag_set/vec4 8;
    %jmp/0xz  T_0.0, 8;
    %pushi/vec4 0, 0, 1;
    %assign/vec4 v000001f0f6af72f0_0, 0;
    %pushi/vec4 0, 0, 5;
    %assign/vec4 v000001f0f6af67b0_0, 0;
    %pushi/vec4 0, 0, 32;
    %assign/vec4 v000001f0f6af68f0_0, 0;
    %jmp T_0.1;
T_0.0 ;
    %load/vec4 v000001f0f6af6cb0_0;
    %assign/vec4 v000001f0f6af72f0_0, 0;
    %load/vec4 v000001f0f6af6670_0;
    %assign/vec4 v000001f0f6af67b0_0, 0;
    %load/vec4 v000001f0f6af6710_0;
    %assign/vec4 v000001f0f6af68f0_0, 0;
T_0.1 ;
    %jmp T_0;
    .thread T_0, $push;
    .scope S_000001f0f6a46950;
T_1 ;
    %wait E_000001f0f6a90160;
    %load/vec4 v000001f0f6af7b10_0;
    %flag_set/vec4 8;
    %jmp/0xz  T_1.0, 8;
    %pushi/vec4 0, 0, 32;
    %store/vec4 v000001f0f6af7750_0, 0, 32;
T_1.2 ;
    %load/vec4 v000001f0f6af7750_0;
    %cmpi/s 32, 0, 32;
    %jmp/0xz T_1.3, 5;
    %pushi/vec4 0, 0, 32;
    %ix/getv/s 3, v000001f0f6af7750_0;
    %ix/load 4, 0, 0; Constant delay
    %assign/vec4/a/d v000001f0f6af7c50, 0, 4;
    %load/vec4 v000001f0f6af7750_0;
    %addi 1, 0, 32;
    %store/vec4 v000001f0f6af7750_0, 0, 32;
    %jmp T_1.2;
T_1.3 ;
    %jmp T_1.1;
T_1.0 ;
    %load/vec4 v000001f0f6af72f0_0;
    %flag_set/vec4 9;
    %flag_get/vec4 9;
    %jmp/0 T_1.6, 9;
    %load/vec4 v000001f0f6af67b0_0;
    %pushi/vec4 0, 0, 5;
    %cmp/ne;
    %flag_get/vec4 4;
    %and;
T_1.6;
    %flag_set/vec4 8;
    %jmp/0xz  T_1.4, 8;
    %load/vec4 v000001f0f6af68f0_0;
    %load/vec4 v000001f0f6af67b0_0;
    %pad/u 7;
    %ix/vec4 3;
    %ix/load 4, 0, 0; Constant delay
    %assign/vec4/a/d v000001f0f6af7c50, 0, 4;
T_1.4 ;
T_1.1 ;
    %jmp T_1;
    .thread T_1;
    .scope S_000001f0f6a91d50;
T_2 ;
    %pushi/vec4 0, 0, 1;
    %store/vec4 v000001f0f6af7390_0, 0, 1;
    %pushi/vec4 1, 0, 1;
    %store/vec4 v000001f0f6af74d0_0, 0, 1;
    %pushi/vec4 0, 0, 1;
    %store/vec4 v000001f0f6af76b0_0, 0, 1;
    %pushi/vec4 0, 0, 5;
    %store/vec4 v000001f0f6af7cf0_0, 0, 5;
    %pushi/vec4 0, 0, 32;
    %store/vec4 v000001f0f6af7d90_0, 0, 32;
    %pushi/vec4 0, 0, 5;
    %store/vec4 v000001f0f6af7570_0, 0, 5;
    %pushi/vec4 0, 0, 5;
    %store/vec4 v000001f0f6af6fd0_0, 0, 5;
    %delay 2000, 0;
    %pushi/vec4 1, 0, 5;
    %store/vec4 v000001f0f6af7570_0, 0, 5;
    %pushi/vec4 2, 0, 5;
    %store/vec4 v000001f0f6af6fd0_0, 0, 5;
    %delay 2000, 0;
    %wait E_000001f0f6a8fde0;
    %pushi/vec4 0, 0, 1;
    %store/vec4 v000001f0f6af74d0_0, 0, 1;
    %pushi/vec4 1, 0, 5;
    %store/vec4 v000001f0f6af7cf0_0, 0, 5;
    %pushi/vec4 2779096485, 0, 32;
    %store/vec4 v000001f0f6af7d90_0, 0, 32;
    %pushi/vec4 1, 0, 1;
    %store/vec4 v000001f0f6af76b0_0, 0, 1;
    %pushi/vec4 1, 0, 5;
    %store/vec4 v000001f0f6af7570_0, 0, 5;
    %vpi_call 2 5 "$display", "imm t=%0t rs1=%h hit=%b", $time, v000001f0f6af6f30_0, v000001f0f6af6c10_0 {0 0 0};
    %delay 0, 0;
    %vpi_call 2 5 "$display", "#0 t=%0t rs1=%h hit=%b", $time, v000001f0f6af6f30_0, v000001f0f6af6c10_0 {0 0 0};
    %delay 0, 0;
    %vpi_call 2 5 "$display", "#0#0 t=%0t rs1=%h hit=%b", $time, v000001f0f6af6f30_0, v000001f0f6af6c10_0 {0 0 0};
    %delay 1000, 0;
    %vpi_call 2 5 "$display", "#1 t=%0t rs1=%h hit=%b", $time, v000001f0f6af6f30_0, v000001f0f6af6c10_0 {0 0 0};
    %delay 20000, 0;
    %vpi_call 2 5 "$finish" {0 0 0};
    %end;
    .thread T_2;
    .scope S_000001f0f6a91d50;
T_3 ;
    %delay 5000, 0;
    %load/vec4 v000001f0f6af7390_0;
    %inv;
    %store/vec4 v000001f0f6af7390_0, 0, 1;
    %jmp T_3;
    .thread T_3;
# The file index is used to find the file name in the following table.
:file_names 4;
    "N/A";
    "<interactive>";
    "build/tmp_rf_delta.v";
    "lib/rf.v";
