#! /c/Source/iverilog-install/bin/vvp
:ivl_version "12.0 (devel)" "(s20150603-1539-g2693dd32b)";
:ivl_delay_selection "TYPICAL";
:vpi_time_precision + 0;
:vpi_module "D:\iverilog\lib\ivl\system.vpi";
:vpi_module "D:\iverilog\lib\ivl\vhdl_sys.vpi";
:vpi_module "D:\iverilog\lib\ivl\vhdl_textio.vpi";
:vpi_module "D:\iverilog\lib\ivl\v2005_math.vpi";
:vpi_module "D:\iverilog\lib\ivl\va_math.vpi";
S_0000019b93fe6a60 .scope module, "tb" "tb" 2 2;
 .timescale 0 0;
v0000019b93febf10_0 .var "a", 0 0;
v0000019b94034e20_0 .net "y", 0 0, L_0000019b93fe6ef0;  1 drivers
S_0000019b93fe6bf0 .scope module, "c" "child" 2 4, 2 1 0, S_0000019b93fe6a60;
 .timescale 0 0;
    .port_info 0 /INPUT 1 "a";
    .port_info 1 /OUTPUT 1 "y";
L_0000019b93fe6ef0 .functor BUFZ 1, v0000019b93febf10_0, C4<0>, C4<0>, C4<0>;
v0000019b93fe70f0_0 .net "a", 0 0, v0000019b93febf10_0;  1 drivers
v0000019b93febc40_0 .net "y", 0 0, L_0000019b93fe6ef0;  alias, 1 drivers
S_0000019b93febce0 .scope task, "check" "check" 2 5, 2 5 0, S_0000019b93fe6a60;
 .timescale 0 0;
v0000019b93febe70_0 .var "got", 0 0;
TD_tb.check ;
    %delay 1, 0;
    %vpi_call 2 5 "$display", "got=%b", v0000019b93febe70_0 {0 0 0};
    %end;
    .scope S_0000019b93fe6a60;
T_1 ;
    %pushi/vec4 0, 0, 1;
    %store/vec4 v0000019b93febf10_0, 0, 1;
    %delay 10, 0;
    %pushi/vec4 1, 0, 1;
    %store/vec4 v0000019b93febf10_0, 0, 1;
    %load/vec4 v0000019b94034e20_0;
    %store/vec4 v0000019b93febe70_0, 0, 1;
    %fork TD_tb.check, S_0000019b93febce0;
    %join;
    %delay 10, 0;
    %vpi_call 2 6 "$finish" {0 0 0};
    %end;
    .thread T_1;
# The file index is used to find the file name in the following table.
:file_names 3;
    "N/A";
    "<interactive>";
    "build/tmp_port.v";
