#! /c/Source/iverilog-install/bin/vvp
:ivl_version "12.0 (devel)" "(s20150603-1539-g2693dd32b)";
:ivl_delay_selection "TYPICAL";
:vpi_time_precision - 12;
:vpi_module "D:\iverilog\lib\ivl\system.vpi";
:vpi_module "D:\iverilog\lib\ivl\vhdl_sys.vpi";
:vpi_module "D:\iverilog\lib\ivl\vhdl_textio.vpi";
:vpi_module "D:\iverilog\lib\ivl\v2005_math.vpi";
:vpi_module "D:\iverilog\lib\ivl\va_math.vpi";
S_0000022291376c80 .scope module, "t" "t" 2 2;
 .timescale -9 -12;
v00000222913d7030_0 .net "AluOp", 2 0, L_00000222913da050;  1 drivers
v00000222913d68b0_0 .net "AluSrc1", 0 0, L_0000022291364b60;  1 drivers
v00000222913d6810_0 .net "AluSrc2", 0 0, L_00000222913db620;  1 drivers
v00000222913d7ad0_0 .net "Branch", 0 0, L_00000222913dbc40;  1 drivers
v00000222913d75d0_0 .net "EBreak", 0 0, L_00000222913649a0;  1 drivers
v00000222913d5eb0_0 .net "IllegalInst", 0 0, L_0000022291364770;  1 drivers
v00000222913d6950_0 .var "Inst", 31 0;
v00000222913d6db0_0 .net "Jump", 0 0, L_00000222913db700;  1 drivers
v00000222913d7710_0 .net "MemRead", 0 0, L_00000222913647e0;  1 drivers
v00000222913d7850_0 .net "MemToReg", 0 0, L_0000022291364a80;  1 drivers
v00000222913d7170_0 .net "MemWrite", 0 0, L_0000022291363e40;  1 drivers
v00000222913d7a30_0 .net "Offset", 31 0, L_000002229177c1a0;  1 drivers
v00000222913d6ef0_0 .net "PcSrc", 0 0, L_00000222913642a0;  1 drivers
v00000222913d6f90_0 .net "RegWrite", 0 0, L_00000222913db000;  1 drivers
v00000222913d78f0_0 .var "WriteAddr", 4 0;
v00000222913d6770_0 .var "WriteData", 31 0;
v00000222913d6d10_0 .var "WriteEn", 0 0;
v00000222913d6b30_0 .var "clk", 0 0;
v00000222913d69f0_0 .net "lui", 0 0, L_0000022291364700;  1 drivers
v00000222913d70d0_0 .net "rd_addr", 4 0, L_00000222913da5f0;  1 drivers
v00000222913d6bd0_0 .net "rs1_addr", 4 0, L_00000222913d8f70;  1 drivers
v00000222913d7b70_0 .net "rs1_data", 31 0, L_00000222913d9290;  1 drivers
v00000222913d6a90_0 .net "rs2_addr", 4 0, L_00000222913daa50;  1 drivers
v00000222913d6630_0 .net "rs2_data", 31 0, L_00000222913d9e70;  1 drivers
v00000222913d5f50_0 .var "rst", 0 0;
S_0000022291378030 .scope module, "dut" "decode" 2 5, 3 1 0, S_0000022291376c80;
 .timescale -9 -12;
    .port_info 0 /INPUT 1 "i_clk";
    .port_info 1 /INPUT 1 "i_rst";
    .port_info 2 /INPUT 32 "Inst";
    .port_info 3 /INPUT 32 "WriteData";
    .port_info 4 /INPUT 5 "WriteAddr";
    .port_info 5 /INPUT 1 "WriteEn";
    .port_info 6 /OUTPUT 1 "lui";
    .port_info 7 /OUTPUT 1 "PcSrc";
    .port_info 8 /OUTPUT 3 "AluOp";
    .port_info 9 /OUTPUT 1 "MemWrite";
    .port_info 10 /OUTPUT 1 "MemRead";
    .port_info 11 /OUTPUT 1 "MemToReg";
    .port_info 12 /OUTPUT 1 "AluSrc1";
    .port_info 13 /OUTPUT 1 "AluSrc2";
    .port_info 14 /OUTPUT 1 "RegWrite";
    .port_info 15 /OUTPUT 1 "Jump";
    .port_info 16 /OUTPUT 1 "Branch";
    .port_info 17 /OUTPUT 32 "Offset";
    .port_info 18 /OUTPUT 5 "o_retire_rs1_raddr";
    .port_info 19 /OUTPUT 5 "o_retire_rs2_raddr";
    .port_info 20 /OUTPUT 5 "o_retire_rd_waddr";
    .port_info 21 /OUTPUT 32 "o_retire_rs1_rdata";
    .port_info 22 /OUTPUT 32 "o_retire_rs2_rdata";
    .port_info 23 /OUTPUT 1 "IllegalInst";
    .port_info 24 /OUTPUT 1 "EBreak";
P_000002229136abd0 .param/l "BYPASS_EN" 0 3 2, +C4<00000000000000000000000000000000>;
L_0000022291364620 .functor OR 1, L_00000222913d6590, L_00000222913d7990, C4<0>, C4<0>;
L_0000022291364af0 .functor OR 1, L_0000022291364620, L_00000222913d5ff0, C4<0>, C4<0>;
L_0000022291364690 .functor OR 1, L_00000222913d7670, L_00000222913d7cb0, C4<0>, C4<0>;
L_00000222913649a0 .functor BUFZ 1, L_00000222913d6090, C4<0>, C4<0>, C4<0>;
L_00000222913648c0 .functor OR 1, L_00000222913d64f0, L_00000222913d6590, C4<0>, C4<0>;
L_0000022291364a10 .functor OR 1, L_00000222913648c0, L_00000222913d7990, C4<0>, C4<0>;
L_0000022291364230 .functor OR 1, L_0000022291364a10, L_00000222913d72b0, C4<0>, C4<0>;
L_0000022291364070 .functor OR 1, L_0000022291364230, L_00000222913d73f0, C4<0>, C4<0>;
L_0000022291363cf0 .functor OR 1, L_0000022291364070, L_00000222913d7670, C4<0>, C4<0>;
L_0000022291364000 .functor OR 1, L_0000022291363cf0, L_00000222913d7cb0, C4<0>, C4<0>;
L_0000022291363f20 .functor OR 1, L_0000022291364000, L_00000222913d5e10, C4<0>, C4<0>;
L_0000022291363eb0 .functor OR 1, L_0000022291363f20, L_00000222913d5ff0, C4<0>, C4<0>;
L_0000022291364850 .functor OR 1, L_0000022291363eb0, L_00000222913d6090, C4<0>, C4<0>;
L_0000022291364770 .functor NOT 1, L_0000022291364850, C4<0>, C4<0>, C4<0>;
L_0000022291364700 .functor BUFZ 1, L_00000222913d7670, C4<0>, C4<0>, C4<0>;
L_00000222913642a0 .functor BUFZ 1, L_00000222913d5ff0, C4<0>, C4<0>, C4<0>;
L_0000022291363e40 .functor BUFZ 1, L_00000222913d72b0, C4<0>, C4<0>, C4<0>;
L_00000222913647e0 .functor BUFZ 1, L_00000222913d7990, C4<0>, C4<0>, C4<0>;
L_0000022291364a80 .functor BUFZ 1, L_00000222913d7990, C4<0>, C4<0>, C4<0>;
L_0000022291364b60 .functor BUFZ 1, L_00000222913d7cb0, C4<0>, C4<0>, C4<0>;
L_0000022291363f90 .functor OR 1, L_00000222913d6590, L_00000222913d7990, C4<0>, C4<0>;
L_00000222913daf90 .functor OR 1, L_0000022291363f90, L_00000222913d72b0, C4<0>, C4<0>;
L_00000222913dbb60 .functor OR 1, L_00000222913daf90, L_00000222913d7cb0, C4<0>, C4<0>;
L_00000222913db620 .functor OR 1, L_00000222913dbb60, L_00000222913d5ff0, C4<0>, C4<0>;
L_00000222913db770 .functor OR 1, L_00000222913d64f0, L_00000222913d6590, C4<0>, C4<0>;
L_00000222913db7e0 .functor OR 1, L_00000222913db770, L_00000222913d7990, C4<0>, C4<0>;
L_00000222913db690 .functor OR 1, L_00000222913db7e0, L_00000222913d7670, C4<0>, C4<0>;
L_00000222913db230 .functor OR 1, L_00000222913db690, L_00000222913d7cb0, C4<0>, C4<0>;
L_00000222913daeb0 .functor OR 1, L_00000222913db230, L_00000222913d5e10, C4<0>, C4<0>;
L_00000222913db000 .functor OR 1, L_00000222913daeb0, L_00000222913d5ff0, C4<0>, C4<0>;
L_00000222913db700 .functor OR 1, L_00000222913d5e10, L_00000222913d5ff0, C4<0>, C4<0>;
L_00000222913dbc40 .functor BUFZ 1, L_00000222913d73f0, C4<0>, C4<0>, C4<0>;
L_00000222913db150 .functor OR 1, L_00000222913d64f0, L_00000222913d6590, C4<0>, C4<0>;
L_00000222913db4d0 .functor OR 1, L_00000222913db150, L_00000222913d7990, C4<0>, C4<0>;
L_00000222913db070 .functor OR 1, L_00000222913db4d0, L_00000222913d72b0, C4<0>, C4<0>;
L_00000222913db310 .functor OR 1, L_00000222913db070, L_00000222913d73f0, C4<0>, C4<0>;
L_00000222913db930 .functor OR 1, L_00000222913db310, L_00000222913d5ff0, C4<0>, C4<0>;
L_00000222913dbbd0 .functor OR 1, L_00000222913d64f0, L_00000222913d72b0, C4<0>, C4<0>;
L_00000222913db0e0 .functor OR 1, L_00000222913dbbd0, L_00000222913d73f0, C4<0>, C4<0>;
L_00000222913db850 .functor BUFZ 1, L_00000222913db000, C4<0>, C4<0>, C4<0>;
L_00000222913db8c0 .functor AND 1, L_00000222913db850, L_00000222913d9dd0, C4<1>, C4<1>;
L_00000222913db9a0 .functor AND 1, L_00000222913db8c0, L_00000222913d9fb0, C4<1>, C4<1>;
v00000222913d2930_0 .net "AluOp", 2 0, L_00000222913da050;  alias, 1 drivers
v00000222913d2bb0_0 .net "AluSrc1", 0 0, L_0000022291364b60;  alias, 1 drivers
v00000222913d1f30_0 .net "AluSrc2", 0 0, L_00000222913db620;  alias, 1 drivers
v00000222913d38d0_0 .net "Branch", 0 0, L_00000222913dbc40;  alias, 1 drivers
v00000222913d29d0_0 .net "EBreak", 0 0, L_00000222913649a0;  alias, 1 drivers
v00000222913d3830_0 .net "IllegalInst", 0 0, L_0000022291364770;  alias, 1 drivers
v00000222913d2430_0 .net "Inst", 31 0, v00000222913d6950_0;  1 drivers
v00000222913d2890_0 .net "Jump", 0 0, L_00000222913db700;  alias, 1 drivers
v00000222913d3970_0 .net "MemRead", 0 0, L_00000222913647e0;  alias, 1 drivers
v00000222913d24d0_0 .net "MemToReg", 0 0, L_0000022291364a80;  alias, 1 drivers
v00000222913d2c50_0 .net "MemWrite", 0 0, L_0000022291363e40;  alias, 1 drivers
v00000222913d3ab0_0 .net "Offset", 31 0, L_000002229177c1a0;  alias, 1 drivers
v00000222913d3650_0 .net "PcSrc", 0 0, L_00000222913642a0;  alias, 1 drivers
v00000222913d2570_0 .net "RegWrite", 0 0, L_00000222913db000;  alias, 1 drivers
v00000222913d30b0_0 .net "Rs1Used", 0 0, L_00000222913db930;  1 drivers
v00000222913d3790_0 .net "Rs2Used", 0 0, L_00000222913db0e0;  1 drivers
v00000222913d3010_0 .net "WriteAddr", 4 0, v00000222913d78f0_0;  1 drivers
v00000222913d2750_0 .net "WriteData", 31 0, v00000222913d6770_0;  1 drivers
v00000222913d3c90_0 .net "WriteEn", 0 0, v00000222913d6d10_0;  1 drivers
v00000222913d35b0_0 .net *"_ivl_116", 0 0, L_0000022291363f90;  1 drivers
v00000222913d21b0_0 .net *"_ivl_118", 0 0, L_00000222913daf90;  1 drivers
L_00000222917200d0 .functor BUFT 1, C4<0010011>, C4<0>, C4<0>, C4<0>;
v00000222913d2f70_0 .net/2u *"_ivl_12", 6 0, L_00000222917200d0;  1 drivers
v00000222913d2610_0 .net *"_ivl_120", 0 0, L_00000222913dbb60;  1 drivers
v00000222913d2cf0_0 .net *"_ivl_124", 0 0, L_00000222913db770;  1 drivers
v00000222913d3510_0 .net *"_ivl_126", 0 0, L_00000222913db7e0;  1 drivers
v00000222913d3290_0 .net *"_ivl_128", 0 0, L_00000222913db690;  1 drivers
v00000222913d27f0_0 .net *"_ivl_130", 0 0, L_00000222913db230;  1 drivers
v00000222913d3b50_0 .net *"_ivl_132", 0 0, L_00000222913daeb0;  1 drivers
v00000222913d36f0_0 .net *"_ivl_140", 0 0, L_00000222913db150;  1 drivers
v00000222913d33d0_0 .net *"_ivl_142", 0 0, L_00000222913db4d0;  1 drivers
v00000222913d1df0_0 .net *"_ivl_144", 0 0, L_00000222913db070;  1 drivers
v00000222913d2d90_0 .net *"_ivl_146", 0 0, L_00000222913db310;  1 drivers
v00000222913d2b10_0 .net *"_ivl_150", 0 0, L_00000222913dbbd0;  1 drivers
L_0000022291720820 .functor BUFT 1, C4<00000>, C4<0>, C4<0>, C4<0>;
v00000222913d1e90_0 .net/2u *"_ivl_156", 4 0, L_0000022291720820;  1 drivers
L_0000022291720118 .functor BUFT 1, C4<0000011>, C4<0>, C4<0>, C4<0>;
v00000222913d1fd0_0 .net/2u *"_ivl_16", 6 0, L_0000022291720118;  1 drivers
L_0000022291720868 .functor BUFT 1, C4<00000000000000000000000000000000>, C4<0>, C4<0>, C4<0>;
v00000222913d3150_0 .net/2u *"_ivl_160", 31 0, L_0000022291720868;  1 drivers
L_00000222917208b0 .functor BUFT 1, C4<00000>, C4<0>, C4<0>, C4<0>;
v00000222913d26b0_0 .net/2u *"_ivl_164", 4 0, L_00000222917208b0;  1 drivers
L_00000222917208f8 .functor BUFT 1, C4<00000000000000000000000000000000>, C4<0>, C4<0>, C4<0>;
v00000222913d31f0_0 .net/2u *"_ivl_168", 31 0, L_00000222917208f8;  1 drivers
v00000222913d2110_0 .net *"_ivl_173", 0 0, L_00000222913d9dd0;  1 drivers
v00000222913d2250_0 .net *"_ivl_175", 0 0, L_00000222913db8c0;  1 drivers
v00000222913d22f0_0 .net *"_ivl_177", 0 0, L_00000222913d9fb0;  1 drivers
v00000222913d2a70_0 .net *"_ivl_179", 0 0, L_00000222913db9a0;  1 drivers
L_0000022291720940 .functor BUFT 1, C4<00000>, C4<0>, C4<0>, C4<0>;
v00000222913d2e30_0 .net/2u *"_ivl_180", 4 0, L_0000022291720940;  1 drivers
L_0000022291720160 .functor BUFT 1, C4<0100011>, C4<0>, C4<0>, C4<0>;
v00000222913d2390_0 .net/2u *"_ivl_20", 6 0, L_0000022291720160;  1 drivers
L_00000222917201a8 .functor BUFT 1, C4<1100011>, C4<0>, C4<0>, C4<0>;
v00000222913d3330_0 .net/2u *"_ivl_24", 6 0, L_00000222917201a8;  1 drivers
L_00000222917201f0 .functor BUFT 1, C4<0110111>, C4<0>, C4<0>, C4<0>;
v00000222913d3470_0 .net/2u *"_ivl_28", 6 0, L_00000222917201f0;  1 drivers
L_0000022291720238 .functor BUFT 1, C4<0010111>, C4<0>, C4<0>, C4<0>;
v00000222913d52a0_0 .net/2u *"_ivl_32", 6 0, L_0000022291720238;  1 drivers
L_0000022291720280 .functor BUFT 1, C4<1101111>, C4<0>, C4<0>, C4<0>;
v00000222913d5ca0_0 .net/2u *"_ivl_36", 6 0, L_0000022291720280;  1 drivers
L_00000222917202c8 .functor BUFT 1, C4<1100111>, C4<0>, C4<0>, C4<0>;
v00000222913d46c0_0 .net/2u *"_ivl_40", 6 0, L_00000222917202c8;  1 drivers
L_0000022291720310 .functor BUFT 1, C4<00000000000100000000000001110011>, C4<0>, C4<0>, C4<0>;
v00000222913d4620_0 .net/2u *"_ivl_44", 31 0, L_0000022291720310;  1 drivers
L_0000022291720358 .functor BUFT 1, C4<000001>, C4<0>, C4<0>, C4<0>;
v00000222913d57a0_0 .net/2u *"_ivl_48", 5 0, L_0000022291720358;  1 drivers
v00000222913d5340_0 .net *"_ivl_51", 0 0, L_0000022291364620;  1 drivers
v00000222913d58e0_0 .net *"_ivl_53", 0 0, L_0000022291364af0;  1 drivers
L_00000222917203a0 .functor BUFT 1, C4<000010>, C4<0>, C4<0>, C4<0>;
v00000222913d4080_0 .net/2u *"_ivl_54", 5 0, L_00000222917203a0;  1 drivers
L_00000222917203e8 .functor BUFT 1, C4<000100>, C4<0>, C4<0>, C4<0>;
v00000222913d4940_0 .net/2u *"_ivl_56", 5 0, L_00000222917203e8;  1 drivers
L_0000022291720430 .functor BUFT 1, C4<001000>, C4<0>, C4<0>, C4<0>;
v00000222913d5660_0 .net/2u *"_ivl_58", 5 0, L_0000022291720430;  1 drivers
v00000222913d5200_0 .net *"_ivl_61", 0 0, L_0000022291364690;  1 drivers
L_0000022291720478 .functor BUFT 1, C4<010000>, C4<0>, C4<0>, C4<0>;
v00000222913d3e00_0 .net/2u *"_ivl_62", 5 0, L_0000022291720478;  1 drivers
L_00000222917204c0 .functor BUFT 1, C4<100000>, C4<0>, C4<0>, C4<0>;
v00000222913d4bc0_0 .net/2u *"_ivl_64", 5 0, L_00000222917204c0;  1 drivers
L_0000022291720508 .functor BUFT 1, C4<000000>, C4<0>, C4<0>, C4<0>;
v00000222913d5a20_0 .net/2u *"_ivl_66", 5 0, L_0000022291720508;  1 drivers
v00000222913d44e0_0 .net *"_ivl_68", 5 0, L_00000222913d6130;  1 drivers
v00000222913d49e0_0 .net *"_ivl_70", 5 0, L_00000222913d61d0;  1 drivers
v00000222913d5840_0 .net *"_ivl_72", 5 0, L_00000222913d6270;  1 drivers
v00000222913d4da0_0 .net *"_ivl_74", 5 0, L_00000222913d63b0;  1 drivers
v00000222913d5ac0_0 .net *"_ivl_76", 5 0, L_00000222913d6450;  1 drivers
L_0000022291720088 .functor BUFT 1, C4<0110011>, C4<0>, C4<0>, C4<0>;
v00000222913d5700_0 .net/2u *"_ivl_8", 6 0, L_0000022291720088;  1 drivers
v00000222913d4e40_0 .net *"_ivl_82", 0 0, L_00000222913648c0;  1 drivers
v00000222913d5980_0 .net *"_ivl_84", 0 0, L_0000022291364a10;  1 drivers
v00000222913d5b60_0 .net *"_ivl_86", 0 0, L_0000022291364230;  1 drivers
v00000222913d4800_0 .net *"_ivl_88", 0 0, L_0000022291364070;  1 drivers
v00000222913d3ea0_0 .net *"_ivl_90", 0 0, L_0000022291363cf0;  1 drivers
v00000222913d4ee0_0 .net *"_ivl_92", 0 0, L_0000022291364000;  1 drivers
v00000222913d5160_0 .net *"_ivl_94", 0 0, L_0000022291363f20;  1 drivers
v00000222913d5c00_0 .net *"_ivl_96", 0 0, L_0000022291363eb0;  1 drivers
v00000222913d3f40_0 .net *"_ivl_98", 0 0, L_0000022291364850;  1 drivers
v00000222913d4120_0 .net "i_clk", 0 0, v00000222913d6b30_0;  1 drivers
v00000222913d3fe0_0 .net "i_format", 5 0, L_00000222913d66d0;  1 drivers
v00000222913d41c0_0 .net "i_rst", 0 0, v00000222913d5f50_0;  1 drivers
v00000222913d4260_0 .net "is_auipc", 0 0, L_00000222913d7cb0;  1 drivers
v00000222913d53e0_0 .net "is_branch", 0 0, L_00000222913d73f0;  1 drivers
v00000222913d4300_0 .net "is_ebreak", 0 0, L_00000222913d6090;  1 drivers
v00000222913d43a0_0 .net "is_itype_alu", 0 0, L_00000222913d6590;  1 drivers
v00000222913d4440_0 .net "is_jal", 0 0, L_00000222913d5e10;  1 drivers
v00000222913d4580_0 .net "is_jalr", 0 0, L_00000222913d5ff0;  1 drivers
v00000222913d4f80_0 .net "is_load", 0 0, L_00000222913d7990;  1 drivers
v00000222913d5020_0 .net "is_lui", 0 0, L_00000222913d7670;  1 drivers
v00000222913d55c0_0 .net "is_rtype", 0 0, L_00000222913d64f0;  1 drivers
v00000222913d4760_0 .net "is_store", 0 0, L_00000222913d72b0;  1 drivers
v00000222913d48a0_0 .net "lui", 0 0, L_0000022291364700;  alias, 1 drivers
v00000222913d4a80_0 .net "o_retire_rd_waddr", 4 0, L_00000222913da5f0;  alias, 1 drivers
v00000222913d4b20_0 .net "o_retire_rs1_raddr", 4 0, L_00000222913d8f70;  alias, 1 drivers
v00000222913d4c60_0 .net "o_retire_rs1_rdata", 31 0, L_00000222913d9290;  alias, 1 drivers
v00000222913d5480_0 .net "o_retire_rs2_raddr", 4 0, L_00000222913daa50;  alias, 1 drivers
v00000222913d4d00_0 .net "o_retire_rs2_rdata", 31 0, L_00000222913d9e70;  alias, 1 drivers
v00000222913d50c0_0 .net "opcode", 6 0, L_00000222913d7c10;  1 drivers
v00000222913d5520_0 .net "rd_waddr_raw", 4 0, L_00000222913d77b0;  1 drivers
v00000222913d7210_0 .net "rs1_raddr_raw", 4 0, L_00000222913d7350;  1 drivers
v00000222913d6e50_0 .net "rs1_rdata_raw", 31 0, L_00000222913da230;  1 drivers
v00000222913d7530_0 .net "rs2_raddr_raw", 4 0, L_00000222913d6c70;  1 drivers
v00000222913d6310_0 .net "rs2_rdata_raw", 31 0, L_00000222913d9d30;  1 drivers
v00000222913d7490_0 .net "writes_rd", 0 0, L_00000222913db850;  1 drivers
L_00000222913d7c10 .part v00000222913d6950_0, 0, 7;
L_00000222913d77b0 .part v00000222913d6950_0, 7, 5;
L_00000222913d7350 .part v00000222913d6950_0, 15, 5;
L_00000222913d6c70 .part v00000222913d6950_0, 20, 5;
L_00000222913d64f0 .cmp/eq 7, L_00000222913d7c10, L_0000022291720088;
L_00000222913d6590 .cmp/eq 7, L_00000222913d7c10, L_00000222917200d0;
L_00000222913d7990 .cmp/eq 7, L_00000222913d7c10, L_0000022291720118;
L_00000222913d72b0 .cmp/eq 7, L_00000222913d7c10, L_0000022291720160;
L_00000222913d73f0 .cmp/eq 7, L_00000222913d7c10, L_00000222917201a8;
L_00000222913d7670 .cmp/eq 7, L_00000222913d7c10, L_00000222917201f0;
L_00000222913d7cb0 .cmp/eq 7, L_00000222913d7c10, L_0000022291720238;
L_00000222913d5e10 .cmp/eq 7, L_00000222913d7c10, L_0000022291720280;
L_00000222913d5ff0 .cmp/eq 7, L_00000222913d7c10, L_00000222917202c8;
L_00000222913d6090 .cmp/eq 32, v00000222913d6950_0, L_0000022291720310;
L_00000222913d6130 .functor MUXZ 6, L_0000022291720508, L_00000222917204c0, L_00000222913d5e10, C4<>;
L_00000222913d61d0 .functor MUXZ 6, L_00000222913d6130, L_0000022291720478, L_0000022291364690, C4<>;
L_00000222913d6270 .functor MUXZ 6, L_00000222913d61d0, L_0000022291720430, L_00000222913d73f0, C4<>;
L_00000222913d63b0 .functor MUXZ 6, L_00000222913d6270, L_00000222917203e8, L_00000222913d72b0, C4<>;
L_00000222913d6450 .functor MUXZ 6, L_00000222913d63b0, L_00000222917203a0, L_0000022291364af0, C4<>;
L_00000222913d66d0 .functor MUXZ 6, L_00000222913d6450, L_0000022291720358, L_00000222913d64f0, C4<>;
L_00000222913da050 .part L_00000222913d7c10, 4, 3;
L_00000222913d8f70 .functor MUXZ 5, L_0000022291720820, L_00000222913d7350, L_00000222913db930, C4<>;
L_00000222913d9290 .functor MUXZ 32, L_0000022291720868, L_00000222913da230, L_00000222913db930, C4<>;
L_00000222913daa50 .functor MUXZ 5, L_00000222917208b0, L_00000222913d6c70, L_00000222913db0e0, C4<>;
L_00000222913d9e70 .functor MUXZ 32, L_00000222917208f8, L_00000222913d9d30, L_00000222913db0e0, C4<>;
L_00000222913d9dd0 .reduce/nor L_0000022291364770;
L_00000222913d9fb0 .reduce/nor L_00000222913649a0;
L_00000222913da5f0 .functor MUXZ 5, L_0000022291720940, L_00000222913d77b0, L_00000222913db9a0, C4<>;
S_00000222913787b0 .scope module, "imm_gen" "imm" 3 119, 4 6 0, S_0000022291378030;
 .timescale -9 -12;
    .port_info 0 /INPUT 32 "i_inst";
    .port_info 1 /INPUT 6 "i_format";
    .port_info 2 /OUTPUT 32 "o_immediate";
v000002229136d080_0 .net *"_ivl_11", 0 0, L_00000222913da370;  1 drivers
v000002229136e5c0_0 .net *"_ivl_12", 20 0, L_00000222913d8e30;  1 drivers
v000002229136e980_0 .net *"_ivl_15", 5 0, L_00000222913d96f0;  1 drivers
v000002229136e2a0_0 .net *"_ivl_17", 4 0, L_00000222913da870;  1 drivers
v000002229136e7a0_0 .net *"_ivl_21", 0 0, L_00000222913da9b0;  1 drivers
v000002229136e840_0 .net *"_ivl_22", 19 0, L_00000222913dab90;  1 drivers
v000002229136d1c0_0 .net *"_ivl_25", 0 0, L_00000222913da410;  1 drivers
v000002229136e8e0_0 .net *"_ivl_27", 5 0, L_00000222913d9330;  1 drivers
v000002229136cfe0_0 .net *"_ivl_29", 3 0, L_00000222913d9470;  1 drivers
v000002229136d3a0_0 .net *"_ivl_3", 0 0, L_00000222913da910;  1 drivers
L_00000222917209d0 .functor BUFT 1, C4<0>, C4<0>, C4<0>, C4<0>;
v000002229136d4e0_0 .net/2u *"_ivl_30", 0 0, L_00000222917209d0;  1 drivers
v000002229136d580_0 .net *"_ivl_35", 19 0, L_00000222913d9f10;  1 drivers
L_0000022291720a18 .functor BUFT 1, C4<000000000000>, C4<0>, C4<0>, C4<0>;
v000002229136d760_0 .net/2u *"_ivl_36", 11 0, L_0000022291720a18;  1 drivers
v000002229136d800_0 .net *"_ivl_4", 20 0, L_00000222913da2d0;  1 drivers
v000002229136d8a0_0 .net *"_ivl_41", 0 0, L_00000222913d9a10;  1 drivers
v000002229136d9e0_0 .net *"_ivl_42", 11 0, L_00000222913d9ab0;  1 drivers
v000002229136da80_0 .net *"_ivl_45", 7 0, L_00000222913d9150;  1 drivers
v000002229136db20_0 .net *"_ivl_47", 0 0, L_00000222913dac30;  1 drivers
v000002229135a910_0 .net *"_ivl_49", 9 0, L_00000222913dacd0;  1 drivers
L_0000022291720a60 .functor BUFT 1, C4<0>, C4<0>, C4<0>, C4<0>;
v000002229135b8b0_0 .net/2u *"_ivl_50", 0 0, L_0000022291720a60;  1 drivers
v00000222913d0b00_0 .net *"_ivl_55", 0 0, L_00000222913d91f0;  1 drivers
v00000222913d1aa0_0 .net *"_ivl_57", 0 0, L_00000222913d93d0;  1 drivers
v00000222913d07e0_0 .net *"_ivl_59", 0 0, L_00000222913d9510;  1 drivers
v00000222913d0600_0 .net *"_ivl_61", 0 0, L_00000222913d9b50;  1 drivers
v00000222913cff20_0 .net *"_ivl_63", 0 0, L_00000222913d98d0;  1 drivers
v00000222913d0100_0 .net *"_ivl_65", 0 0, L_00000222913d95b0;  1 drivers
L_0000022291720aa8 .functor BUFT 1, C4<00000000000000000000000000000000>, C4<0>, C4<0>, C4<0>;
v00000222913d18c0_0 .net/2u *"_ivl_66", 31 0, L_0000022291720aa8;  1 drivers
v00000222913d06a0_0 .net *"_ivl_68", 31 0, L_00000222913d9650;  1 drivers
v00000222913d1140_0 .net *"_ivl_7", 10 0, L_00000222913d9c90;  1 drivers
v00000222913d1280_0 .net *"_ivl_70", 31 0, L_00000222913d9790;  1 drivers
v00000222913d0880_0 .net *"_ivl_72", 31 0, L_00000222913d9830;  1 drivers
v00000222913d11e0_0 .net *"_ivl_74", 31 0, L_000002229177c4c0;  1 drivers
v00000222913d01a0_0 .net *"_ivl_76", 31 0, L_000002229177ada0;  1 drivers
v00000222913d0060_0 .net "i_format", 5 0, L_00000222913d66d0;  alias, 1 drivers
v00000222913d16e0_0 .net "i_inst", 31 0, v00000222913d6950_0;  alias, 1 drivers
v00000222913d0ec0_0 .net "imm_b", 31 0, L_00000222913da4b0;  1 drivers
v00000222913d1be0_0 .net "imm_i", 31 0, L_00000222913da7d0;  1 drivers
v00000222913d1320_0 .net "imm_j", 31 0, L_00000222913d9010;  1 drivers
L_0000022291720988 .functor BUFT 1, C4<xxxxxxxxxxxxxxxxxxxxxxxxxxxxxxxx>, C4<0>, C4<0>, C4<0>;
v00000222913d1960_0 .net "imm_r", 31 0, L_0000022291720988;  1 drivers
v00000222913d1c80_0 .net "imm_s", 31 0, L_00000222913d90b0;  1 drivers
v00000222913d1a00_0 .net "imm_u", 31 0, L_00000222913da550;  1 drivers
v00000222913cffc0_0 .net "o_immediate", 31 0, L_000002229177c1a0;  alias, 1 drivers
L_00000222913da910 .part v00000222913d6950_0, 31, 1;
LS_00000222913da2d0_0_0 .concat [ 1 1 1 1], L_00000222913da910, L_00000222913da910, L_00000222913da910, L_00000222913da910;
LS_00000222913da2d0_0_4 .concat [ 1 1 1 1], L_00000222913da910, L_00000222913da910, L_00000222913da910, L_00000222913da910;
LS_00000222913da2d0_0_8 .concat [ 1 1 1 1], L_00000222913da910, L_00000222913da910, L_00000222913da910, L_00000222913da910;
LS_00000222913da2d0_0_12 .concat [ 1 1 1 1], L_00000222913da910, L_00000222913da910, L_00000222913da910, L_00000222913da910;
LS_00000222913da2d0_0_16 .concat [ 1 1 1 1], L_00000222913da910, L_00000222913da910, L_00000222913da910, L_00000222913da910;
LS_00000222913da2d0_0_20 .concat [ 1 0 0 0], L_00000222913da910;
LS_00000222913da2d0_1_0 .concat [ 4 4 4 4], LS_00000222913da2d0_0_0, LS_00000222913da2d0_0_4, LS_00000222913da2d0_0_8, LS_00000222913da2d0_0_12;
LS_00000222913da2d0_1_4 .concat [ 4 1 0 0], LS_00000222913da2d0_0_16, LS_00000222913da2d0_0_20;
L_00000222913da2d0 .concat [ 16 5 0 0], LS_00000222913da2d0_1_0, LS_00000222913da2d0_1_4;
L_00000222913d9c90 .part v00000222913d6950_0, 20, 11;
L_00000222913da7d0 .concat [ 11 21 0 0], L_00000222913d9c90, L_00000222913da2d0;
L_00000222913da370 .part v00000222913d6950_0, 31, 1;
LS_00000222913d8e30_0_0 .concat [ 1 1 1 1], L_00000222913da370, L_00000222913da370, L_00000222913da370, L_00000222913da370;
LS_00000222913d8e30_0_4 .concat [ 1 1 1 1], L_00000222913da370, L_00000222913da370, L_00000222913da370, L_00000222913da370;
LS_00000222913d8e30_0_8 .concat [ 1 1 1 1], L_00000222913da370, L_00000222913da370, L_00000222913da370, L_00000222913da370;
LS_00000222913d8e30_0_12 .concat [ 1 1 1 1], L_00000222913da370, L_00000222913da370, L_00000222913da370, L_00000222913da370;
LS_00000222913d8e30_0_16 .concat [ 1 1 1 1], L_00000222913da370, L_00000222913da370, L_00000222913da370, L_00000222913da370;
LS_00000222913d8e30_0_20 .concat [ 1 0 0 0], L_00000222913da370;
LS_00000222913d8e30_1_0 .concat [ 4 4 4 4], LS_00000222913d8e30_0_0, LS_00000222913d8e30_0_4, LS_00000222913d8e30_0_8, LS_00000222913d8e30_0_12;
LS_00000222913d8e30_1_4 .concat [ 4 1 0 0], LS_00000222913d8e30_0_16, LS_00000222913d8e30_0_20;
L_00000222913d8e30 .concat [ 16 5 0 0], LS_00000222913d8e30_1_0, LS_00000222913d8e30_1_4;
L_00000222913d96f0 .part v00000222913d6950_0, 25, 6;
L_00000222913da870 .part v00000222913d6950_0, 7, 5;
L_00000222913d90b0 .concat [ 5 6 21 0], L_00000222913da870, L_00000222913d96f0, L_00000222913d8e30;
L_00000222913da9b0 .part v00000222913d6950_0, 31, 1;
LS_00000222913dab90_0_0 .concat [ 1 1 1 1], L_00000222913da9b0, L_00000222913da9b0, L_00000222913da9b0, L_00000222913da9b0;
LS_00000222913dab90_0_4 .concat [ 1 1 1 1], L_00000222913da9b0, L_00000222913da9b0, L_00000222913da9b0, L_00000222913da9b0;
LS_00000222913dab90_0_8 .concat [ 1 1 1 1], L_00000222913da9b0, L_00000222913da9b0, L_00000222913da9b0, L_00000222913da9b0;
LS_00000222913dab90_0_12 .concat [ 1 1 1 1], L_00000222913da9b0, L_00000222913da9b0, L_00000222913da9b0, L_00000222913da9b0;
LS_00000222913dab90_0_16 .concat [ 1 1 1 1], L_00000222913da9b0, L_00000222913da9b0, L_00000222913da9b0, L_00000222913da9b0;
LS_00000222913dab90_1_0 .concat [ 4 4 4 4], LS_00000222913dab90_0_0, LS_00000222913dab90_0_4, LS_00000222913dab90_0_8, LS_00000222913dab90_0_12;
LS_00000222913dab90_1_4 .concat [ 4 0 0 0], LS_00000222913dab90_0_16;
L_00000222913dab90 .concat [ 16 4 0 0], LS_00000222913dab90_1_0, LS_00000222913dab90_1_4;
L_00000222913da410 .part v00000222913d6950_0, 7, 1;
L_00000222913d9330 .part v00000222913d6950_0, 25, 6;
L_00000222913d9470 .part v00000222913d6950_0, 8, 4;
LS_00000222913da4b0_0_0 .concat [ 1 4 6 1], L_00000222917209d0, L_00000222913d9470, L_00000222913d9330, L_00000222913da410;
LS_00000222913da4b0_0_4 .concat [ 20 0 0 0], L_00000222913dab90;
L_00000222913da4b0 .concat [ 12 20 0 0], LS_00000222913da4b0_0_0, LS_00000222913da4b0_0_4;
L_00000222913d9f10 .part v00000222913d6950_0, 12, 20;
L_00000222913da550 .concat [ 12 20 0 0], L_0000022291720a18, L_00000222913d9f10;
L_00000222913d9a10 .part v00000222913d6950_0, 31, 1;
LS_00000222913d9ab0_0_0 .concat [ 1 1 1 1], L_00000222913d9a10, L_00000222913d9a10, L_00000222913d9a10, L_00000222913d9a10;
LS_00000222913d9ab0_0_4 .concat [ 1 1 1 1], L_00000222913d9a10, L_00000222913d9a10, L_00000222913d9a10, L_00000222913d9a10;
LS_00000222913d9ab0_0_8 .concat [ 1 1 1 1], L_00000222913d9a10, L_00000222913d9a10, L_00000222913d9a10, L_00000222913d9a10;
L_00000222913d9ab0 .concat [ 4 4 4 0], LS_00000222913d9ab0_0_0, LS_00000222913d9ab0_0_4, LS_00000222913d9ab0_0_8;
L_00000222913d9150 .part v00000222913d6950_0, 12, 8;
L_00000222913dac30 .part v00000222913d6950_0, 20, 1;
L_00000222913dacd0 .part v00000222913d6950_0, 21, 10;
LS_00000222913d9010_0_0 .concat [ 1 10 1 8], L_0000022291720a60, L_00000222913dacd0, L_00000222913dac30, L_00000222913d9150;
LS_00000222913d9010_0_4 .concat [ 12 0 0 0], L_00000222913d9ab0;
L_00000222913d9010 .concat [ 20 12 0 0], LS_00000222913d9010_0_0, LS_00000222913d9010_0_4;
L_00000222913d91f0 .part L_00000222913d66d0, 0, 1;
L_00000222913d93d0 .part L_00000222913d66d0, 1, 1;
L_00000222913d9510 .part L_00000222913d66d0, 2, 1;
L_00000222913d9b50 .part L_00000222913d66d0, 3, 1;
L_00000222913d98d0 .part L_00000222913d66d0, 4, 1;
L_00000222913d95b0 .part L_00000222913d66d0, 5, 1;
L_00000222913d9650 .functor MUXZ 32, L_0000022291720aa8, L_00000222913d9010, L_00000222913d95b0, C4<>;
L_00000222913d9790 .functor MUXZ 32, L_00000222913d9650, L_00000222913da550, L_00000222913d98d0, C4<>;
L_00000222913d9830 .functor MUXZ 32, L_00000222913d9790, L_00000222913da4b0, L_00000222913d9b50, C4<>;
L_000002229177c4c0 .functor MUXZ 32, L_00000222913d9830, L_00000222913d90b0, L_00000222913d9510, C4<>;
L_000002229177ada0 .functor MUXZ 32, L_000002229177c4c0, L_00000222913da7d0, L_00000222913d93d0, C4<>;
L_000002229177c1a0 .functor MUXZ 32, L_000002229177ada0, L_0000022291720988, L_00000222913d91f0, C4<>;
S_000002229133fff0 .scope module, "rf_rw" "rf" 3 97, 5 8 0, S_0000022291378030;
 .timescale -9 -12;
    .port_info 0 /INPUT 1 "i_clk";
    .port_info 1 /INPUT 1 "i_rst";
    .port_info 2 /INPUT 5 "i_rs1_raddr";
    .port_info 3 /OUTPUT 32 "o_rs1_rdata";
    .port_info 4 /INPUT 5 "i_rs2_raddr";
    .port_info 5 /OUTPUT 32 "o_rs2_rdata";
    .port_info 6 /INPUT 1 "i_rd_wen";
    .port_info 7 /INPUT 5 "i_rd_waddr";
    .port_info 8 /INPUT 32 "i_rd_wdata";
P_0000022291369d90 .param/l "BYPASS_EN" 0 5 17, +C4<00000000000000000000000000000000>;
L_00000222913db1c0 .functor BUFT 32, L_00000222913d8ed0, C4<00000000000000000000000000000000>, C4<00000000000000000000000000000000>, C4<00000000000000000000000000000000>;
L_00000222913db2a0 .functor BUFT 32, L_00000222913da690, C4<00000000000000000000000000000000>, C4<00000000000000000000000000000000>, C4<00000000000000000000000000000000>;
L_0000022291720670 .functor BUFT 1, C4<00000000000000000000000000000000>, C4<0>, C4<0>, C4<0>;
v00000222913d1b40_0 .net/2u *"_ivl_10", 31 0, L_0000022291720670;  1 drivers
v00000222913d1640_0 .net *"_ivl_12", 31 0, L_00000222913d8ed0;  1 drivers
v00000222913cfde0_0 .net *"_ivl_14", 6 0, L_00000222913da0f0;  1 drivers
L_00000222917206b8 .functor BUFT 1, C4<00>, C4<0>, C4<0>, C4<0>;
v00000222913d10a0_0 .net *"_ivl_17", 1 0, L_00000222917206b8;  1 drivers
v00000222913d0920_0 .net *"_ivl_18", 31 0, L_00000222913db1c0;  1 drivers
v00000222913cfe80_0 .net *"_ivl_20", 31 0, L_00000222913d9970;  1 drivers
L_0000022291720700 .functor BUFT 1, C4<00000000000000000000000000000000>, C4<0>, C4<0>, C4<0>;
v00000222913d0240_0 .net/2u *"_ivl_24", 31 0, L_0000022291720700;  1 drivers
L_0000022291720748 .functor BUFT 1, C4<00000>, C4<0>, C4<0>, C4<0>;
v00000222913d1780_0 .net/2u *"_ivl_26", 4 0, L_0000022291720748;  1 drivers
v00000222913d13c0_0 .net *"_ivl_28", 0 0, L_00000222913d9bf0;  1 drivers
L_0000022291720790 .functor BUFT 1, C4<00000000000000000000000000000000>, C4<0>, C4<0>, C4<0>;
v00000222913d0f60_0 .net/2u *"_ivl_30", 31 0, L_0000022291720790;  1 drivers
v00000222913d02e0_0 .net *"_ivl_32", 31 0, L_00000222913da690;  1 drivers
v00000222913d0ce0_0 .net *"_ivl_34", 6 0, L_00000222913da190;  1 drivers
L_00000222917207d8 .functor BUFT 1, C4<00>, C4<0>, C4<0>, C4<0>;
v00000222913d1460_0 .net *"_ivl_37", 1 0, L_00000222917207d8;  1 drivers
v00000222913d0a60_0 .net *"_ivl_38", 31 0, L_00000222913db2a0;  1 drivers
L_00000222917205e0 .functor BUFT 1, C4<00000000000000000000000000000000>, C4<0>, C4<0>, C4<0>;
v00000222913d0c40_0 .net/2u *"_ivl_4", 31 0, L_00000222917205e0;  1 drivers
v00000222913d0ba0_0 .net *"_ivl_40", 31 0, L_00000222913da730;  1 drivers
L_0000022291720628 .functor BUFT 1, C4<00000>, C4<0>, C4<0>, C4<0>;
v00000222913d1500_0 .net/2u *"_ivl_6", 4 0, L_0000022291720628;  1 drivers
v00000222913d0420_0 .net *"_ivl_8", 0 0, L_00000222913daaf0;  1 drivers
v00000222913d0380_0 .net "i_clk", 0 0, v00000222913d6b30_0;  alias, 1 drivers
v00000222913d0d80_0 .net "i_rd_waddr", 4 0, v00000222913d78f0_0;  alias, 1 drivers
v00000222913d0740_0 .net "i_rd_wdata", 31 0, v00000222913d6770_0;  alias, 1 drivers
v00000222913d0e20_0 .net "i_rd_wen", 0 0, v00000222913d6d10_0;  alias, 1 drivers
v00000222913d04c0_0 .net "i_rs1_raddr", 4 0, L_00000222913d7350;  alias, 1 drivers
v00000222913d1000_0 .net "i_rs2_raddr", 4 0, L_00000222913d6c70;  alias, 1 drivers
v00000222913d15a0_0 .net "i_rst", 0 0, v00000222913d5f50_0;  alias, 1 drivers
v00000222913d0560_0 .var/i "idx", 31 0;
v00000222913d1820_0 .net "o_rs1_rdata", 31 0, L_00000222913da230;  alias, 1 drivers
v00000222913d2ed0_0 .net "o_rs2_rdata", 31 0, L_00000222913d9d30;  alias, 1 drivers
v00000222913d3bf0 .array "regs", 31 0, 31 0;
L_0000022291720550 .functor BUFT 1, C4<0>, C4<0>, C4<0>, C4<0>;
v00000222913d3a10_0 .net "rs1_bypass_hit", 0 0, L_0000022291720550;  1 drivers
L_0000022291720598 .functor BUFT 1, C4<0>, C4<0>, C4<0>, C4<0>;
v00000222913d2070_0 .net "rs2_bypass_hit", 0 0, L_0000022291720598;  1 drivers
E_0000022291369f90 .event posedge, v00000222913d0380_0;
L_00000222913daaf0 .cmp/eq 5, L_00000222913d7350, L_0000022291720628;
L_00000222913d8ed0 .array/port v00000222913d3bf0, L_00000222913da0f0;
L_00000222913da0f0 .concat [ 5 2 0 0], L_00000222913d7350, L_00000222917206b8;
L_00000222913d9970 .functor MUXZ 32, L_00000222913db1c0, L_0000022291720670, L_00000222913daaf0, C4<>;
L_00000222913da230 .functor MUXZ 32, L_00000222913d9970, L_00000222917205e0, v00000222913d5f50_0, C4<>;
L_00000222913d9bf0 .cmp/eq 5, L_00000222913d6c70, L_0000022291720748;
L_00000222913da690 .array/port v00000222913d3bf0, L_00000222913da190;
L_00000222913da190 .concat [ 5 2 0 0], L_00000222913d6c70, L_00000222917207d8;
L_00000222913da730 .functor MUXZ 32, L_00000222913db2a0, L_0000022291720790, L_00000222913d9bf0, C4<>;
L_00000222913d9d30 .functor MUXZ 32, L_00000222913da730, L_0000022291720700, v00000222913d5f50_0, C4<>;
    .scope S_000002229133fff0;
T_0 ;
    %wait E_0000022291369f90;
    %load/vec4 v00000222913d15a0_0;
    %flag_set/vec4 8;
    %jmp/0xz  T_0.0, 8;
    %pushi/vec4 0, 0, 32;
    %store/vec4 v00000222913d0560_0, 0, 32;
T_0.2 ;
    %load/vec4 v00000222913d0560_0;
    %cmpi/s 32, 0, 32;
    %jmp/0xz T_0.3, 5;
    %pushi/vec4 0, 0, 32;
    %ix/getv/s 3, v00000222913d0560_0;
    %ix/load 4, 0, 0; Constant delay
    %assign/vec4/a/d v00000222913d3bf0, 0, 4;
    %load/vec4 v00000222913d0560_0;
    %addi 1, 0, 32;
    %store/vec4 v00000222913d0560_0, 0, 32;
    %jmp T_0.2;
T_0.3 ;
    %jmp T_0.1;
T_0.0 ;
    %load/vec4 v00000222913d0e20_0;
    %flag_set/vec4 9;
    %flag_get/vec4 9;
    %jmp/0 T_0.6, 9;
    %load/vec4 v00000222913d0d80_0;
    %pushi/vec4 0, 0, 5;
    %cmp/ne;
    %flag_get/vec4 4;
    %and;
T_0.6;
    %flag_set/vec4 8;
    %jmp/0xz  T_0.4, 8;
    %load/vec4 v00000222913d0740_0;
    %load/vec4 v00000222913d0d80_0;
    %pad/u 7;
    %ix/vec4 3;
    %ix/load 4, 0, 0; Constant delay
    %assign/vec4/a/d v00000222913d3bf0, 0, 4;
T_0.4 ;
T_0.1 ;
    %jmp T_0;
    .thread T_0;
    .scope S_0000022291376c80;
T_1 ;
    %pushi/vec4 0, 0, 1;
    %store/vec4 v00000222913d6b30_0, 0, 1;
    %pushi/vec4 1, 0, 1;
    %store/vec4 v00000222913d5f50_0, 0, 1;
    %pushi/vec4 0, 0, 32;
    %store/vec4 v00000222913d6950_0, 0, 32;
    %pushi/vec4 0, 0, 32;
    %store/vec4 v00000222913d6770_0, 0, 32;
    %pushi/vec4 0, 0, 5;
    %store/vec4 v00000222913d78f0_0, 0, 5;
    %pushi/vec4 0, 0, 1;
    %store/vec4 v00000222913d6d10_0, 0, 1;
    %end;
    .thread T_1;
    .scope S_0000022291376c80;
T_2 ;
    %wait E_0000022291369f90;
    %pushi/vec4 0, 0, 1;
    %store/vec4 v00000222913d5f50_0, 0, 1;
    %pushi/vec4 1, 0, 5;
    %store/vec4 v00000222913d78f0_0, 0, 5;
    %pushi/vec4 286331153, 0, 32;
    %store/vec4 v00000222913d6770_0, 0, 32;
    %pushi/vec4 1, 0, 1;
    %store/vec4 v00000222913d6d10_0, 0, 1;
    %wait E_0000022291369f90;
    %pushi/vec4 2, 0, 5;
    %store/vec4 v00000222913d78f0_0, 0, 5;
    %pushi/vec4 572662306, 0, 32;
    %store/vec4 v00000222913d6770_0, 0, 32;
    %pushi/vec4 1, 0, 1;
    %store/vec4 v00000222913d6d10_0, 0, 1;
    %wait E_0000022291369f90;
    %vpi_call 2 12 "$display", "t=%0t regs2=%h", $time, &A<v00000222913d3bf0, 2> {0 0 0};
    %delay 1000, 0;
    %vpi_call 2 13 "$display", "t=%0t regs2(after#1)=%h", $time, &A<v00000222913d3bf0, 2> {0 0 0};
    %pushi/vec4 0, 0, 1;
    %store/vec4 v00000222913d6d10_0, 0, 1;
    %pushi/vec4 2130355, 0, 32;
    %store/vec4 v00000222913d6950_0, 0, 32;
    %delay 1000, 0;
    %vpi_call 2 16 "$display", "t=%0t rs2_data=%h regs2=%h", $time, v00000222913d6630_0, &A<v00000222913d3bf0, 2> {0 0 0};
    %delay 10000, 0;
    %vpi_call 2 17 "$finish" {0 0 0};
    %end;
    .thread T_2;
    .scope S_0000022291376c80;
T_3 ;
    %delay 5000, 0;
    %load/vec4 v00000222913d6b30_0;
    %inv;
    %store/vec4 v00000222913d6b30_0, 0, 1;
    %jmp T_3;
    .thread T_3;
# The file index is used to find the file name in the following table.
:file_names 6;
    "N/A";
    "<interactive>";
    "build/tmp_decode_debug3.v";
    "rtl/decode.v";
    "lib/imm.v";
    "lib/rf.v";
