#! /c/Source/iverilog-install/bin/vvp
:ivl_version "12.0 (devel)" "(s20150603-1539-g2693dd32b)";
:ivl_delay_selection "TYPICAL";
:vpi_time_precision - 12;
:vpi_module "D:\iverilog\lib\ivl\system.vpi";
:vpi_module "D:\iverilog\lib\ivl\vhdl_sys.vpi";
:vpi_module "D:\iverilog\lib\ivl\vhdl_textio.vpi";
:vpi_module "D:\iverilog\lib\ivl\v2005_math.vpi";
:vpi_module "D:\iverilog\lib\ivl\va_math.vpi";
S_000002595b016a60 .scope module, "t" "t" 2 2;
 .timescale -9 -12;
v000002595b1932a0_0 .var "clk", 0 0;
v000002595b194060_0 .net "rs1", 31 0, L_000002595b1e0660;  1 drivers
v000002595b1933e0_0 .var "rs1_addr", 4 0;
v000002595b193480_0 .var "rs2_addr", 4 0;
v000002595b193340_0 .var "rst", 0 0;
v000002595b193520_0 .var "waddr", 4 0;
v000002595b1935c0_0 .var "wdata", 31 0;
v000002595b1937a0_0 .var "wen", 0 0;
S_000002595b016bf0 .scope module, "dut" "rf" 2 8, 3 8 0, S_000002595b016a60;
 .timescale -9 -12;
    .port_info 0 /INPUT 1 "i_clk";
    .port_info 1 /INPUT 1 "i_rst";
    .port_info 2 /INPUT 5 "i_rs1_raddr";
    .port_info 3 /OUTPUT 32 "o_rs1_rdata";
    .port_info 4 /INPUT 5 "i_rs2_raddr";
    .port_info 5 /OUTPUT 32 "o_rs2_rdata";
    .port_info 6 /INPUT 1 "i_rd_wen";
    .port_info 7 /INPUT 5 "i_rd_waddr";
    .port_info 8 /INPUT 32 "i_rd_wdata";
P_000002595b1288c0 .param/l "BYPASS_EN" 0 3 17, +C4<00000000000000000000000000000001>;
L_000002595b195088 .functor BUFT 1, C4<1>, C4<0>, C4<0>, C4<0>;
L_000002595b12c230 .functor AND 1, L_000002595b195088, v000002595b1937a0_0, C4<1>, C4<1>;
L_000002595b12c540 .functor AND 1, L_000002595b12c230, L_000002595b193a20, C4<1>, C4<1>;
L_000002595b12beb0 .functor AND 1, L_000002595b12c540, L_000002595b193e80, C4<1>, C4<1>;
L_000002595b195118 .functor BUFT 1, C4<1>, C4<0>, C4<0>, C4<0>;
L_000002595b12c930 .functor AND 1, L_000002595b195118, v000002595b1937a0_0, C4<1>, C4<1>;
L_000002595b12c770 .functor AND 1, L_000002595b12c930, L_000002595b193f20, C4<1>, C4<1>;
L_000002595b12bd60 .functor AND 1, L_000002595b12c770, L_000002595b194100, C4<1>, C4<1>;
v000002595b12dd20_0 .net/2u *"_ivl_0", 0 0, L_000002595b195088;  1 drivers
v000002595b12d820_0 .net *"_ivl_10", 0 0, L_000002595b193e80;  1 drivers
v000002595b12d960_0 .net/2u *"_ivl_14", 0 0, L_000002595b195118;  1 drivers
v000002595b12ddc0_0 .net *"_ivl_17", 0 0, L_000002595b12c930;  1 drivers
L_000002595b195160 .functor BUFT 1, C4<00000>, C4<0>, C4<0>, C4<0>;
v000002595b12e040_0 .net/2u *"_ivl_18", 4 0, L_000002595b195160;  1 drivers
v000002595b12da00_0 .net *"_ivl_20", 0 0, L_000002595b193f20;  1 drivers
v000002595b12e0e0_0 .net *"_ivl_23", 0 0, L_000002595b12c770;  1 drivers
v000002595b12d280_0 .net *"_ivl_24", 0 0, L_000002595b194100;  1 drivers
L_000002595b1951a8 .functor BUFT 1, C4<00000000000000000000000000000000>, C4<0>, C4<0>, C4<0>;
v000002595b1946a0_0 .net/2u *"_ivl_28", 31 0, L_000002595b1951a8;  1 drivers
v000002595b194380_0 .net *"_ivl_3", 0 0, L_000002595b12c230;  1 drivers
L_000002595b1951f0 .functor BUFT 1, C4<00000>, C4<0>, C4<0>, C4<0>;
v000002595b1941a0_0 .net/2u *"_ivl_30", 4 0, L_000002595b1951f0;  1 drivers
v000002595b1944c0_0 .net *"_ivl_32", 0 0, L_000002595b1dea40;  1 drivers
L_000002595b195238 .functor BUFT 1, C4<00000000000000000000000000000000>, C4<0>, C4<0>, C4<0>;
v000002595b193ac0_0 .net/2u *"_ivl_34", 31 0, L_000002595b195238;  1 drivers
v000002595b194240_0 .net *"_ivl_36", 31 0, L_000002595b1dfda0;  1 drivers
v000002595b194560_0 .net *"_ivl_38", 6 0, L_000002595b1dfc60;  1 drivers
L_000002595b1950d0 .functor BUFT 1, C4<00000>, C4<0>, C4<0>, C4<0>;
v000002595b193160_0 .net/2u *"_ivl_4", 4 0, L_000002595b1950d0;  1 drivers
L_000002595b195280 .functor BUFT 1, C4<00>, C4<0>, C4<0>, C4<0>;
v000002595b193ca0_0 .net *"_ivl_41", 1 0, L_000002595b195280;  1 drivers
v000002595b194420_0 .net *"_ivl_42", 31 0, L_000002595b1dff80;  1 drivers
v000002595b1942e0_0 .net *"_ivl_44", 31 0, L_000002595b1dee00;  1 drivers
L_000002595b1952c8 .functor BUFT 1, C4<00000000000000000000000000000000>, C4<0>, C4<0>, C4<0>;
v000002595b193b60_0 .net/2u *"_ivl_48", 31 0, L_000002595b1952c8;  1 drivers
L_000002595b195310 .functor BUFT 1, C4<00000>, C4<0>, C4<0>, C4<0>;
v000002595b194d80_0 .net/2u *"_ivl_50", 4 0, L_000002595b195310;  1 drivers
v000002595b1947e0_0 .net *"_ivl_52", 0 0, L_000002595b1e0020;  1 drivers
L_000002595b195358 .functor BUFT 1, C4<00000000000000000000000000000000>, C4<0>, C4<0>, C4<0>;
v000002595b194e20_0 .net/2u *"_ivl_54", 31 0, L_000002595b195358;  1 drivers
v000002595b193c00_0 .net *"_ivl_56", 31 0, L_000002595b1df4e0;  1 drivers
v000002595b1949c0_0 .net *"_ivl_58", 6 0, L_000002595b1dfee0;  1 drivers
v000002595b194740_0 .net *"_ivl_6", 0 0, L_000002595b193a20;  1 drivers
L_000002595b1953a0 .functor BUFT 1, C4<00>, C4<0>, C4<0>, C4<0>;
v000002595b194600_0 .net *"_ivl_61", 1 0, L_000002595b1953a0;  1 drivers
v000002595b193660_0 .net *"_ivl_62", 31 0, L_000002595b1e0700;  1 drivers
v000002595b193840_0 .net *"_ivl_64", 31 0, L_000002595b1e00c0;  1 drivers
v000002595b193200_0 .net *"_ivl_9", 0 0, L_000002595b12c540;  1 drivers
v000002595b194880_0 .net "i_clk", 0 0, v000002595b1932a0_0;  1 drivers
v000002595b194920_0 .net "i_rd_waddr", 4 0, v000002595b193520_0;  1 drivers
v000002595b193700_0 .var "i_rd_waddr_q", 4 0;
v000002595b194a60_0 .net "i_rd_wdata", 31 0, v000002595b1935c0_0;  1 drivers
v000002595b194b00_0 .var "i_rd_wdata_q", 31 0;
v000002595b194ba0_0 .net "i_rd_wen", 0 0, v000002595b1937a0_0;  1 drivers
v000002595b194c40_0 .var "i_rd_wen_q", 0 0;
v000002595b193fc0_0 .net "i_rs1_raddr", 4 0, v000002595b1933e0_0;  1 drivers
v000002595b194f60_0 .net "i_rs2_raddr", 4 0, v000002595b193480_0;  1 drivers
v000002595b1938e0_0 .net "i_rst", 0 0, v000002595b193340_0;  1 drivers
v000002595b194ce0_0 .var/i "idx", 31 0;
v000002595b194ec0_0 .net "o_rs1_rdata", 31 0, L_000002595b1e0660;  alias, 1 drivers
v000002595b1930c0_0 .net "o_rs2_rdata", 31 0, L_000002595b1e02a0;  1 drivers
v000002595b193980 .array "regs", 31 0, 31 0;
v000002595b193d40_0 .net "rs1_bypass_hit", 0 0, L_000002595b12beb0;  1 drivers
v000002595b193de0_0 .net "rs2_bypass_hit", 0 0, L_000002595b12bd60;  1 drivers
E_000002595b128340 .event posedge, v000002595b194880_0;
E_000002595b128c00 .event anyedge, v000002595b194a60_0, v000002595b194920_0, v000002595b194ba0_0, v000002595b1938e0_0;
L_000002595b193a20 .cmp/ne 5, v000002595b193520_0, L_000002595b1950d0;
L_000002595b193e80 .cmp/eq 5, v000002595b1933e0_0, v000002595b193520_0;
L_000002595b193f20 .cmp/ne 5, v000002595b193520_0, L_000002595b195160;
L_000002595b194100 .cmp/eq 5, v000002595b193480_0, v000002595b193520_0;
L_000002595b1dea40 .cmp/eq 5, v000002595b1933e0_0, L_000002595b1951f0;
L_000002595b1dfda0 .array/port v000002595b193980, L_000002595b1dfc60;
L_000002595b1dfc60 .concat [ 5 2 0 0], v000002595b1933e0_0, L_000002595b195280;
L_000002595b1dff80 .functor MUXZ 32, L_000002595b1dfda0, v000002595b1935c0_0, L_000002595b12beb0, C4<>;
L_000002595b1dee00 .functor MUXZ 32, L_000002595b1dff80, L_000002595b195238, L_000002595b1dea40, C4<>;
L_000002595b1e0660 .functor MUXZ 32, L_000002595b1dee00, L_000002595b1951a8, v000002595b193340_0, C4<>;
L_000002595b1e0020 .cmp/eq 5, v000002595b193480_0, L_000002595b195310;
L_000002595b1df4e0 .array/port v000002595b193980, L_000002595b1dfee0;
L_000002595b1dfee0 .concat [ 5 2 0 0], v000002595b193480_0, L_000002595b1953a0;
L_000002595b1e0700 .functor MUXZ 32, L_000002595b1df4e0, v000002595b1935c0_0, L_000002595b12bd60, C4<>;
L_000002595b1e00c0 .functor MUXZ 32, L_000002595b1e0700, L_000002595b195358, L_000002595b1e0020, C4<>;
L_000002595b1e02a0 .functor MUXZ 32, L_000002595b1e00c0, L_000002595b1952c8, v000002595b193340_0, C4<>;
    .scope S_000002595b016bf0;
T_0 ;
    %wait E_000002595b128c00;
    %load/vec4 v000002595b1938e0_0;
    %flag_set/vec4 8;
    %jmp/0xz  T_0.0, 8;
    %pushi/vec4 0, 0, 1;
    %assign/vec4 v000002595b194c40_0, 0;
    %pushi/vec4 0, 0, 5;
    %assign/vec4 v000002595b193700_0, 0;
    %pushi/vec4 0, 0, 32;
    %assign/vec4 v000002595b194b00_0, 0;
    %jmp T_0.1;
T_0.0 ;
    %load/vec4 v000002595b194ba0_0;
    %assign/vec4 v000002595b194c40_0, 0;
    %load/vec4 v000002595b194920_0;
    %assign/vec4 v000002595b193700_0, 0;
    %load/vec4 v000002595b194a60_0;
    %assign/vec4 v000002595b194b00_0, 0;
T_0.1 ;
    %jmp T_0;
    .thread T_0, $push;
    .scope S_000002595b016bf0;
T_1 ;
    %wait E_000002595b128340;
    %load/vec4 v000002595b1938e0_0;
    %flag_set/vec4 8;
    %jmp/0xz  T_1.0, 8;
    %pushi/vec4 0, 0, 32;
    %store/vec4 v000002595b194ce0_0, 0, 32;
T_1.2 ;
    %load/vec4 v000002595b194ce0_0;
    %cmpi/s 32, 0, 32;
    %jmp/0xz T_1.3, 5;
    %pushi/vec4 0, 0, 32;
    %ix/getv/s 3, v000002595b194ce0_0;
    %ix/load 4, 0, 0; Constant delay
    %assign/vec4/a/d v000002595b193980, 0, 4;
    %load/vec4 v000002595b194ce0_0;
    %addi 1, 0, 32;
    %store/vec4 v000002595b194ce0_0, 0, 32;
    %jmp T_1.2;
T_1.3 ;
    %jmp T_1.1;
T_1.0 ;
    %load/vec4 v000002595b194c40_0;
    %flag_set/vec4 9;
    %flag_get/vec4 9;
    %jmp/0 T_1.6, 9;
    %load/vec4 v000002595b193700_0;
    %pushi/vec4 0, 0, 5;
    %cmp/ne;
    %flag_get/vec4 4;
    %and;
T_1.6;
    %flag_set/vec4 8;
    %jmp/0xz  T_1.4, 8;
    %load/vec4 v000002595b194b00_0;
    %load/vec4 v000002595b193700_0;
    %pad/u 7;
    %ix/vec4 3;
    %ix/load 4, 0, 0; Constant delay
    %assign/vec4/a/d v000002595b193980, 0, 4;
T_1.4 ;
T_1.1 ;
    %jmp T_1;
    .thread T_1;
    .scope S_000002595b016a60;
T_2 ;
    %pushi/vec4 0, 0, 1;
    %store/vec4 v000002595b1932a0_0, 0, 1;
    %pushi/vec4 1, 0, 1;
    %store/vec4 v000002595b193340_0, 0, 1;
    %pushi/vec4 0, 0, 5;
    %store/vec4 v000002595b1933e0_0, 0, 5;
    %pushi/vec4 0, 0, 5;
    %store/vec4 v000002595b193480_0, 0, 5;
    %pushi/vec4 0, 0, 5;
    %store/vec4 v000002595b193520_0, 0, 5;
    %pushi/vec4 0, 0, 1;
    %store/vec4 v000002595b1937a0_0, 0, 1;
    %pushi/vec4 0, 0, 32;
    %store/vec4 v000002595b1935c0_0, 0, 32;
    %end;
    .thread T_2;
    .scope S_000002595b016a60;
T_3 ;
    %delay 2000, 0;
    %pushi/vec4 1, 0, 5;
    %store/vec4 v000002595b1933e0_0, 0, 5;
    %pushi/vec4 2, 0, 5;
    %store/vec4 v000002595b193480_0, 0, 5;
    %delay 8000, 0;
    %pushi/vec4 0, 0, 1;
    %store/vec4 v000002595b193340_0, 0, 1;
    %pushi/vec4 1, 0, 5;
    %store/vec4 v000002595b193520_0, 0, 5;
    %pushi/vec4 2779096485, 0, 32;
    %store/vec4 v000002595b1935c0_0, 0, 32;
    %pushi/vec4 1, 0, 1;
    %store/vec4 v000002595b1937a0_0, 0, 1;
    %pushi/vec4 1, 0, 5;
    %store/vec4 v000002595b1933e0_0, 0, 5;
    %delay 1000, 0;
    %vpi_call 2 18 "$display", "t=%0t rst=%b wen=%b waddr=%0d rs1_addr=%0d hit=%b rs1=%h", $time, v000002595b193340_0, v000002595b1937a0_0, v000002595b193520_0, v000002595b1933e0_0, v000002595b193d40_0, v000002595b194060_0 {0 0 0};
    %delay 20000, 0;
    %vpi_call 2 19 "$finish" {0 0 0};
    %end;
    .thread T_3;
    .scope S_000002595b016a60;
T_4 ;
    %delay 5000, 0;
    %load/vec4 v000002595b1932a0_0;
    %inv;
    %store/vec4 v000002595b1932a0_0, 0, 1;
    %jmp T_4;
    .thread T_4;
# The file index is used to find the file name in the following table.
:file_names 4;
    "N/A";
    "<interactive>";
    "build/tmp_rf_debug.v";
    "lib/rf.v";
