#! /c/Source/iverilog-install/bin/vvp
:ivl_version "12.0 (devel)" "(s20150603-1539-g2693dd32b)";
:ivl_delay_selection "TYPICAL";
:vpi_time_precision + 0;
:vpi_module "D:\iverilog\lib\ivl\system.vpi";
:vpi_module "D:\iverilog\lib\ivl\vhdl_sys.vpi";
:vpi_module "D:\iverilog\lib\ivl\vhdl_textio.vpi";
:vpi_module "D:\iverilog\lib\ivl\v2005_math.vpi";
:vpi_module "D:\iverilog\lib\ivl\va_math.vpi";
S_000001a6011a5b70 .scope module, "tb" "tb" 2 2;
 .timescale 0 0;
v000001a6011a5e90_0 .var "a", 31 0;
v000001a6011a5f30_0 .net "y", 31 0, L_000001a601156d50;  1 drivers
S_000001a6011a5d00 .scope module, "u" "m" 2 2, 2 1 0, S_000001a6011a5b70;
 .timescale 0 0;
    .port_info 0 /INPUT 32 "a";
    .port_info 1 /OUTPUT 32 "y";
L_000001a601156d50 .functor BUFZ 32, v000001a6011a5e90_0, C4<00000000000000000000000000000000>, C4<00000000000000000000000000000000>, C4<00000000000000000000000000000000>;
v000001a601157040_0 .net "a", 31 0, v000001a6011a5e90_0;  1 drivers
v000001a60115ef00_0 .net "y", 31 0, L_000001a601156d50;  alias, 1 drivers
    .scope S_000001a6011a5b70;
T_0 ;
    %pushi/vec4 0, 0, 32;
    %store/vec4 v000001a6011a5e90_0, 0, 32;
    %delay 10, 0;
    %pushi/vec4 2779096485, 0, 32;
    %store/vec4 v000001a6011a5e90_0, 0, 32;
    %vpi_call 2 2 "$display", "imm y=%h", v000001a6011a5f30_0 {0 0 0};
    %delay 0, 0;
    %vpi_call 2 2 "$display", "#0 y=%h", v000001a6011a5f30_0 {0 0 0};
    %delay 1, 0;
    %vpi_call 2 2 "$finish" {0 0 0};
    %end;
    .thread T_0;
# The file index is used to find the file name in the following table.
:file_names 3;
    "N/A";
    "<interactive>";
    "build/tmp_assign.v";
