#! /c/Source/iverilog-install/bin/vvp
:ivl_version "12.0 (devel)" "(s20150603-1539-g2693dd32b)";
:ivl_delay_selection "TYPICAL";
:vpi_time_precision + 0;
:vpi_module "D:\iverilog\lib\ivl\system.vpi";
:vpi_module "D:\iverilog\lib\ivl\vhdl_sys.vpi";
:vpi_module "D:\iverilog\lib\ivl\vhdl_textio.vpi";
:vpi_module "D:\iverilog\lib\ivl\v2005_math.vpi";
:vpi_module "D:\iverilog\lib\ivl\va_math.vpi";
S_000001f9a61d6a60 .scope module, "t" "t" 2 1;
 .timescale 0 0;
v000001f9a61d6bf0_0 .var "x", 12 0;
    .scope S_000001f9a61d6a60;
T_0 ;
    %pushi/vec4 4092, 0, 13;
    %store/vec4 v000001f9a61d6bf0_0, 0, 13;
    %vpi_call 2 5 "$display", "x=%b x12=%b x11=%b", v000001f9a61d6bf0_0, &PV<v000001f9a61d6bf0_0, 12, 1>, &PV<v000001f9a61d6bf0_0, 11, 1> {0 0 0};
    %vpi_call 2 6 "$finish" {0 0 0};
    %end;
    .thread T_0;
# The file index is used to find the file name in the following table.
:file_names 3;
    "N/A";
    "<interactive>";
    "build/tmp_literal.v";
