#! /c/Source/iverilog-install/bin/vvp
:ivl_version "12.0 (devel)" "(s20150603-1539-g2693dd32b)";
:ivl_delay_selection "TYPICAL";
:vpi_time_precision + 0;
:vpi_module "D:\iverilog\lib\ivl\system.vpi";
:vpi_module "D:\iverilog\lib\ivl\vhdl_sys.vpi";
:vpi_module "D:\iverilog\lib\ivl\vhdl_textio.vpi";
:vpi_module "D:\iverilog\lib\ivl\v2005_math.vpi";
:vpi_module "D:\iverilog\lib\ivl\va_math.vpi";
S_000002d47ff35db0 .scope module, "tb" "tb" 2 2;
 .timescale 0 0;
v000002d47ff360d0_0 .var "wdata", 31 0;
v000002d47ff36170_0 .var "wen", 0 0;
v000002d47ff7b820_0 .net "y", 31 0, L_000002d47ff33660;  1 drivers
S_000002d47ff35f40 .scope module, "u" "m" 2 2, 2 1 0, S_000002d47ff35db0;
 .timescale 0 0;
    .port_info 0 /INPUT 1 "wen";
    .port_info 1 /INPUT 32 "wdata";
    .port_info 2 /OUTPUT 32 "y";
L_000002d47ff7b8c8 .functor BUFT 1, C4<00000000000000000000000000000000>, C4<0>, C4<0>, C4<0>;
v000002d47fee7260_0 .net/2u *"_ivl_0", 31 0, L_000002d47ff7b8c8;  1 drivers
v000002d47fee8340_0 .net "wdata", 31 0, v000002d47ff360d0_0;  1 drivers
v000002d47feebea0_0 .net "wen", 0 0, v000002d47ff36170_0;  1 drivers
v000002d47feebf40_0 .net "y", 31 0, L_000002d47ff33660;  alias, 1 drivers
L_000002d47ff33660 .functor MUXZ 32, L_000002d47ff7b8c8, v000002d47ff360d0_0, v000002d47ff36170_0, C4<>;
    .scope S_000002d47ff35db0;
T_0 ;
    %pushi/vec4 0, 0, 1;
    %store/vec4 v000002d47ff36170_0, 0, 1;
    %pushi/vec4 0, 0, 32;
    %store/vec4 v000002d47ff360d0_0, 0, 32;
    %delay 10, 0;
    %pushi/vec4 2779096485, 0, 32;
    %store/vec4 v000002d47ff360d0_0, 0, 32;
    %pushi/vec4 1, 0, 1;
    %store/vec4 v000002d47ff36170_0, 0, 1;
    %vpi_call 2 2 "$display", "imm y=%h", v000002d47ff7b820_0 {0 0 0};
    %delay 0, 0;
    %vpi_call 2 2 "$display", "#0 y=%h", v000002d47ff7b820_0 {0 0 0};
    %delay 1, 0;
    %vpi_call 2 2 "$finish" {0 0 0};
    %end;
    .thread T_0;
# The file index is used to find the file name in the following table.
:file_names 3;
    "N/A";
    "<interactive>";
    "build/tmp_assign2.v";
