#! /c/Source/iverilog-install/bin/vvp
:ivl_version "12.0 (devel)" "(s20150603-1539-g2693dd32b)";
:ivl_delay_selection "TYPICAL";
:vpi_time_precision - 12;
:vpi_module "D:\iverilog\lib\ivl\system.vpi";
:vpi_module "D:\iverilog\lib\ivl\vhdl_sys.vpi";
:vpi_module "D:\iverilog\lib\ivl\vhdl_textio.vpi";
:vpi_module "D:\iverilog\lib\ivl\v2005_math.vpi";
:vpi_module "D:\iverilog\lib\ivl\va_math.vpi";
S_00000155f5786950 .scope module, "t" "t" 2 2;
 .timescale -9 -12;
v00000155f5841f80_0 .var "clk", 0 0;
v00000155f58427a0_0 .var "rs1_addr", 4 0;
v00000155f5842020_0 .net "rs1_bypass", 31 0, L_00000155f5846d30;  1 drivers
v00000155f5842980_0 .net "rs1_no_bypass", 31 0, L_00000155f5845f70;  1 drivers
v00000155f5842160_0 .var "rs2_addr", 4 0;
v00000155f5842200_0 .net "rs2_bypass", 31 0, L_00000155f58457f0;  1 drivers
v00000155f58428e0_0 .net "rs2_no_bypass", 31 0, L_00000155f5845110;  1 drivers
v00000155f5845bb0_0 .var "rst", 0 0;
v00000155f5845b10_0 .var "waddr", 4 0;
v00000155f5846790_0 .var "wdata", 31 0;
v00000155f5846dd0_0 .var "wen", 0 0;
E_00000155f57ea590 .event negedge, v00000155f57e7660_0;
S_00000155f5786ae0 .scope module, "dut_bypass" "rf" 2 29, 3 8 0, S_00000155f5786950;
 .timescale -9 -12;
    .port_info 0 /INPUT 1 "i_clk";
    .port_info 1 /INPUT 1 "i_rst";
    .port_info 2 /INPUT 5 "i_rs1_raddr";
    .port_info 3 /OUTPUT 32 "o_rs1_rdata";
    .port_info 4 /INPUT 5 "i_rs2_raddr";
    .port_info 5 /OUTPUT 32 "o_rs2_rdata";
    .port_info 6 /INPUT 1 "i_rd_wen";
    .port_info 7 /INPUT 5 "i_rd_waddr";
    .port_info 8 /INPUT 32 "i_rd_wdata";
P_00000155f57ea350 .param/l "BYPASS_EN" 0 3 17, +C4<00000000000000000000000000000001>;
L_00000155f5bd0358 .functor BUFT 1, C4<1>, C4<0>, C4<0>, C4<0>;
L_00000155f57cbec0 .functor AND 1, L_00000155f5bd0358, v00000155f5846dd0_0, C4<1>, C4<1>;
L_00000155f57cb9f0 .functor AND 1, L_00000155f57cbec0, L_00000155f5845610, C4<1>, C4<1>;
L_00000155f57cba60 .functor AND 1, L_00000155f57cb9f0, L_00000155f58456b0, C4<1>, C4<1>;
L_00000155f5bd03e8 .functor BUFT 1, C4<1>, C4<0>, C4<0>, C4<0>;
L_00000155f57cc400 .functor AND 1, L_00000155f5bd03e8, v00000155f5846dd0_0, C4<1>, C4<1>;
L_00000155f57cc160 .functor AND 1, L_00000155f57cc400, L_00000155f5845e30, C4<1>, C4<1>;
L_00000155f57cbad0 .functor AND 1, L_00000155f57cc160, L_00000155f58459d0, C4<1>, C4<1>;
v00000155f57e8100_0 .net/2u *"_ivl_0", 0 0, L_00000155f5bd0358;  1 drivers
v00000155f57e7700_0 .net *"_ivl_10", 0 0, L_00000155f58456b0;  1 drivers
v00000155f57e81a0_0 .net/2u *"_ivl_14", 0 0, L_00000155f5bd03e8;  1 drivers
v00000155f57e87e0_0 .net *"_ivl_17", 0 0, L_00000155f57cc400;  1 drivers
L_00000155f5bd0430 .functor BUFT 1, C4<00000>, C4<0>, C4<0>, C4<0>;
v00000155f57e75c0_0 .net/2u *"_ivl_18", 4 0, L_00000155f5bd0430;  1 drivers
v00000155f57e8c40_0 .net *"_ivl_20", 0 0, L_00000155f5845e30;  1 drivers
v00000155f57e7840_0 .net *"_ivl_23", 0 0, L_00000155f57cc160;  1 drivers
v00000155f57e8880_0 .net *"_ivl_24", 0 0, L_00000155f58459d0;  1 drivers
L_00000155f5bd0478 .functor BUFT 1, C4<00000000000000000000000000000000>, C4<0>, C4<0>, C4<0>;
v00000155f57e78e0_0 .net/2u *"_ivl_28", 31 0, L_00000155f5bd0478;  1 drivers
v00000155f57e70c0_0 .net *"_ivl_3", 0 0, L_00000155f57cbec0;  1 drivers
L_00000155f5bd04c0 .functor BUFT 1, C4<00000>, C4<0>, C4<0>, C4<0>;
v00000155f57e7340_0 .net/2u *"_ivl_30", 4 0, L_00000155f5bd04c0;  1 drivers
v00000155f57e7a20_0 .net *"_ivl_32", 0 0, L_00000155f5846830;  1 drivers
L_00000155f5bd0508 .functor BUFT 1, C4<00000000000000000000000000000000>, C4<0>, C4<0>, C4<0>;
v00000155f57e82e0_0 .net/2u *"_ivl_34", 31 0, L_00000155f5bd0508;  1 drivers
v00000155f57e8d80_0 .net *"_ivl_36", 31 0, L_00000155f58452f0;  1 drivers
v00000155f57e8380_0 .net *"_ivl_38", 6 0, L_00000155f5845cf0;  1 drivers
L_00000155f5bd03a0 .functor BUFT 1, C4<00000>, C4<0>, C4<0>, C4<0>;
v00000155f57e7f20_0 .net/2u *"_ivl_4", 4 0, L_00000155f5bd03a0;  1 drivers
L_00000155f5bd0550 .functor BUFT 1, C4<00>, C4<0>, C4<0>, C4<0>;
v00000155f57e7980_0 .net *"_ivl_41", 1 0, L_00000155f5bd0550;  1 drivers
v00000155f57e7ac0_0 .net *"_ivl_42", 31 0, L_00000155f5845390;  1 drivers
v00000155f57e8560_0 .net *"_ivl_44", 31 0, L_00000155f5845c50;  1 drivers
L_00000155f5bd0598 .functor BUFT 1, C4<00000000000000000000000000000000>, C4<0>, C4<0>, C4<0>;
v00000155f57e8920_0 .net/2u *"_ivl_48", 31 0, L_00000155f5bd0598;  1 drivers
L_00000155f5bd05e0 .functor BUFT 1, C4<00000>, C4<0>, C4<0>, C4<0>;
v00000155f57e7d40_0 .net/2u *"_ivl_50", 4 0, L_00000155f5bd05e0;  1 drivers
v00000155f57e8420_0 .net *"_ivl_52", 0 0, L_00000155f5844f30;  1 drivers
L_00000155f5bd0628 .functor BUFT 1, C4<00000000000000000000000000000000>, C4<0>, C4<0>, C4<0>;
v00000155f57e8600_0 .net/2u *"_ivl_54", 31 0, L_00000155f5bd0628;  1 drivers
v00000155f57e86a0_0 .net *"_ivl_56", 31 0, L_00000155f5845430;  1 drivers
v00000155f57e8740_0 .net *"_ivl_58", 6 0, L_00000155f5846a10;  1 drivers
v00000155f57e89c0_0 .net *"_ivl_6", 0 0, L_00000155f5845610;  1 drivers
L_00000155f5bd0670 .functor BUFT 1, C4<00>, C4<0>, C4<0>, C4<0>;
v00000155f57e8a60_0 .net *"_ivl_61", 1 0, L_00000155f5bd0670;  1 drivers
v00000155f57e8ba0_0 .net *"_ivl_62", 31 0, L_00000155f5846970;  1 drivers
v00000155f57e8ce0_0 .net *"_ivl_64", 31 0, L_00000155f5844fd0;  1 drivers
v00000155f57e7480_0 .net *"_ivl_9", 0 0, L_00000155f57cb9f0;  1 drivers
v00000155f57e7660_0 .net "i_clk", 0 0, v00000155f5841f80_0;  1 drivers
v00000155f57e8e20_0 .net "i_rd_waddr", 4 0, v00000155f5845b10_0;  1 drivers
v00000155f57d0030_0 .var "i_rd_waddr_q", 4 0;
v00000155f57cf8b0_0 .net "i_rd_wdata", 31 0, v00000155f5846790_0;  1 drivers
v00000155f57d0170_0 .var "i_rd_wdata_q", 31 0;
v00000155f57d0210_0 .net "i_rd_wen", 0 0, v00000155f5846dd0_0;  1 drivers
v00000155f57d02b0_0 .var "i_rd_wen_q", 0 0;
v00000155f57d0350_0 .net "i_rs1_raddr", 4 0, v00000155f58427a0_0;  1 drivers
v00000155f5843a60_0 .net "i_rs2_raddr", 4 0, v00000155f5842160_0;  1 drivers
v00000155f5842b60_0 .net "i_rst", 0 0, v00000155f5845bb0_0;  1 drivers
v00000155f5843ba0_0 .var/i "idx", 31 0;
v00000155f5842ac0_0 .net "o_rs1_rdata", 31 0, L_00000155f5846d30;  alias, 1 drivers
v00000155f5842480_0 .net "o_rs2_rdata", 31 0, L_00000155f58457f0;  alias, 1 drivers
v00000155f5843560 .array "regs", 31 0, 31 0;
v00000155f5842340_0 .net "rs1_bypass_hit", 0 0, L_00000155f57cba60;  1 drivers
v00000155f5843420_0 .net "rs2_bypass_hit", 0 0, L_00000155f57cbad0;  1 drivers
E_00000155f57ea1d0 .event posedge, v00000155f57e7660_0;
E_00000155f57ea9d0 .event anyedge, v00000155f57cf8b0_0, v00000155f57e8e20_0, v00000155f57d0210_0, v00000155f5842b60_0;
L_00000155f5845610 .cmp/ne 5, v00000155f5845b10_0, L_00000155f5bd03a0;
L_00000155f58456b0 .cmp/eq 5, v00000155f58427a0_0, v00000155f5845b10_0;
L_00000155f5845e30 .cmp/ne 5, v00000155f5845b10_0, L_00000155f5bd0430;
L_00000155f58459d0 .cmp/eq 5, v00000155f5842160_0, v00000155f5845b10_0;
L_00000155f5846830 .cmp/eq 5, v00000155f58427a0_0, L_00000155f5bd04c0;
L_00000155f58452f0 .array/port v00000155f5843560, L_00000155f5845cf0;
L_00000155f5845cf0 .concat [ 5 2 0 0], v00000155f58427a0_0, L_00000155f5bd0550;
L_00000155f5845390 .functor MUXZ 32, L_00000155f58452f0, v00000155f5846790_0, L_00000155f57cba60, C4<>;
L_00000155f5845c50 .functor MUXZ 32, L_00000155f5845390, L_00000155f5bd0508, L_00000155f5846830, C4<>;
L_00000155f5846d30 .functor MUXZ 32, L_00000155f5845c50, L_00000155f5bd0478, v00000155f5845bb0_0, C4<>;
L_00000155f5844f30 .cmp/eq 5, v00000155f5842160_0, L_00000155f5bd05e0;
L_00000155f5845430 .array/port v00000155f5843560, L_00000155f5846a10;
L_00000155f5846a10 .concat [ 5 2 0 0], v00000155f5842160_0, L_00000155f5bd0670;
L_00000155f5846970 .functor MUXZ 32, L_00000155f5845430, v00000155f5846790_0, L_00000155f57cbad0, C4<>;
L_00000155f5844fd0 .functor MUXZ 32, L_00000155f5846970, L_00000155f5bd0628, L_00000155f5844f30, C4<>;
L_00000155f58457f0 .functor MUXZ 32, L_00000155f5844fd0, L_00000155f5bd0598, v00000155f5845bb0_0, C4<>;
S_00000155f57eeb70 .scope module, "dut_no_bypass" "rf" 2 17, 3 8 0, S_00000155f5786950;
 .timescale -9 -12;
    .port_info 0 /INPUT 1 "i_clk";
    .port_info 1 /INPUT 1 "i_rst";
    .port_info 2 /INPUT 5 "i_rs1_raddr";
    .port_info 3 /OUTPUT 32 "o_rs1_rdata";
    .port_info 4 /INPUT 5 "i_rs2_raddr";
    .port_info 5 /OUTPUT 32 "o_rs2_rdata";
    .port_info 6 /INPUT 1 "i_rd_wen";
    .port_info 7 /INPUT 5 "i_rd_waddr";
    .port_info 8 /INPUT 32 "i_rd_wdata";
P_00000155f57ea750 .param/l "BYPASS_EN" 0 3 17, +C4<00000000000000000000000000000000>;
L_00000155f57cbc90 .functor BUFT 32, L_00000155f5845070, C4<00000000000000000000000000000000>, C4<00000000000000000000000000000000>, C4<00000000000000000000000000000000>;
L_00000155f57cc320 .functor BUFT 32, L_00000155f5845750, C4<00000000000000000000000000000000>, C4<00000000000000000000000000000000>, C4<00000000000000000000000000000000>;
L_00000155f5bd01a8 .functor BUFT 1, C4<00000000000000000000000000000000>, C4<0>, C4<0>, C4<0>;
v00000155f5841d00_0 .net/2u *"_ivl_10", 31 0, L_00000155f5bd01a8;  1 drivers
v00000155f5842e80_0 .net *"_ivl_12", 31 0, L_00000155f5845070;  1 drivers
v00000155f5842c00_0 .net *"_ivl_14", 6 0, L_00000155f5845570;  1 drivers
L_00000155f5bd01f0 .functor BUFT 1, C4<00>, C4<0>, C4<0>, C4<0>;
v00000155f58432e0_0 .net *"_ivl_17", 1 0, L_00000155f5bd01f0;  1 drivers
v00000155f5843240_0 .net *"_ivl_18", 31 0, L_00000155f57cbc90;  1 drivers
v00000155f5842f20_0 .net *"_ivl_20", 31 0, L_00000155f5845ed0;  1 drivers
L_00000155f5bd0238 .functor BUFT 1, C4<00000000000000000000000000000000>, C4<0>, C4<0>, C4<0>;
v00000155f58439c0_0 .net/2u *"_ivl_24", 31 0, L_00000155f5bd0238;  1 drivers
L_00000155f5bd0280 .functor BUFT 1, C4<00000>, C4<0>, C4<0>, C4<0>;
v00000155f58420c0_0 .net/2u *"_ivl_26", 4 0, L_00000155f5bd0280;  1 drivers
v00000155f5842700_0 .net *"_ivl_28", 0 0, L_00000155f5846510;  1 drivers
L_00000155f5bd02c8 .functor BUFT 1, C4<00000000000000000000000000000000>, C4<0>, C4<0>, C4<0>;
v00000155f5843380_0 .net/2u *"_ivl_30", 31 0, L_00000155f5bd02c8;  1 drivers
v00000155f5843880_0 .net *"_ivl_32", 31 0, L_00000155f5845750;  1 drivers
v00000155f5842ca0_0 .net *"_ivl_34", 6 0, L_00000155f58454d0;  1 drivers
L_00000155f5bd0310 .functor BUFT 1, C4<00>, C4<0>, C4<0>, C4<0>;
v00000155f5843100_0 .net *"_ivl_37", 1 0, L_00000155f5bd0310;  1 drivers
v00000155f5843600_0 .net *"_ivl_38", 31 0, L_00000155f57cc320;  1 drivers
L_00000155f5bd0118 .functor BUFT 1, C4<00000000000000000000000000000000>, C4<0>, C4<0>, C4<0>;
v00000155f58423e0_0 .net/2u *"_ivl_4", 31 0, L_00000155f5bd0118;  1 drivers
v00000155f5842de0_0 .net *"_ivl_40", 31 0, L_00000155f5845250;  1 drivers
L_00000155f5bd0160 .functor BUFT 1, C4<00000>, C4<0>, C4<0>, C4<0>;
v00000155f5842fc0_0 .net/2u *"_ivl_6", 4 0, L_00000155f5bd0160;  1 drivers
v00000155f5842520_0 .net *"_ivl_8", 0 0, L_00000155f58451b0;  1 drivers
v00000155f58434c0_0 .net "i_clk", 0 0, v00000155f5841f80_0;  alias, 1 drivers
v00000155f5843060_0 .net "i_rd_waddr", 4 0, v00000155f5845b10_0;  alias, 1 drivers
v00000155f58436a0_0 .var "i_rd_waddr_q", 4 0;
v00000155f58431a0_0 .net "i_rd_wdata", 31 0, v00000155f5846790_0;  alias, 1 drivers
v00000155f5841da0_0 .var "i_rd_wdata_q", 31 0;
v00000155f5842a20_0 .net "i_rd_wen", 0 0, v00000155f5846dd0_0;  alias, 1 drivers
v00000155f58425c0_0 .var "i_rd_wen_q", 0 0;
v00000155f5843740_0 .net "i_rs1_raddr", 4 0, v00000155f58427a0_0;  alias, 1 drivers
v00000155f58437e0_0 .net "i_rs2_raddr", 4 0, v00000155f5842160_0;  alias, 1 drivers
v00000155f5843920_0 .net "i_rst", 0 0, v00000155f5845bb0_0;  alias, 1 drivers
v00000155f5843b00_0 .var/i "idx", 31 0;
v00000155f58422a0_0 .net "o_rs1_rdata", 31 0, L_00000155f5845f70;  alias, 1 drivers
v00000155f5842840_0 .net "o_rs2_rdata", 31 0, L_00000155f5845110;  alias, 1 drivers
v00000155f5842660 .array "regs", 31 0, 31 0;
L_00000155f5bd0088 .functor BUFT 1, C4<0>, C4<0>, C4<0>, C4<0>;
v00000155f5841e40_0 .net "rs1_bypass_hit", 0 0, L_00000155f5bd0088;  1 drivers
L_00000155f5bd00d0 .functor BUFT 1, C4<0>, C4<0>, C4<0>, C4<0>;
v00000155f5841ee0_0 .net "rs2_bypass_hit", 0 0, L_00000155f5bd00d0;  1 drivers
L_00000155f58451b0 .cmp/eq 5, v00000155f58427a0_0, L_00000155f5bd0160;
L_00000155f5845070 .array/port v00000155f5842660, L_00000155f5845570;
L_00000155f5845570 .concat [ 5 2 0 0], v00000155f58427a0_0, L_00000155f5bd01f0;
L_00000155f5845ed0 .functor MUXZ 32, L_00000155f57cbc90, L_00000155f5bd01a8, L_00000155f58451b0, C4<>;
L_00000155f5845f70 .functor MUXZ 32, L_00000155f5845ed0, L_00000155f5bd0118, v00000155f5845bb0_0, C4<>;
L_00000155f5846510 .cmp/eq 5, v00000155f5842160_0, L_00000155f5bd0280;
L_00000155f5845750 .array/port v00000155f5842660, L_00000155f58454d0;
L_00000155f58454d0 .concat [ 5 2 0 0], v00000155f5842160_0, L_00000155f5bd0310;
L_00000155f5845250 .functor MUXZ 32, L_00000155f57cc320, L_00000155f5bd02c8, L_00000155f5846510, C4<>;
L_00000155f5845110 .functor MUXZ 32, L_00000155f5845250, L_00000155f5bd0238, v00000155f5845bb0_0, C4<>;
    .scope S_00000155f57eeb70;
T_0 ;
    %wait E_00000155f57ea9d0;
    %load/vec4 v00000155f5843920_0;
    %flag_set/vec4 8;
    %jmp/0xz  T_0.0, 8;
    %pushi/vec4 0, 0, 1;
    %assign/vec4 v00000155f58425c0_0, 0;
    %pushi/vec4 0, 0, 5;
    %assign/vec4 v00000155f58436a0_0, 0;
    %pushi/vec4 0, 0, 32;
    %assign/vec4 v00000155f5841da0_0, 0;
    %jmp T_0.1;
T_0.0 ;
    %load/vec4 v00000155f5842a20_0;
    %assign/vec4 v00000155f58425c0_0, 0;
    %load/vec4 v00000155f5843060_0;
    %assign/vec4 v00000155f58436a0_0, 0;
    %load/vec4 v00000155f58431a0_0;
    %assign/vec4 v00000155f5841da0_0, 0;
T_0.1 ;
    %jmp T_0;
    .thread T_0, $push;
    .scope S_00000155f57eeb70;
T_1 ;
    %wait E_00000155f57ea1d0;
    %load/vec4 v00000155f5843920_0;
    %flag_set/vec4 8;
    %jmp/0xz  T_1.0, 8;
    %pushi/vec4 0, 0, 32;
    %store/vec4 v00000155f5843b00_0, 0, 32;
T_1.2 ;
    %load/vec4 v00000155f5843b00_0;
    %cmpi/s 32, 0, 32;
    %jmp/0xz T_1.3, 5;
    %pushi/vec4 0, 0, 32;
    %ix/getv/s 3, v00000155f5843b00_0;
    %ix/load 4, 0, 0; Constant delay
    %assign/vec4/a/d v00000155f5842660, 0, 4;
    %load/vec4 v00000155f5843b00_0;
    %addi 1, 0, 32;
    %store/vec4 v00000155f5843b00_0, 0, 32;
    %jmp T_1.2;
T_1.3 ;
    %jmp T_1.1;
T_1.0 ;
    %load/vec4 v00000155f58425c0_0;
    %flag_set/vec4 9;
    %flag_get/vec4 9;
    %jmp/0 T_1.6, 9;
    %load/vec4 v00000155f58436a0_0;
    %pushi/vec4 0, 0, 5;
    %cmp/ne;
    %flag_get/vec4 4;
    %and;
T_1.6;
    %flag_set/vec4 8;
    %jmp/0xz  T_1.4, 8;
    %load/vec4 v00000155f5841da0_0;
    %load/vec4 v00000155f58436a0_0;
    %pad/u 7;
    %ix/vec4 3;
    %ix/load 4, 0, 0; Constant delay
    %assign/vec4/a/d v00000155f5842660, 0, 4;
T_1.4 ;
T_1.1 ;
    %jmp T_1;
    .thread T_1;
    .scope S_00000155f5786ae0;
T_2 ;
    %wait E_00000155f57ea9d0;
    %load/vec4 v00000155f5842b60_0;
    %flag_set/vec4 8;
    %jmp/0xz  T_2.0, 8;
    %pushi/vec4 0, 0, 1;
    %assign/vec4 v00000155f57d02b0_0, 0;
    %pushi/vec4 0, 0, 5;
    %assign/vec4 v00000155f57d0030_0, 0;
    %pushi/vec4 0, 0, 32;
    %assign/vec4 v00000155f57d0170_0, 0;
    %jmp T_2.1;
T_2.0 ;
    %load/vec4 v00000155f57d0210_0;
    %assign/vec4 v00000155f57d02b0_0, 0;
    %load/vec4 v00000155f57e8e20_0;
    %assign/vec4 v00000155f57d0030_0, 0;
    %load/vec4 v00000155f57cf8b0_0;
    %assign/vec4 v00000155f57d0170_0, 0;
T_2.1 ;
    %jmp T_2;
    .thread T_2, $push;
    .scope S_00000155f5786ae0;
T_3 ;
    %wait E_00000155f57ea1d0;
    %load/vec4 v00000155f5842b60_0;
    %flag_set/vec4 8;
    %jmp/0xz  T_3.0, 8;
    %pushi/vec4 0, 0, 32;
    %store/vec4 v00000155f5843ba0_0, 0, 32;
T_3.2 ;
    %load/vec4 v00000155f5843ba0_0;
    %cmpi/s 32, 0, 32;
    %jmp/0xz T_3.3, 5;
    %pushi/vec4 0, 0, 32;
    %ix/getv/s 3, v00000155f5843ba0_0;
    %ix/load 4, 0, 0; Constant delay
    %assign/vec4/a/d v00000155f5843560, 0, 4;
    %load/vec4 v00000155f5843ba0_0;
    %addi 1, 0, 32;
    %store/vec4 v00000155f5843ba0_0, 0, 32;
    %jmp T_3.2;
T_3.3 ;
    %jmp T_3.1;
T_3.0 ;
    %load/vec4 v00000155f57d02b0_0;
    %flag_set/vec4 9;
    %flag_get/vec4 9;
    %jmp/0 T_3.6, 9;
    %load/vec4 v00000155f57d0030_0;
    %pushi/vec4 0, 0, 5;
    %cmp/ne;
    %flag_get/vec4 4;
    %and;
T_3.6;
    %flag_set/vec4 8;
    %jmp/0xz  T_3.4, 8;
    %load/vec4 v00000155f57d0170_0;
    %load/vec4 v00000155f57d0030_0;
    %pad/u 7;
    %ix/vec4 3;
    %ix/load 4, 0, 0; Constant delay
    %assign/vec4/a/d v00000155f5843560, 0, 4;
T_3.4 ;
T_3.1 ;
    %jmp T_3;
    .thread T_3;
    .scope S_00000155f5786950;
T_4 ;
    %pushi/vec4 0, 0, 1;
    %store/vec4 v00000155f5841f80_0, 0, 1;
    %pushi/vec4 1, 0, 1;
    %store/vec4 v00000155f5845bb0_0, 0, 1;
    %pushi/vec4 0, 0, 1;
    %store/vec4 v00000155f5846dd0_0, 0, 1;
    %pushi/vec4 0, 0, 5;
    %store/vec4 v00000155f5845b10_0, 0, 5;
    %pushi/vec4 0, 0, 32;
    %store/vec4 v00000155f5846790_0, 0, 32;
    %pushi/vec4 0, 0, 5;
    %store/vec4 v00000155f58427a0_0, 0, 5;
    %pushi/vec4 0, 0, 5;
    %store/vec4 v00000155f5842160_0, 0, 5;
    %delay 2000, 0;
    %pushi/vec4 1, 0, 5;
    %store/vec4 v00000155f58427a0_0, 0, 5;
    %pushi/vec4 2, 0, 5;
    %store/vec4 v00000155f5842160_0, 0, 5;
    %delay 2000, 0;
    %vpi_call 2 54 "$display", "t=%0t rst=%b rs1_nb=%h rs2_nb=%h", $time, v00000155f5845bb0_0, v00000155f5842980_0, v00000155f58428e0_0 {0 0 0};
    %wait E_00000155f57ea590;
    %pushi/vec4 0, 0, 1;
    %store/vec4 v00000155f5845bb0_0, 0, 1;
    %pushi/vec4 1, 0, 5;
    %store/vec4 v00000155f5845b10_0, 0, 5;
    %pushi/vec4 2779096485, 0, 32;
    %store/vec4 v00000155f5846790_0, 0, 32;
    %pushi/vec4 1, 0, 1;
    %store/vec4 v00000155f5846dd0_0, 0, 1;
    %pushi/vec4 1, 0, 5;
    %store/vec4 v00000155f58427a0_0, 0, 5;
    %delay 1000, 0;
    %vpi_call 2 65 "$display", "t=%0t rst=%b wen=%b rs1_bypass=%h hit=%b", $time, v00000155f5845bb0_0, v00000155f5846dd0_0, v00000155f5842020_0, v00000155f5842340_0 {0 0 0};
    %delay 20000, 0;
    %vpi_call 2 67 "$finish" {0 0 0};
    %end;
    .thread T_4;
    .scope S_00000155f5786950;
T_5 ;
    %delay 5000, 0;
    %load/vec4 v00000155f5841f80_0;
    %inv;
    %store/vec4 v00000155f5841f80_0, 0, 1;
    %jmp T_5;
    .thread T_5;
# The file index is used to find the file name in the following table.
:file_names 4;
    "N/A";
    "<interactive>";
    "build/tmp_unit_rf_debug.v";
    "lib/rf.v";
