#! /c/Source/iverilog-install/bin/vvp
:ivl_version "12.0 (devel)" "(s20150603-1539-g2693dd32b)";
:ivl_delay_selection "TYPICAL";
:vpi_time_precision - 12;
:vpi_module "D:\iverilog\lib\ivl\system.vpi";
:vpi_module "D:\iverilog\lib\ivl\vhdl_sys.vpi";
:vpi_module "D:\iverilog\lib\ivl\vhdl_textio.vpi";
:vpi_module "D:\iverilog\lib\ivl\v2005_math.vpi";
:vpi_module "D:\iverilog\lib\ivl\va_math.vpi";
S_0000023a1b676a60 .scope module, "tb" "tb" 2 2;
 .timescale -9 -12;
v0000023a1b7f6080_0 .var "clk", 0 0;
v0000023a1b7f6f80_0 .net "rs1", 31 0, L_0000023a1b840340;  1 drivers
v0000023a1b7f6120_0 .var "rs1_addr", 4 0;
v0000023a1b7f6d00_0 .var "rs2_addr", 4 0;
v0000023a1b7f6e40_0 .var "rst", 0 0;
v0000023a1b7f7020_0 .var "waddr", 4 0;
v0000023a1b7f70c0_0 .var "wdata", 31 0;
v0000023a1b7f5ea0_0 .var "wen", 0 0;
E_0000023a1b7a3100 .event negedge, v0000023a1b7f6800_0;
S_0000023a1b676bf0 .scope task, "check" "check" 2 5, 2 5 0, S_0000023a1b676a60;
 .timescale -9 -12;
v0000023a1b78d430_0 .var "got", 31 0;
TD_tb.check ;
    %delay 1000, 0;
    %vpi_call 2 5 "$display", "t=%0t got=%h rst=%b wen=%b waddr=%d rs1_addr=%d", $time, v0000023a1b78d430_0, v0000023a1b7f6e40_0, v0000023a1b7f5ea0_0, v0000023a1b7f7020_0, v0000023a1b7f6120_0 {0 0 0};
    %end;
S_0000023a1b7946f0 .scope module, "dut" "rf" 2 4, 3 8 0, S_0000023a1b676a60;
 .timescale -9 -12;
    .port_info 0 /INPUT 1 "i_clk";
    .port_info 1 /INPUT 1 "i_rst";
    .port_info 2 /INPUT 5 "i_rs1_raddr";
    .port_info 3 /OUTPUT 32 "o_rs1_rdata";
    .port_info 4 /INPUT 5 "i_rs2_raddr";
    .port_info 5 /OUTPUT 32 "o_rs2_rdata";
    .port_info 6 /INPUT 1 "i_rd_wen";
    .port_info 7 /INPUT 5 "i_rd_waddr";
    .port_info 8 /INPUT 32 "i_rd_wdata";
P_0000023a1b7a3a80 .param/l "BYPASS_EN" 0 3 17, +C4<00000000000000000000000000000001>;
L_0000023a1b7f82e8 .functor BUFT 1, C4<1>, C4<0>, C4<0>, C4<0>;
L_0000023a1b78fee0 .functor AND 1, L_0000023a1b7f82e8, v0000023a1b7f5ea0_0, C4<1>, C4<1>;
L_0000023a1b790180 .functor AND 1, L_0000023a1b78fee0, L_0000023a1b7f5f40, C4<1>, C4<1>;
L_0000023a1b790810 .functor AND 1, L_0000023a1b790180, L_0000023a1b7f5fe0, C4<1>, C4<1>;
L_0000023a1b7f8378 .functor BUFT 1, C4<1>, C4<0>, C4<0>, C4<0>;
L_0000023a1b7901f0 .functor AND 1, L_0000023a1b7f8378, v0000023a1b7f5ea0_0, C4<1>, C4<1>;
L_0000023a1b78ffc0 .functor AND 1, L_0000023a1b7901f0, L_0000023a1b841ba0, C4<1>, C4<1>;
L_0000023a1b790260 .functor AND 1, L_0000023a1b78ffc0, L_0000023a1b841ec0, C4<1>, C4<1>;
v0000023a1b78dcf0_0 .net/2u *"_ivl_0", 0 0, L_0000023a1b7f82e8;  1 drivers
v0000023a1b78ded0_0 .net *"_ivl_10", 0 0, L_0000023a1b7f5fe0;  1 drivers
v0000023a1b78d4d0_0 .net/2u *"_ivl_14", 0 0, L_0000023a1b7f8378;  1 drivers
v0000023a1b78d610_0 .net *"_ivl_17", 0 0, L_0000023a1b7901f0;  1 drivers
L_0000023a1b7f83c0 .functor BUFT 1, C4<00000>, C4<0>, C4<0>, C4<0>;
v0000023a1b78d750_0 .net/2u *"_ivl_18", 4 0, L_0000023a1b7f83c0;  1 drivers
v0000023a1b78d890_0 .net *"_ivl_20", 0 0, L_0000023a1b841ba0;  1 drivers
v0000023a1b7f5cc0_0 .net *"_ivl_23", 0 0, L_0000023a1b78ffc0;  1 drivers
v0000023a1b7f59a0_0 .net *"_ivl_24", 0 0, L_0000023a1b841ec0;  1 drivers
L_0000023a1b7f8408 .functor BUFT 1, C4<00000000000000000000000000000000>, C4<0>, C4<0>, C4<0>;
v0000023a1b7f69e0_0 .net/2u *"_ivl_28", 31 0, L_0000023a1b7f8408;  1 drivers
v0000023a1b7f7340_0 .net *"_ivl_3", 0 0, L_0000023a1b78fee0;  1 drivers
L_0000023a1b7f8450 .functor BUFT 1, C4<00000>, C4<0>, C4<0>, C4<0>;
v0000023a1b7f7520_0 .net/2u *"_ivl_30", 4 0, L_0000023a1b7f8450;  1 drivers
v0000023a1b7f5e00_0 .net *"_ivl_32", 0 0, L_0000023a1b840ac0;  1 drivers
L_0000023a1b7f8498 .functor BUFT 1, C4<00000000000000000000000000000000>, C4<0>, C4<0>, C4<0>;
v0000023a1b7f7660_0 .net/2u *"_ivl_34", 31 0, L_0000023a1b7f8498;  1 drivers
v0000023a1b7f6ee0_0 .net *"_ivl_36", 31 0, L_0000023a1b8408e0;  1 drivers
v0000023a1b7f6300_0 .net *"_ivl_38", 6 0, L_0000023a1b840840;  1 drivers
L_0000023a1b7f8330 .functor BUFT 1, C4<00000>, C4<0>, C4<0>, C4<0>;
v0000023a1b7f6620_0 .net/2u *"_ivl_4", 4 0, L_0000023a1b7f8330;  1 drivers
L_0000023a1b7f84e0 .functor BUFT 1, C4<00>, C4<0>, C4<0>, C4<0>;
v0000023a1b7f68a0_0 .net *"_ivl_41", 1 0, L_0000023a1b7f84e0;  1 drivers
v0000023a1b7f63a0_0 .net *"_ivl_42", 31 0, L_0000023a1b840f20;  1 drivers
v0000023a1b7f6760_0 .net *"_ivl_44", 31 0, L_0000023a1b840b60;  1 drivers
L_0000023a1b7f8528 .functor BUFT 1, C4<00000000000000000000000000000000>, C4<0>, C4<0>, C4<0>;
v0000023a1b7f73e0_0 .net/2u *"_ivl_48", 31 0, L_0000023a1b7f8528;  1 drivers
L_0000023a1b7f8570 .functor BUFT 1, C4<00000>, C4<0>, C4<0>, C4<0>;
v0000023a1b7f66c0_0 .net/2u *"_ivl_50", 4 0, L_0000023a1b7f8570;  1 drivers
v0000023a1b7f6580_0 .net *"_ivl_52", 0 0, L_0000023a1b841560;  1 drivers
L_0000023a1b7f85b8 .functor BUFT 1, C4<00000000000000000000000000000000>, C4<0>, C4<0>, C4<0>;
v0000023a1b7f6940_0 .net/2u *"_ivl_54", 31 0, L_0000023a1b7f85b8;  1 drivers
v0000023a1b7f72a0_0 .net *"_ivl_56", 31 0, L_0000023a1b8403e0;  1 drivers
v0000023a1b7f75c0_0 .net *"_ivl_58", 6 0, L_0000023a1b8416a0;  1 drivers
v0000023a1b7f7700_0 .net *"_ivl_6", 0 0, L_0000023a1b7f5f40;  1 drivers
L_0000023a1b7f8600 .functor BUFT 1, C4<00>, C4<0>, C4<0>, C4<0>;
v0000023a1b7f7160_0 .net *"_ivl_61", 1 0, L_0000023a1b7f8600;  1 drivers
v0000023a1b7f5d60_0 .net *"_ivl_62", 31 0, L_0000023a1b8412e0;  1 drivers
v0000023a1b7f7200_0 .net *"_ivl_64", 31 0, L_0000023a1b840980;  1 drivers
v0000023a1b7f77a0_0 .net *"_ivl_9", 0 0, L_0000023a1b790180;  1 drivers
v0000023a1b7f6800_0 .net "i_clk", 0 0, v0000023a1b7f6080_0;  1 drivers
v0000023a1b7f6a80_0 .net "i_rd_waddr", 4 0, v0000023a1b7f7020_0;  1 drivers
v0000023a1b7f7480_0 .var "i_rd_waddr_q", 4 0;
v0000023a1b7f5900_0 .net "i_rd_wdata", 31 0, v0000023a1b7f70c0_0;  1 drivers
v0000023a1b7f5a40_0 .var "i_rd_wdata_q", 31 0;
v0000023a1b7f6b20_0 .net "i_rd_wen", 0 0, v0000023a1b7f5ea0_0;  1 drivers
v0000023a1b7f5ae0_0 .var "i_rd_wen_q", 0 0;
v0000023a1b7f6bc0_0 .net "i_rs1_raddr", 4 0, v0000023a1b7f6120_0;  1 drivers
v0000023a1b7f61c0_0 .net "i_rs2_raddr", 4 0, v0000023a1b7f6d00_0;  1 drivers
v0000023a1b7f6da0_0 .net "i_rst", 0 0, v0000023a1b7f6e40_0;  1 drivers
v0000023a1b7f6260_0 .var/i "idx", 31 0;
v0000023a1b7f64e0_0 .net "o_rs1_rdata", 31 0, L_0000023a1b840340;  alias, 1 drivers
v0000023a1b7f6c60_0 .net "o_rs2_rdata", 31 0, L_0000023a1b841ce0;  1 drivers
v0000023a1b7f5b80 .array "regs", 31 0, 31 0;
v0000023a1b7f5c20_0 .net "rs1_bypass_hit", 0 0, L_0000023a1b790810;  1 drivers
v0000023a1b7f6440_0 .net "rs2_bypass_hit", 0 0, L_0000023a1b790260;  1 drivers
E_0000023a1b7a3140 .event posedge, v0000023a1b7f6800_0;
E_0000023a1b7a3d00 .event anyedge, v0000023a1b7f5900_0, v0000023a1b7f6a80_0, v0000023a1b7f6b20_0, v0000023a1b7f6da0_0;
L_0000023a1b7f5f40 .cmp/ne 5, v0000023a1b7f7020_0, L_0000023a1b7f8330;
L_0000023a1b7f5fe0 .cmp/eq 5, v0000023a1b7f6120_0, v0000023a1b7f7020_0;
L_0000023a1b841ba0 .cmp/ne 5, v0000023a1b7f7020_0, L_0000023a1b7f83c0;
L_0000023a1b841ec0 .cmp/eq 5, v0000023a1b7f6d00_0, v0000023a1b7f7020_0;
L_0000023a1b840ac0 .cmp/eq 5, v0000023a1b7f6120_0, L_0000023a1b7f8450;
L_0000023a1b8408e0 .array/port v0000023a1b7f5b80, L_0000023a1b840840;
L_0000023a1b840840 .concat [ 5 2 0 0], v0000023a1b7f6120_0, L_0000023a1b7f84e0;
L_0000023a1b840f20 .functor MUXZ 32, L_0000023a1b8408e0, v0000023a1b7f70c0_0, L_0000023a1b790810, C4<>;
L_0000023a1b840b60 .functor MUXZ 32, L_0000023a1b840f20, L_0000023a1b7f8498, L_0000023a1b840ac0, C4<>;
L_0000023a1b840340 .functor MUXZ 32, L_0000023a1b840b60, L_0000023a1b7f8408, v0000023a1b7f6e40_0, C4<>;
L_0000023a1b841560 .cmp/eq 5, v0000023a1b7f6d00_0, L_0000023a1b7f8570;
L_0000023a1b8403e0 .array/port v0000023a1b7f5b80, L_0000023a1b8416a0;
L_0000023a1b8416a0 .concat [ 5 2 0 0], v0000023a1b7f6d00_0, L_0000023a1b7f8600;
L_0000023a1b8412e0 .functor MUXZ 32, L_0000023a1b8403e0, v0000023a1b7f70c0_0, L_0000023a1b790260, C4<>;
L_0000023a1b840980 .functor MUXZ 32, L_0000023a1b8412e0, L_0000023a1b7f85b8, L_0000023a1b841560, C4<>;
L_0000023a1b841ce0 .functor MUXZ 32, L_0000023a1b840980, L_0000023a1b7f8528, v0000023a1b7f6e40_0, C4<>;
    .scope S_0000023a1b7946f0;
T_1 ;
    %wait E_0000023a1b7a3d00;
    %load/vec4 v0000023a1b7f6da0_0;
    %flag_set/vec4 8;
    %jmp/0xz  T_1.0, 8;
    %pushi/vec4 0, 0, 1;
    %assign/vec4 v0000023a1b7f5ae0_0, 0;
    %pushi/vec4 0, 0, 5;
    %assign/vec4 v0000023a1b7f7480_0, 0;
    %pushi/vec4 0, 0, 32;
    %assign/vec4 v0000023a1b7f5a40_0, 0;
    %jmp T_1.1;
T_1.0 ;
    %load/vec4 v0000023a1b7f6b20_0;
    %assign/vec4 v0000023a1b7f5ae0_0, 0;
    %load/vec4 v0000023a1b7f6a80_0;
    %assign/vec4 v0000023a1b7f7480_0, 0;
    %load/vec4 v0000023a1b7f5900_0;
    %assign/vec4 v0000023a1b7f5a40_0, 0;
T_1.1 ;
    %jmp T_1;
    .thread T_1, $push;
    .scope S_0000023a1b7946f0;
T_2 ;
    %wait E_0000023a1b7a3140;
    %load/vec4 v0000023a1b7f6da0_0;
    %flag_set/vec4 8;
    %jmp/0xz  T_2.0, 8;
    %pushi/vec4 0, 0, 32;
    %store/vec4 v0000023a1b7f6260_0, 0, 32;
T_2.2 ;
    %load/vec4 v0000023a1b7f6260_0;
    %cmpi/s 32, 0, 32;
    %jmp/0xz T_2.3, 5;
    %pushi/vec4 0, 0, 32;
    %ix/getv/s 3, v0000023a1b7f6260_0;
    %ix/load 4, 0, 0; Constant delay
    %assign/vec4/a/d v0000023a1b7f5b80, 0, 4;
    %load/vec4 v0000023a1b7f6260_0;
    %addi 1, 0, 32;
    %store/vec4 v0000023a1b7f6260_0, 0, 32;
    %jmp T_2.2;
T_2.3 ;
    %jmp T_2.1;
T_2.0 ;
    %load/vec4 v0000023a1b7f5ae0_0;
    %flag_set/vec4 9;
    %flag_get/vec4 9;
    %jmp/0 T_2.6, 9;
    %load/vec4 v0000023a1b7f7480_0;
    %pushi/vec4 0, 0, 5;
    %cmp/ne;
    %flag_get/vec4 4;
    %and;
T_2.6;
    %flag_set/vec4 8;
    %jmp/0xz  T_2.4, 8;
    %load/vec4 v0000023a1b7f5a40_0;
    %load/vec4 v0000023a1b7f7480_0;
    %pad/u 7;
    %ix/vec4 3;
    %ix/load 4, 0, 0; Constant delay
    %assign/vec4/a/d v0000023a1b7f5b80, 0, 4;
T_2.4 ;
T_2.1 ;
    %jmp T_2;
    .thread T_2;
    .scope S_0000023a1b676a60;
T_3 ;
    %pushi/vec4 0, 0, 1;
    %store/vec4 v0000023a1b7f6080_0, 0, 1;
    %pushi/vec4 1, 0, 1;
    %store/vec4 v0000023a1b7f6e40_0, 0, 1;
    %pushi/vec4 0, 0, 1;
    %store/vec4 v0000023a1b7f5ea0_0, 0, 1;
    %pushi/vec4 0, 0, 5;
    %store/vec4 v0000023a1b7f7020_0, 0, 5;
    %pushi/vec4 0, 0, 32;
    %store/vec4 v0000023a1b7f70c0_0, 0, 32;
    %pushi/vec4 0, 0, 5;
    %store/vec4 v0000023a1b7f6120_0, 0, 5;
    %pushi/vec4 0, 0, 5;
    %store/vec4 v0000023a1b7f6d00_0, 0, 5;
    %delay 2000, 0;
    %pushi/vec4 1, 0, 5;
    %store/vec4 v0000023a1b7f6120_0, 0, 5;
    %pushi/vec4 2, 0, 5;
    %store/vec4 v0000023a1b7f6d00_0, 0, 5;
    %load/vec4 v0000023a1b7f6f80_0;
    %store/vec4 v0000023a1b78d430_0, 0, 32;
    %fork TD_tb.check, S_0000023a1b676bf0;
    %join;
    %load/vec4 v0000023a1b7f6f80_0;
    %store/vec4 v0000023a1b78d430_0, 0, 32;
    %fork TD_tb.check, S_0000023a1b676bf0;
    %join;
    %wait E_0000023a1b7a3100;
    %pushi/vec4 0, 0, 1;
    %store/vec4 v0000023a1b7f6e40_0, 0, 1;
    %pushi/vec4 1, 0, 5;
    %store/vec4 v0000023a1b7f7020_0, 0, 5;
    %pushi/vec4 2779096485, 0, 32;
    %store/vec4 v0000023a1b7f70c0_0, 0, 32;
    %pushi/vec4 1, 0, 1;
    %store/vec4 v0000023a1b7f5ea0_0, 0, 1;
    %pushi/vec4 1, 0, 5;
    %store/vec4 v0000023a1b7f6120_0, 0, 5;
    %load/vec4 v0000023a1b7f6f80_0;
    %store/vec4 v0000023a1b78d430_0, 0, 32;
    %fork TD_tb.check, S_0000023a1b676bf0;
    %join;
    %delay 20000, 0;
    %vpi_call 2 6 "$finish" {0 0 0};
    %end;
    .thread T_3;
    .scope S_0000023a1b676a60;
T_4 ;
    %delay 5000, 0;
    %load/vec4 v0000023a1b7f6080_0;
    %inv;
    %store/vec4 v0000023a1b7f6080_0, 0, 1;
    %jmp T_4;
    .thread T_4;
# The file index is used to find the file name in the following table.
:file_names 4;
    "N/A";
    "<interactive>";
    "build/tmp_rf_task.v";
    "lib/rf.v";
