#! /c/Source/iverilog-install/bin/vvp
:ivl_version "12.0 (devel)" "(s20150603-1539-g2693dd32b)";
:ivl_delay_selection "TYPICAL";
:vpi_time_precision - 12;
:vpi_module "D:\iverilog\lib\ivl\system.vpi";
:vpi_module "D:\iverilog\lib\ivl\vhdl_sys.vpi";
:vpi_module "D:\iverilog\lib\ivl\vhdl_textio.vpi";
:vpi_module "D:\iverilog\lib\ivl\v2005_math.vpi";
:vpi_module "D:\iverilog\lib\ivl\va_math.vpi";
S_0000014aba93bde0 .scope module, "unit_alu_control_unit_tb" "unit_alu_control_unit_tb" 2 3;
 .timescale -9 -12;
v0000014abaa55220_0 .var "AluOp", 2 0;
v0000014abaa552c0_0 .var "Func3", 2 0;
v0000014abaa55360_0 .var "Func7", 6 0;
v0000014abaab7430_0 .net "arith", 0 0, v0000014aba9366e0_0;  1 drivers
v0000014abaab76b0_0 .var "opcode", 6 0;
v0000014abaab6b70_0 .net "opsel", 2 0, v0000014aba936780_0;  1 drivers
v0000014abaab7250_0 .net "sub", 0 0, v0000014aba936820_0;  1 drivers
v0000014abaab7390_0 .net "uns", 0 0, v0000014abaa54f00_0;  1 drivers
S_0000014abaa4da80 .scope task, "check" "check" 2 24, 2 24 0, S_0000014aba93bde0;
 .timescale -9 -12;
v0000014abaa4dc10_0 .var "exp_arith", 0 0;
v0000014abaa4dcb0_0 .var "exp_opsel", 2 0;
v0000014abaa4dd50_0 .var "exp_sub", 0 0;
v0000014abaa4ddf0_0 .var "exp_uns", 0 0;
v0000014aba9364b0_0 .var "name", 255 0;
TD_unit_alu_control_unit_tb.check ;
    %delay 1000, 0;
    %load/vec4 v0000014abaab6b70_0;
    %load/vec4 v0000014abaa4dcb0_0;
    %cmp/ne;
    %jmp/1 T_0.4, 6;
    %flag_mov 8, 6;
    %load/vec4 v0000014abaab7250_0;
    %load/vec4 v0000014abaa4dd50_0;
    %cmp/ne;
    %flag_or 6, 8;
T_0.4;
    %jmp/1 T_0.3, 6;
    %flag_mov 8, 6;
    %load/vec4 v0000014abaab7390_0;
    %load/vec4 v0000014abaa4ddf0_0;
    %cmp/ne;
    %flag_or 6, 8;
T_0.3;
    %jmp/1 T_0.2, 6;
    %flag_mov 8, 6;
    %load/vec4 v0000014abaab7430_0;
    %load/vec4 v0000014abaa4dc10_0;
    %cmp/ne;
    %flag_or 6, 8;
T_0.2;
    %jmp/0xz  T_0.0, 6;
    %vpi_call 2 33 "$display", "FAIL %s: opsel=%b exp=%b sub=%b exp=%b uns=%b exp=%b arith=%b exp=%b", v0000014aba9364b0_0, v0000014abaab6b70_0, v0000014abaa4dcb0_0, v0000014abaab7250_0, v0000014abaa4dd50_0, v0000014abaab7390_0, v0000014abaa4ddf0_0, v0000014abaab7430_0, v0000014abaa4dc10_0 {0 0 0};
    %vpi_call 2 35 "$finish" {0 0 0};
T_0.0 ;
    %end;
S_0000014aba936550 .scope module, "dut" "alu_control_unit" 2 13, 3 1 0, S_0000014aba93bde0;
 .timescale -9 -12;
    .port_info 0 /INPUT 3 "AluOp";
    .port_info 1 /INPUT 3 "Func3";
    .port_info 2 /INPUT 7 "Func7";
    .port_info 3 /INPUT 7 "opcode";
    .port_info 4 /OUTPUT 3 "AluControl_opsel";
    .port_info 5 /OUTPUT 1 "AluControl_sub";
    .port_info 6 /OUTPUT 1 "AluControl_unsigned";
    .port_info 7 /OUTPUT 1 "AluControl_arith";
v0000014aba9366e0_0 .var "AluControl_arith", 0 0;
v0000014aba936780_0 .var "AluControl_opsel", 2 0;
v0000014aba936820_0 .var "AluControl_sub", 0 0;
v0000014abaa54f00_0 .var "AluControl_unsigned", 0 0;
v0000014abaa54fa0_0 .net "AluOp", 2 0, v0000014abaa55220_0;  1 drivers
v0000014abaa55040_0 .net "Func3", 2 0, v0000014abaa552c0_0;  1 drivers
v0000014abaa550e0_0 .net "Func7", 6 0, v0000014abaa55360_0;  1 drivers
v0000014abaa55180_0 .net "opcode", 6 0, v0000014abaab76b0_0;  1 drivers
E_0000014abaa50bb0 .event anyedge, v0000014abaa54fa0_0, v0000014abaa55180_0, v0000014abaa55040_0, v0000014abaa550e0_0;
    .scope S_0000014aba936550;
T_1 ;
    %wait E_0000014abaa50bb0;
    %pushi/vec4 0, 0, 3;
    %store/vec4 v0000014aba936780_0, 0, 3;
    %pushi/vec4 0, 0, 1;
    %store/vec4 v0000014aba936820_0, 0, 1;
    %pushi/vec4 0, 0, 1;
    %store/vec4 v0000014abaa54f00_0, 0, 1;
    %pushi/vec4 0, 0, 1;
    %store/vec4 v0000014aba9366e0_0, 0, 1;
    %load/vec4 v0000014abaa54fa0_0;
    %dup/vec4;
    %pushi/vec4 1, 2, 3;
    %cmp/z;
    %jmp/1 T_1.0, 4;
    %dup/vec4;
    %pushi/vec4 0, 2, 3;
    %cmp/z;
    %jmp/1 T_1.1, 4;
    %dup/vec4;
    %pushi/vec4 6, 0, 3;
    %cmp/z;
    %jmp/1 T_1.2, 4;
    %pushi/vec4 0, 0, 3;
    %store/vec4 v0000014aba936780_0, 0, 3;
    %pushi/vec4 0, 0, 1;
    %store/vec4 v0000014aba936820_0, 0, 1;
    %pushi/vec4 0, 0, 1;
    %store/vec4 v0000014abaa54f00_0, 0, 1;
    %pushi/vec4 0, 0, 1;
    %store/vec4 v0000014aba9366e0_0, 0, 1;
    %jmp T_1.4;
T_1.0 ;
    %load/vec4 v0000014abaa55180_0;
    %dup/vec4;
    %pushi/vec4 55, 0, 7;
    %cmp/u;
    %jmp/1 T_1.5, 6;
    %dup/vec4;
    %pushi/vec4 23, 0, 7;
    %cmp/u;
    %jmp/1 T_1.6, 6;
    %load/vec4 v0000014abaa55040_0;
    %store/vec4 v0000014aba936780_0, 0, 3;
    %load/vec4 v0000014abaa55180_0;
    %pushi/vec4 51, 0, 7;
    %cmp/e;
    %flag_get/vec4 4;
    %load/vec4 v0000014abaa55040_0;
    %pushi/vec4 0, 0, 3;
    %cmp/e;
    %flag_get/vec4 4;
    %and;
    %load/vec4 v0000014abaa550e0_0;
    %parti/s 1, 5, 4;
    %and;
    %store/vec4 v0000014aba936820_0, 0, 1;
    %load/vec4 v0000014abaa55040_0;
    %pushi/vec4 3, 0, 3;
    %cmp/e;
    %flag_get/vec4 4;
    %store/vec4 v0000014abaa54f00_0, 0, 1;
    %load/vec4 v0000014abaa55040_0;
    %pushi/vec4 5, 0, 3;
    %cmp/e;
    %flag_get/vec4 4;
    %load/vec4 v0000014abaa550e0_0;
    %parti/s 1, 5, 4;
    %and;
    %store/vec4 v0000014aba9366e0_0, 0, 1;
    %jmp T_1.8;
T_1.5 ;
    %pushi/vec4 0, 0, 3;
    %store/vec4 v0000014aba936780_0, 0, 3;
    %pushi/vec4 0, 0, 1;
    %store/vec4 v0000014aba936820_0, 0, 1;
    %pushi/vec4 0, 0, 1;
    %store/vec4 v0000014abaa54f00_0, 0, 1;
    %pushi/vec4 0, 0, 1;
    %store/vec4 v0000014aba9366e0_0, 0, 1;
    %jmp T_1.8;
T_1.6 ;
    %pushi/vec4 0, 0, 3;
    %store/vec4 v0000014aba936780_0, 0, 3;
    %pushi/vec4 0, 0, 1;
    %store/vec4 v0000014aba936820_0, 0, 1;
    %pushi/vec4 0, 0, 1;
    %store/vec4 v0000014abaa54f00_0, 0, 1;
    %pushi/vec4 0, 0, 1;
    %store/vec4 v0000014aba9366e0_0, 0, 1;
    %jmp T_1.8;
T_1.8 ;
    %pop/vec4 1;
    %jmp T_1.4;
T_1.1 ;
    %pushi/vec4 0, 0, 3;
    %store/vec4 v0000014aba936780_0, 0, 3;
    %pushi/vec4 0, 0, 1;
    %store/vec4 v0000014aba936820_0, 0, 1;
    %pushi/vec4 0, 0, 1;
    %store/vec4 v0000014abaa54f00_0, 0, 1;
    %pushi/vec4 0, 0, 1;
    %store/vec4 v0000014aba9366e0_0, 0, 1;
    %jmp T_1.4;
T_1.2 ;
    %pushi/vec4 0, 0, 3;
    %store/vec4 v0000014aba936780_0, 0, 3;
    %load/vec4 v0000014abaa55180_0;
    %pushi/vec4 99, 0, 7;
    %cmp/e;
    %flag_get/vec4 4;
    %store/vec4 v0000014aba936820_0, 0, 1;
    %load/vec4 v0000014abaa55180_0;
    %pushi/vec4 99, 0, 7;
    %cmp/e;
    %flag_get/vec4 4;
    %load/vec4 v0000014abaa55040_0;
    %parti/s 1, 1, 2;
    %and;
    %store/vec4 v0000014abaa54f00_0, 0, 1;
    %pushi/vec4 0, 0, 1;
    %store/vec4 v0000014aba9366e0_0, 0, 1;
    %jmp T_1.4;
T_1.4 ;
    %pop/vec4 1;
    %jmp T_1;
    .thread T_1, $push;
    .scope S_0000014aba93bde0;
T_2 ;
    %pushi/vec4 3, 0, 3;
    %store/vec4 v0000014abaa55220_0, 0, 3;
    %pushi/vec4 0, 0, 3;
    %store/vec4 v0000014abaa552c0_0, 0, 3;
    %pushi/vec4 0, 0, 7;
    %store/vec4 v0000014abaa55360_0, 0, 7;
    %pushi/vec4 51, 0, 7;
    %store/vec4 v0000014abaab76b0_0, 0, 7;
    %pushi/vec4 0, 0, 3;
    %store/vec4 v0000014abaa4dcb0_0, 0, 3;
    %pushi/vec4 0, 0, 1;
    %store/vec4 v0000014abaa4dd50_0, 0, 1;
    %pushi/vec4 0, 0, 1;
    %store/vec4 v0000014abaa4ddf0_0, 0, 1;
    %pushi/vec4 0, 0, 1;
    %store/vec4 v0000014abaa4dc10_0, 0, 1;
    %pushi/vec4 0, 0, 32; draw_string_vec4
    %pushi/vec4 0, 0, 32; draw_string_vec4
    %concat/vec4; draw_string_vec4
    %pushi/vec4 0, 0, 32; draw_string_vec4
    %concat/vec4; draw_string_vec4
    %pushi/vec4 0, 0, 32; draw_string_vec4
    %concat/vec4; draw_string_vec4
    %pushi/vec4 0, 0, 32; draw_string_vec4
    %concat/vec4; draw_string_vec4
    %pushi/vec4 114, 0, 32; draw_string_vec4
    %concat/vec4; draw_string_vec4
    %pushi/vec4 1954115685, 0, 32; draw_string_vec4
    %concat/vec4; draw_string_vec4
    %pushi/vec4 1600218212, 0, 32; draw_string_vec4
    %concat/vec4; draw_string_vec4
    %store/vec4 v0000014aba9364b0_0, 0, 256;
    %fork TD_unit_alu_control_unit_tb.check, S_0000014abaa4da80;
    %join;
    %pushi/vec4 3, 0, 3;
    %store/vec4 v0000014abaa55220_0, 0, 3;
    %pushi/vec4 0, 0, 3;
    %store/vec4 v0000014abaa552c0_0, 0, 3;
    %pushi/vec4 32, 0, 7;
    %store/vec4 v0000014abaa55360_0, 0, 7;
    %pushi/vec4 51, 0, 7;
    %store/vec4 v0000014abaab76b0_0, 0, 7;
    %pushi/vec4 0, 0, 3;
    %store/vec4 v0000014abaa4dcb0_0, 0, 3;
    %pushi/vec4 1, 0, 1;
    %store/vec4 v0000014abaa4dd50_0, 0, 1;
    %pushi/vec4 0, 0, 1;
    %store/vec4 v0000014abaa4ddf0_0, 0, 1;
    %pushi/vec4 0, 0, 1;
    %store/vec4 v0000014abaa4dc10_0, 0, 1;
    %pushi/vec4 0, 0, 32; draw_string_vec4
    %pushi/vec4 0, 0, 32; draw_string_vec4
    %concat/vec4; draw_string_vec4
    %pushi/vec4 0, 0, 32; draw_string_vec4
    %concat/vec4; draw_string_vec4
    %pushi/vec4 0, 0, 32; draw_string_vec4
    %concat/vec4; draw_string_vec4
    %pushi/vec4 0, 0, 32; draw_string_vec4
    %concat/vec4; draw_string_vec4
    %pushi/vec4 114, 0, 32; draw_string_vec4
    %concat/vec4; draw_string_vec4
    %pushi/vec4 1954115685, 0, 32; draw_string_vec4
    %concat/vec4; draw_string_vec4
    %pushi/vec4 1601402210, 0, 32; draw_string_vec4
    %concat/vec4; draw_string_vec4
    %store/vec4 v0000014aba9364b0_0, 0, 256;
    %fork TD_unit_alu_control_unit_tb.check, S_0000014abaa4da80;
    %join;
    %pushi/vec4 3, 0, 3;
    %store/vec4 v0000014abaa55220_0, 0, 3;
    %pushi/vec4 5, 0, 3;
    %store/vec4 v0000014abaa552c0_0, 0, 3;
    %pushi/vec4 32, 0, 7;
    %store/vec4 v0000014abaa55360_0, 0, 7;
    %pushi/vec4 51, 0, 7;
    %store/vec4 v0000014abaab76b0_0, 0, 7;
    %pushi/vec4 5, 0, 3;
    %store/vec4 v0000014abaa4dcb0_0, 0, 3;
    %pushi/vec4 0, 0, 1;
    %store/vec4 v0000014abaa4dd50_0, 0, 1;
    %pushi/vec4 0, 0, 1;
    %store/vec4 v0000014abaa4ddf0_0, 0, 1;
    %pushi/vec4 1, 0, 1;
    %store/vec4 v0000014abaa4dc10_0, 0, 1;
    %pushi/vec4 0, 0, 32; draw_string_vec4
    %pushi/vec4 0, 0, 32; draw_string_vec4
    %concat/vec4; draw_string_vec4
    %pushi/vec4 0, 0, 32; draw_string_vec4
    %concat/vec4; draw_string_vec4
    %pushi/vec4 0, 0, 32; draw_string_vec4
    %concat/vec4; draw_string_vec4
    %pushi/vec4 0, 0, 32; draw_string_vec4
    %concat/vec4; draw_string_vec4
    %pushi/vec4 114, 0, 32; draw_string_vec4
    %concat/vec4; draw_string_vec4
    %pushi/vec4 1954115685, 0, 32; draw_string_vec4
    %concat/vec4; draw_string_vec4
    %pushi/vec4 1601401441, 0, 32; draw_string_vec4
    %concat/vec4; draw_string_vec4
    %store/vec4 v0000014aba9364b0_0, 0, 256;
    %fork TD_unit_alu_control_unit_tb.check, S_0000014abaa4da80;
    %join;
    %pushi/vec4 1, 0, 3;
    %store/vec4 v0000014abaa55220_0, 0, 3;
    %pushi/vec4 0, 0, 3;
    %store/vec4 v0000014abaa552c0_0, 0, 3;
    %pushi/vec4 32, 0, 7;
    %store/vec4 v0000014abaa55360_0, 0, 7;
    %pushi/vec4 19, 0, 7;
    %store/vec4 v0000014abaab76b0_0, 0, 7;
    %pushi/vec4 0, 0, 3;
    %store/vec4 v0000014abaa4dcb0_0, 0, 3;
    %pushi/vec4 0, 0, 1;
    %store/vec4 v0000014abaa4dd50_0, 0, 1;
    %pushi/vec4 0, 0, 1;
    %store/vec4 v0000014abaa4ddf0_0, 0, 1;
    %pushi/vec4 0, 0, 1;
    %store/vec4 v0000014abaa4dc10_0, 0, 1;
    %pushi/vec4 0, 0, 32; draw_string_vec4
    %pushi/vec4 0, 0, 32; draw_string_vec4
    %concat/vec4; draw_string_vec4
    %pushi/vec4 0, 0, 32; draw_string_vec4
    %concat/vec4; draw_string_vec4
    %pushi/vec4 105, 0, 32; draw_string_vec4
    %concat/vec4; draw_string_vec4
    %pushi/vec4 1954115685, 0, 32; draw_string_vec4
    %concat/vec4; draw_string_vec4
    %pushi/vec4 1600218212, 0, 32; draw_string_vec4
    %concat/vec4; draw_string_vec4
    %pushi/vec4 1767861871, 0, 32; draw_string_vec4
    %concat/vec4; draw_string_vec4
    %pushi/vec4 1601402210, 0, 32; draw_string_vec4
    %concat/vec4; draw_string_vec4
    %store/vec4 v0000014aba9364b0_0, 0, 256;
    %fork TD_unit_alu_control_unit_tb.check, S_0000014abaa4da80;
    %join;
    %pushi/vec4 1, 0, 3;
    %store/vec4 v0000014abaa55220_0, 0, 3;
    %pushi/vec4 3, 0, 3;
    %store/vec4 v0000014abaa552c0_0, 0, 3;
    %pushi/vec4 0, 0, 7;
    %store/vec4 v0000014abaa55360_0, 0, 7;
    %pushi/vec4 19, 0, 7;
    %store/vec4 v0000014abaab76b0_0, 0, 7;
    %pushi/vec4 3, 0, 3;
    %store/vec4 v0000014abaa4dcb0_0, 0, 3;
    %pushi/vec4 0, 0, 1;
    %store/vec4 v0000014abaa4dd50_0, 0, 1;
    %pushi/vec4 1, 0, 1;
    %store/vec4 v0000014abaa4ddf0_0, 0, 1;
    %pushi/vec4 0, 0, 1;
    %store/vec4 v0000014abaa4dc10_0, 0, 1;
    %pushi/vec4 0, 0, 32; draw_string_vec4
    %pushi/vec4 0, 0, 32; draw_string_vec4
    %concat/vec4; draw_string_vec4
    %pushi/vec4 0, 0, 32; draw_string_vec4
    %concat/vec4; draw_string_vec4
    %pushi/vec4 0, 0, 32; draw_string_vec4
    %concat/vec4; draw_string_vec4
    %pushi/vec4 0, 0, 32; draw_string_vec4
    %concat/vec4; draw_string_vec4
    %pushi/vec4 6911097, 0, 32; draw_string_vec4
    %concat/vec4; draw_string_vec4
    %pushi/vec4 1885691763, 0, 32; draw_string_vec4
    %concat/vec4; draw_string_vec4
    %pushi/vec4 1819568501, 0, 32; draw_string_vec4
    %concat/vec4; draw_string_vec4
    %store/vec4 v0000014aba9364b0_0, 0, 256;
    %fork TD_unit_alu_control_unit_tb.check, S_0000014abaa4da80;
    %join;
    %pushi/vec4 0, 0, 3;
    %store/vec4 v0000014abaa55220_0, 0, 3;
    %pushi/vec4 2, 0, 3;
    %store/vec4 v0000014abaa552c0_0, 0, 3;
    %pushi/vec4 0, 0, 7;
    %store/vec4 v0000014abaa55360_0, 0, 7;
    %pushi/vec4 3, 0, 7;
    %store/vec4 v0000014abaab76b0_0, 0, 7;
    %pushi/vec4 0, 0, 3;
    %store/vec4 v0000014abaa4dcb0_0, 0, 3;
    %pushi/vec4 0, 0, 1;
    %store/vec4 v0000014abaa4dd50_0, 0, 1;
    %pushi/vec4 0, 0, 1;
    %store/vec4 v0000014abaa4ddf0_0, 0, 1;
    %pushi/vec4 0, 0, 1;
    %store/vec4 v0000014abaa4dc10_0, 0, 1;
    %pushi/vec4 0, 0, 32; draw_string_vec4
    %pushi/vec4 0, 0, 32; draw_string_vec4
    %concat/vec4; draw_string_vec4
    %pushi/vec4 0, 0, 32; draw_string_vec4
    %concat/vec4; draw_string_vec4
    %pushi/vec4 0, 0, 32; draw_string_vec4
    %concat/vec4; draw_string_vec4
    %pushi/vec4 0, 0, 32; draw_string_vec4
    %concat/vec4; draw_string_vec4
    %pushi/vec4 0, 0, 32; draw_string_vec4
    %concat/vec4; draw_string_vec4
    %pushi/vec4 0, 0, 32; draw_string_vec4
    %concat/vec4; draw_string_vec4
    %pushi/vec4 1819238756, 0, 32; draw_string_vec4
    %concat/vec4; draw_string_vec4
    %store/vec4 v0000014aba9364b0_0, 0, 256;
    %fork TD_unit_alu_control_unit_tb.check, S_0000014abaa4da80;
    %join;
    %pushi/vec4 2, 0, 3;
    %store/vec4 v0000014abaa55220_0, 0, 3;
    %pushi/vec4 2, 0, 3;
    %store/vec4 v0000014abaa552c0_0, 0, 3;
    %pushi/vec4 0, 0, 7;
    %store/vec4 v0000014abaa55360_0, 0, 7;
    %pushi/vec4 35, 0, 7;
    %store/vec4 v0000014abaab76b0_0, 0, 7;
    %pushi/vec4 0, 0, 3;
    %store/vec4 v0000014abaa4dcb0_0, 0, 3;
    %pushi/vec4 0, 0, 1;
    %store/vec4 v0000014abaa4dd50_0, 0, 1;
    %pushi/vec4 0, 0, 1;
    %store/vec4 v0000014abaa4ddf0_0, 0, 1;
    %pushi/vec4 0, 0, 1;
    %store/vec4 v0000014abaa4dc10_0, 0, 1;
    %pushi/vec4 0, 0, 32; draw_string_vec4
    %pushi/vec4 0, 0, 32; draw_string_vec4
    %concat/vec4; draw_string_vec4
    %pushi/vec4 0, 0, 32; draw_string_vec4
    %concat/vec4; draw_string_vec4
    %pushi/vec4 0, 0, 32; draw_string_vec4
    %concat/vec4; draw_string_vec4
    %pushi/vec4 0, 0, 32; draw_string_vec4
    %concat/vec4; draw_string_vec4
    %pushi/vec4 0, 0, 32; draw_string_vec4
    %concat/vec4; draw_string_vec4
    %pushi/vec4 115, 0, 32; draw_string_vec4
    %concat/vec4; draw_string_vec4
    %pushi/vec4 1953460837, 0, 32; draw_string_vec4
    %concat/vec4; draw_string_vec4
    %store/vec4 v0000014aba9364b0_0, 0, 256;
    %fork TD_unit_alu_control_unit_tb.check, S_0000014abaa4da80;
    %join;
    %pushi/vec4 6, 0, 3;
    %store/vec4 v0000014abaa55220_0, 0, 3;
    %pushi/vec4 0, 0, 3;
    %store/vec4 v0000014abaa552c0_0, 0, 3;
    %pushi/vec4 0, 0, 7;
    %store/vec4 v0000014abaa55360_0, 0, 7;
    %pushi/vec4 99, 0, 7;
    %store/vec4 v0000014abaab76b0_0, 0, 7;
    %pushi/vec4 0, 0, 3;
    %store/vec4 v0000014abaa4dcb0_0, 0, 3;
    %pushi/vec4 1, 0, 1;
    %store/vec4 v0000014abaa4dd50_0, 0, 1;
    %pushi/vec4 0, 0, 1;
    %store/vec4 v0000014abaa4ddf0_0, 0, 1;
    %pushi/vec4 0, 0, 1;
    %store/vec4 v0000014abaa4dc10_0, 0, 1;
    %pushi/vec4 0, 0, 32; draw_string_vec4
    %pushi/vec4 0, 0, 32; draw_string_vec4
    %concat/vec4; draw_string_vec4
    %pushi/vec4 0, 0, 32; draw_string_vec4
    %concat/vec4; draw_string_vec4
    %pushi/vec4 0, 0, 32; draw_string_vec4
    %concat/vec4; draw_string_vec4
    %pushi/vec4 0, 0, 32; draw_string_vec4
    %concat/vec4; draw_string_vec4
    %pushi/vec4 25202, 0, 32; draw_string_vec4
    %concat/vec4; draw_string_vec4
    %pushi/vec4 1634624360, 0, 32; draw_string_vec4
    %concat/vec4; draw_string_vec4
    %pushi/vec4 1600284017, 0, 32; draw_string_vec4
    %concat/vec4; draw_string_vec4
    %store/vec4 v0000014aba9364b0_0, 0, 256;
    %fork TD_unit_alu_control_unit_tb.check, S_0000014abaa4da80;
    %join;
    %pushi/vec4 6, 0, 3;
    %store/vec4 v0000014abaa55220_0, 0, 3;
    %pushi/vec4 6, 0, 3;
    %store/vec4 v0000014abaa552c0_0, 0, 3;
    %pushi/vec4 0, 0, 7;
    %store/vec4 v0000014abaa55360_0, 0, 7;
    %pushi/vec4 99, 0, 7;
    %store/vec4 v0000014abaab76b0_0, 0, 7;
    %pushi/vec4 0, 0, 3;
    %store/vec4 v0000014abaa4dcb0_0, 0, 3;
    %pushi/vec4 1, 0, 1;
    %store/vec4 v0000014abaa4dd50_0, 0, 1;
    %pushi/vec4 1, 0, 1;
    %store/vec4 v0000014abaa4ddf0_0, 0, 1;
    %pushi/vec4 0, 0, 1;
    %store/vec4 v0000014abaa4dc10_0, 0, 1;
    %pushi/vec4 0, 0, 32; draw_string_vec4
    %pushi/vec4 0, 0, 32; draw_string_vec4
    %concat/vec4; draw_string_vec4
    %pushi/vec4 0, 0, 32; draw_string_vec4
    %concat/vec4; draw_string_vec4
    %pushi/vec4 0, 0, 32; draw_string_vec4
    %concat/vec4; draw_string_vec4
    %pushi/vec4 0, 0, 32; draw_string_vec4
    %concat/vec4; draw_string_vec4
    %pushi/vec4 6451809, 0, 32; draw_string_vec4
    %concat/vec4; draw_string_vec4
    %pushi/vec4 1852008543, 0, 32; draw_string_vec4
    %concat/vec4; draw_string_vec4
    %pushi/vec4 1651274869, 0, 32; draw_string_vec4
    %concat/vec4; draw_string_vec4
    %store/vec4 v0000014aba9364b0_0, 0, 256;
    %fork TD_unit_alu_control_unit_tb.check, S_0000014abaa4da80;
    %join;
    %vpi_call 2 77 "$display", "PASS unit_alu_control_unit_tb" {0 0 0};
    %vpi_call 2 78 "$finish" {0 0 0};
    %end;
    .thread T_2;
# The file index is used to find the file name in the following table.
:file_names 4;
    "N/A";
    "<interactive>";
    "tests/unit_alu_control_unit_tb.v";
    "lib/alu_control_unit.v";
