#! /c/Source/iverilog-install/bin/vvp
:ivl_version "12.0 (devel)" "(s20150603-1539-g2693dd32b)";
:ivl_delay_selection "TYPICAL";
:vpi_time_precision - 12;
:vpi_module "D:\iverilog\lib\ivl\system.vpi";
:vpi_module "D:\iverilog\lib\ivl\vhdl_sys.vpi";
:vpi_module "D:\iverilog\lib\ivl\vhdl_textio.vpi";
:vpi_module "D:\iverilog\lib\ivl\v2005_math.vpi";
:vpi_module "D:\iverilog\lib\ivl\va_math.vpi";
S_0000015c8497f410 .scope module, "unit_rf_tb" "unit_rf_tb" 2 3;
 .timescale -9 -12;
v0000015c849d5db0_0 .var "clk", 0 0;
v0000015c849d4370_0 .var "rs1_addr", 4 0;
v0000015c849d44b0_0 .net "rs1_bypass", 31 0, L_0000015c849e6de0;  1 drivers
v0000015c849d4550_0 .net "rs1_no_bypass", 31 0, L_0000015c849d4ff0;  1 drivers
v0000015c849d45f0_0 .var "rs2_addr", 4 0;
v0000015c849d4730_0 .net "rs2_bypass", 31 0, L_0000015c849e67a0;  1 drivers
v0000015c849d4c30_0 .net "rs2_no_bypass", 31 0, L_0000015c849e6d40;  1 drivers
v0000015c849d47d0_0 .var "rst", 0 0;
v0000015c849d4870_0 .var "waddr", 4 0;
v0000015c849d49b0_0 .var "wdata", 31 0;
v0000015c849d4a50_0 .var "wen", 0 0;
E_0000015c84978120 .event negedge, v0000015c849751a0_0;
S_0000015c84980e10 .scope task, "check" "check" 2 42, 2 42 0, S_0000015c8497f410;
 .timescale -9 -12;
v0000015c84975560_0 .var "exp", 31 0;
v0000015c84975240_0 .var "got", 31 0;
v0000015c849752e0_0 .var "name", 255 0;
TD_unit_rf_tb.check ;
    %delay 1000, 0;
    %load/vec4 v0000015c84975240_0;
    %load/vec4 v0000015c84975560_0;
    %cmp/ne;
    %jmp/0xz  T_0.0, 6;
    %vpi_call 2 49 "$display", "FAIL %s: got=%h exp=%h", v0000015c849752e0_0, v0000015c84975240_0, v0000015c84975560_0 {0 0 0};
    %vpi_call 2 50 "$finish" {0 0 0};
T_0.0 ;
    %end;
S_0000015c84922d20 .scope module, "dut_bypass" "rf" 2 30, 3 8 0, S_0000015c8497f410;
 .timescale -9 -12;
    .port_info 0 /INPUT 1 "i_clk";
    .port_info 1 /INPUT 1 "i_rst";
    .port_info 2 /INPUT 5 "i_rs1_raddr";
    .port_info 3 /OUTPUT 32 "o_rs1_rdata";
    .port_info 4 /INPUT 5 "i_rs2_raddr";
    .port_info 5 /OUTPUT 32 "o_rs2_rdata";
    .port_info 6 /INPUT 1 "i_rd_wen";
    .port_info 7 /INPUT 5 "i_rd_waddr";
    .port_info 8 /INPUT 32 "i_rd_wdata";
P_0000015c84978b60 .param/l "BYPASS_EN" 0 3 17, +C4<00000000000000000000000000000001>;
L_0000015c84d60358 .functor BUFT 1, C4<1>, C4<0>, C4<0>, C4<0>;
L_0000015c84962190 .functor AND 1, L_0000015c84d60358, v0000015c849d4a50_0, C4<1>, C4<1>;
L_0000015c84961e10 .functor AND 1, L_0000015c84962190, L_0000015c849e6c00, C4<1>, C4<1>;
L_0000015c84961f60 .functor AND 1, L_0000015c84961e10, L_0000015c849e6f20, C4<1>, C4<1>;
L_0000015c84d603e8 .functor BUFT 1, C4<1>, C4<0>, C4<0>, C4<0>;
L_0000015c849622e0 .functor AND 1, L_0000015c84d603e8, v0000015c849d4a50_0, C4<1>, C4<1>;
L_0000015c84962740 .functor AND 1, L_0000015c849622e0, L_0000015c849e7920, C4<1>, C4<1>;
L_0000015c84962350 .functor AND 1, L_0000015c84962740, L_0000015c849e7ce0, C4<1>, C4<1>;
v0000015c84975380_0 .net/2u *"_ivl_0", 0 0, L_0000015c84d60358;  1 drivers
v0000015c84976320_0 .net *"_ivl_10", 0 0, L_0000015c849e6f20;  1 drivers
v0000015c84975ce0_0 .net/2u *"_ivl_14", 0 0, L_0000015c84d603e8;  1 drivers
v0000015c84976500_0 .net *"_ivl_17", 0 0, L_0000015c849622e0;  1 drivers
L_0000015c84d60430 .functor BUFT 1, C4<00000>, C4<0>, C4<0>, C4<0>;
v0000015c84974d40_0 .net/2u *"_ivl_18", 4 0, L_0000015c84d60430;  1 drivers
v0000015c84974c00_0 .net *"_ivl_20", 0 0, L_0000015c849e7920;  1 drivers
v0000015c84974f20_0 .net *"_ivl_23", 0 0, L_0000015c84962740;  1 drivers
v0000015c84975420_0 .net *"_ivl_24", 0 0, L_0000015c849e7ce0;  1 drivers
L_0000015c84d60478 .functor BUFT 1, C4<00000000000000000000000000000000>, C4<0>, C4<0>, C4<0>;
v0000015c84976280_0 .net/2u *"_ivl_28", 31 0, L_0000015c84d60478;  1 drivers
v0000015c849754c0_0 .net *"_ivl_3", 0 0, L_0000015c84962190;  1 drivers
L_0000015c84d604c0 .functor BUFT 1, C4<00000>, C4<0>, C4<0>, C4<0>;
v0000015c84974e80_0 .net/2u *"_ivl_30", 4 0, L_0000015c84d604c0;  1 drivers
v0000015c84975600_0 .net *"_ivl_32", 0 0, L_0000015c849e65c0;  1 drivers
L_0000015c84d60508 .functor BUFT 1, C4<00000000000000000000000000000000>, C4<0>, C4<0>, C4<0>;
v0000015c84975920_0 .net/2u *"_ivl_34", 31 0, L_0000015c84d60508;  1 drivers
v0000015c84974ca0_0 .net *"_ivl_36", 31 0, L_0000015c849e7740;  1 drivers
v0000015c84974ac0_0 .net *"_ivl_38", 6 0, L_0000015c849e7d80;  1 drivers
L_0000015c84d603a0 .functor BUFT 1, C4<00000>, C4<0>, C4<0>, C4<0>;
v0000015c849763c0_0 .net/2u *"_ivl_4", 4 0, L_0000015c84d603a0;  1 drivers
L_0000015c84d60550 .functor BUFT 1, C4<00>, C4<0>, C4<0>, C4<0>;
v0000015c849748e0_0 .net *"_ivl_41", 1 0, L_0000015c84d60550;  1 drivers
v0000015c84974b60_0 .net *"_ivl_42", 31 0, L_0000015c849e7e20;  1 drivers
v0000015c849759c0_0 .net *"_ivl_44", 31 0, L_0000015c849e6700;  1 drivers
L_0000015c84d60598 .functor BUFT 1, C4<00000000000000000000000000000000>, C4<0>, C4<0>, C4<0>;
v0000015c849765a0_0 .net/2u *"_ivl_48", 31 0, L_0000015c84d60598;  1 drivers
L_0000015c84d605e0 .functor BUFT 1, C4<00000>, C4<0>, C4<0>, C4<0>;
v0000015c849756a0_0 .net/2u *"_ivl_50", 4 0, L_0000015c84d605e0;  1 drivers
v0000015c84974fc0_0 .net *"_ivl_52", 0 0, L_0000015c849e6e80;  1 drivers
L_0000015c84d60628 .functor BUFT 1, C4<00000000000000000000000000000000>, C4<0>, C4<0>, C4<0>;
v0000015c84975b00_0 .net/2u *"_ivl_54", 31 0, L_0000015c84d60628;  1 drivers
v0000015c84976640_0 .net *"_ivl_56", 31 0, L_0000015c849e74c0;  1 drivers
v0000015c84974840_0 .net *"_ivl_58", 6 0, L_0000015c849e7420;  1 drivers
v0000015c84974980_0 .net *"_ivl_6", 0 0, L_0000015c849e6c00;  1 drivers
L_0000015c84d60670 .functor BUFT 1, C4<00>, C4<0>, C4<0>, C4<0>;
v0000015c84975ba0_0 .net *"_ivl_61", 1 0, L_0000015c84d60670;  1 drivers
v0000015c84974a20_0 .net *"_ivl_62", 31 0, L_0000015c849e7a60;  1 drivers
v0000015c84975060_0 .net *"_ivl_64", 31 0, L_0000015c849e7600;  1 drivers
v0000015c84975740_0 .net *"_ivl_9", 0 0, L_0000015c84961e10;  1 drivers
v0000015c849751a0_0 .net "i_clk", 0 0, v0000015c849d5db0_0;  1 drivers
v0000015c849757e0_0 .net "i_rd_waddr", 4 0, v0000015c849d4870_0;  1 drivers
v0000015c84975e20_0 .net "i_rd_wdata", 31 0, v0000015c849d49b0_0;  1 drivers
v0000015c84975880_0 .net "i_rd_wen", 0 0, v0000015c849d4a50_0;  1 drivers
v0000015c84975ec0_0 .net "i_rs1_raddr", 4 0, v0000015c849d4370_0;  1 drivers
v0000015c84975f60_0 .net "i_rs2_raddr", 4 0, v0000015c849d45f0_0;  1 drivers
v0000015c84976000_0 .net "i_rst", 0 0, v0000015c849d47d0_0;  1 drivers
v0000015c8494b6c0_0 .net "o_rs1_rdata", 31 0, L_0000015c849e6de0;  alias, 1 drivers
v0000015c8494bb20_0 .net "o_rs2_rdata", 31 0, L_0000015c849e67a0;  alias, 1 drivers
v0000015c849d5950 .array "regs", 31 0, 31 0;
v0000015c849d5e50_0 .net "rs1_bypass_hit", 0 0, L_0000015c84961f60;  1 drivers
v0000015c849d5270_0 .net "rs2_bypass_hit", 0 0, L_0000015c84962350;  1 drivers
E_0000015c84978f60 .event posedge, v0000015c849751a0_0;
L_0000015c849e6c00 .cmp/ne 5, v0000015c849d4870_0, L_0000015c84d603a0;
L_0000015c849e6f20 .cmp/eq 5, v0000015c849d4370_0, v0000015c849d4870_0;
L_0000015c849e7920 .cmp/ne 5, v0000015c849d4870_0, L_0000015c84d60430;
L_0000015c849e7ce0 .cmp/eq 5, v0000015c849d45f0_0, v0000015c849d4870_0;
L_0000015c849e65c0 .cmp/eq 5, v0000015c849d4370_0, L_0000015c84d604c0;
L_0000015c849e7740 .array/port v0000015c849d5950, L_0000015c849e7d80;
L_0000015c849e7d80 .concat [ 5 2 0 0], v0000015c849d4370_0, L_0000015c84d60550;
L_0000015c849e7e20 .functor MUXZ 32, L_0000015c849e7740, v0000015c849d49b0_0, L_0000015c84961f60, C4<>;
L_0000015c849e6700 .functor MUXZ 32, L_0000015c849e7e20, L_0000015c84d60508, L_0000015c849e65c0, C4<>;
L_0000015c849e6de0 .functor MUXZ 32, L_0000015c849e6700, L_0000015c84d60478, v0000015c849d47d0_0, C4<>;
L_0000015c849e6e80 .cmp/eq 5, v0000015c849d45f0_0, L_0000015c84d605e0;
L_0000015c849e74c0 .array/port v0000015c849d5950, L_0000015c849e7420;
L_0000015c849e7420 .concat [ 5 2 0 0], v0000015c849d45f0_0, L_0000015c84d60670;
L_0000015c849e7a60 .functor MUXZ 32, L_0000015c849e74c0, v0000015c849d49b0_0, L_0000015c84962350, C4<>;
L_0000015c849e7600 .functor MUXZ 32, L_0000015c849e7a60, L_0000015c84d60628, L_0000015c849e6e80, C4<>;
L_0000015c849e67a0 .functor MUXZ 32, L_0000015c849e7600, L_0000015c84d60598, v0000015c849d47d0_0, C4<>;
S_0000015c849d5f70 .scope module, "dut_no_bypass" "rf" 2 18, 3 8 0, S_0000015c8497f410;
 .timescale -9 -12;
    .port_info 0 /INPUT 1 "i_clk";
    .port_info 1 /INPUT 1 "i_rst";
    .port_info 2 /INPUT 5 "i_rs1_raddr";
    .port_info 3 /OUTPUT 32 "o_rs1_rdata";
    .port_info 4 /INPUT 5 "i_rs2_raddr";
    .port_info 5 /OUTPUT 32 "o_rs2_rdata";
    .port_info 6 /INPUT 1 "i_rd_wen";
    .port_info 7 /INPUT 5 "i_rd_waddr";
    .port_info 8 /INPUT 32 "i_rd_wdata";
P_0000015c849784a0 .param/l "BYPASS_EN" 0 3 17, +C4<00000000000000000000000000000000>;
L_0000015c84961d30 .functor BUFT 32, L_0000015c849d4cd0, C4<00000000000000000000000000000000>, C4<00000000000000000000000000000000>, C4<00000000000000000000000000000000>;
L_0000015c849623c0 .functor BUFT 32, L_0000015c849e7c40, C4<00000000000000000000000000000000>, C4<00000000000000000000000000000000>, C4<00000000000000000000000000000000>;
L_0000015c84d601a8 .functor BUFT 1, C4<00000000000000000000000000000000>, C4<0>, C4<0>, C4<0>;
v0000015c849d5a90_0 .net/2u *"_ivl_10", 31 0, L_0000015c84d601a8;  1 drivers
v0000015c849d59f0_0 .net *"_ivl_12", 31 0, L_0000015c849d4cd0;  1 drivers
v0000015c849d3fb0_0 .net *"_ivl_14", 6 0, L_0000015c849d4e10;  1 drivers
L_0000015c84d601f0 .functor BUFT 1, C4<00>, C4<0>, C4<0>, C4<0>;
v0000015c849d4230_0 .net *"_ivl_17", 1 0, L_0000015c84d601f0;  1 drivers
v0000015c849d53b0_0 .net *"_ivl_18", 31 0, L_0000015c84961d30;  1 drivers
v0000015c849d5310_0 .net *"_ivl_20", 31 0, L_0000015c849d4f50;  1 drivers
L_0000015c84d60238 .functor BUFT 1, C4<00000000000000000000000000000000>, C4<0>, C4<0>, C4<0>;
v0000015c849d5090_0 .net/2u *"_ivl_24", 31 0, L_0000015c84d60238;  1 drivers
L_0000015c84d60280 .functor BUFT 1, C4<00000>, C4<0>, C4<0>, C4<0>;
v0000015c849d5130_0 .net/2u *"_ivl_26", 4 0, L_0000015c84d60280;  1 drivers
v0000015c849d4050_0 .net *"_ivl_28", 0 0, L_0000015c849e6660;  1 drivers
L_0000015c84d602c8 .functor BUFT 1, C4<00000000000000000000000000000000>, C4<0>, C4<0>, C4<0>;
v0000015c849d51d0_0 .net/2u *"_ivl_30", 31 0, L_0000015c84d602c8;  1 drivers
v0000015c849d5b30_0 .net *"_ivl_32", 31 0, L_0000015c849e7c40;  1 drivers
v0000015c849d4690_0 .net *"_ivl_34", 6 0, L_0000015c849e77e0;  1 drivers
L_0000015c84d60310 .functor BUFT 1, C4<00>, C4<0>, C4<0>, C4<0>;
v0000015c849d5bd0_0 .net *"_ivl_37", 1 0, L_0000015c84d60310;  1 drivers
v0000015c849d5450_0 .net *"_ivl_38", 31 0, L_0000015c849623c0;  1 drivers
L_0000015c84d60118 .functor BUFT 1, C4<00000000000000000000000000000000>, C4<0>, C4<0>, C4<0>;
v0000015c849d54f0_0 .net/2u *"_ivl_4", 31 0, L_0000015c84d60118;  1 drivers
v0000015c849d5590_0 .net *"_ivl_40", 31 0, L_0000015c849e6520;  1 drivers
L_0000015c84d60160 .functor BUFT 1, C4<00000>, C4<0>, C4<0>, C4<0>;
v0000015c849d5810_0 .net/2u *"_ivl_6", 4 0, L_0000015c84d60160;  1 drivers
v0000015c849d56d0_0 .net *"_ivl_8", 0 0, L_0000015c849d4d70;  1 drivers
v0000015c849d40f0_0 .net "i_clk", 0 0, v0000015c849d5db0_0;  alias, 1 drivers
v0000015c849d42d0_0 .net "i_rd_waddr", 4 0, v0000015c849d4870_0;  alias, 1 drivers
v0000015c849d5630_0 .net "i_rd_wdata", 31 0, v0000015c849d49b0_0;  alias, 1 drivers
v0000015c849d5d10_0 .net "i_rd_wen", 0 0, v0000015c849d4a50_0;  alias, 1 drivers
v0000015c849d4b90_0 .net "i_rs1_raddr", 4 0, v0000015c849d4370_0;  alias, 1 drivers
v0000015c849d4410_0 .net "i_rs2_raddr", 4 0, v0000015c849d45f0_0;  alias, 1 drivers
v0000015c849d4910_0 .net "i_rst", 0 0, v0000015c849d47d0_0;  alias, 1 drivers
v0000015c849d5c70_0 .net "o_rs1_rdata", 31 0, L_0000015c849d4ff0;  alias, 1 drivers
v0000015c849d5770_0 .net "o_rs2_rdata", 31 0, L_0000015c849e6d40;  alias, 1 drivers
v0000015c849d4eb0 .array "regs", 31 0, 31 0;
L_0000015c84d60088 .functor BUFT 1, C4<0>, C4<0>, C4<0>, C4<0>;
v0000015c849d4af0_0 .net "rs1_bypass_hit", 0 0, L_0000015c84d60088;  1 drivers
L_0000015c84d600d0 .functor BUFT 1, C4<0>, C4<0>, C4<0>, C4<0>;
v0000015c849d58b0_0 .net "rs2_bypass_hit", 0 0, L_0000015c84d600d0;  1 drivers
L_0000015c849d4d70 .cmp/eq 5, v0000015c849d4370_0, L_0000015c84d60160;
L_0000015c849d4cd0 .array/port v0000015c849d4eb0, L_0000015c849d4e10;
L_0000015c849d4e10 .concat [ 5 2 0 0], v0000015c849d4370_0, L_0000015c84d601f0;
L_0000015c849d4f50 .functor MUXZ 32, L_0000015c84961d30, L_0000015c84d601a8, L_0000015c849d4d70, C4<>;
L_0000015c849d4ff0 .functor MUXZ 32, L_0000015c849d4f50, L_0000015c84d60118, v0000015c849d47d0_0, C4<>;
L_0000015c849e6660 .cmp/eq 5, v0000015c849d45f0_0, L_0000015c84d60280;
L_0000015c849e7c40 .array/port v0000015c849d4eb0, L_0000015c849e77e0;
L_0000015c849e77e0 .concat [ 5 2 0 0], v0000015c849d45f0_0, L_0000015c84d60310;
L_0000015c849e6520 .functor MUXZ 32, L_0000015c849623c0, L_0000015c84d602c8, L_0000015c849e6660, C4<>;
L_0000015c849e6d40 .functor MUXZ 32, L_0000015c849e6520, L_0000015c84d60238, v0000015c849d47d0_0, C4<>;
    .scope S_0000015c849d5f70;
T_1 ;
    %wait E_0000015c84978f60;
    %load/vec4 v0000015c849d4910_0;
    %flag_set/vec4 8;
    %jmp/0xz  T_1.0, 8;
    %pushi/vec4 0, 0, 32;
    %ix/load 3, 0, 0;
    %flag_set/imm 4, 0;
    %ix/load 4, 0, 0; Constant delay
    %assign/vec4/a/d v0000015c849d4eb0, 0, 4;
    %pushi/vec4 0, 0, 32;
    %ix/load 3, 1, 0;
    %flag_set/imm 4, 0;
    %ix/load 4, 0, 0; Constant delay
    %assign/vec4/a/d v0000015c849d4eb0, 0, 4;
    %pushi/vec4 0, 0, 32;
    %ix/load 3, 2, 0;
    %flag_set/imm 4, 0;
    %ix/load 4, 0, 0; Constant delay
    %assign/vec4/a/d v0000015c849d4eb0, 0, 4;
    %pushi/vec4 0, 0, 32;
    %ix/load 3, 3, 0;
    %flag_set/imm 4, 0;
    %ix/load 4, 0, 0; Constant delay
    %assign/vec4/a/d v0000015c849d4eb0, 0, 4;
    %pushi/vec4 0, 0, 32;
    %ix/load 3, 4, 0;
    %flag_set/imm 4, 0;
    %ix/load 4, 0, 0; Constant delay
    %assign/vec4/a/d v0000015c849d4eb0, 0, 4;
    %pushi/vec4 0, 0, 32;
    %ix/load 3, 5, 0;
    %flag_set/imm 4, 0;
    %ix/load 4, 0, 0; Constant delay
    %assign/vec4/a/d v0000015c849d4eb0, 0, 4;
    %pushi/vec4 0, 0, 32;
    %ix/load 3, 6, 0;
    %flag_set/imm 4, 0;
    %ix/load 4, 0, 0; Constant delay
    %assign/vec4/a/d v0000015c849d4eb0, 0, 4;
    %pushi/vec4 0, 0, 32;
    %ix/load 3, 7, 0;
    %flag_set/imm 4, 0;
    %ix/load 4, 0, 0; Constant delay
    %assign/vec4/a/d v0000015c849d4eb0, 0, 4;
    %pushi/vec4 0, 0, 32;
    %ix/load 3, 8, 0;
    %flag_set/imm 4, 0;
    %ix/load 4, 0, 0; Constant delay
    %assign/vec4/a/d v0000015c849d4eb0, 0, 4;
    %pushi/vec4 0, 0, 32;
    %ix/load 3, 9, 0;
    %flag_set/imm 4, 0;
    %ix/load 4, 0, 0; Constant delay
    %assign/vec4/a/d v0000015c849d4eb0, 0, 4;
    %pushi/vec4 0, 0, 32;
    %ix/load 3, 10, 0;
    %flag_set/imm 4, 0;
    %ix/load 4, 0, 0; Constant delay
    %assign/vec4/a/d v0000015c849d4eb0, 0, 4;
    %pushi/vec4 0, 0, 32;
    %ix/load 3, 11, 0;
    %flag_set/imm 4, 0;
    %ix/load 4, 0, 0; Constant delay
    %assign/vec4/a/d v0000015c849d4eb0, 0, 4;
    %pushi/vec4 0, 0, 32;
    %ix/load 3, 12, 0;
    %flag_set/imm 4, 0;
    %ix/load 4, 0, 0; Constant delay
    %assign/vec4/a/d v0000015c849d4eb0, 0, 4;
    %pushi/vec4 0, 0, 32;
    %ix/load 3, 13, 0;
    %flag_set/imm 4, 0;
    %ix/load 4, 0, 0; Constant delay
    %assign/vec4/a/d v0000015c849d4eb0, 0, 4;
    %pushi/vec4 0, 0, 32;
    %ix/load 3, 14, 0;
    %flag_set/imm 4, 0;
    %ix/load 4, 0, 0; Constant delay
    %assign/vec4/a/d v0000015c849d4eb0, 0, 4;
    %pushi/vec4 0, 0, 32;
    %ix/load 3, 15, 0;
    %flag_set/imm 4, 0;
    %ix/load 4, 0, 0; Constant delay
    %assign/vec4/a/d v0000015c849d4eb0, 0, 4;
    %pushi/vec4 0, 0, 32;
    %ix/load 3, 16, 0;
    %flag_set/imm 4, 0;
    %ix/load 4, 0, 0; Constant delay
    %assign/vec4/a/d v0000015c849d4eb0, 0, 4;
    %pushi/vec4 0, 0, 32;
    %ix/load 3, 17, 0;
    %flag_set/imm 4, 0;
    %ix/load 4, 0, 0; Constant delay
    %assign/vec4/a/d v0000015c849d4eb0, 0, 4;
    %pushi/vec4 0, 0, 32;
    %ix/load 3, 18, 0;
    %flag_set/imm 4, 0;
    %ix/load 4, 0, 0; Constant delay
    %assign/vec4/a/d v0000015c849d4eb0, 0, 4;
    %pushi/vec4 0, 0, 32;
    %ix/load 3, 19, 0;
    %flag_set/imm 4, 0;
    %ix/load 4, 0, 0; Constant delay
    %assign/vec4/a/d v0000015c849d4eb0, 0, 4;
    %pushi/vec4 0, 0, 32;
    %ix/load 3, 20, 0;
    %flag_set/imm 4, 0;
    %ix/load 4, 0, 0; Constant delay
    %assign/vec4/a/d v0000015c849d4eb0, 0, 4;
    %pushi/vec4 0, 0, 32;
    %ix/load 3, 21, 0;
    %flag_set/imm 4, 0;
    %ix/load 4, 0, 0; Constant delay
    %assign/vec4/a/d v0000015c849d4eb0, 0, 4;
    %pushi/vec4 0, 0, 32;
    %ix/load 3, 22, 0;
    %flag_set/imm 4, 0;
    %ix/load 4, 0, 0; Constant delay
    %assign/vec4/a/d v0000015c849d4eb0, 0, 4;
    %pushi/vec4 0, 0, 32;
    %ix/load 3, 23, 0;
    %flag_set/imm 4, 0;
    %ix/load 4, 0, 0; Constant delay
    %assign/vec4/a/d v0000015c849d4eb0, 0, 4;
    %pushi/vec4 0, 0, 32;
    %ix/load 3, 24, 0;
    %flag_set/imm 4, 0;
    %ix/load 4, 0, 0; Constant delay
    %assign/vec4/a/d v0000015c849d4eb0, 0, 4;
    %pushi/vec4 0, 0, 32;
    %ix/load 3, 25, 0;
    %flag_set/imm 4, 0;
    %ix/load 4, 0, 0; Constant delay
    %assign/vec4/a/d v0000015c849d4eb0, 0, 4;
    %pushi/vec4 0, 0, 32;
    %ix/load 3, 26, 0;
    %flag_set/imm 4, 0;
    %ix/load 4, 0, 0; Constant delay
    %assign/vec4/a/d v0000015c849d4eb0, 0, 4;
    %pushi/vec4 0, 0, 32;
    %ix/load 3, 27, 0;
    %flag_set/imm 4, 0;
    %ix/load 4, 0, 0; Constant delay
    %assign/vec4/a/d v0000015c849d4eb0, 0, 4;
    %pushi/vec4 0, 0, 32;
    %ix/load 3, 28, 0;
    %flag_set/imm 4, 0;
    %ix/load 4, 0, 0; Constant delay
    %assign/vec4/a/d v0000015c849d4eb0, 0, 4;
    %pushi/vec4 0, 0, 32;
    %ix/load 3, 29, 0;
    %flag_set/imm 4, 0;
    %ix/load 4, 0, 0; Constant delay
    %assign/vec4/a/d v0000015c849d4eb0, 0, 4;
    %pushi/vec4 0, 0, 32;
    %ix/load 3, 30, 0;
    %flag_set/imm 4, 0;
    %ix/load 4, 0, 0; Constant delay
    %assign/vec4/a/d v0000015c849d4eb0, 0, 4;
    %pushi/vec4 0, 0, 32;
    %ix/load 3, 31, 0;
    %flag_set/imm 4, 0;
    %ix/load 4, 0, 0; Constant delay
    %assign/vec4/a/d v0000015c849d4eb0, 0, 4;
    %jmp T_1.1;
T_1.0 ;
    %load/vec4 v0000015c849d5d10_0;
    %flag_set/vec4 9;
    %flag_get/vec4 9;
    %jmp/0 T_1.4, 9;
    %load/vec4 v0000015c849d42d0_0;
    %pushi/vec4 0, 0, 5;
    %cmp/ne;
    %flag_get/vec4 4;
    %and;
T_1.4;
    %flag_set/vec4 8;
    %jmp/0xz  T_1.2, 8;
    %load/vec4 v0000015c849d5630_0;
    %load/vec4 v0000015c849d42d0_0;
    %pad/u 7;
    %ix/vec4 3;
    %ix/load 4, 0, 0; Constant delay
    %assign/vec4/a/d v0000015c849d4eb0, 0, 4;
T_1.2 ;
T_1.1 ;
    %jmp T_1;
    .thread T_1;
    .scope S_0000015c84922d20;
T_2 ;
    %wait E_0000015c84978f60;
    %load/vec4 v0000015c84976000_0;
    %flag_set/vec4 8;
    %jmp/0xz  T_2.0, 8;
    %pushi/vec4 0, 0, 32;
    %ix/load 3, 0, 0;
    %flag_set/imm 4, 0;
    %ix/load 4, 0, 0; Constant delay
    %assign/vec4/a/d v0000015c849d5950, 0, 4;
    %pushi/vec4 0, 0, 32;
    %ix/load 3, 1, 0;
    %flag_set/imm 4, 0;
    %ix/load 4, 0, 0; Constant delay
    %assign/vec4/a/d v0000015c849d5950, 0, 4;
    %pushi/vec4 0, 0, 32;
    %ix/load 3, 2, 0;
    %flag_set/imm 4, 0;
    %ix/load 4, 0, 0; Constant delay
    %assign/vec4/a/d v0000015c849d5950, 0, 4;
    %pushi/vec4 0, 0, 32;
    %ix/load 3, 3, 0;
    %flag_set/imm 4, 0;
    %ix/load 4, 0, 0; Constant delay
    %assign/vec4/a/d v0000015c849d5950, 0, 4;
    %pushi/vec4 0, 0, 32;
    %ix/load 3, 4, 0;
    %flag_set/imm 4, 0;
    %ix/load 4, 0, 0; Constant delay
    %assign/vec4/a/d v0000015c849d5950, 0, 4;
    %pushi/vec4 0, 0, 32;
    %ix/load 3, 5, 0;
    %flag_set/imm 4, 0;
    %ix/load 4, 0, 0; Constant delay
    %assign/vec4/a/d v0000015c849d5950, 0, 4;
    %pushi/vec4 0, 0, 32;
    %ix/load 3, 6, 0;
    %flag_set/imm 4, 0;
    %ix/load 4, 0, 0; Constant delay
    %assign/vec4/a/d v0000015c849d5950, 0, 4;
    %pushi/vec4 0, 0, 32;
    %ix/load 3, 7, 0;
    %flag_set/imm 4, 0;
    %ix/load 4, 0, 0; Constant delay
    %assign/vec4/a/d v0000015c849d5950, 0, 4;
    %pushi/vec4 0, 0, 32;
    %ix/load 3, 8, 0;
    %flag_set/imm 4, 0;
    %ix/load 4, 0, 0; Constant delay
    %assign/vec4/a/d v0000015c849d5950, 0, 4;
    %pushi/vec4 0, 0, 32;
    %ix/load 3, 9, 0;
    %flag_set/imm 4, 0;
    %ix/load 4, 0, 0; Constant delay
    %assign/vec4/a/d v0000015c849d5950, 0, 4;
    %pushi/vec4 0, 0, 32;
    %ix/load 3, 10, 0;
    %flag_set/imm 4, 0;
    %ix/load 4, 0, 0; Constant delay
    %assign/vec4/a/d v0000015c849d5950, 0, 4;
    %pushi/vec4 0, 0, 32;
    %ix/load 3, 11, 0;
    %flag_set/imm 4, 0;
    %ix/load 4, 0, 0; Constant delay
    %assign/vec4/a/d v0000015c849d5950, 0, 4;
    %pushi/vec4 0, 0, 32;
    %ix/load 3, 12, 0;
    %flag_set/imm 4, 0;
    %ix/load 4, 0, 0; Constant delay
    %assign/vec4/a/d v0000015c849d5950, 0, 4;
    %pushi/vec4 0, 0, 32;
    %ix/load 3, 13, 0;
    %flag_set/imm 4, 0;
    %ix/load 4, 0, 0; Constant delay
    %assign/vec4/a/d v0000015c849d5950, 0, 4;
    %pushi/vec4 0, 0, 32;
    %ix/load 3, 14, 0;
    %flag_set/imm 4, 0;
    %ix/load 4, 0, 0; Constant delay
    %assign/vec4/a/d v0000015c849d5950, 0, 4;
    %pushi/vec4 0, 0, 32;
    %ix/load 3, 15, 0;
    %flag_set/imm 4, 0;
    %ix/load 4, 0, 0; Constant delay
    %assign/vec4/a/d v0000015c849d5950, 0, 4;
    %pushi/vec4 0, 0, 32;
    %ix/load 3, 16, 0;
    %flag_set/imm 4, 0;
    %ix/load 4, 0, 0; Constant delay
    %assign/vec4/a/d v0000015c849d5950, 0, 4;
    %pushi/vec4 0, 0, 32;
    %ix/load 3, 17, 0;
    %flag_set/imm 4, 0;
    %ix/load 4, 0, 0; Constant delay
    %assign/vec4/a/d v0000015c849d5950, 0, 4;
    %pushi/vec4 0, 0, 32;
    %ix/load 3, 18, 0;
    %flag_set/imm 4, 0;
    %ix/load 4, 0, 0; Constant delay
    %assign/vec4/a/d v0000015c849d5950, 0, 4;
    %pushi/vec4 0, 0, 32;
    %ix/load 3, 19, 0;
    %flag_set/imm 4, 0;
    %ix/load 4, 0, 0; Constant delay
    %assign/vec4/a/d v0000015c849d5950, 0, 4;
    %pushi/vec4 0, 0, 32;
    %ix/load 3, 20, 0;
    %flag_set/imm 4, 0;
    %ix/load 4, 0, 0; Constant delay
    %assign/vec4/a/d v0000015c849d5950, 0, 4;
    %pushi/vec4 0, 0, 32;
    %ix/load 3, 21, 0;
    %flag_set/imm 4, 0;
    %ix/load 4, 0, 0; Constant delay
    %assign/vec4/a/d v0000015c849d5950, 0, 4;
    %pushi/vec4 0, 0, 32;
    %ix/load 3, 22, 0;
    %flag_set/imm 4, 0;
    %ix/load 4, 0, 0; Constant delay
    %assign/vec4/a/d v0000015c849d5950, 0, 4;
    %pushi/vec4 0, 0, 32;
    %ix/load 3, 23, 0;
    %flag_set/imm 4, 0;
    %ix/load 4, 0, 0; Constant delay
    %assign/vec4/a/d v0000015c849d5950, 0, 4;
    %pushi/vec4 0, 0, 32;
    %ix/load 3, 24, 0;
    %flag_set/imm 4, 0;
    %ix/load 4, 0, 0; Constant delay
    %assign/vec4/a/d v0000015c849d5950, 0, 4;
    %pushi/vec4 0, 0, 32;
    %ix/load 3, 25, 0;
    %flag_set/imm 4, 0;
    %ix/load 4, 0, 0; Constant delay
    %assign/vec4/a/d v0000015c849d5950, 0, 4;
    %pushi/vec4 0, 0, 32;
    %ix/load 3, 26, 0;
    %flag_set/imm 4, 0;
    %ix/load 4, 0, 0; Constant delay
    %assign/vec4/a/d v0000015c849d5950, 0, 4;
    %pushi/vec4 0, 0, 32;
    %ix/load 3, 27, 0;
    %flag_set/imm 4, 0;
    %ix/load 4, 0, 0; Constant delay
    %assign/vec4/a/d v0000015c849d5950, 0, 4;
    %pushi/vec4 0, 0, 32;
    %ix/load 3, 28, 0;
    %flag_set/imm 4, 0;
    %ix/load 4, 0, 0; Constant delay
    %assign/vec4/a/d v0000015c849d5950, 0, 4;
    %pushi/vec4 0, 0, 32;
    %ix/load 3, 29, 0;
    %flag_set/imm 4, 0;
    %ix/load 4, 0, 0; Constant delay
    %assign/vec4/a/d v0000015c849d5950, 0, 4;
    %pushi/vec4 0, 0, 32;
    %ix/load 3, 30, 0;
    %flag_set/imm 4, 0;
    %ix/load 4, 0, 0; Constant delay
    %assign/vec4/a/d v0000015c849d5950, 0, 4;
    %pushi/vec4 0, 0, 32;
    %ix/load 3, 31, 0;
    %flag_set/imm 4, 0;
    %ix/load 4, 0, 0; Constant delay
    %assign/vec4/a/d v0000015c849d5950, 0, 4;
    %jmp T_2.1;
T_2.0 ;
    %load/vec4 v0000015c84975880_0;
    %flag_set/vec4 9;
    %flag_get/vec4 9;
    %jmp/0 T_2.4, 9;
    %load/vec4 v0000015c849757e0_0;
    %pushi/vec4 0, 0, 5;
    %cmp/ne;
    %flag_get/vec4 4;
    %and;
T_2.4;
    %flag_set/vec4 8;
    %jmp/0xz  T_2.2, 8;
    %load/vec4 v0000015c84975e20_0;
    %load/vec4 v0000015c849757e0_0;
    %pad/u 7;
    %ix/vec4 3;
    %ix/load 4, 0, 0; Constant delay
    %assign/vec4/a/d v0000015c849d5950, 0, 4;
T_2.2 ;
T_2.1 ;
    %jmp T_2;
    .thread T_2;
    .scope S_0000015c8497f410;
T_3 ;
    %pushi/vec4 0, 0, 1;
    %store/vec4 v0000015c849d5db0_0, 0, 1;
    %pushi/vec4 1, 0, 1;
    %store/vec4 v0000015c849d47d0_0, 0, 1;
    %pushi/vec4 0, 0, 1;
    %store/vec4 v0000015c849d4a50_0, 0, 1;
    %pushi/vec4 0, 0, 5;
    %store/vec4 v0000015c849d4870_0, 0, 5;
    %pushi/vec4 0, 0, 32;
    %store/vec4 v0000015c849d49b0_0, 0, 32;
    %pushi/vec4 0, 0, 5;
    %store/vec4 v0000015c849d4370_0, 0, 5;
    %pushi/vec4 0, 0, 5;
    %store/vec4 v0000015c849d45f0_0, 0, 5;
    %delay 2000, 0;
    %pushi/vec4 1, 0, 5;
    %store/vec4 v0000015c849d4370_0, 0, 5;
    %pushi/vec4 2, 0, 5;
    %store/vec4 v0000015c849d45f0_0, 0, 5;
    %delay 0, 0;
    %load/vec4 v0000015c849d4550_0;
    %store/vec4 v0000015c84975240_0, 0, 32;
    %pushi/vec4 0, 0, 32;
    %store/vec4 v0000015c84975560_0, 0, 32;
    %pushi/vec4 0, 0, 32; draw_string_vec4
    %pushi/vec4 0, 0, 32; draw_string_vec4
    %concat/vec4; draw_string_vec4
    %pushi/vec4 0, 0, 32; draw_string_vec4
    %concat/vec4; draw_string_vec4
    %pushi/vec4 7497075, 0, 32; draw_string_vec4
    %concat/vec4; draw_string_vec4
    %pushi/vec4 1702125426, 0, 32; draw_string_vec4
    %concat/vec4; draw_string_vec4
    %pushi/vec4 1932615534, 0, 32; draw_string_vec4
    %concat/vec4; draw_string_vec4
    %pushi/vec4 1868522105, 0, 32; draw_string_vec4
    %concat/vec4; draw_string_vec4
    %pushi/vec4 1885434739, 0, 32; draw_string_vec4
    %concat/vec4; draw_string_vec4
    %store/vec4 v0000015c849752e0_0, 0, 256;
    %fork TD_unit_rf_tb.check, S_0000015c84980e10;
    %join;
    %delay 0, 0;
    %load/vec4 v0000015c849d4c30_0;
    %store/vec4 v0000015c84975240_0, 0, 32;
    %pushi/vec4 0, 0, 32;
    %store/vec4 v0000015c84975560_0, 0, 32;
    %pushi/vec4 0, 0, 32; draw_string_vec4
    %pushi/vec4 0, 0, 32; draw_string_vec4
    %concat/vec4; draw_string_vec4
    %pushi/vec4 0, 0, 32; draw_string_vec4
    %concat/vec4; draw_string_vec4
    %pushi/vec4 7497075, 0, 32; draw_string_vec4
    %concat/vec4; draw_string_vec4
    %pushi/vec4 1702125426, 0, 32; draw_string_vec4
    %concat/vec4; draw_string_vec4
    %pushi/vec4 1932681070, 0, 32; draw_string_vec4
    %concat/vec4; draw_string_vec4
    %pushi/vec4 1868522105, 0, 32; draw_string_vec4
    %concat/vec4; draw_string_vec4
    %pushi/vec4 1885434739, 0, 32; draw_string_vec4
    %concat/vec4; draw_string_vec4
    %store/vec4 v0000015c849752e0_0, 0, 256;
    %fork TD_unit_rf_tb.check, S_0000015c84980e10;
    %join;
    %wait E_0000015c84978120;
    %pushi/vec4 0, 0, 1;
    %store/vec4 v0000015c849d47d0_0, 0, 1;
    %pushi/vec4 1, 0, 5;
    %store/vec4 v0000015c849d4870_0, 0, 5;
    %pushi/vec4 2779096485, 0, 32;
    %store/vec4 v0000015c849d49b0_0, 0, 32;
    %pushi/vec4 1, 0, 1;
    %store/vec4 v0000015c849d4a50_0, 0, 1;
    %pushi/vec4 1, 0, 5;
    %store/vec4 v0000015c849d4370_0, 0, 5;
    %delay 0, 0;
    %load/vec4 v0000015c849d44b0_0;
    %store/vec4 v0000015c84975240_0, 0, 32;
    %pushi/vec4 2779096485, 0, 32;
    %store/vec4 v0000015c84975560_0, 0, 32;
    %pushi/vec4 0, 0, 32; draw_string_vec4
    %pushi/vec4 0, 0, 32; draw_string_vec4
    %concat/vec4; draw_string_vec4
    %pushi/vec4 0, 0, 32; draw_string_vec4
    %concat/vec4; draw_string_vec4
    %pushi/vec4 0, 0, 32; draw_string_vec4
    %concat/vec4; draw_string_vec4
    %pushi/vec4 25209, 0, 32; draw_string_vec4
    %concat/vec4; draw_string_vec4
    %pushi/vec4 1885434739, 0, 32; draw_string_vec4
    %concat/vec4; draw_string_vec4
    %pushi/vec4 1600548722, 0, 32; draw_string_vec4
    %concat/vec4; draw_string_vec4
    %pushi/vec4 2002874980, 0, 32; draw_string_vec4
    %concat/vec4; draw_string_vec4
    %store/vec4 v0000015c849752e0_0, 0, 256;
    %fork TD_unit_rf_tb.check, S_0000015c84980e10;
    %join;
    %delay 0, 0;
    %load/vec4 v0000015c849d4550_0;
    %store/vec4 v0000015c84975240_0, 0, 32;
    %pushi/vec4 0, 0, 32;
    %store/vec4 v0000015c84975560_0, 0, 32;
    %pushi/vec4 0, 0, 32; draw_string_vec4
    %pushi/vec4 0, 0, 32; draw_string_vec4
    %concat/vec4; draw_string_vec4
    %pushi/vec4 0, 0, 32; draw_string_vec4
    %concat/vec4; draw_string_vec4
    %pushi/vec4 0, 0, 32; draw_string_vec4
    %concat/vec4; draw_string_vec4
    %pushi/vec4 28271, 0, 32; draw_string_vec4
    %concat/vec4; draw_string_vec4
    %pushi/vec4 1600289136, 0, 32; draw_string_vec4
    %concat/vec4; draw_string_vec4
    %pushi/vec4 1634956127, 0, 32; draw_string_vec4
    %concat/vec4; draw_string_vec4
    %pushi/vec4 1752132708, 0, 32; draw_string_vec4
    %concat/vec4; draw_string_vec4
    %store/vec4 v0000015c849752e0_0, 0, 256;
    %fork TD_unit_rf_tb.check, S_0000015c84980e10;
    %join;
    %wait E_0000015c84978f60;
    %delay 1000, 0;
    %delay 0, 0;
    %load/vec4 v0000015c849d4550_0;
    %store/vec4 v0000015c84975240_0, 0, 32;
    %pushi/vec4 2779096485, 0, 32;
    %store/vec4 v0000015c84975560_0, 0, 32;
    %pushi/vec4 0, 0, 32; draw_string_vec4
    %pushi/vec4 0, 0, 32; draw_string_vec4
    %concat/vec4; draw_string_vec4
    %pushi/vec4 110, 0, 32; draw_string_vec4
    %concat/vec4; draw_string_vec4
    %pushi/vec4 1868522105, 0, 32; draw_string_vec4
    %concat/vec4; draw_string_vec4
    %pushi/vec4 1885434739, 0, 32; draw_string_vec4
    %concat/vec4; draw_string_vec4
    %pushi/vec4 1600218740, 0, 32; draw_string_vec4
    %concat/vec4; draw_string_vec4
    %pushi/vec4 1701994359, 0, 32; draw_string_vec4
    %concat/vec4; draw_string_vec4
    %pushi/vec4 1919513701, 0, 32; draw_string_vec4
    %concat/vec4; draw_string_vec4
    %store/vec4 v0000015c849752e0_0, 0, 256;
    %fork TD_unit_rf_tb.check, S_0000015c84980e10;
    %join;
    %delay 0, 0;
    %load/vec4 v0000015c849d44b0_0;
    %store/vec4 v0000015c84975240_0, 0, 32;
    %pushi/vec4 2779096485, 0, 32;
    %store/vec4 v0000015c84975560_0, 0, 32;
    %pushi/vec4 0, 0, 32; draw_string_vec4
    %pushi/vec4 0, 0, 32; draw_string_vec4
    %concat/vec4; draw_string_vec4
    %pushi/vec4 0, 0, 32; draw_string_vec4
    %concat/vec4; draw_string_vec4
    %pushi/vec4 25209, 0, 32; draw_string_vec4
    %concat/vec4; draw_string_vec4
    %pushi/vec4 1885434739, 0, 32; draw_string_vec4
    %concat/vec4; draw_string_vec4
    %pushi/vec4 1600218740, 0, 32; draw_string_vec4
    %concat/vec4; draw_string_vec4
    %pushi/vec4 1701994359, 0, 32; draw_string_vec4
    %concat/vec4; draw_string_vec4
    %pushi/vec4 1919513701, 0, 32; draw_string_vec4
    %concat/vec4; draw_string_vec4
    %store/vec4 v0000015c849752e0_0, 0, 256;
    %fork TD_unit_rf_tb.check, S_0000015c84980e10;
    %join;
    %pushi/vec4 0, 0, 5;
    %store/vec4 v0000015c849d4870_0, 0, 5;
    %pushi/vec4 3735928559, 0, 32;
    %store/vec4 v0000015c849d49b0_0, 0, 32;
    %pushi/vec4 1, 0, 1;
    %store/vec4 v0000015c849d4a50_0, 0, 1;
    %pushi/vec4 0, 0, 5;
    %store/vec4 v0000015c849d4370_0, 0, 5;
    %wait E_0000015c84978f60;
    %delay 1000, 0;
    %delay 0, 0;
    %load/vec4 v0000015c849d4550_0;
    %store/vec4 v0000015c84975240_0, 0, 32;
    %pushi/vec4 0, 0, 32;
    %store/vec4 v0000015c84975560_0, 0, 32;
    %pushi/vec4 0, 0, 32; draw_string_vec4
    %pushi/vec4 0, 0, 32; draw_string_vec4
    %concat/vec4; draw_string_vec4
    %pushi/vec4 0, 0, 32; draw_string_vec4
    %concat/vec4; draw_string_vec4
    %pushi/vec4 2016436073, 0, 32; draw_string_vec4
    %concat/vec4; draw_string_vec4
    %pushi/vec4 1735290738, 0, 32; draw_string_vec4
    %concat/vec4; draw_string_vec4
    %pushi/vec4 1701076846, 0, 32; draw_string_vec4
    %concat/vec4; draw_string_vec4
    %pushi/vec4 1868522105, 0, 32; draw_string_vec4
    %concat/vec4; draw_string_vec4
    %pushi/vec4 1885434739, 0, 32; draw_string_vec4
    %concat/vec4; draw_string_vec4
    %store/vec4 v0000015c849752e0_0, 0, 256;
    %fork TD_unit_rf_tb.check, S_0000015c84980e10;
    %join;
    %delay 0, 0;
    %load/vec4 v0000015c849d44b0_0;
    %store/vec4 v0000015c84975240_0, 0, 32;
    %pushi/vec4 0, 0, 32;
    %store/vec4 v0000015c84975560_0, 0, 32;
    %pushi/vec4 0, 0, 32; draw_string_vec4
    %pushi/vec4 0, 0, 32; draw_string_vec4
    %concat/vec4; draw_string_vec4
    %pushi/vec4 0, 0, 32; draw_string_vec4
    %concat/vec4; draw_string_vec4
    %pushi/vec4 120, 0, 32; draw_string_vec4
    %concat/vec4; draw_string_vec4
    %pushi/vec4 811559271, 0, 32; draw_string_vec4
    %concat/vec4; draw_string_vec4
    %pushi/vec4 1852797541, 0, 32; draw_string_vec4
    %concat/vec4; draw_string_vec4
    %pushi/vec4 1683972729, 0, 32; draw_string_vec4
    %concat/vec4; draw_string_vec4
    %pushi/vec4 1885434739, 0, 32; draw_string_vec4
    %concat/vec4; draw_string_vec4
    %store/vec4 v0000015c849752e0_0, 0, 256;
    %fork TD_unit_rf_tb.check, S_0000015c84980e10;
    %join;
    %vpi_call 2 109 "$display", "PASS unit_rf_tb" {0 0 0};
    %vpi_call 2 110 "$finish" {0 0 0};
    %end;
    .thread T_3;
    .scope S_0000015c8497f410;
T_4 ;
    %delay 5000, 0;
    %load/vec4 v0000015c849d5db0_0;
    %inv;
    %store/vec4 v0000015c849d5db0_0, 0, 1;
    %jmp T_4;
    .thread T_4;
# The file index is used to find the file name in the following table.
:file_names 4;
    "N/A";
    "<interactive>";
    "tests/unit_rf_tb.v";
    "lib/rf.v";
