#! /c/Source/iverilog-install/bin/vvp
:ivl_version "12.0 (devel)" "(s20150603-1539-g2693dd32b)";
:ivl_delay_selection "TYPICAL";
:vpi_time_precision - 12;
:vpi_module "D:\iverilog\lib\ivl\system.vpi";
:vpi_module "D:\iverilog\lib\ivl\vhdl_sys.vpi";
:vpi_module "D:\iverilog\lib\ivl\vhdl_textio.vpi";
:vpi_module "D:\iverilog\lib\ivl\v2005_math.vpi";
:vpi_module "D:\iverilog\lib\ivl\va_math.vpi";
S_0000021dff6e5230 .scope module, "unit_memory_tb" "unit_memory_tb" 2 3;
 .timescale -9 -12;
v0000021dff7781b0_0 .var "EffAddr", 31 0;
v0000021dff7782f0_0 .var "Func3", 2 0;
v0000021dff778ed0_0 .net "LoadData", 31 0, L_0000021dffb28ee0;  1 drivers
v0000021dff778070_0 .var "MemRead", 0 0;
v0000021dff779b50_0 .var "MemWrite", 0 0;
v0000021dff777fd0_0 .net "MisalignTrap", 0 0, L_0000021dff6dc330;  1 drivers
v0000021dff778f70_0 .var "StoreData", 31 0;
v0000021dff778c50_0 .var "i_dmem_rdata", 31 0;
v0000021dff778e30_0 .net "o_dmem_addr", 31 0, L_0000021dff7793d0;  1 drivers
v0000021dff779830_0 .net "o_dmem_mask", 3 0, L_0000021dff6db8b0;  1 drivers
v0000021dff779d30_0 .net "o_dmem_ren", 0 0, L_0000021dff6dc480;  1 drivers
v0000021dff779650_0 .net "o_dmem_wdata", 31 0, L_0000021dff6db920;  1 drivers
v0000021dff778570_0 .net "o_dmem_wen", 0 0, L_0000021dff6dba00;  1 drivers
S_0000021dff71ed00 .scope task, "check" "check" 2 35, 2 35 0, S_0000021dff6e5230;
 .timescale -9 -12;
v0000021dff6e30c0_0 .var "exp_load", 31 0;
v0000021dff6e32a0_0 .var "exp_mask", 3 0;
v0000021dff6e3480_0 .var "exp_ren", 0 0;
v0000021dff6e3520_0 .var "exp_trap", 0 0;
v0000021dff6e35c0_0 .var "exp_wdata", 31 0;
v0000021dff777960_0 .var "exp_wen", 0 0;
v0000021dff777640_0 .var "name", 255 0;
TD_unit_memory_tb.check ;
    %delay 1000, 0;
    %load/vec4 v0000021dff778ed0_0;
    %load/vec4 v0000021dff6e30c0_0;
    %cmp/ne;
    %jmp/1 T_0.6, 6;
    %flag_mov 8, 6;
    %load/vec4 v0000021dff779830_0;
    %load/vec4 v0000021dff6e32a0_0;
    %cmp/ne;
    %flag_or 6, 8;
T_0.6;
    %jmp/1 T_0.5, 6;
    %flag_mov 8, 6;
    %load/vec4 v0000021dff779650_0;
    %load/vec4 v0000021dff6e35c0_0;
    %cmp/ne;
    %flag_or 6, 8;
T_0.5;
    %jmp/1 T_0.4, 6;
    %flag_mov 8, 6;
    %load/vec4 v0000021dff779d30_0;
    %load/vec4 v0000021dff6e3480_0;
    %cmp/ne;
    %flag_or 6, 8;
T_0.4;
    %jmp/1 T_0.3, 6;
    %flag_mov 8, 6;
    %load/vec4 v0000021dff778570_0;
    %load/vec4 v0000021dff777960_0;
    %cmp/ne;
    %flag_or 6, 8;
T_0.3;
    %jmp/1 T_0.2, 6;
    %flag_mov 8, 6;
    %load/vec4 v0000021dff777fd0_0;
    %load/vec4 v0000021dff6e3520_0;
    %cmp/ne;
    %flag_or 6, 8;
T_0.2;
    %jmp/0xz  T_0.0, 6;
    %vpi_call 2 47 "$display", "FAIL %s:", v0000021dff777640_0 {0 0 0};
    %vpi_call 2 48 "$display", "  LoadData=%h exp=%h", v0000021dff778ed0_0, v0000021dff6e30c0_0 {0 0 0};
    %vpi_call 2 49 "$display", "  mask=%b exp=%b", v0000021dff779830_0, v0000021dff6e32a0_0 {0 0 0};
    %vpi_call 2 50 "$display", "  wdata=%h exp=%h", v0000021dff779650_0, v0000021dff6e35c0_0 {0 0 0};
    %vpi_call 2 51 "$display", "  ren=%b exp=%b wen=%b exp=%b trap=%b exp=%b", v0000021dff779d30_0, v0000021dff6e3480_0, v0000021dff778570_0, v0000021dff777960_0, v0000021dff777fd0_0, v0000021dff6e3520_0 {0 0 0};
    %vpi_call 2 52 "$finish" {0 0 0};
T_0.0 ;
    %end;
S_0000021dff6f4f40 .scope module, "dut" "memory" 2 19, 3 1 0, S_0000021dff6e5230;
 .timescale -9 -12;
    .port_info 0 /INPUT 32 "EffAddr";
    .port_info 1 /INPUT 32 "StoreData";
    .port_info 2 /INPUT 3 "Func3";
    .port_info 3 /INPUT 1 "MemRead";
    .port_info 4 /INPUT 1 "MemWrite";
    .port_info 5 /INPUT 32 "i_dmem_rdata";
    .port_info 6 /OUTPUT 32 "o_dmem_addr";
    .port_info 7 /OUTPUT 4 "o_dmem_mask";
    .port_info 8 /OUTPUT 32 "o_dmem_wdata";
    .port_info 9 /OUTPUT 1 "o_dmem_ren";
    .port_info 10 /OUTPUT 1 "o_dmem_wen";
    .port_info 11 /OUTPUT 32 "LoadData";
    .port_info 12 /OUTPUT 1 "MisalignTrap";
L_0000021dff6dc5d0 .functor OR 1, L_0000021dff7798d0, L_0000021dff779970, C4<0>, C4<0>;
L_0000021dff6db6f0 .functor AND 1, v0000021dff778070_0, L_0000021dff7790b0, C4<1>, C4<1>;
L_0000021dff6dc250 .functor AND 1, v0000021dff779b50_0, L_0000021dff779150, C4<1>, C4<1>;
L_0000021dff6dc330 .functor OR 1, L_0000021dff6db6f0, L_0000021dff6dc250, C4<0>, C4<0>;
L_0000021dff6dc410 .functor NOT 1, L_0000021dff6dc330, C4<0>, C4<0>, C4<0>;
L_0000021dff6dc480 .functor AND 1, v0000021dff778070_0, L_0000021dff6dc410, C4<1>, C4<1>;
L_0000021dff6db760 .functor NOT 1, L_0000021dff6dc330, C4<0>, C4<0>, C4<0>;
L_0000021dff6dba00 .functor AND 1, v0000021dff779b50_0, L_0000021dff6db760, C4<1>, C4<1>;
L_0000021dff6db840 .functor OR 1, v0000021dff778070_0, v0000021dff779b50_0, C4<0>, C4<0>;
L_0000021dff6db8b0 .functor AND 4, L_0000021dff779bf0, v0000021dff7775a0_0, C4<1111>, C4<1111>;
L_0000021dff6db920 .functor AND 32, L_0000021dff779470, v0000021dff779790_0, C4<11111111111111111111111111111111>, C4<11111111111111111111111111111111>;
L_0000021dff6dba70 .functor NOT 1, L_0000021dff6dc330, C4<0>, C4<0>, C4<0>;
L_0000021dffb28e00 .functor AND 1, v0000021dff778070_0, L_0000021dff6dba70, C4<1>, C4<1>;
L_0000021dffb28ee0 .functor AND 32, L_0000021dff778b10, v0000021dff777dc0_0, C4<11111111111111111111111111111111>, C4<11111111111111111111111111111111>;
v0000021dff777140_0 .net "EffAddr", 31 0, v0000021dff7781b0_0;  1 drivers
v0000021dff775fc0_0 .net "Func3", 2 0, v0000021dff7782f0_0;  1 drivers
v0000021dff777460_0 .net "LoadData", 31 0, L_0000021dffb28ee0;  alias, 1 drivers
v0000021dff7761a0_0 .net "MemRead", 0 0, v0000021dff778070_0;  1 drivers
v0000021dff777a00_0 .net "MemWrite", 0 0, v0000021dff779b50_0;  1 drivers
v0000021dff777e60_0 .net "MisalignTrap", 0 0, L_0000021dff6dc330;  alias, 1 drivers
v0000021dff7770a0_0 .net "StoreData", 31 0, v0000021dff778f70_0;  1 drivers
v0000021dff776ec0_0 .net *"_ivl_11", 1 0, L_0000021dff778750;  1 drivers
L_0000021dffae00d0 .functor BUFT 1, C4<001>, C4<0>, C4<0>, C4<0>;
v0000021dff7762e0_0 .net/2u *"_ivl_14", 2 0, L_0000021dffae00d0;  1 drivers
v0000021dff7773c0_0 .net *"_ivl_16", 0 0, L_0000021dff7798d0;  1 drivers
L_0000021dffae0118 .functor BUFT 1, C4<101>, C4<0>, C4<0>, C4<0>;
v0000021dff777aa0_0 .net/2u *"_ivl_18", 2 0, L_0000021dffae0118;  1 drivers
v0000021dff777000_0 .net *"_ivl_20", 0 0, L_0000021dff779970;  1 drivers
v0000021dff777b40_0 .net *"_ivl_22", 0 0, L_0000021dff6dc5d0;  1 drivers
L_0000021dffae0160 .functor BUFT 1, C4<010>, C4<0>, C4<0>, C4<0>;
v0000021dff7769c0_0 .net/2u *"_ivl_24", 2 0, L_0000021dffae0160;  1 drivers
v0000021dff776b00_0 .net *"_ivl_26", 0 0, L_0000021dff7789d0;  1 drivers
L_0000021dffae01a8 .functor BUFT 1, C4<0>, C4<0>, C4<0>, C4<0>;
v0000021dff777be0_0 .net/2u *"_ivl_28", 0 0, L_0000021dffae01a8;  1 drivers
v0000021dff776a60_0 .net *"_ivl_3", 29 0, L_0000021dff779330;  1 drivers
v0000021dff776060_0 .net *"_ivl_30", 0 0, L_0000021dff778110;  1 drivers
v0000021dff7776e0_0 .net *"_ivl_32", 0 0, L_0000021dff7790b0;  1 drivers
L_0000021dffae01f0 .functor BUFT 1, C4<001>, C4<0>, C4<0>, C4<0>;
v0000021dff776ba0_0 .net/2u *"_ivl_36", 2 0, L_0000021dffae01f0;  1 drivers
v0000021dff776f60_0 .net *"_ivl_38", 0 0, L_0000021dff779a10;  1 drivers
L_0000021dffae0088 .functor BUFT 1, C4<00>, C4<0>, C4<0>, C4<0>;
v0000021dff7764c0_0 .net/2u *"_ivl_4", 1 0, L_0000021dffae0088;  1 drivers
L_0000021dffae0238 .functor BUFT 1, C4<010>, C4<0>, C4<0>, C4<0>;
v0000021dff776100_0 .net/2u *"_ivl_40", 2 0, L_0000021dffae0238;  1 drivers
v0000021dff7771e0_0 .net *"_ivl_42", 0 0, L_0000021dff779ab0;  1 drivers
L_0000021dffae0280 .functor BUFT 1, C4<0>, C4<0>, C4<0>, C4<0>;
v0000021dff7767e0_0 .net/2u *"_ivl_44", 0 0, L_0000021dffae0280;  1 drivers
v0000021dff776e20_0 .net *"_ivl_46", 0 0, L_0000021dff7791f0;  1 drivers
v0000021dff776240_0 .net *"_ivl_48", 0 0, L_0000021dff779150;  1 drivers
v0000021dff776880_0 .net *"_ivl_54", 0 0, L_0000021dff6dc410;  1 drivers
v0000021dff777280_0 .net *"_ivl_58", 0 0, L_0000021dff6db760;  1 drivers
v0000021dff7766a0_0 .net *"_ivl_62", 0 0, L_0000021dff6db840;  1 drivers
v0000021dff777320_0 .net *"_ivl_64", 3 0, L_0000021dff779bf0;  1 drivers
v0000021dff776380_0 .net *"_ivl_68", 31 0, L_0000021dff779470;  1 drivers
v0000021dff777c80_0 .net *"_ivl_76", 0 0, L_0000021dff6dba70;  1 drivers
v0000021dff777d20_0 .net *"_ivl_78", 0 0, L_0000021dffb28e00;  1 drivers
v0000021dff777500_0 .net *"_ivl_80", 31 0, L_0000021dff778b10;  1 drivers
v0000021dff7778c0_0 .net "byte_offset", 1 0, L_0000021dff779010;  1 drivers
v0000021dff776560_0 .net "i_dmem_rdata", 31 0, v0000021dff778c50_0;  1 drivers
v0000021dff777dc0_0 .var "loaddata_dec", 31 0;
v0000021dff7775a0_0 .var "mask_dec", 3 0;
v0000021dff776420_0 .net "misalign_half", 0 0, L_0000021dff778cf0;  1 drivers
v0000021dff776600_0 .net "misalign_load", 0 0, L_0000021dff6db6f0;  1 drivers
v0000021dff776740_0 .net "misalign_store", 0 0, L_0000021dff6dc250;  1 drivers
v0000021dff776920_0 .net "misalign_word", 0 0, L_0000021dff7796f0;  1 drivers
v0000021dff776c40_0 .net "o_dmem_addr", 31 0, L_0000021dff7793d0;  alias, 1 drivers
v0000021dff776ce0_0 .net "o_dmem_mask", 3 0, L_0000021dff6db8b0;  alias, 1 drivers
v0000021dff776d80_0 .net "o_dmem_ren", 0 0, L_0000021dff6dc480;  alias, 1 drivers
v0000021dff777780_0 .net "o_dmem_wdata", 31 0, L_0000021dff6db920;  alias, 1 drivers
v0000021dff777820_0 .net "o_dmem_wen", 0 0, L_0000021dff6dba00;  alias, 1 drivers
v0000021dff779c90_0 .net "rbyte", 7 0, L_0000021dff779dd0;  1 drivers
v0000021dff778d90_0 .var "rdata_shifted", 31 0;
v0000021dff779510_0 .net "rhalf", 15 0, L_0000021dff779290;  1 drivers
v0000021dff7786b0_0 .var "sb_data", 31 0;
v0000021dff7795b0_0 .var "sh_data", 31 0;
v0000021dff779790_0 .var "store_data_dec", 31 0;
E_0000021dff71ada0 .event anyedge, v0000021dff775fc0_0, v0000021dff779c90_0, v0000021dff779510_0, v0000021dff778d90_0;
E_0000021dff71ac60 .event anyedge, v0000021dff7778c0_0, v0000021dff776560_0;
E_0000021dff71b1a0 .event anyedge, v0000021dff775fc0_0, v0000021dff7786b0_0, v0000021dff7795b0_0, v0000021dff7770a0_0;
E_0000021dff71b260 .event anyedge, v0000021dff7778c0_0, v0000021dff7770a0_0;
E_0000021dff71a820 .event anyedge, v0000021dff775fc0_0, v0000021dff7778c0_0;
L_0000021dff779010 .part v0000021dff7781b0_0, 0, 2;
L_0000021dff779330 .part v0000021dff7781b0_0, 2, 30;
L_0000021dff7793d0 .concat [ 2 30 0 0], L_0000021dffae0088, L_0000021dff779330;
L_0000021dff778cf0 .part v0000021dff7781b0_0, 0, 1;
L_0000021dff778750 .part v0000021dff7781b0_0, 0, 2;
L_0000021dff7796f0 .reduce/or L_0000021dff778750;
L_0000021dff7798d0 .cmp/eq 3, v0000021dff7782f0_0, L_0000021dffae00d0;
L_0000021dff779970 .cmp/eq 3, v0000021dff7782f0_0, L_0000021dffae0118;
L_0000021dff7789d0 .cmp/eq 3, v0000021dff7782f0_0, L_0000021dffae0160;
L_0000021dff778110 .functor MUXZ 1, L_0000021dffae01a8, L_0000021dff7796f0, L_0000021dff7789d0, C4<>;
L_0000021dff7790b0 .functor MUXZ 1, L_0000021dff778110, L_0000021dff778cf0, L_0000021dff6dc5d0, C4<>;
L_0000021dff779a10 .cmp/eq 3, v0000021dff7782f0_0, L_0000021dffae01f0;
L_0000021dff779ab0 .cmp/eq 3, v0000021dff7782f0_0, L_0000021dffae0238;
L_0000021dff7791f0 .functor MUXZ 1, L_0000021dffae0280, L_0000021dff7796f0, L_0000021dff779ab0, C4<>;
L_0000021dff779150 .functor MUXZ 1, L_0000021dff7791f0, L_0000021dff778cf0, L_0000021dff779a10, C4<>;
L_0000021dff779bf0 .concat [ 1 1 1 1], L_0000021dff6db840, L_0000021dff6db840, L_0000021dff6db840, L_0000021dff6db840;
LS_0000021dff779470_0_0 .concat [ 1 1 1 1], v0000021dff779b50_0, v0000021dff779b50_0, v0000021dff779b50_0, v0000021dff779b50_0;
LS_0000021dff779470_0_4 .concat [ 1 1 1 1], v0000021dff779b50_0, v0000021dff779b50_0, v0000021dff779b50_0, v0000021dff779b50_0;
LS_0000021dff779470_0_8 .concat [ 1 1 1 1], v0000021dff779b50_0, v0000021dff779b50_0, v0000021dff779b50_0, v0000021dff779b50_0;
LS_0000021dff779470_0_12 .concat [ 1 1 1 1], v0000021dff779b50_0, v0000021dff779b50_0, v0000021dff779b50_0, v0000021dff779b50_0;
LS_0000021dff779470_0_16 .concat [ 1 1 1 1], v0000021dff779b50_0, v0000021dff779b50_0, v0000021dff779b50_0, v0000021dff779b50_0;
LS_0000021dff779470_0_20 .concat [ 1 1 1 1], v0000021dff779b50_0, v0000021dff779b50_0, v0000021dff779b50_0, v0000021dff779b50_0;
LS_0000021dff779470_0_24 .concat [ 1 1 1 1], v0000021dff779b50_0, v0000021dff779b50_0, v0000021dff779b50_0, v0000021dff779b50_0;
LS_0000021dff779470_0_28 .concat [ 1 1 1 1], v0000021dff779b50_0, v0000021dff779b50_0, v0000021dff779b50_0, v0000021dff779b50_0;
LS_0000021dff779470_1_0 .concat [ 4 4 4 4], LS_0000021dff779470_0_0, LS_0000021dff779470_0_4, LS_0000021dff779470_0_8, LS_0000021dff779470_0_12;
LS_0000021dff779470_1_4 .concat [ 4 4 4 4], LS_0000021dff779470_0_16, LS_0000021dff779470_0_20, LS_0000021dff779470_0_24, LS_0000021dff779470_0_28;
L_0000021dff779470 .concat [ 16 16 0 0], LS_0000021dff779470_1_0, LS_0000021dff779470_1_4;
L_0000021dff779dd0 .part v0000021dff778d90_0, 0, 8;
L_0000021dff779290 .part v0000021dff778d90_0, 0, 16;
LS_0000021dff778b10_0_0 .concat [ 1 1 1 1], L_0000021dffb28e00, L_0000021dffb28e00, L_0000021dffb28e00, L_0000021dffb28e00;
LS_0000021dff778b10_0_4 .concat [ 1 1 1 1], L_0000021dffb28e00, L_0000021dffb28e00, L_0000021dffb28e00, L_0000021dffb28e00;
LS_0000021dff778b10_0_8 .concat [ 1 1 1 1], L_0000021dffb28e00, L_0000021dffb28e00, L_0000021dffb28e00, L_0000021dffb28e00;
LS_0000021dff778b10_0_12 .concat [ 1 1 1 1], L_0000021dffb28e00, L_0000021dffb28e00, L_0000021dffb28e00, L_0000021dffb28e00;
LS_0000021dff778b10_0_16 .concat [ 1 1 1 1], L_0000021dffb28e00, L_0000021dffb28e00, L_0000021dffb28e00, L_0000021dffb28e00;
LS_0000021dff778b10_0_20 .concat [ 1 1 1 1], L_0000021dffb28e00, L_0000021dffb28e00, L_0000021dffb28e00, L_0000021dffb28e00;
LS_0000021dff778b10_0_24 .concat [ 1 1 1 1], L_0000021dffb28e00, L_0000021dffb28e00, L_0000021dffb28e00, L_0000021dffb28e00;
LS_0000021dff778b10_0_28 .concat [ 1 1 1 1], L_0000021dffb28e00, L_0000021dffb28e00, L_0000021dffb28e00, L_0000021dffb28e00;
LS_0000021dff778b10_1_0 .concat [ 4 4 4 4], LS_0000021dff778b10_0_0, LS_0000021dff778b10_0_4, LS_0000021dff778b10_0_8, LS_0000021dff778b10_0_12;
LS_0000021dff778b10_1_4 .concat [ 4 4 4 4], LS_0000021dff778b10_0_16, LS_0000021dff778b10_0_20, LS_0000021dff778b10_0_24, LS_0000021dff778b10_0_28;
L_0000021dff778b10 .concat [ 16 16 0 0], LS_0000021dff778b10_1_0, LS_0000021dff778b10_1_4;
    .scope S_0000021dff6f4f40;
T_1 ;
    %wait E_0000021dff71a820;
    %load/vec4 v0000021dff775fc0_0;
    %dup/vec4;
    %pushi/vec4 0, 0, 3;
    %cmp/u;
    %jmp/1 T_1.0, 6;
    %dup/vec4;
    %pushi/vec4 4, 0, 3;
    %cmp/u;
    %jmp/1 T_1.1, 6;
    %dup/vec4;
    %pushi/vec4 1, 0, 3;
    %cmp/u;
    %jmp/1 T_1.2, 6;
    %dup/vec4;
    %pushi/vec4 5, 0, 3;
    %cmp/u;
    %jmp/1 T_1.3, 6;
    %dup/vec4;
    %pushi/vec4 2, 0, 3;
    %cmp/u;
    %jmp/1 T_1.4, 6;
    %pushi/vec4 0, 0, 4;
    %store/vec4 v0000021dff7775a0_0, 0, 4;
    %jmp T_1.6;
T_1.0 ;
    %load/vec4 v0000021dff7778c0_0;
    %dup/vec4;
    %pushi/vec4 0, 0, 2;
    %cmp/u;
    %jmp/1 T_1.7, 6;
    %dup/vec4;
    %pushi/vec4 1, 0, 2;
    %cmp/u;
    %jmp/1 T_1.8, 6;
    %dup/vec4;
    %pushi/vec4 2, 0, 2;
    %cmp/u;
    %jmp/1 T_1.9, 6;
    %dup/vec4;
    %pushi/vec4 3, 0, 2;
    %cmp/u;
    %jmp/1 T_1.10, 6;
    %pushi/vec4 0, 0, 4;
    %store/vec4 v0000021dff7775a0_0, 0, 4;
    %jmp T_1.12;
T_1.7 ;
    %pushi/vec4 1, 0, 4;
    %store/vec4 v0000021dff7775a0_0, 0, 4;
    %jmp T_1.12;
T_1.8 ;
    %pushi/vec4 2, 0, 4;
    %store/vec4 v0000021dff7775a0_0, 0, 4;
    %jmp T_1.12;
T_1.9 ;
    %pushi/vec4 4, 0, 4;
    %store/vec4 v0000021dff7775a0_0, 0, 4;
    %jmp T_1.12;
T_1.10 ;
    %pushi/vec4 8, 0, 4;
    %store/vec4 v0000021dff7775a0_0, 0, 4;
    %jmp T_1.12;
T_1.12 ;
    %pop/vec4 1;
    %jmp T_1.6;
T_1.1 ;
    %load/vec4 v0000021dff7778c0_0;
    %dup/vec4;
    %pushi/vec4 0, 0, 2;
    %cmp/u;
    %jmp/1 T_1.13, 6;
    %dup/vec4;
    %pushi/vec4 1, 0, 2;
    %cmp/u;
    %jmp/1 T_1.14, 6;
    %dup/vec4;
    %pushi/vec4 2, 0, 2;
    %cmp/u;
    %jmp/1 T_1.15, 6;
    %dup/vec4;
    %pushi/vec4 3, 0, 2;
    %cmp/u;
    %jmp/1 T_1.16, 6;
    %pushi/vec4 0, 0, 4;
    %store/vec4 v0000021dff7775a0_0, 0, 4;
    %jmp T_1.18;
T_1.13 ;
    %pushi/vec4 1, 0, 4;
    %store/vec4 v0000021dff7775a0_0, 0, 4;
    %jmp T_1.18;
T_1.14 ;
    %pushi/vec4 2, 0, 4;
    %store/vec4 v0000021dff7775a0_0, 0, 4;
    %jmp T_1.18;
T_1.15 ;
    %pushi/vec4 4, 0, 4;
    %store/vec4 v0000021dff7775a0_0, 0, 4;
    %jmp T_1.18;
T_1.16 ;
    %pushi/vec4 8, 0, 4;
    %store/vec4 v0000021dff7775a0_0, 0, 4;
    %jmp T_1.18;
T_1.18 ;
    %pop/vec4 1;
    %jmp T_1.6;
T_1.2 ;
    %load/vec4 v0000021dff7778c0_0;
    %parti/s 1, 1, 2;
    %dup/vec4;
    %pushi/vec4 0, 0, 1;
    %cmp/u;
    %jmp/1 T_1.19, 6;
    %dup/vec4;
    %pushi/vec4 1, 0, 1;
    %cmp/u;
    %jmp/1 T_1.20, 6;
    %pushi/vec4 0, 0, 4;
    %store/vec4 v0000021dff7775a0_0, 0, 4;
    %jmp T_1.22;
T_1.19 ;
    %pushi/vec4 3, 0, 4;
    %store/vec4 v0000021dff7775a0_0, 0, 4;
    %jmp T_1.22;
T_1.20 ;
    %pushi/vec4 12, 0, 4;
    %store/vec4 v0000021dff7775a0_0, 0, 4;
    %jmp T_1.22;
T_1.22 ;
    %pop/vec4 1;
    %jmp T_1.6;
T_1.3 ;
    %load/vec4 v0000021dff7778c0_0;
    %parti/s 1, 1, 2;
    %dup/vec4;
    %pushi/vec4 0, 0, 1;
    %cmp/u;
    %jmp/1 T_1.23, 6;
    %dup/vec4;
    %pushi/vec4 1, 0, 1;
    %cmp/u;
    %jmp/1 T_1.24, 6;
    %pushi/vec4 0, 0, 4;
    %store/vec4 v0000021dff7775a0_0, 0, 4;
    %jmp T_1.26;
T_1.23 ;
    %pushi/vec4 3, 0, 4;
    %store/vec4 v0000021dff7775a0_0, 0, 4;
    %jmp T_1.26;
T_1.24 ;
    %pushi/vec4 12, 0, 4;
    %store/vec4 v0000021dff7775a0_0, 0, 4;
    %jmp T_1.26;
T_1.26 ;
    %pop/vec4 1;
    %jmp T_1.6;
T_1.4 ;
    %pushi/vec4 15, 0, 4;
    %store/vec4 v0000021dff7775a0_0, 0, 4;
    %jmp T_1.6;
T_1.6 ;
    %pop/vec4 1;
    %jmp T_1;
    .thread T_1, $push;
    .scope S_0000021dff6f4f40;
T_2 ;
    %wait E_0000021dff71b260;
    %load/vec4 v0000021dff7778c0_0;
    %dup/vec4;
    %pushi/vec4 0, 0, 2;
    %cmp/u;
    %jmp/1 T_2.0, 6;
    %dup/vec4;
    %pushi/vec4 1, 0, 2;
    %cmp/u;
    %jmp/1 T_2.1, 6;
    %dup/vec4;
    %pushi/vec4 2, 0, 2;
    %cmp/u;
    %jmp/1 T_2.2, 6;
    %dup/vec4;
    %pushi/vec4 3, 0, 2;
    %cmp/u;
    %jmp/1 T_2.3, 6;
    %pushi/vec4 0, 0, 32;
    %store/vec4 v0000021dff7786b0_0, 0, 32;
    %jmp T_2.5;
T_2.0 ;
    %load/vec4 v0000021dff7770a0_0;
    %store/vec4 v0000021dff7786b0_0, 0, 32;
    %jmp T_2.5;
T_2.1 ;
    %load/vec4 v0000021dff7770a0_0;
    %parti/s 24, 0, 2;
    %concati/vec4 0, 0, 8;
    %store/vec4 v0000021dff7786b0_0, 0, 32;
    %jmp T_2.5;
T_2.2 ;
    %load/vec4 v0000021dff7770a0_0;
    %parti/s 16, 0, 2;
    %concati/vec4 0, 0, 16;
    %store/vec4 v0000021dff7786b0_0, 0, 32;
    %jmp T_2.5;
T_2.3 ;
    %load/vec4 v0000021dff7770a0_0;
    %parti/s 8, 0, 2;
    %concati/vec4 0, 0, 24;
    %store/vec4 v0000021dff7786b0_0, 0, 32;
    %jmp T_2.5;
T_2.5 ;
    %pop/vec4 1;
    %jmp T_2;
    .thread T_2, $push;
    .scope S_0000021dff6f4f40;
T_3 ;
    %wait E_0000021dff71b260;
    %load/vec4 v0000021dff7778c0_0;
    %parti/s 1, 1, 2;
    %dup/vec4;
    %pushi/vec4 0, 0, 1;
    %cmp/u;
    %jmp/1 T_3.0, 6;
    %dup/vec4;
    %pushi/vec4 1, 0, 1;
    %cmp/u;
    %jmp/1 T_3.1, 6;
    %pushi/vec4 0, 0, 32;
    %store/vec4 v0000021dff7795b0_0, 0, 32;
    %jmp T_3.3;
T_3.0 ;
    %load/vec4 v0000021dff7770a0_0;
    %store/vec4 v0000021dff7795b0_0, 0, 32;
    %jmp T_3.3;
T_3.1 ;
    %load/vec4 v0000021dff7770a0_0;
    %parti/s 16, 0, 2;
    %concati/vec4 0, 0, 16;
    %store/vec4 v0000021dff7795b0_0, 0, 32;
    %jmp T_3.3;
T_3.3 ;
    %pop/vec4 1;
    %jmp T_3;
    .thread T_3, $push;
    .scope S_0000021dff6f4f40;
T_4 ;
    %wait E_0000021dff71b1a0;
    %load/vec4 v0000021dff775fc0_0;
    %dup/vec4;
    %pushi/vec4 0, 0, 3;
    %cmp/u;
    %jmp/1 T_4.0, 6;
    %dup/vec4;
    %pushi/vec4 1, 0, 3;
    %cmp/u;
    %jmp/1 T_4.1, 6;
    %dup/vec4;
    %pushi/vec4 2, 0, 3;
    %cmp/u;
    %jmp/1 T_4.2, 6;
    %pushi/vec4 0, 0, 32;
    %store/vec4 v0000021dff779790_0, 0, 32;
    %jmp T_4.4;
T_4.0 ;
    %load/vec4 v0000021dff7786b0_0;
    %store/vec4 v0000021dff779790_0, 0, 32;
    %jmp T_4.4;
T_4.1 ;
    %load/vec4 v0000021dff7795b0_0;
    %store/vec4 v0000021dff779790_0, 0, 32;
    %jmp T_4.4;
T_4.2 ;
    %load/vec4 v0000021dff7770a0_0;
    %store/vec4 v0000021dff779790_0, 0, 32;
    %jmp T_4.4;
T_4.4 ;
    %pop/vec4 1;
    %jmp T_4;
    .thread T_4, $push;
    .scope S_0000021dff6f4f40;
T_5 ;
    %wait E_0000021dff71ac60;
    %load/vec4 v0000021dff7778c0_0;
    %dup/vec4;
    %pushi/vec4 0, 0, 2;
    %cmp/u;
    %jmp/1 T_5.0, 6;
    %dup/vec4;
    %pushi/vec4 1, 0, 2;
    %cmp/u;
    %jmp/1 T_5.1, 6;
    %dup/vec4;
    %pushi/vec4 2, 0, 2;
    %cmp/u;
    %jmp/1 T_5.2, 6;
    %dup/vec4;
    %pushi/vec4 3, 0, 2;
    %cmp/u;
    %jmp/1 T_5.3, 6;
    %pushi/vec4 0, 0, 32;
    %store/vec4 v0000021dff778d90_0, 0, 32;
    %jmp T_5.5;
T_5.0 ;
    %load/vec4 v0000021dff776560_0;
    %store/vec4 v0000021dff778d90_0, 0, 32;
    %jmp T_5.5;
T_5.1 ;
    %pushi/vec4 0, 0, 8;
    %load/vec4 v0000021dff776560_0;
    %parti/s 24, 8, 5;
    %concat/vec4; draw_concat_vec4
    %store/vec4 v0000021dff778d90_0, 0, 32;
    %jmp T_5.5;
T_5.2 ;
    %pushi/vec4 0, 0, 16;
    %load/vec4 v0000021dff776560_0;
    %parti/s 16, 16, 6;
    %concat/vec4; draw_concat_vec4
    %store/vec4 v0000021dff778d90_0, 0, 32;
    %jmp T_5.5;
T_5.3 ;
    %pushi/vec4 0, 0, 24;
    %load/vec4 v0000021dff776560_0;
    %parti/s 8, 24, 6;
    %concat/vec4; draw_concat_vec4
    %store/vec4 v0000021dff778d90_0, 0, 32;
    %jmp T_5.5;
T_5.5 ;
    %pop/vec4 1;
    %jmp T_5;
    .thread T_5, $push;
    .scope S_0000021dff6f4f40;
T_6 ;
    %wait E_0000021dff71ada0;
    %load/vec4 v0000021dff775fc0_0;
    %dup/vec4;
    %pushi/vec4 0, 0, 3;
    %cmp/u;
    %jmp/1 T_6.0, 6;
    %dup/vec4;
    %pushi/vec4 4, 0, 3;
    %cmp/u;
    %jmp/1 T_6.1, 6;
    %dup/vec4;
    %pushi/vec4 1, 0, 3;
    %cmp/u;
    %jmp/1 T_6.2, 6;
    %dup/vec4;
    %pushi/vec4 5, 0, 3;
    %cmp/u;
    %jmp/1 T_6.3, 6;
    %dup/vec4;
    %pushi/vec4 2, 0, 3;
    %cmp/u;
    %jmp/1 T_6.4, 6;
    %pushi/vec4 0, 0, 32;
    %store/vec4 v0000021dff777dc0_0, 0, 32;
    %jmp T_6.6;
T_6.0 ;
    %load/vec4 v0000021dff779c90_0;
    %parti/s 1, 7, 4;
    %replicate 24;
    %load/vec4 v0000021dff779c90_0;
    %concat/vec4; draw_concat_vec4
    %store/vec4 v0000021dff777dc0_0, 0, 32;
    %jmp T_6.6;
T_6.1 ;
    %pushi/vec4 0, 0, 24;
    %load/vec4 v0000021dff779c90_0;
    %concat/vec4; draw_concat_vec4
    %store/vec4 v0000021dff777dc0_0, 0, 32;
    %jmp T_6.6;
T_6.2 ;
    %load/vec4 v0000021dff779510_0;
    %parti/s 1, 15, 5;
    %replicate 16;
    %load/vec4 v0000021dff779510_0;
    %concat/vec4; draw_concat_vec4
    %store/vec4 v0000021dff777dc0_0, 0, 32;
    %jmp T_6.6;
T_6.3 ;
    %pushi/vec4 0, 0, 16;
    %load/vec4 v0000021dff779510_0;
    %concat/vec4; draw_concat_vec4
    %store/vec4 v0000021dff777dc0_0, 0, 32;
    %jmp T_6.6;
T_6.4 ;
    %load/vec4 v0000021dff778d90_0;
    %store/vec4 v0000021dff777dc0_0, 0, 32;
    %jmp T_6.6;
T_6.6 ;
    %pop/vec4 1;
    %jmp T_6;
    .thread T_6, $push;
    .scope S_0000021dff6e5230;
T_7 ;
    %pushi/vec4 2164227841, 0, 32;
    %store/vec4 v0000021dff778c50_0, 0, 32;
    %pushi/vec4 2712847316, 0, 32;
    %store/vec4 v0000021dff778f70_0, 0, 32;
    %pushi/vec4 0, 0, 32;
    %store/vec4 v0000021dff7781b0_0, 0, 32;
    %pushi/vec4 0, 0, 3;
    %store/vec4 v0000021dff7782f0_0, 0, 3;
    %pushi/vec4 1, 0, 1;
    %store/vec4 v0000021dff778070_0, 0, 1;
    %pushi/vec4 0, 0, 1;
    %store/vec4 v0000021dff779b50_0, 0, 1;
    %pushi/vec4 1, 0, 32;
    %store/vec4 v0000021dff6e30c0_0, 0, 32;
    %pushi/vec4 1, 0, 4;
    %store/vec4 v0000021dff6e32a0_0, 0, 4;
    %pushi/vec4 0, 0, 32;
    %store/vec4 v0000021dff6e35c0_0, 0, 32;
    %pushi/vec4 1, 0, 1;
    %store/vec4 v0000021dff6e3480_0, 0, 1;
    %pushi/vec4 0, 0, 1;
    %store/vec4 v0000021dff777960_0, 0, 1;
    %pushi/vec4 0, 0, 1;
    %store/vec4 v0000021dff6e3520_0, 0, 1;
    %pushi/vec4 0, 0, 32; draw_string_vec4
    %pushi/vec4 0, 0, 32; draw_string_vec4
    %concat/vec4; draw_string_vec4
    %pushi/vec4 0, 0, 32; draw_string_vec4
    %concat/vec4; draw_string_vec4
    %pushi/vec4 0, 0, 32; draw_string_vec4
    %concat/vec4; draw_string_vec4
    %pushi/vec4 0, 0, 32; draw_string_vec4
    %concat/vec4; draw_string_vec4
    %pushi/vec4 0, 0, 32; draw_string_vec4
    %concat/vec4; draw_string_vec4
    %pushi/vec4 7103071, 0, 32; draw_string_vec4
    %concat/vec4; draw_string_vec4
    %pushi/vec4 1868981808, 0, 32; draw_string_vec4
    %concat/vec4; draw_string_vec4
    %store/vec4 v0000021dff777640_0, 0, 256;
    %fork TD_unit_memory_tb.check, S_0000021dff71ed00;
    %join;
    %pushi/vec4 1, 0, 32;
    %store/vec4 v0000021dff7781b0_0, 0, 32;
    %pushi/vec4 4, 0, 3;
    %store/vec4 v0000021dff7782f0_0, 0, 3;
    %pushi/vec4 1, 0, 1;
    %store/vec4 v0000021dff778070_0, 0, 1;
    %pushi/vec4 0, 0, 1;
    %store/vec4 v0000021dff779b50_0, 0, 1;
    %pushi/vec4 127, 0, 32;
    %store/vec4 v0000021dff6e30c0_0, 0, 32;
    %pushi/vec4 2, 0, 4;
    %store/vec4 v0000021dff6e32a0_0, 0, 4;
    %pushi/vec4 0, 0, 32;
    %store/vec4 v0000021dff6e35c0_0, 0, 32;
    %pushi/vec4 1, 0, 1;
    %store/vec4 v0000021dff6e3480_0, 0, 1;
    %pushi/vec4 0, 0, 1;
    %store/vec4 v0000021dff777960_0, 0, 1;
    %pushi/vec4 0, 0, 1;
    %store/vec4 v0000021dff6e3520_0, 0, 1;
    %pushi/vec4 0, 0, 32; draw_string_vec4
    %pushi/vec4 0, 0, 32; draw_string_vec4
    %concat/vec4; draw_string_vec4
    %pushi/vec4 0, 0, 32; draw_string_vec4
    %concat/vec4; draw_string_vec4
    %pushi/vec4 0, 0, 32; draw_string_vec4
    %concat/vec4; draw_string_vec4
    %pushi/vec4 0, 0, 32; draw_string_vec4
    %concat/vec4; draw_string_vec4
    %pushi/vec4 0, 0, 32; draw_string_vec4
    %concat/vec4; draw_string_vec4
    %pushi/vec4 1818391903, 0, 32; draw_string_vec4
    %concat/vec4; draw_string_vec4
    %pushi/vec4 1868981809, 0, 32; draw_string_vec4
    %concat/vec4; draw_string_vec4
    %store/vec4 v0000021dff777640_0, 0, 256;
    %fork TD_unit_memory_tb.check, S_0000021dff71ed00;
    %join;
    %pushi/vec4 2, 0, 32;
    %store/vec4 v0000021dff7781b0_0, 0, 32;
    %pushi/vec4 1, 0, 3;
    %store/vec4 v0000021dff7782f0_0, 0, 3;
    %pushi/vec4 1, 0, 1;
    %store/vec4 v0000021dff778070_0, 0, 1;
    %pushi/vec4 0, 0, 1;
    %store/vec4 v0000021dff779b50_0, 0, 1;
    %pushi/vec4 4294934783, 0, 32;
    %store/vec4 v0000021dff6e30c0_0, 0, 32;
    %pushi/vec4 12, 0, 4;
    %store/vec4 v0000021dff6e32a0_0, 0, 4;
    %pushi/vec4 0, 0, 32;
    %store/vec4 v0000021dff6e35c0_0, 0, 32;
    %pushi/vec4 1, 0, 1;
    %store/vec4 v0000021dff6e3480_0, 0, 1;
    %pushi/vec4 0, 0, 1;
    %store/vec4 v0000021dff777960_0, 0, 1;
    %pushi/vec4 0, 0, 1;
    %store/vec4 v0000021dff6e3520_0, 0, 1;
    %pushi/vec4 0, 0, 32; draw_string_vec4
    %pushi/vec4 0, 0, 32; draw_string_vec4
    %concat/vec4; draw_string_vec4
    %pushi/vec4 0, 0, 32; draw_string_vec4
    %concat/vec4; draw_string_vec4
    %pushi/vec4 0, 0, 32; draw_string_vec4
    %concat/vec4; draw_string_vec4
    %pushi/vec4 0, 0, 32; draw_string_vec4
    %concat/vec4; draw_string_vec4
    %pushi/vec4 0, 0, 32; draw_string_vec4
    %concat/vec4; draw_string_vec4
    %pushi/vec4 7104607, 0, 32; draw_string_vec4
    %concat/vec4; draw_string_vec4
    %pushi/vec4 1868981810, 0, 32; draw_string_vec4
    %concat/vec4; draw_string_vec4
    %store/vec4 v0000021dff777640_0, 0, 256;
    %fork TD_unit_memory_tb.check, S_0000021dff71ed00;
    %join;
    %pushi/vec4 0, 0, 32;
    %store/vec4 v0000021dff7781b0_0, 0, 32;
    %pushi/vec4 5, 0, 3;
    %store/vec4 v0000021dff7782f0_0, 0, 3;
    %pushi/vec4 1, 0, 1;
    %store/vec4 v0000021dff778070_0, 0, 1;
    %pushi/vec4 0, 0, 1;
    %store/vec4 v0000021dff779b50_0, 0, 1;
    %pushi/vec4 32513, 0, 32;
    %store/vec4 v0000021dff6e30c0_0, 0, 32;
    %pushi/vec4 3, 0, 4;
    %store/vec4 v0000021dff6e32a0_0, 0, 4;
    %pushi/vec4 0, 0, 32;
    %store/vec4 v0000021dff6e35c0_0, 0, 32;
    %pushi/vec4 1, 0, 1;
    %store/vec4 v0000021dff6e3480_0, 0, 1;
    %pushi/vec4 0, 0, 1;
    %store/vec4 v0000021dff777960_0, 0, 1;
    %pushi/vec4 0, 0, 1;
    %store/vec4 v0000021dff6e3520_0, 0, 1;
    %pushi/vec4 0, 0, 32; draw_string_vec4
    %pushi/vec4 0, 0, 32; draw_string_vec4
    %concat/vec4; draw_string_vec4
    %pushi/vec4 0, 0, 32; draw_string_vec4
    %concat/vec4; draw_string_vec4
    %pushi/vec4 0, 0, 32; draw_string_vec4
    %concat/vec4; draw_string_vec4
    %pushi/vec4 0, 0, 32; draw_string_vec4
    %concat/vec4; draw_string_vec4
    %pushi/vec4 0, 0, 32; draw_string_vec4
    %concat/vec4; draw_string_vec4
    %pushi/vec4 1818785119, 0, 32; draw_string_vec4
    %concat/vec4; draw_string_vec4
    %pushi/vec4 1868981808, 0, 32; draw_string_vec4
    %concat/vec4; draw_string_vec4
    %store/vec4 v0000021dff777640_0, 0, 256;
    %fork TD_unit_memory_tb.check, S_0000021dff71ed00;
    %join;
    %pushi/vec4 0, 0, 32;
    %store/vec4 v0000021dff7781b0_0, 0, 32;
    %pushi/vec4 2, 0, 3;
    %store/vec4 v0000021dff7782f0_0, 0, 3;
    %pushi/vec4 1, 0, 1;
    %store/vec4 v0000021dff778070_0, 0, 1;
    %pushi/vec4 0, 0, 1;
    %store/vec4 v0000021dff779b50_0, 0, 1;
    %pushi/vec4 2164227841, 0, 32;
    %store/vec4 v0000021dff6e30c0_0, 0, 32;
    %pushi/vec4 15, 0, 4;
    %store/vec4 v0000021dff6e32a0_0, 0, 4;
    %pushi/vec4 0, 0, 32;
    %store/vec4 v0000021dff6e35c0_0, 0, 32;
    %pushi/vec4 1, 0, 1;
    %store/vec4 v0000021dff6e3480_0, 0, 1;
    %pushi/vec4 0, 0, 1;
    %store/vec4 v0000021dff777960_0, 0, 1;
    %pushi/vec4 0, 0, 1;
    %store/vec4 v0000021dff6e3520_0, 0, 1;
    %pushi/vec4 0, 0, 32; draw_string_vec4
    %pushi/vec4 0, 0, 32; draw_string_vec4
    %concat/vec4; draw_string_vec4
    %pushi/vec4 0, 0, 32; draw_string_vec4
    %concat/vec4; draw_string_vec4
    %pushi/vec4 0, 0, 32; draw_string_vec4
    %concat/vec4; draw_string_vec4
    %pushi/vec4 0, 0, 32; draw_string_vec4
    %concat/vec4; draw_string_vec4
    %pushi/vec4 0, 0, 32; draw_string_vec4
    %concat/vec4; draw_string_vec4
    %pushi/vec4 7108447, 0, 32; draw_string_vec4
    %concat/vec4; draw_string_vec4
    %pushi/vec4 1868981808, 0, 32; draw_string_vec4
    %concat/vec4; draw_string_vec4
    %store/vec4 v0000021dff777640_0, 0, 256;
    %fork TD_unit_memory_tb.check, S_0000021dff71ed00;
    %join;
    %pushi/vec4 2, 0, 32;
    %store/vec4 v0000021dff7781b0_0, 0, 32;
    %pushi/vec4 2, 0, 3;
    %store/vec4 v0000021dff7782f0_0, 0, 3;
    %pushi/vec4 1, 0, 1;
    %store/vec4 v0000021dff778070_0, 0, 1;
    %pushi/vec4 0, 0, 1;
    %store/vec4 v0000021dff779b50_0, 0, 1;
    %pushi/vec4 0, 0, 32;
    %store/vec4 v0000021dff6e30c0_0, 0, 32;
    %pushi/vec4 15, 0, 4;
    %store/vec4 v0000021dff6e32a0_0, 0, 4;
    %pushi/vec4 0, 0, 32;
    %store/vec4 v0000021dff6e35c0_0, 0, 32;
    %pushi/vec4 0, 0, 1;
    %store/vec4 v0000021dff6e3480_0, 0, 1;
    %pushi/vec4 0, 0, 1;
    %store/vec4 v0000021dff777960_0, 0, 1;
    %pushi/vec4 1, 0, 1;
    %store/vec4 v0000021dff6e3520_0, 0, 1;
    %pushi/vec4 0, 0, 32; draw_string_vec4
    %pushi/vec4 0, 0, 32; draw_string_vec4
    %concat/vec4; draw_string_vec4
    %pushi/vec4 0, 0, 32; draw_string_vec4
    %concat/vec4; draw_string_vec4
    %pushi/vec4 0, 0, 32; draw_string_vec4
    %concat/vec4; draw_string_vec4
    %pushi/vec4 108, 0, 32; draw_string_vec4
    %concat/vec4; draw_string_vec4
    %pushi/vec4 2002742633, 0, 32; draw_string_vec4
    %concat/vec4; draw_string_vec4
    %pushi/vec4 1935764585, 0, 32; draw_string_vec4
    %concat/vec4; draw_string_vec4
    %pushi/vec4 1735288164, 0, 32; draw_string_vec4
    %concat/vec4; draw_string_vec4
    %store/vec4 v0000021dff777640_0, 0, 256;
    %fork TD_unit_memory_tb.check, S_0000021dff71ed00;
    %join;
    %pushi/vec4 3, 0, 32;
    %store/vec4 v0000021dff7781b0_0, 0, 32;
    %pushi/vec4 0, 0, 3;
    %store/vec4 v0000021dff7782f0_0, 0, 3;
    %pushi/vec4 0, 0, 1;
    %store/vec4 v0000021dff778070_0, 0, 1;
    %pushi/vec4 1, 0, 1;
    %store/vec4 v0000021dff779b50_0, 0, 1;
    %pushi/vec4 0, 0, 32;
    %store/vec4 v0000021dff6e30c0_0, 0, 32;
    %pushi/vec4 8, 0, 4;
    %store/vec4 v0000021dff6e32a0_0, 0, 4;
    %pushi/vec4 3556769792, 0, 32;
    %store/vec4 v0000021dff6e35c0_0, 0, 32;
    %pushi/vec4 0, 0, 1;
    %store/vec4 v0000021dff6e3480_0, 0, 1;
    %pushi/vec4 1, 0, 1;
    %store/vec4 v0000021dff777960_0, 0, 1;
    %pushi/vec4 0, 0, 1;
    %store/vec4 v0000021dff6e3520_0, 0, 1;
    %pushi/vec4 0, 0, 32; draw_string_vec4
    %pushi/vec4 0, 0, 32; draw_string_vec4
    %concat/vec4; draw_string_vec4
    %pushi/vec4 0, 0, 32; draw_string_vec4
    %concat/vec4; draw_string_vec4
    %pushi/vec4 0, 0, 32; draw_string_vec4
    %concat/vec4; draw_string_vec4
    %pushi/vec4 0, 0, 32; draw_string_vec4
    %concat/vec4; draw_string_vec4
    %pushi/vec4 0, 0, 32; draw_string_vec4
    %concat/vec4; draw_string_vec4
    %pushi/vec4 7561823, 0, 32; draw_string_vec4
    %concat/vec4; draw_string_vec4
    %pushi/vec4 1868981811, 0, 32; draw_string_vec4
    %concat/vec4; draw_string_vec4
    %store/vec4 v0000021dff777640_0, 0, 256;
    %fork TD_unit_memory_tb.check, S_0000021dff71ed00;
    %join;
    %pushi/vec4 2, 0, 32;
    %store/vec4 v0000021dff7781b0_0, 0, 32;
    %pushi/vec4 1, 0, 3;
    %store/vec4 v0000021dff7782f0_0, 0, 3;
    %pushi/vec4 0, 0, 1;
    %store/vec4 v0000021dff778070_0, 0, 1;
    %pushi/vec4 1, 0, 1;
    %store/vec4 v0000021dff779b50_0, 0, 1;
    %pushi/vec4 0, 0, 32;
    %store/vec4 v0000021dff6e30c0_0, 0, 32;
    %pushi/vec4 12, 0, 4;
    %store/vec4 v0000021dff6e32a0_0, 0, 4;
    %pushi/vec4 3285450752, 0, 32;
    %store/vec4 v0000021dff6e35c0_0, 0, 32;
    %pushi/vec4 0, 0, 1;
    %store/vec4 v0000021dff6e3480_0, 0, 1;
    %pushi/vec4 1, 0, 1;
    %store/vec4 v0000021dff777960_0, 0, 1;
    %pushi/vec4 0, 0, 1;
    %store/vec4 v0000021dff6e3520_0, 0, 1;
    %pushi/vec4 0, 0, 32; draw_string_vec4
    %pushi/vec4 0, 0, 32; draw_string_vec4
    %concat/vec4; draw_string_vec4
    %pushi/vec4 0, 0, 32; draw_string_vec4
    %concat/vec4; draw_string_vec4
    %pushi/vec4 0, 0, 32; draw_string_vec4
    %concat/vec4; draw_string_vec4
    %pushi/vec4 0, 0, 32; draw_string_vec4
    %concat/vec4; draw_string_vec4
    %pushi/vec4 0, 0, 32; draw_string_vec4
    %concat/vec4; draw_string_vec4
    %pushi/vec4 7563359, 0, 32; draw_string_vec4
    %concat/vec4; draw_string_vec4
    %pushi/vec4 1868981810, 0, 32; draw_string_vec4
    %concat/vec4; draw_string_vec4
    %store/vec4 v0000021dff777640_0, 0, 256;
    %fork TD_unit_memory_tb.check, S_0000021dff71ed00;
    %join;
    %pushi/vec4 0, 0, 32;
    %store/vec4 v0000021dff7781b0_0, 0, 32;
    %pushi/vec4 2, 0, 3;
    %store/vec4 v0000021dff7782f0_0, 0, 3;
    %pushi/vec4 0, 0, 1;
    %store/vec4 v0000021dff778070_0, 0, 1;
    %pushi/vec4 1, 0, 1;
    %store/vec4 v0000021dff779b50_0, 0, 1;
    %pushi/vec4 0, 0, 32;
    %store/vec4 v0000021dff6e30c0_0, 0, 32;
    %pushi/vec4 15, 0, 4;
    %store/vec4 v0000021dff6e32a0_0, 0, 4;
    %pushi/vec4 2712847316, 0, 32;
    %store/vec4 v0000021dff6e35c0_0, 0, 32;
    %pushi/vec4 0, 0, 1;
    %store/vec4 v0000021dff6e3480_0, 0, 1;
    %pushi/vec4 1, 0, 1;
    %store/vec4 v0000021dff777960_0, 0, 1;
    %pushi/vec4 0, 0, 1;
    %store/vec4 v0000021dff6e3520_0, 0, 1;
    %pushi/vec4 0, 0, 32; draw_string_vec4
    %pushi/vec4 0, 0, 32; draw_string_vec4
    %concat/vec4; draw_string_vec4
    %pushi/vec4 0, 0, 32; draw_string_vec4
    %concat/vec4; draw_string_vec4
    %pushi/vec4 0, 0, 32; draw_string_vec4
    %concat/vec4; draw_string_vec4
    %pushi/vec4 0, 0, 32; draw_string_vec4
    %concat/vec4; draw_string_vec4
    %pushi/vec4 0, 0, 32; draw_string_vec4
    %concat/vec4; draw_string_vec4
    %pushi/vec4 7567199, 0, 32; draw_string_vec4
    %concat/vec4; draw_string_vec4
    %pushi/vec4 1868981808, 0, 32; draw_string_vec4
    %concat/vec4; draw_string_vec4
    %store/vec4 v0000021dff777640_0, 0, 256;
    %fork TD_unit_memory_tb.check, S_0000021dff71ed00;
    %join;
    %pushi/vec4 1, 0, 32;
    %store/vec4 v0000021dff7781b0_0, 0, 32;
    %pushi/vec4 1, 0, 3;
    %store/vec4 v0000021dff7782f0_0, 0, 3;
    %pushi/vec4 0, 0, 1;
    %store/vec4 v0000021dff778070_0, 0, 1;
    %pushi/vec4 1, 0, 1;
    %store/vec4 v0000021dff779b50_0, 0, 1;
    %pushi/vec4 0, 0, 32;
    %store/vec4 v0000021dff6e30c0_0, 0, 32;
    %pushi/vec4 3, 0, 4;
    %store/vec4 v0000021dff6e32a0_0, 0, 4;
    %pushi/vec4 2712847316, 0, 32;
    %store/vec4 v0000021dff6e35c0_0, 0, 32;
    %pushi/vec4 0, 0, 1;
    %store/vec4 v0000021dff6e3480_0, 0, 1;
    %pushi/vec4 0, 0, 1;
    %store/vec4 v0000021dff777960_0, 0, 1;
    %pushi/vec4 1, 0, 1;
    %store/vec4 v0000021dff6e3520_0, 0, 1;
    %pushi/vec4 0, 0, 32; draw_string_vec4
    %pushi/vec4 0, 0, 32; draw_string_vec4
    %concat/vec4; draw_string_vec4
    %pushi/vec4 0, 0, 32; draw_string_vec4
    %concat/vec4; draw_string_vec4
    %pushi/vec4 0, 0, 32; draw_string_vec4
    %concat/vec4; draw_string_vec4
    %pushi/vec4 115, 0, 32; draw_string_vec4
    %concat/vec4; draw_string_vec4
    %pushi/vec4 1751084393, 0, 32; draw_string_vec4
    %concat/vec4; draw_string_vec4
    %pushi/vec4 1935764585, 0, 32; draw_string_vec4
    %concat/vec4; draw_string_vec4
    %pushi/vec4 1735288164, 0, 32; draw_string_vec4
    %concat/vec4; draw_string_vec4
    %store/vec4 v0000021dff777640_0, 0, 256;
    %fork TD_unit_memory_tb.check, S_0000021dff71ed00;
    %join;
    %vpi_call 2 101 "$display", "PASS unit_memory_tb" {0 0 0};
    %vpi_call 2 102 "$finish" {0 0 0};
    %end;
    .thread T_7;
# The file index is used to find the file name in the following table.
:file_names 4;
    "N/A";
    "<interactive>";
    "tests/unit_memory_tb.v";
    "rtl/memory.v";
