#! /c/Source/iverilog-install/bin/vvp
:ivl_version "12.0 (devel)" "(s20150603-1539-g2693dd32b)";
:ivl_delay_selection "TYPICAL";
:vpi_time_precision - 12;
:vpi_module "D:\iverilog\lib\ivl\system.vpi";
:vpi_module "D:\iverilog\lib\ivl\vhdl_sys.vpi";
:vpi_module "D:\iverilog\lib\ivl\vhdl_textio.vpi";
:vpi_module "D:\iverilog\lib\ivl\v2005_math.vpi";
:vpi_module "D:\iverilog\lib\ivl\va_math.vpi";
S_000001ee2681c050 .scope module, "unit_execute_tb" "unit_execute_tb" 2 3;
 .timescale -9 -12;
v000001ee2686c2d0_0 .net "ALUeq", 0 0, L_000001ee2686e060;  1 drivers
v000001ee2686bfb0_0 .net "ALUslt", 0 0, L_000001ee26bbc1d0;  1 drivers
v000001ee2686c0f0_0 .var "AluOp", 2 0;
v000001ee2686c230_0 .net "AluResult", 31 0, L_000001ee26bbc550;  1 drivers
v000001ee2686c370_0 .var "Func3", 2 0;
v000001ee2686caf0_0 .var "Func7", 6 0;
v000001ee2686cb90_0 .var "Operand1", 31 0;
v000001ee2686af70_0 .var "Operand2", 31 0;
v000001ee2686b150_0 .var "opcode", 6 0;
S_000001ee267beda0 .scope task, "check" "check" 2 26, 2 26 0, S_000001ee2681c050;
 .timescale -9 -12;
v000001ee267b1cc0_0 .var "exp_eq", 0 0;
v000001ee267b0dc0_0 .var "exp_result", 31 0;
v000001ee267b10e0_0 .var "exp_slt", 0 0;
v000001ee267b19a0_0 .var "name", 255 0;
TD_unit_execute_tb.check ;
    %delay 1000, 0;
    %load/vec4 v000001ee2686c230_0;
    %load/vec4 v000001ee267b0dc0_0;
    %cmp/ne;
    %jmp/1 T_0.3, 6;
    %flag_mov 8, 6;
    %load/vec4 v000001ee2686c2d0_0;
    %load/vec4 v000001ee267b1cc0_0;
    %cmp/ne;
    %flag_or 6, 8;
T_0.3;
    %jmp/1 T_0.2, 6;
    %flag_mov 8, 6;
    %load/vec4 v000001ee2686bfb0_0;
    %load/vec4 v000001ee267b10e0_0;
    %cmp/ne;
    %flag_or 6, 8;
T_0.2;
    %jmp/0xz  T_0.0, 6;
    %vpi_call 2 34 "$display", "FAIL %s: result=%h exp=%h eq=%b exp=%b slt=%b exp=%b", v000001ee267b19a0_0, v000001ee2686c230_0, v000001ee267b0dc0_0, v000001ee2686c2d0_0, v000001ee267b1cc0_0, v000001ee2686bfb0_0, v000001ee267b10e0_0 {0 0 0};
    %vpi_call 2 35 "$finish" {0 0 0};
T_0.0 ;
    %end;
S_000001ee267bef30 .scope module, "dut" "execute" 2 14, 3 1 0, S_000001ee2681c050;
 .timescale -9 -12;
    .port_info 0 /INPUT 3 "AluOp";
    .port_info 1 /INPUT 3 "Func3";
    .port_info 2 /INPUT 7 "Func7";
    .port_info 3 /INPUT 7 "opcode";
    .port_info 4 /INPUT 32 "Operand1";
    .port_info 5 /INPUT 32 "Operand2";
    .port_info 6 /OUTPUT 32 "AluResult";
    .port_info 7 /OUTPUT 1 "ALUeq";
    .port_info 8 /OUTPUT 1 "ALUslt";
v000001ee2686b5b0_0 .net "ALUeq", 0 0, L_000001ee2686e060;  alias, 1 drivers
v000001ee2686be70_0 .net "ALUslt", 0 0, L_000001ee26bbc1d0;  alias, 1 drivers
v000001ee2686c050_0 .net "AluControl_arith", 0 0, v000001ee2686bab0_0;  1 drivers
v000001ee2686c4b0_0 .net "AluControl_opsel", 2 0, v000001ee2686b290_0;  1 drivers
v000001ee2686b650_0 .net "AluControl_sub", 0 0, v000001ee2686c910_0;  1 drivers
v000001ee2686b6f0_0 .net "AluControl_unsigned", 0 0, v000001ee2686cc30_0;  1 drivers
v000001ee2686c9b0_0 .net "AluOp", 2 0, v000001ee2686c0f0_0;  1 drivers
v000001ee2686b010_0 .net "AluResult", 31 0, L_000001ee26bbc550;  alias, 1 drivers
v000001ee2686bf10_0 .net "Func3", 2 0, v000001ee2686c370_0;  1 drivers
v000001ee2686bbf0_0 .net "Func7", 6 0, v000001ee2686caf0_0;  1 drivers
v000001ee2686b790_0 .net "Operand1", 31 0, v000001ee2686cb90_0;  1 drivers
v000001ee2686bd30_0 .net "Operand2", 31 0, v000001ee2686af70_0;  1 drivers
v000001ee2686b830_0 .net "opcode", 6 0, v000001ee2686b150_0;  1 drivers
S_000001ee267c4380 .scope module, "u_alu" "alu" 3 42, 4 8 0, S_000001ee267bef30;
 .timescale -9 -12;
    .port_info 0 /INPUT 3 "i_opsel";
    .port_info 1 /INPUT 1 "i_sub";
    .port_info 2 /INPUT 1 "i_unsigned";
    .port_info 3 /INPUT 1 "i_arith";
    .port_info 4 /INPUT 32 "i_op1";
    .port_info 5 /INPUT 32 "i_op2";
    .port_info 6 /OUTPUT 32 "o_result";
    .port_info 7 /OUTPUT 1 "o_eq";
    .port_info 8 /OUTPUT 1 "o_slt";
L_000001ee267f9120 .functor NOT 1, L_000001ee2686cd70, C4<0>, C4<0>, C4<0>;
L_000001ee267f8710 .functor AND 1, L_000001ee2686ccd0, L_000001ee267f9120, C4<1>, C4<1>;
L_000001ee267f8240 .functor XOR 1, L_000001ee2686aed0, L_000001ee2686e600, C4<0>, C4<0>;
L_000001ee267f8be0 .functor NOT 1, L_000001ee267f8240, C4<0>, C4<0>, C4<0>;
L_000001ee267f8470 .functor AND 1, L_000001ee267f8be0, L_000001ee2686c870, C4<1>, C4<1>;
L_000001ee267f8320 .functor OR 1, L_000001ee267f8710, L_000001ee267f8470, C4<0>, C4<0>;
L_000001ee267f8390 .functor AND 1, v000001ee2686cc30_0, L_000001ee2686c870, C4<1>, C4<1>;
L_000001ee26bbc0f0 .functor NOT 1, v000001ee2686cc30_0, C4<0>, C4<0>, C4<0>;
L_000001ee26bbc8d0 .functor AND 1, L_000001ee26bbc0f0, L_000001ee267f8320, C4<1>, C4<1>;
L_000001ee26bbc1d0 .functor OR 1, L_000001ee267f8390, L_000001ee26bbc8d0, C4<0>, C4<0>;
L_000001ee26bbc550 .functor BUFZ 32, v000001ee2686c410_0, C4<00000000000000000000000000000000>, C4<00000000000000000000000000000000>, C4<00000000000000000000000000000000>;
v000001ee267b1400_0 .net *"_ivl_10", 0 0, L_000001ee267f8710;  1 drivers
v000001ee267b0e60_0 .net *"_ivl_13", 0 0, L_000001ee2686aed0;  1 drivers
v000001ee267b0fa0_0 .net *"_ivl_15", 0 0, L_000001ee2686e600;  1 drivers
v000001ee267b1180_0 .net *"_ivl_16", 0 0, L_000001ee267f8240;  1 drivers
v000001ee267b1540_0 .net *"_ivl_18", 0 0, L_000001ee267f8be0;  1 drivers
v000001ee267b1ae0_0 .net *"_ivl_20", 0 0, L_000001ee267f8470;  1 drivers
v000001ee267b1680_0 .net *"_ivl_26", 0 0, L_000001ee267f8390;  1 drivers
v000001ee267b1220_0 .net *"_ivl_28", 0 0, L_000001ee26bbc0f0;  1 drivers
v000001ee267b14a0_0 .net *"_ivl_30", 0 0, L_000001ee26bbc8d0;  1 drivers
v000001ee267b0f00_0 .net *"_ivl_5", 0 0, L_000001ee2686ccd0;  1 drivers
v000001ee267b15e0_0 .net *"_ivl_7", 0 0, L_000001ee2686cd70;  1 drivers
v000001ee267b1b80_0 .net *"_ivl_8", 0 0, L_000001ee267f9120;  1 drivers
v000001ee267b1c20_0 .net "i_arith", 0 0, v000001ee2686bab0_0;  alias, 1 drivers
v000001ee2686b8d0_0 .net "i_op1", 31 0, v000001ee2686cb90_0;  alias, 1 drivers
v000001ee2686c550_0 .net "i_op2", 31 0, v000001ee2686af70_0;  alias, 1 drivers
v000001ee2686bc90_0 .net "i_opsel", 2 0, v000001ee2686b290_0;  alias, 1 drivers
v000001ee2686b3d0_0 .net "i_sub", 0 0, v000001ee2686c910_0;  alias, 1 drivers
v000001ee2686c5f0_0 .net "i_unsigned", 0 0, v000001ee2686cc30_0;  alias, 1 drivers
v000001ee2686ca50_0 .net "lt_signed", 0 0, L_000001ee267f8320;  1 drivers
v000001ee2686ba10_0 .net "lt_unsigned", 0 0, L_000001ee2686c870;  1 drivers
v000001ee2686c730_0 .net "o_eq", 0 0, L_000001ee2686e060;  alias, 1 drivers
v000001ee2686b0b0_0 .net "o_result", 31 0, L_000001ee26bbc550;  alias, 1 drivers
v000001ee2686b470_0 .net "o_slt", 0 0, L_000001ee26bbc1d0;  alias, 1 drivers
v000001ee2686c410_0 .var "result", 31 0;
v000001ee2686c190_0 .net "shamt", 4 0, L_000001ee2686c7d0;  1 drivers
v000001ee2686b330_0 .var "sll_result", 31 0;
v000001ee2686b510_0 .var "sra_result", 31 0;
v000001ee2686b1f0_0 .var "srl_result", 31 0;
E_000001ee26809e70/0 .event anyedge, v000001ee2686bc90_0, v000001ee2686b3d0_0, v000001ee2686b8d0_0, v000001ee2686c550_0;
E_000001ee26809e70/1 .event anyedge, v000001ee2686b330_0, v000001ee2686b470_0, v000001ee267b1c20_0, v000001ee2686b1f0_0;
E_000001ee26809e70/2 .event anyedge, v000001ee2686b510_0;
E_000001ee26809e70 .event/or E_000001ee26809e70/0, E_000001ee26809e70/1, E_000001ee26809e70/2;
E_000001ee268093b0 .event anyedge, v000001ee2686c190_0, v000001ee2686b8d0_0;
L_000001ee2686c7d0 .part v000001ee2686af70_0, 0, 5;
L_000001ee2686c870 .cmp/gt 32, v000001ee2686af70_0, v000001ee2686cb90_0;
L_000001ee2686ccd0 .part v000001ee2686cb90_0, 31, 1;
L_000001ee2686cd70 .part v000001ee2686af70_0, 31, 1;
L_000001ee2686aed0 .part v000001ee2686cb90_0, 31, 1;
L_000001ee2686e600 .part v000001ee2686af70_0, 31, 1;
L_000001ee2686e060 .cmp/eq 32, v000001ee2686cb90_0, v000001ee2686af70_0;
S_000001ee267c4510 .scope module, "u_alu_control_unit" "alu_control_unit" 3 28, 5 1 0, S_000001ee267bef30;
 .timescale -9 -12;
    .port_info 0 /INPUT 3 "AluOp";
    .port_info 1 /INPUT 3 "Func3";
    .port_info 2 /INPUT 7 "Func7";
    .port_info 3 /INPUT 7 "opcode";
    .port_info 4 /OUTPUT 3 "AluControl_opsel";
    .port_info 5 /OUTPUT 1 "AluControl_sub";
    .port_info 6 /OUTPUT 1 "AluControl_unsigned";
    .port_info 7 /OUTPUT 1 "AluControl_arith";
v000001ee2686bab0_0 .var "AluControl_arith", 0 0;
v000001ee2686b290_0 .var "AluControl_opsel", 2 0;
v000001ee2686c910_0 .var "AluControl_sub", 0 0;
v000001ee2686cc30_0 .var "AluControl_unsigned", 0 0;
v000001ee2686bb50_0 .net "AluOp", 2 0, v000001ee2686c0f0_0;  alias, 1 drivers
v000001ee2686c690_0 .net "Func3", 2 0, v000001ee2686c370_0;  alias, 1 drivers
v000001ee2686b970_0 .net "Func7", 6 0, v000001ee2686caf0_0;  alias, 1 drivers
v000001ee2686bdd0_0 .net "opcode", 6 0, v000001ee2686b150_0;  alias, 1 drivers
E_000001ee26808f70 .event anyedge, v000001ee2686bb50_0, v000001ee2686bdd0_0, v000001ee2686c690_0, v000001ee2686b970_0;
    .scope S_000001ee267c4510;
T_1 ;
    %wait E_000001ee26808f70;
    %pushi/vec4 0, 0, 3;
    %store/vec4 v000001ee2686b290_0, 0, 3;
    %pushi/vec4 0, 0, 1;
    %store/vec4 v000001ee2686c910_0, 0, 1;
    %pushi/vec4 0, 0, 1;
    %store/vec4 v000001ee2686cc30_0, 0, 1;
    %pushi/vec4 0, 0, 1;
    %store/vec4 v000001ee2686bab0_0, 0, 1;
    %load/vec4 v000001ee2686bb50_0;
    %dup/vec4;
    %pushi/vec4 1, 2, 3;
    %cmp/z;
    %jmp/1 T_1.0, 4;
    %dup/vec4;
    %pushi/vec4 0, 2, 3;
    %cmp/z;
    %jmp/1 T_1.1, 4;
    %dup/vec4;
    %pushi/vec4 6, 0, 3;
    %cmp/z;
    %jmp/1 T_1.2, 4;
    %pushi/vec4 0, 0, 3;
    %store/vec4 v000001ee2686b290_0, 0, 3;
    %pushi/vec4 0, 0, 1;
    %store/vec4 v000001ee2686c910_0, 0, 1;
    %pushi/vec4 0, 0, 1;
    %store/vec4 v000001ee2686cc30_0, 0, 1;
    %pushi/vec4 0, 0, 1;
    %store/vec4 v000001ee2686bab0_0, 0, 1;
    %jmp T_1.4;
T_1.0 ;
    %load/vec4 v000001ee2686bdd0_0;
    %dup/vec4;
    %pushi/vec4 55, 0, 7;
    %cmp/u;
    %jmp/1 T_1.5, 6;
    %dup/vec4;
    %pushi/vec4 23, 0, 7;
    %cmp/u;
    %jmp/1 T_1.6, 6;
    %load/vec4 v000001ee2686c690_0;
    %store/vec4 v000001ee2686b290_0, 0, 3;
    %load/vec4 v000001ee2686bdd0_0;
    %pushi/vec4 51, 0, 7;
    %cmp/e;
    %flag_get/vec4 4;
    %load/vec4 v000001ee2686c690_0;
    %pushi/vec4 0, 0, 3;
    %cmp/e;
    %flag_get/vec4 4;
    %and;
    %load/vec4 v000001ee2686b970_0;
    %parti/s 1, 5, 4;
    %and;
    %store/vec4 v000001ee2686c910_0, 0, 1;
    %load/vec4 v000001ee2686c690_0;
    %pushi/vec4 3, 0, 3;
    %cmp/e;
    %flag_get/vec4 4;
    %store/vec4 v000001ee2686cc30_0, 0, 1;
    %load/vec4 v000001ee2686c690_0;
    %pushi/vec4 5, 0, 3;
    %cmp/e;
    %flag_get/vec4 4;
    %load/vec4 v000001ee2686b970_0;
    %parti/s 1, 5, 4;
    %and;
    %store/vec4 v000001ee2686bab0_0, 0, 1;
    %jmp T_1.8;
T_1.5 ;
    %pushi/vec4 0, 0, 3;
    %store/vec4 v000001ee2686b290_0, 0, 3;
    %pushi/vec4 0, 0, 1;
    %store/vec4 v000001ee2686c910_0, 0, 1;
    %pushi/vec4 0, 0, 1;
    %store/vec4 v000001ee2686cc30_0, 0, 1;
    %pushi/vec4 0, 0, 1;
    %store/vec4 v000001ee2686bab0_0, 0, 1;
    %jmp T_1.8;
T_1.6 ;
    %pushi/vec4 0, 0, 3;
    %store/vec4 v000001ee2686b290_0, 0, 3;
    %pushi/vec4 0, 0, 1;
    %store/vec4 v000001ee2686c910_0, 0, 1;
    %pushi/vec4 0, 0, 1;
    %store/vec4 v000001ee2686cc30_0, 0, 1;
    %pushi/vec4 0, 0, 1;
    %store/vec4 v000001ee2686bab0_0, 0, 1;
    %jmp T_1.8;
T_1.8 ;
    %pop/vec4 1;
    %jmp T_1.4;
T_1.1 ;
    %pushi/vec4 0, 0, 3;
    %store/vec4 v000001ee2686b290_0, 0, 3;
    %pushi/vec4 0, 0, 1;
    %store/vec4 v000001ee2686c910_0, 0, 1;
    %pushi/vec4 0, 0, 1;
    %store/vec4 v000001ee2686cc30_0, 0, 1;
    %pushi/vec4 0, 0, 1;
    %store/vec4 v000001ee2686bab0_0, 0, 1;
    %jmp T_1.4;
T_1.2 ;
    %pushi/vec4 0, 0, 3;
    %store/vec4 v000001ee2686b290_0, 0, 3;
    %load/vec4 v000001ee2686bdd0_0;
    %pushi/vec4 99, 0, 7;
    %cmp/e;
    %flag_get/vec4 4;
    %store/vec4 v000001ee2686c910_0, 0, 1;
    %load/vec4 v000001ee2686bdd0_0;
    %pushi/vec4 99, 0, 7;
    %cmp/e;
    %flag_get/vec4 4;
    %load/vec4 v000001ee2686c690_0;
    %parti/s 1, 1, 2;
    %and;
    %store/vec4 v000001ee2686cc30_0, 0, 1;
    %pushi/vec4 0, 0, 1;
    %store/vec4 v000001ee2686bab0_0, 0, 1;
    %jmp T_1.4;
T_1.4 ;
    %pop/vec4 1;
    %jmp T_1;
    .thread T_1, $push;
    .scope S_000001ee267c4380;
T_2 ;
    %wait E_000001ee268093b0;
    %load/vec4 v000001ee2686c190_0;
    %dup/vec4;
    %pushi/vec4 0, 0, 5;
    %cmp/u;
    %jmp/1 T_2.0, 6;
    %dup/vec4;
    %pushi/vec4 1, 0, 5;
    %cmp/u;
    %jmp/1 T_2.1, 6;
    %dup/vec4;
    %pushi/vec4 2, 0, 5;
    %cmp/u;
    %jmp/1 T_2.2, 6;
    %dup/vec4;
    %pushi/vec4 3, 0, 5;
    %cmp/u;
    %jmp/1 T_2.3, 6;
    %dup/vec4;
    %pushi/vec4 4, 0, 5;
    %cmp/u;
    %jmp/1 T_2.4, 6;
    %dup/vec4;
    %pushi/vec4 5, 0, 5;
    %cmp/u;
    %jmp/1 T_2.5, 6;
    %dup/vec4;
    %pushi/vec4 6, 0, 5;
    %cmp/u;
    %jmp/1 T_2.6, 6;
    %dup/vec4;
    %pushi/vec4 7, 0, 5;
    %cmp/u;
    %jmp/1 T_2.7, 6;
    %dup/vec4;
    %pushi/vec4 8, 0, 5;
    %cmp/u;
    %jmp/1 T_2.8, 6;
    %dup/vec4;
    %pushi/vec4 9, 0, 5;
    %cmp/u;
    %jmp/1 T_2.9, 6;
    %dup/vec4;
    %pushi/vec4 10, 0, 5;
    %cmp/u;
    %jmp/1 T_2.10, 6;
    %dup/vec4;
    %pushi/vec4 11, 0, 5;
    %cmp/u;
    %jmp/1 T_2.11, 6;
    %dup/vec4;
    %pushi/vec4 12, 0, 5;
    %cmp/u;
    %jmp/1 T_2.12, 6;
    %dup/vec4;
    %pushi/vec4 13, 0, 5;
    %cmp/u;
    %jmp/1 T_2.13, 6;
    %dup/vec4;
    %pushi/vec4 14, 0, 5;
    %cmp/u;
    %jmp/1 T_2.14, 6;
    %dup/vec4;
    %pushi/vec4 15, 0, 5;
    %cmp/u;
    %jmp/1 T_2.15, 6;
    %dup/vec4;
    %pushi/vec4 16, 0, 5;
    %cmp/u;
    %jmp/1 T_2.16, 6;
    %dup/vec4;
    %pushi/vec4 17, 0, 5;
    %cmp/u;
    %jmp/1 T_2.17, 6;
    %dup/vec4;
    %pushi/vec4 18, 0, 5;
    %cmp/u;
    %jmp/1 T_2.18, 6;
    %dup/vec4;
    %pushi/vec4 19, 0, 5;
    %cmp/u;
    %jmp/1 T_2.19, 6;
    %dup/vec4;
    %pushi/vec4 20, 0, 5;
    %cmp/u;
    %jmp/1 T_2.20, 6;
    %dup/vec4;
    %pushi/vec4 21, 0, 5;
    %cmp/u;
    %jmp/1 T_2.21, 6;
    %dup/vec4;
    %pushi/vec4 22, 0, 5;
    %cmp/u;
    %jmp/1 T_2.22, 6;
    %dup/vec4;
    %pushi/vec4 23, 0, 5;
    %cmp/u;
    %jmp/1 T_2.23, 6;
    %dup/vec4;
    %pushi/vec4 24, 0, 5;
    %cmp/u;
    %jmp/1 T_2.24, 6;
    %dup/vec4;
    %pushi/vec4 25, 0, 5;
    %cmp/u;
    %jmp/1 T_2.25, 6;
    %dup/vec4;
    %pushi/vec4 26, 0, 5;
    %cmp/u;
    %jmp/1 T_2.26, 6;
    %dup/vec4;
    %pushi/vec4 27, 0, 5;
    %cmp/u;
    %jmp/1 T_2.27, 6;
    %dup/vec4;
    %pushi/vec4 28, 0, 5;
    %cmp/u;
    %jmp/1 T_2.28, 6;
    %dup/vec4;
    %pushi/vec4 29, 0, 5;
    %cmp/u;
    %jmp/1 T_2.29, 6;
    %dup/vec4;
    %pushi/vec4 30, 0, 5;
    %cmp/u;
    %jmp/1 T_2.30, 6;
    %dup/vec4;
    %pushi/vec4 31, 0, 5;
    %cmp/u;
    %jmp/1 T_2.31, 6;
    %pushi/vec4 0, 0, 32;
    %store/vec4 v000001ee2686b330_0, 0, 32;
    %jmp T_2.33;
T_2.0 ;
    %load/vec4 v000001ee2686b8d0_0;
    %store/vec4 v000001ee2686b330_0, 0, 32;
    %jmp T_2.33;
T_2.1 ;
    %load/vec4 v000001ee2686b8d0_0;
    %parti/s 31, 0, 2;
    %concati/vec4 0, 0, 1;
    %store/vec4 v000001ee2686b330_0, 0, 32;
    %jmp T_2.33;
T_2.2 ;
    %load/vec4 v000001ee2686b8d0_0;
    %parti/s 30, 0, 2;
    %concati/vec4 0, 0, 2;
    %store/vec4 v000001ee2686b330_0, 0, 32;
    %jmp T_2.33;
T_2.3 ;
    %load/vec4 v000001ee2686b8d0_0;
    %parti/s 29, 0, 2;
    %concati/vec4 0, 0, 3;
    %store/vec4 v000001ee2686b330_0, 0, 32;
    %jmp T_2.33;
T_2.4 ;
    %load/vec4 v000001ee2686b8d0_0;
    %parti/s 28, 0, 2;
    %concati/vec4 0, 0, 4;
    %store/vec4 v000001ee2686b330_0, 0, 32;
    %jmp T_2.33;
T_2.5 ;
    %load/vec4 v000001ee2686b8d0_0;
    %parti/s 27, 0, 2;
    %concati/vec4 0, 0, 5;
    %store/vec4 v000001ee2686b330_0, 0, 32;
    %jmp T_2.33;
T_2.6 ;
    %load/vec4 v000001ee2686b8d0_0;
    %parti/s 26, 0, 2;
    %concati/vec4 0, 0, 6;
    %store/vec4 v000001ee2686b330_0, 0, 32;
    %jmp T_2.33;
T_2.7 ;
    %load/vec4 v000001ee2686b8d0_0;
    %parti/s 25, 0, 2;
    %concati/vec4 0, 0, 7;
    %store/vec4 v000001ee2686b330_0, 0, 32;
    %jmp T_2.33;
T_2.8 ;
    %load/vec4 v000001ee2686b8d0_0;
    %parti/s 24, 0, 2;
    %concati/vec4 0, 0, 8;
    %store/vec4 v000001ee2686b330_0, 0, 32;
    %jmp T_2.33;
T_2.9 ;
    %load/vec4 v000001ee2686b8d0_0;
    %parti/s 23, 0, 2;
    %concati/vec4 0, 0, 9;
    %store/vec4 v000001ee2686b330_0, 0, 32;
    %jmp T_2.33;
T_2.10 ;
    %load/vec4 v000001ee2686b8d0_0;
    %parti/s 22, 0, 2;
    %concati/vec4 0, 0, 10;
    %store/vec4 v000001ee2686b330_0, 0, 32;
    %jmp T_2.33;
T_2.11 ;
    %load/vec4 v000001ee2686b8d0_0;
    %parti/s 21, 0, 2;
    %concati/vec4 0, 0, 11;
    %store/vec4 v000001ee2686b330_0, 0, 32;
    %jmp T_2.33;
T_2.12 ;
    %load/vec4 v000001ee2686b8d0_0;
    %parti/s 20, 0, 2;
    %concati/vec4 0, 0, 12;
    %store/vec4 v000001ee2686b330_0, 0, 32;
    %jmp T_2.33;
T_2.13 ;
    %load/vec4 v000001ee2686b8d0_0;
    %parti/s 19, 0, 2;
    %concati/vec4 0, 0, 13;
    %store/vec4 v000001ee2686b330_0, 0, 32;
    %jmp T_2.33;
T_2.14 ;
    %load/vec4 v000001ee2686b8d0_0;
    %parti/s 18, 0, 2;
    %concati/vec4 0, 0, 14;
    %store/vec4 v000001ee2686b330_0, 0, 32;
    %jmp T_2.33;
T_2.15 ;
    %load/vec4 v000001ee2686b8d0_0;
    %parti/s 17, 0, 2;
    %concati/vec4 0, 0, 15;
    %store/vec4 v000001ee2686b330_0, 0, 32;
    %jmp T_2.33;
T_2.16 ;
    %load/vec4 v000001ee2686b8d0_0;
    %parti/s 16, 0, 2;
    %concati/vec4 0, 0, 16;
    %store/vec4 v000001ee2686b330_0, 0, 32;
    %jmp T_2.33;
T_2.17 ;
    %load/vec4 v000001ee2686b8d0_0;
    %parti/s 15, 0, 2;
    %concati/vec4 0, 0, 17;
    %store/vec4 v000001ee2686b330_0, 0, 32;
    %jmp T_2.33;
T_2.18 ;
    %load/vec4 v000001ee2686b8d0_0;
    %parti/s 14, 0, 2;
    %concati/vec4 0, 0, 18;
    %store/vec4 v000001ee2686b330_0, 0, 32;
    %jmp T_2.33;
T_2.19 ;
    %load/vec4 v000001ee2686b8d0_0;
    %parti/s 13, 0, 2;
    %concati/vec4 0, 0, 19;
    %store/vec4 v000001ee2686b330_0, 0, 32;
    %jmp T_2.33;
T_2.20 ;
    %load/vec4 v000001ee2686b8d0_0;
    %parti/s 12, 0, 2;
    %concati/vec4 0, 0, 20;
    %store/vec4 v000001ee2686b330_0, 0, 32;
    %jmp T_2.33;
T_2.21 ;
    %load/vec4 v000001ee2686b8d0_0;
    %parti/s 11, 0, 2;
    %concati/vec4 0, 0, 21;
    %store/vec4 v000001ee2686b330_0, 0, 32;
    %jmp T_2.33;
T_2.22 ;
    %load/vec4 v000001ee2686b8d0_0;
    %parti/s 10, 0, 2;
    %concati/vec4 0, 0, 22;
    %store/vec4 v000001ee2686b330_0, 0, 32;
    %jmp T_2.33;
T_2.23 ;
    %load/vec4 v000001ee2686b8d0_0;
    %parti/s 9, 0, 2;
    %concati/vec4 0, 0, 23;
    %store/vec4 v000001ee2686b330_0, 0, 32;
    %jmp T_2.33;
T_2.24 ;
    %load/vec4 v000001ee2686b8d0_0;
    %parti/s 8, 0, 2;
    %concati/vec4 0, 0, 24;
    %store/vec4 v000001ee2686b330_0, 0, 32;
    %jmp T_2.33;
T_2.25 ;
    %load/vec4 v000001ee2686b8d0_0;
    %parti/s 7, 0, 2;
    %concati/vec4 0, 0, 25;
    %store/vec4 v000001ee2686b330_0, 0, 32;
    %jmp T_2.33;
T_2.26 ;
    %load/vec4 v000001ee2686b8d0_0;
    %parti/s 6, 0, 2;
    %concati/vec4 0, 0, 26;
    %store/vec4 v000001ee2686b330_0, 0, 32;
    %jmp T_2.33;
T_2.27 ;
    %load/vec4 v000001ee2686b8d0_0;
    %parti/s 5, 0, 2;
    %concati/vec4 0, 0, 27;
    %store/vec4 v000001ee2686b330_0, 0, 32;
    %jmp T_2.33;
T_2.28 ;
    %load/vec4 v000001ee2686b8d0_0;
    %parti/s 4, 0, 2;
    %concati/vec4 0, 0, 28;
    %store/vec4 v000001ee2686b330_0, 0, 32;
    %jmp T_2.33;
T_2.29 ;
    %load/vec4 v000001ee2686b8d0_0;
    %parti/s 3, 0, 2;
    %concati/vec4 0, 0, 29;
    %store/vec4 v000001ee2686b330_0, 0, 32;
    %jmp T_2.33;
T_2.30 ;
    %load/vec4 v000001ee2686b8d0_0;
    %parti/s 2, 0, 2;
    %concati/vec4 0, 0, 30;
    %store/vec4 v000001ee2686b330_0, 0, 32;
    %jmp T_2.33;
T_2.31 ;
    %load/vec4 v000001ee2686b8d0_0;
    %parti/s 1, 0, 2;
    %concati/vec4 0, 0, 31;
    %store/vec4 v000001ee2686b330_0, 0, 32;
    %jmp T_2.33;
T_2.33 ;
    %pop/vec4 1;
    %jmp T_2;
    .thread T_2, $push;
    .scope S_000001ee267c4380;
T_3 ;
    %wait E_000001ee268093b0;
    %load/vec4 v000001ee2686c190_0;
    %dup/vec4;
    %pushi/vec4 0, 0, 5;
    %cmp/u;
    %jmp/1 T_3.0, 6;
    %dup/vec4;
    %pushi/vec4 1, 0, 5;
    %cmp/u;
    %jmp/1 T_3.1, 6;
    %dup/vec4;
    %pushi/vec4 2, 0, 5;
    %cmp/u;
    %jmp/1 T_3.2, 6;
    %dup/vec4;
    %pushi/vec4 3, 0, 5;
    %cmp/u;
    %jmp/1 T_3.3, 6;
    %dup/vec4;
    %pushi/vec4 4, 0, 5;
    %cmp/u;
    %jmp/1 T_3.4, 6;
    %dup/vec4;
    %pushi/vec4 5, 0, 5;
    %cmp/u;
    %jmp/1 T_3.5, 6;
    %dup/vec4;
    %pushi/vec4 6, 0, 5;
    %cmp/u;
    %jmp/1 T_3.6, 6;
    %dup/vec4;
    %pushi/vec4 7, 0, 5;
    %cmp/u;
    %jmp/1 T_3.7, 6;
    %dup/vec4;
    %pushi/vec4 8, 0, 5;
    %cmp/u;
    %jmp/1 T_3.8, 6;
    %dup/vec4;
    %pushi/vec4 9, 0, 5;
    %cmp/u;
    %jmp/1 T_3.9, 6;
    %dup/vec4;
    %pushi/vec4 10, 0, 5;
    %cmp/u;
    %jmp/1 T_3.10, 6;
    %dup/vec4;
    %pushi/vec4 11, 0, 5;
    %cmp/u;
    %jmp/1 T_3.11, 6;
    %dup/vec4;
    %pushi/vec4 12, 0, 5;
    %cmp/u;
    %jmp/1 T_3.12, 6;
    %dup/vec4;
    %pushi/vec4 13, 0, 5;
    %cmp/u;
    %jmp/1 T_3.13, 6;
    %dup/vec4;
    %pushi/vec4 14, 0, 5;
    %cmp/u;
    %jmp/1 T_3.14, 6;
    %dup/vec4;
    %pushi/vec4 15, 0, 5;
    %cmp/u;
    %jmp/1 T_3.15, 6;
    %dup/vec4;
    %pushi/vec4 16, 0, 5;
    %cmp/u;
    %jmp/1 T_3.16, 6;
    %dup/vec4;
    %pushi/vec4 17, 0, 5;
    %cmp/u;
    %jmp/1 T_3.17, 6;
    %dup/vec4;
    %pushi/vec4 18, 0, 5;
    %cmp/u;
    %jmp/1 T_3.18, 6;
    %dup/vec4;
    %pushi/vec4 19, 0, 5;
    %cmp/u;
    %jmp/1 T_3.19, 6;
    %dup/vec4;
    %pushi/vec4 20, 0, 5;
    %cmp/u;
    %jmp/1 T_3.20, 6;
    %dup/vec4;
    %pushi/vec4 21, 0, 5;
    %cmp/u;
    %jmp/1 T_3.21, 6;
    %dup/vec4;
    %pushi/vec4 22, 0, 5;
    %cmp/u;
    %jmp/1 T_3.22, 6;
    %dup/vec4;
    %pushi/vec4 23, 0, 5;
    %cmp/u;
    %jmp/1 T_3.23, 6;
    %dup/vec4;
    %pushi/vec4 24, 0, 5;
    %cmp/u;
    %jmp/1 T_3.24, 6;
    %dup/vec4;
    %pushi/vec4 25, 0, 5;
    %cmp/u;
    %jmp/1 T_3.25, 6;
    %dup/vec4;
    %pushi/vec4 26, 0, 5;
    %cmp/u;
    %jmp/1 T_3.26, 6;
    %dup/vec4;
    %pushi/vec4 27, 0, 5;
    %cmp/u;
    %jmp/1 T_3.27, 6;
    %dup/vec4;
    %pushi/vec4 28, 0, 5;
    %cmp/u;
    %jmp/1 T_3.28, 6;
    %dup/vec4;
    %pushi/vec4 29, 0, 5;
    %cmp/u;
    %jmp/1 T_3.29, 6;
    %dup/vec4;
    %pushi/vec4 30, 0, 5;
    %cmp/u;
    %jmp/1 T_3.30, 6;
    %dup/vec4;
    %pushi/vec4 31, 0, 5;
    %cmp/u;
    %jmp/1 T_3.31, 6;
    %pushi/vec4 0, 0, 32;
    %store/vec4 v000001ee2686b1f0_0, 0, 32;
    %jmp T_3.33;
T_3.0 ;
    %load/vec4 v000001ee2686b8d0_0;
    %store/vec4 v000001ee2686b1f0_0, 0, 32;
    %jmp T_3.33;
T_3.1 ;
    %pushi/vec4 0, 0, 1;
    %load/vec4 v000001ee2686b8d0_0;
    %parti/s 31, 1, 2;
    %concat/vec4; draw_concat_vec4
    %store/vec4 v000001ee2686b1f0_0, 0, 32;
    %jmp T_3.33;
T_3.2 ;
    %pushi/vec4 0, 0, 2;
    %load/vec4 v000001ee2686b8d0_0;
    %parti/s 30, 2, 3;
    %concat/vec4; draw_concat_vec4
    %store/vec4 v000001ee2686b1f0_0, 0, 32;
    %jmp T_3.33;
T_3.3 ;
    %pushi/vec4 0, 0, 3;
    %load/vec4 v000001ee2686b8d0_0;
    %parti/s 29, 3, 3;
    %concat/vec4; draw_concat_vec4
    %store/vec4 v000001ee2686b1f0_0, 0, 32;
    %jmp T_3.33;
T_3.4 ;
    %pushi/vec4 0, 0, 4;
    %load/vec4 v000001ee2686b8d0_0;
    %parti/s 28, 4, 4;
    %concat/vec4; draw_concat_vec4
    %store/vec4 v000001ee2686b1f0_0, 0, 32;
    %jmp T_3.33;
T_3.5 ;
    %pushi/vec4 0, 0, 5;
    %load/vec4 v000001ee2686b8d0_0;
    %parti/s 27, 5, 4;
    %concat/vec4; draw_concat_vec4
    %store/vec4 v000001ee2686b1f0_0, 0, 32;
    %jmp T_3.33;
T_3.6 ;
    %pushi/vec4 0, 0, 6;
    %load/vec4 v000001ee2686b8d0_0;
    %parti/s 26, 6, 4;
    %concat/vec4; draw_concat_vec4
    %store/vec4 v000001ee2686b1f0_0, 0, 32;
    %jmp T_3.33;
T_3.7 ;
    %pushi/vec4 0, 0, 7;
    %load/vec4 v000001ee2686b8d0_0;
    %parti/s 25, 7, 4;
    %concat/vec4; draw_concat_vec4
    %store/vec4 v000001ee2686b1f0_0, 0, 32;
    %jmp T_3.33;
T_3.8 ;
    %pushi/vec4 0, 0, 8;
    %load/vec4 v000001ee2686b8d0_0;
    %parti/s 24, 8, 5;
    %concat/vec4; draw_concat_vec4
    %store/vec4 v000001ee2686b1f0_0, 0, 32;
    %jmp T_3.33;
T_3.9 ;
    %pushi/vec4 0, 0, 9;
    %load/vec4 v000001ee2686b8d0_0;
    %parti/s 23, 9, 5;
    %concat/vec4; draw_concat_vec4
    %store/vec4 v000001ee2686b1f0_0, 0, 32;
    %jmp T_3.33;
T_3.10 ;
    %pushi/vec4 0, 0, 10;
    %load/vec4 v000001ee2686b8d0_0;
    %parti/s 22, 10, 5;
    %concat/vec4; draw_concat_vec4
    %store/vec4 v000001ee2686b1f0_0, 0, 32;
    %jmp T_3.33;
T_3.11 ;
    %pushi/vec4 0, 0, 11;
    %load/vec4 v000001ee2686b8d0_0;
    %parti/s 21, 11, 5;
    %concat/vec4; draw_concat_vec4
    %store/vec4 v000001ee2686b1f0_0, 0, 32;
    %jmp T_3.33;
T_3.12 ;
    %pushi/vec4 0, 0, 12;
    %load/vec4 v000001ee2686b8d0_0;
    %parti/s 20, 12, 5;
    %concat/vec4; draw_concat_vec4
    %store/vec4 v000001ee2686b1f0_0, 0, 32;
    %jmp T_3.33;
T_3.13 ;
    %pushi/vec4 0, 0, 13;
    %load/vec4 v000001ee2686b8d0_0;
    %parti/s 19, 13, 5;
    %concat/vec4; draw_concat_vec4
    %store/vec4 v000001ee2686b1f0_0, 0, 32;
    %jmp T_3.33;
T_3.14 ;
    %pushi/vec4 0, 0, 14;
    %load/vec4 v000001ee2686b8d0_0;
    %parti/s 18, 14, 5;
    %concat/vec4; draw_concat_vec4
    %store/vec4 v000001ee2686b1f0_0, 0, 32;
    %jmp T_3.33;
T_3.15 ;
    %pushi/vec4 0, 0, 15;
    %load/vec4 v000001ee2686b8d0_0;
    %parti/s 17, 15, 5;
    %concat/vec4; draw_concat_vec4
    %store/vec4 v000001ee2686b1f0_0, 0, 32;
    %jmp T_3.33;
T_3.16 ;
    %pushi/vec4 0, 0, 16;
    %load/vec4 v000001ee2686b8d0_0;
    %parti/s 16, 16, 6;
    %concat/vec4; draw_concat_vec4
    %store/vec4 v000001ee2686b1f0_0, 0, 32;
    %jmp T_3.33;
T_3.17 ;
    %pushi/vec4 0, 0, 17;
    %load/vec4 v000001ee2686b8d0_0;
    %parti/s 15, 17, 6;
    %concat/vec4; draw_concat_vec4
    %store/vec4 v000001ee2686b1f0_0, 0, 32;
    %jmp T_3.33;
T_3.18 ;
    %pushi/vec4 0, 0, 18;
    %load/vec4 v000001ee2686b8d0_0;
    %parti/s 14, 18, 6;
    %concat/vec4; draw_concat_vec4
    %store/vec4 v000001ee2686b1f0_0, 0, 32;
    %jmp T_3.33;
T_3.19 ;
    %pushi/vec4 0, 0, 19;
    %load/vec4 v000001ee2686b8d0_0;
    %parti/s 13, 19, 6;
    %concat/vec4; draw_concat_vec4
    %store/vec4 v000001ee2686b1f0_0, 0, 32;
    %jmp T_3.33;
T_3.20 ;
    %pushi/vec4 0, 0, 20;
    %load/vec4 v000001ee2686b8d0_0;
    %parti/s 12, 20, 6;
    %concat/vec4; draw_concat_vec4
    %store/vec4 v000001ee2686b1f0_0, 0, 32;
    %jmp T_3.33;
T_3.21 ;
    %pushi/vec4 0, 0, 21;
    %load/vec4 v000001ee2686b8d0_0;
    %parti/s 11, 21, 6;
    %concat/vec4; draw_concat_vec4
    %store/vec4 v000001ee2686b1f0_0, 0, 32;
    %jmp T_3.33;
T_3.22 ;
    %pushi/vec4 0, 0, 22;
    %load/vec4 v000001ee2686b8d0_0;
    %parti/s 10, 22, 6;
    %concat/vec4; draw_concat_vec4
    %store/vec4 v000001ee2686b1f0_0, 0, 32;
    %jmp T_3.33;
T_3.23 ;
    %pushi/vec4 0, 0, 23;
    %load/vec4 v000001ee2686b8d0_0;
    %parti/s 9, 23, 6;
    %concat/vec4; draw_concat_vec4
    %store/vec4 v000001ee2686b1f0_0, 0, 32;
    %jmp T_3.33;
T_3.24 ;
    %pushi/vec4 0, 0, 24;
    %load/vec4 v000001ee2686b8d0_0;
    %parti/s 8, 24, 6;
    %concat/vec4; draw_concat_vec4
    %store/vec4 v000001ee2686b1f0_0, 0, 32;
    %jmp T_3.33;
T_3.25 ;
    %pushi/vec4 0, 0, 25;
    %load/vec4 v000001ee2686b8d0_0;
    %parti/s 7, 25, 6;
    %concat/vec4; draw_concat_vec4
    %store/vec4 v000001ee2686b1f0_0, 0, 32;
    %jmp T_3.33;
T_3.26 ;
    %pushi/vec4 0, 0, 26;
    %load/vec4 v000001ee2686b8d0_0;
    %parti/s 6, 26, 6;
    %concat/vec4; draw_concat_vec4
    %store/vec4 v000001ee2686b1f0_0, 0, 32;
    %jmp T_3.33;
T_3.27 ;
    %pushi/vec4 0, 0, 27;
    %load/vec4 v000001ee2686b8d0_0;
    %parti/s 5, 27, 6;
    %concat/vec4; draw_concat_vec4
    %store/vec4 v000001ee2686b1f0_0, 0, 32;
    %jmp T_3.33;
T_3.28 ;
    %pushi/vec4 0, 0, 28;
    %load/vec4 v000001ee2686b8d0_0;
    %parti/s 4, 28, 6;
    %concat/vec4; draw_concat_vec4
    %store/vec4 v000001ee2686b1f0_0, 0, 32;
    %jmp T_3.33;
T_3.29 ;
    %pushi/vec4 0, 0, 29;
    %load/vec4 v000001ee2686b8d0_0;
    %parti/s 3, 29, 6;
    %concat/vec4; draw_concat_vec4
    %store/vec4 v000001ee2686b1f0_0, 0, 32;
    %jmp T_3.33;
T_3.30 ;
    %pushi/vec4 0, 0, 30;
    %load/vec4 v000001ee2686b8d0_0;
    %parti/s 2, 30, 6;
    %concat/vec4; draw_concat_vec4
    %store/vec4 v000001ee2686b1f0_0, 0, 32;
    %jmp T_3.33;
T_3.31 ;
    %pushi/vec4 0, 0, 31;
    %load/vec4 v000001ee2686b8d0_0;
    %parti/s 1, 31, 6;
    %concat/vec4; draw_concat_vec4
    %store/vec4 v000001ee2686b1f0_0, 0, 32;
    %jmp T_3.33;
T_3.33 ;
    %pop/vec4 1;
    %jmp T_3;
    .thread T_3, $push;
    .scope S_000001ee267c4380;
T_4 ;
    %wait E_000001ee268093b0;
    %load/vec4 v000001ee2686c190_0;
    %dup/vec4;
    %pushi/vec4 0, 0, 5;
    %cmp/u;
    %jmp/1 T_4.0, 6;
    %dup/vec4;
    %pushi/vec4 1, 0, 5;
    %cmp/u;
    %jmp/1 T_4.1, 6;
    %dup/vec4;
    %pushi/vec4 2, 0, 5;
    %cmp/u;
    %jmp/1 T_4.2, 6;
    %dup/vec4;
    %pushi/vec4 3, 0, 5;
    %cmp/u;
    %jmp/1 T_4.3, 6;
    %dup/vec4;
    %pushi/vec4 4, 0, 5;
    %cmp/u;
    %jmp/1 T_4.4, 6;
    %dup/vec4;
    %pushi/vec4 5, 0, 5;
    %cmp/u;
    %jmp/1 T_4.5, 6;
    %dup/vec4;
    %pushi/vec4 6, 0, 5;
    %cmp/u;
    %jmp/1 T_4.6, 6;
    %dup/vec4;
    %pushi/vec4 7, 0, 5;
    %cmp/u;
    %jmp/1 T_4.7, 6;
    %dup/vec4;
    %pushi/vec4 8, 0, 5;
    %cmp/u;
    %jmp/1 T_4.8, 6;
    %dup/vec4;
    %pushi/vec4 9, 0, 5;
    %cmp/u;
    %jmp/1 T_4.9, 6;
    %dup/vec4;
    %pushi/vec4 10, 0, 5;
    %cmp/u;
    %jmp/1 T_4.10, 6;
    %dup/vec4;
    %pushi/vec4 11, 0, 5;
    %cmp/u;
    %jmp/1 T_4.11, 6;
    %dup/vec4;
    %pushi/vec4 12, 0, 5;
    %cmp/u;
    %jmp/1 T_4.12, 6;
    %dup/vec4;
    %pushi/vec4 13, 0, 5;
    %cmp/u;
    %jmp/1 T_4.13, 6;
    %dup/vec4;
    %pushi/vec4 14, 0, 5;
    %cmp/u;
    %jmp/1 T_4.14, 6;
    %dup/vec4;
    %pushi/vec4 15, 0, 5;
    %cmp/u;
    %jmp/1 T_4.15, 6;
    %dup/vec4;
    %pushi/vec4 16, 0, 5;
    %cmp/u;
    %jmp/1 T_4.16, 6;
    %dup/vec4;
    %pushi/vec4 17, 0, 5;
    %cmp/u;
    %jmp/1 T_4.17, 6;
    %dup/vec4;
    %pushi/vec4 18, 0, 5;
    %cmp/u;
    %jmp/1 T_4.18, 6;
    %dup/vec4;
    %pushi/vec4 19, 0, 5;
    %cmp/u;
    %jmp/1 T_4.19, 6;
    %dup/vec4;
    %pushi/vec4 20, 0, 5;
    %cmp/u;
    %jmp/1 T_4.20, 6;
    %dup/vec4;
    %pushi/vec4 21, 0, 5;
    %cmp/u;
    %jmp/1 T_4.21, 6;
    %dup/vec4;
    %pushi/vec4 22, 0, 5;
    %cmp/u;
    %jmp/1 T_4.22, 6;
    %dup/vec4;
    %pushi/vec4 23, 0, 5;
    %cmp/u;
    %jmp/1 T_4.23, 6;
    %dup/vec4;
    %pushi/vec4 24, 0, 5;
    %cmp/u;
    %jmp/1 T_4.24, 6;
    %dup/vec4;
    %pushi/vec4 25, 0, 5;
    %cmp/u;
    %jmp/1 T_4.25, 6;
    %dup/vec4;
    %pushi/vec4 26, 0, 5;
    %cmp/u;
    %jmp/1 T_4.26, 6;
    %dup/vec4;
    %pushi/vec4 27, 0, 5;
    %cmp/u;
    %jmp/1 T_4.27, 6;
    %dup/vec4;
    %pushi/vec4 28, 0, 5;
    %cmp/u;
    %jmp/1 T_4.28, 6;
    %dup/vec4;
    %pushi/vec4 29, 0, 5;
    %cmp/u;
    %jmp/1 T_4.29, 6;
    %dup/vec4;
    %pushi/vec4 30, 0, 5;
    %cmp/u;
    %jmp/1 T_4.30, 6;
    %dup/vec4;
    %pushi/vec4 31, 0, 5;
    %cmp/u;
    %jmp/1 T_4.31, 6;
    %pushi/vec4 0, 0, 32;
    %store/vec4 v000001ee2686b510_0, 0, 32;
    %jmp T_4.33;
T_4.0 ;
    %load/vec4 v000001ee2686b8d0_0;
    %store/vec4 v000001ee2686b510_0, 0, 32;
    %jmp T_4.33;
T_4.1 ;
    %load/vec4 v000001ee2686b8d0_0;
    %parti/s 1, 31, 6;
    %load/vec4 v000001ee2686b8d0_0;
    %parti/s 31, 1, 2;
    %concat/vec4; draw_concat_vec4
    %store/vec4 v000001ee2686b510_0, 0, 32;
    %jmp T_4.33;
T_4.2 ;
    %load/vec4 v000001ee2686b8d0_0;
    %parti/s 1, 31, 6;
    %replicate 2;
    %load/vec4 v000001ee2686b8d0_0;
    %parti/s 30, 2, 3;
    %concat/vec4; draw_concat_vec4
    %store/vec4 v000001ee2686b510_0, 0, 32;
    %jmp T_4.33;
T_4.3 ;
    %load/vec4 v000001ee2686b8d0_0;
    %parti/s 1, 31, 6;
    %replicate 3;
    %load/vec4 v000001ee2686b8d0_0;
    %parti/s 29, 3, 3;
    %concat/vec4; draw_concat_vec4
    %store/vec4 v000001ee2686b510_0, 0, 32;
    %jmp T_4.33;
T_4.4 ;
    %load/vec4 v000001ee2686b8d0_0;
    %parti/s 1, 31, 6;
    %replicate 4;
    %load/vec4 v000001ee2686b8d0_0;
    %parti/s 28, 4, 4;
    %concat/vec4; draw_concat_vec4
    %store/vec4 v000001ee2686b510_0, 0, 32;
    %jmp T_4.33;
T_4.5 ;
    %load/vec4 v000001ee2686b8d0_0;
    %parti/s 1, 31, 6;
    %replicate 5;
    %load/vec4 v000001ee2686b8d0_0;
    %parti/s 27, 5, 4;
    %concat/vec4; draw_concat_vec4
    %store/vec4 v000001ee2686b510_0, 0, 32;
    %jmp T_4.33;
T_4.6 ;
    %load/vec4 v000001ee2686b8d0_0;
    %parti/s 1, 31, 6;
    %replicate 6;
    %load/vec4 v000001ee2686b8d0_0;
    %parti/s 26, 6, 4;
    %concat/vec4; draw_concat_vec4
    %store/vec4 v000001ee2686b510_0, 0, 32;
    %jmp T_4.33;
T_4.7 ;
    %load/vec4 v000001ee2686b8d0_0;
    %parti/s 1, 31, 6;
    %replicate 7;
    %load/vec4 v000001ee2686b8d0_0;
    %parti/s 25, 7, 4;
    %concat/vec4; draw_concat_vec4
    %store/vec4 v000001ee2686b510_0, 0, 32;
    %jmp T_4.33;
T_4.8 ;
    %load/vec4 v000001ee2686b8d0_0;
    %parti/s 1, 31, 6;
    %replicate 8;
    %load/vec4 v000001ee2686b8d0_0;
    %parti/s 24, 8, 5;
    %concat/vec4; draw_concat_vec4
    %store/vec4 v000001ee2686b510_0, 0, 32;
    %jmp T_4.33;
T_4.9 ;
    %load/vec4 v000001ee2686b8d0_0;
    %parti/s 1, 31, 6;
    %replicate 9;
    %load/vec4 v000001ee2686b8d0_0;
    %parti/s 23, 9, 5;
    %concat/vec4; draw_concat_vec4
    %store/vec4 v000001ee2686b510_0, 0, 32;
    %jmp T_4.33;
T_4.10 ;
    %load/vec4 v000001ee2686b8d0_0;
    %parti/s 1, 31, 6;
    %replicate 10;
    %load/vec4 v000001ee2686b8d0_0;
    %parti/s 22, 10, 5;
    %concat/vec4; draw_concat_vec4
    %store/vec4 v000001ee2686b510_0, 0, 32;
    %jmp T_4.33;
T_4.11 ;
    %load/vec4 v000001ee2686b8d0_0;
    %parti/s 1, 31, 6;
    %replicate 11;
    %load/vec4 v000001ee2686b8d0_0;
    %parti/s 21, 11, 5;
    %concat/vec4; draw_concat_vec4
    %store/vec4 v000001ee2686b510_0, 0, 32;
    %jmp T_4.33;
T_4.12 ;
    %load/vec4 v000001ee2686b8d0_0;
    %parti/s 1, 31, 6;
    %replicate 12;
    %load/vec4 v000001ee2686b8d0_0;
    %parti/s 20, 12, 5;
    %concat/vec4; draw_concat_vec4
    %store/vec4 v000001ee2686b510_0, 0, 32;
    %jmp T_4.33;
T_4.13 ;
    %load/vec4 v000001ee2686b8d0_0;
    %parti/s 1, 31, 6;
    %replicate 13;
    %load/vec4 v000001ee2686b8d0_0;
    %parti/s 19, 13, 5;
    %concat/vec4; draw_concat_vec4
    %store/vec4 v000001ee2686b510_0, 0, 32;
    %jmp T_4.33;
T_4.14 ;
    %load/vec4 v000001ee2686b8d0_0;
    %parti/s 1, 31, 6;
    %replicate 14;
    %load/vec4 v000001ee2686b8d0_0;
    %parti/s 18, 14, 5;
    %concat/vec4; draw_concat_vec4
    %store/vec4 v000001ee2686b510_0, 0, 32;
    %jmp T_4.33;
T_4.15 ;
    %load/vec4 v000001ee2686b8d0_0;
    %parti/s 1, 31, 6;
    %replicate 15;
    %load/vec4 v000001ee2686b8d0_0;
    %parti/s 17, 15, 5;
    %concat/vec4; draw_concat_vec4
    %store/vec4 v000001ee2686b510_0, 0, 32;
    %jmp T_4.33;
T_4.16 ;
    %load/vec4 v000001ee2686b8d0_0;
    %parti/s 1, 31, 6;
    %replicate 16;
    %load/vec4 v000001ee2686b8d0_0;
    %parti/s 16, 16, 6;
    %concat/vec4; draw_concat_vec4
    %store/vec4 v000001ee2686b510_0, 0, 32;
    %jmp T_4.33;
T_4.17 ;
    %load/vec4 v000001ee2686b8d0_0;
    %parti/s 1, 31, 6;
    %replicate 17;
    %load/vec4 v000001ee2686b8d0_0;
    %parti/s 15, 17, 6;
    %concat/vec4; draw_concat_vec4
    %store/vec4 v000001ee2686b510_0, 0, 32;
    %jmp T_4.33;
T_4.18 ;
    %load/vec4 v000001ee2686b8d0_0;
    %parti/s 1, 31, 6;
    %replicate 18;
    %load/vec4 v000001ee2686b8d0_0;
    %parti/s 14, 18, 6;
    %concat/vec4; draw_concat_vec4
    %store/vec4 v000001ee2686b510_0, 0, 32;
    %jmp T_4.33;
T_4.19 ;
    %load/vec4 v000001ee2686b8d0_0;
    %parti/s 1, 31, 6;
    %replicate 19;
    %load/vec4 v000001ee2686b8d0_0;
    %parti/s 13, 19, 6;
    %concat/vec4; draw_concat_vec4
    %store/vec4 v000001ee2686b510_0, 0, 32;
    %jmp T_4.33;
T_4.20 ;
    %load/vec4 v000001ee2686b8d0_0;
    %parti/s 1, 31, 6;
    %replicate 20;
    %load/vec4 v000001ee2686b8d0_0;
    %parti/s 12, 20, 6;
    %concat/vec4; draw_concat_vec4
    %store/vec4 v000001ee2686b510_0, 0, 32;
    %jmp T_4.33;
T_4.21 ;
    %load/vec4 v000001ee2686b8d0_0;
    %parti/s 1, 31, 6;
    %replicate 21;
    %load/vec4 v000001ee2686b8d0_0;
    %parti/s 11, 21, 6;
    %concat/vec4; draw_concat_vec4
    %store/vec4 v000001ee2686b510_0, 0, 32;
    %jmp T_4.33;
T_4.22 ;
    %load/vec4 v000001ee2686b8d0_0;
    %parti/s 1, 31, 6;
    %replicate 22;
    %load/vec4 v000001ee2686b8d0_0;
    %parti/s 10, 22, 6;
    %concat/vec4; draw_concat_vec4
    %store/vec4 v000001ee2686b510_0, 0, 32;
    %jmp T_4.33;
T_4.23 ;
    %load/vec4 v000001ee2686b8d0_0;
    %parti/s 1, 31, 6;
    %replicate 23;
    %load/vec4 v000001ee2686b8d0_0;
    %parti/s 9, 23, 6;
    %concat/vec4; draw_concat_vec4
    %store/vec4 v000001ee2686b510_0, 0, 32;
    %jmp T_4.33;
T_4.24 ;
    %load/vec4 v000001ee2686b8d0_0;
    %parti/s 1, 31, 6;
    %replicate 24;
    %load/vec4 v000001ee2686b8d0_0;
    %parti/s 8, 24, 6;
    %concat/vec4; draw_concat_vec4
    %store/vec4 v000001ee2686b510_0, 0, 32;
    %jmp T_4.33;
T_4.25 ;
    %load/vec4 v000001ee2686b8d0_0;
    %parti/s 1, 31, 6;
    %replicate 25;
    %load/vec4 v000001ee2686b8d0_0;
    %parti/s 7, 25, 6;
    %concat/vec4; draw_concat_vec4
    %store/vec4 v000001ee2686b510_0, 0, 32;
    %jmp T_4.33;
T_4.26 ;
    %load/vec4 v000001ee2686b8d0_0;
    %parti/s 1, 31, 6;
    %replicate 26;
    %load/vec4 v000001ee2686b8d0_0;
    %parti/s 6, 26, 6;
    %concat/vec4; draw_concat_vec4
    %store/vec4 v000001ee2686b510_0, 0, 32;
    %jmp T_4.33;
T_4.27 ;
    %load/vec4 v000001ee2686b8d0_0;
    %parti/s 1, 31, 6;
    %replicate 27;
    %load/vec4 v000001ee2686b8d0_0;
    %parti/s 5, 27, 6;
    %concat/vec4; draw_concat_vec4
    %store/vec4 v000001ee2686b510_0, 0, 32;
    %jmp T_4.33;
T_4.28 ;
    %load/vec4 v000001ee2686b8d0_0;
    %parti/s 1, 31, 6;
    %replicate 28;
    %load/vec4 v000001ee2686b8d0_0;
    %parti/s 4, 28, 6;
    %concat/vec4; draw_concat_vec4
    %store/vec4 v000001ee2686b510_0, 0, 32;
    %jmp T_4.33;
T_4.29 ;
    %load/vec4 v000001ee2686b8d0_0;
    %parti/s 1, 31, 6;
    %replicate 29;
    %load/vec4 v000001ee2686b8d0_0;
    %parti/s 3, 29, 6;
    %concat/vec4; draw_concat_vec4
    %store/vec4 v000001ee2686b510_0, 0, 32;
    %jmp T_4.33;
T_4.30 ;
    %load/vec4 v000001ee2686b8d0_0;
    %parti/s 1, 31, 6;
    %replicate 30;
    %load/vec4 v000001ee2686b8d0_0;
    %parti/s 2, 30, 6;
    %concat/vec4; draw_concat_vec4
    %store/vec4 v000001ee2686b510_0, 0, 32;
    %jmp T_4.33;
T_4.31 ;
    %load/vec4 v000001ee2686b8d0_0;
    %parti/s 1, 31, 6;
    %replicate 31;
    %load/vec4 v000001ee2686b8d0_0;
    %parti/s 1, 31, 6;
    %concat/vec4; draw_concat_vec4
    %store/vec4 v000001ee2686b510_0, 0, 32;
    %jmp T_4.33;
T_4.33 ;
    %pop/vec4 1;
    %jmp T_4;
    .thread T_4, $push;
    .scope S_000001ee267c4380;
T_5 ;
    %wait E_000001ee26809e70;
    %load/vec4 v000001ee2686bc90_0;
    %dup/vec4;
    %pushi/vec4 0, 0, 3;
    %cmp/u;
    %jmp/1 T_5.0, 6;
    %dup/vec4;
    %pushi/vec4 1, 0, 3;
    %cmp/u;
    %jmp/1 T_5.1, 6;
    %dup/vec4;
    %pushi/vec4 2, 0, 3;
    %cmp/u;
    %jmp/1 T_5.2, 6;
    %dup/vec4;
    %pushi/vec4 3, 0, 3;
    %cmp/u;
    %jmp/1 T_5.3, 6;
    %dup/vec4;
    %pushi/vec4 4, 0, 3;
    %cmp/u;
    %jmp/1 T_5.4, 6;
    %dup/vec4;
    %pushi/vec4 5, 0, 3;
    %cmp/u;
    %jmp/1 T_5.5, 6;
    %dup/vec4;
    %pushi/vec4 6, 0, 3;
    %cmp/u;
    %jmp/1 T_5.6, 6;
    %dup/vec4;
    %pushi/vec4 7, 0, 3;
    %cmp/u;
    %jmp/1 T_5.7, 6;
    %pushi/vec4 0, 0, 32;
    %store/vec4 v000001ee2686c410_0, 0, 32;
    %jmp T_5.9;
T_5.0 ;
    %load/vec4 v000001ee2686b3d0_0;
    %dup/vec4;
    %pushi/vec4 0, 0, 1;
    %cmp/u;
    %jmp/1 T_5.10, 6;
    %dup/vec4;
    %pushi/vec4 1, 0, 1;
    %cmp/u;
    %jmp/1 T_5.11, 6;
    %pushi/vec4 0, 0, 32;
    %store/vec4 v000001ee2686c410_0, 0, 32;
    %jmp T_5.13;
T_5.10 ;
    %load/vec4 v000001ee2686b8d0_0;
    %load/vec4 v000001ee2686c550_0;
    %add;
    %store/vec4 v000001ee2686c410_0, 0, 32;
    %jmp T_5.13;
T_5.11 ;
    %load/vec4 v000001ee2686b8d0_0;
    %load/vec4 v000001ee2686c550_0;
    %sub;
    %store/vec4 v000001ee2686c410_0, 0, 32;
    %jmp T_5.13;
T_5.13 ;
    %pop/vec4 1;
    %jmp T_5.9;
T_5.1 ;
    %load/vec4 v000001ee2686b330_0;
    %store/vec4 v000001ee2686c410_0, 0, 32;
    %jmp T_5.9;
T_5.2 ;
    %pushi/vec4 0, 0, 31;
    %load/vec4 v000001ee2686b470_0;
    %concat/vec4; draw_concat_vec4
    %store/vec4 v000001ee2686c410_0, 0, 32;
    %jmp T_5.9;
T_5.3 ;
    %pushi/vec4 0, 0, 31;
    %load/vec4 v000001ee2686b470_0;
    %concat/vec4; draw_concat_vec4
    %store/vec4 v000001ee2686c410_0, 0, 32;
    %jmp T_5.9;
T_5.4 ;
    %load/vec4 v000001ee2686b8d0_0;
    %load/vec4 v000001ee2686c550_0;
    %xor;
    %store/vec4 v000001ee2686c410_0, 0, 32;
    %jmp T_5.9;
T_5.5 ;
    %load/vec4 v000001ee267b1c20_0;
    %dup/vec4;
    %pushi/vec4 0, 0, 1;
    %cmp/u;
    %jmp/1 T_5.14, 6;
    %dup/vec4;
    %pushi/vec4 1, 0, 1;
    %cmp/u;
    %jmp/1 T_5.15, 6;
    %pushi/vec4 0, 0, 32;
    %store/vec4 v000001ee2686c410_0, 0, 32;
    %jmp T_5.17;
T_5.14 ;
    %load/vec4 v000001ee2686b1f0_0;
    %store/vec4 v000001ee2686c410_0, 0, 32;
    %jmp T_5.17;
T_5.15 ;
    %load/vec4 v000001ee2686b510_0;
    %store/vec4 v000001ee2686c410_0, 0, 32;
    %jmp T_5.17;
T_5.17 ;
    %pop/vec4 1;
    %jmp T_5.9;
T_5.6 ;
    %load/vec4 v000001ee2686b8d0_0;
    %load/vec4 v000001ee2686c550_0;
    %or;
    %store/vec4 v000001ee2686c410_0, 0, 32;
    %jmp T_5.9;
T_5.7 ;
    %load/vec4 v000001ee2686b8d0_0;
    %load/vec4 v000001ee2686c550_0;
    %and;
    %store/vec4 v000001ee2686c410_0, 0, 32;
    %jmp T_5.9;
T_5.9 ;
    %pop/vec4 1;
    %jmp T_5;
    .thread T_5, $push;
    .scope S_000001ee2681c050;
T_6 ;
    %pushi/vec4 3, 0, 3;
    %store/vec4 v000001ee2686c0f0_0, 0, 3;
    %pushi/vec4 0, 0, 3;
    %store/vec4 v000001ee2686c370_0, 0, 3;
    %pushi/vec4 0, 0, 7;
    %store/vec4 v000001ee2686caf0_0, 0, 7;
    %pushi/vec4 51, 0, 7;
    %store/vec4 v000001ee2686b150_0, 0, 7;
    %pushi/vec4 3, 0, 32;
    %store/vec4 v000001ee2686cb90_0, 0, 32;
    %pushi/vec4 4, 0, 32;
    %store/vec4 v000001ee2686af70_0, 0, 32;
    %pushi/vec4 7, 0, 32;
    %store/vec4 v000001ee267b0dc0_0, 0, 32;
    %pushi/vec4 0, 0, 1;
    %store/vec4 v000001ee267b1cc0_0, 0, 1;
    %pushi/vec4 1, 0, 1;
    %store/vec4 v000001ee267b10e0_0, 0, 1;
    %pushi/vec4 0, 0, 32; draw_string_vec4
    %pushi/vec4 0, 0, 32; draw_string_vec4
    %concat/vec4; draw_string_vec4
    %pushi/vec4 0, 0, 32; draw_string_vec4
    %concat/vec4; draw_string_vec4
    %pushi/vec4 0, 0, 32; draw_string_vec4
    %concat/vec4; draw_string_vec4
    %pushi/vec4 0, 0, 32; draw_string_vec4
    %concat/vec4; draw_string_vec4
    %pushi/vec4 114, 0, 32; draw_string_vec4
    %concat/vec4; draw_string_vec4
    %pushi/vec4 1954115685, 0, 32; draw_string_vec4
    %concat/vec4; draw_string_vec4
    %pushi/vec4 1600218212, 0, 32; draw_string_vec4
    %concat/vec4; draw_string_vec4
    %store/vec4 v000001ee267b19a0_0, 0, 256;
    %fork TD_unit_execute_tb.check, S_000001ee267beda0;
    %join;
    %pushi/vec4 3, 0, 3;
    %store/vec4 v000001ee2686c0f0_0, 0, 3;
    %pushi/vec4 0, 0, 3;
    %store/vec4 v000001ee2686c370_0, 0, 3;
    %pushi/vec4 32, 0, 7;
    %store/vec4 v000001ee2686caf0_0, 0, 7;
    %pushi/vec4 51, 0, 7;
    %store/vec4 v000001ee2686b150_0, 0, 7;
    %pushi/vec4 3, 0, 32;
    %store/vec4 v000001ee2686cb90_0, 0, 32;
    %pushi/vec4 4, 0, 32;
    %store/vec4 v000001ee2686af70_0, 0, 32;
    %pushi/vec4 4294967295, 0, 32;
    %store/vec4 v000001ee267b0dc0_0, 0, 32;
    %pushi/vec4 0, 0, 1;
    %store/vec4 v000001ee267b1cc0_0, 0, 1;
    %pushi/vec4 1, 0, 1;
    %store/vec4 v000001ee267b10e0_0, 0, 1;
    %pushi/vec4 0, 0, 32; draw_string_vec4
    %pushi/vec4 0, 0, 32; draw_string_vec4
    %concat/vec4; draw_string_vec4
    %pushi/vec4 0, 0, 32; draw_string_vec4
    %concat/vec4; draw_string_vec4
    %pushi/vec4 0, 0, 32; draw_string_vec4
    %concat/vec4; draw_string_vec4
    %pushi/vec4 0, 0, 32; draw_string_vec4
    %concat/vec4; draw_string_vec4
    %pushi/vec4 114, 0, 32; draw_string_vec4
    %concat/vec4; draw_string_vec4
    %pushi/vec4 1954115685, 0, 32; draw_string_vec4
    %concat/vec4; draw_string_vec4
    %pushi/vec4 1601402210, 0, 32; draw_string_vec4
    %concat/vec4; draw_string_vec4
    %store/vec4 v000001ee267b19a0_0, 0, 256;
    %fork TD_unit_execute_tb.check, S_000001ee267beda0;
    %join;
    %pushi/vec4 1, 0, 3;
    %store/vec4 v000001ee2686c0f0_0, 0, 3;
    %pushi/vec4 5, 0, 3;
    %store/vec4 v000001ee2686c370_0, 0, 3;
    %pushi/vec4 0, 0, 7;
    %store/vec4 v000001ee2686caf0_0, 0, 7;
    %pushi/vec4 19, 0, 7;
    %store/vec4 v000001ee2686b150_0, 0, 7;
    %pushi/vec4 2147483648, 0, 32;
    %store/vec4 v000001ee2686cb90_0, 0, 32;
    %pushi/vec4 1, 0, 32;
    %store/vec4 v000001ee2686af70_0, 0, 32;
    %pushi/vec4 1073741824, 0, 32;
    %store/vec4 v000001ee267b0dc0_0, 0, 32;
    %pushi/vec4 0, 0, 1;
    %store/vec4 v000001ee267b1cc0_0, 0, 1;
    %pushi/vec4 1, 0, 1;
    %store/vec4 v000001ee267b10e0_0, 0, 1;
    %pushi/vec4 0, 0, 32; draw_string_vec4
    %pushi/vec4 0, 0, 32; draw_string_vec4
    %concat/vec4; draw_string_vec4
    %pushi/vec4 0, 0, 32; draw_string_vec4
    %concat/vec4; draw_string_vec4
    %pushi/vec4 0, 0, 32; draw_string_vec4
    %concat/vec4; draw_string_vec4
    %pushi/vec4 0, 0, 32; draw_string_vec4
    %concat/vec4; draw_string_vec4
    %pushi/vec4 26996, 0, 32; draw_string_vec4
    %concat/vec4; draw_string_vec4
    %pushi/vec4 2037409119, 0, 32; draw_string_vec4
    %concat/vec4; draw_string_vec4
    %pushi/vec4 1936878697, 0, 32; draw_string_vec4
    %concat/vec4; draw_string_vec4
    %store/vec4 v000001ee267b19a0_0, 0, 256;
    %fork TD_unit_execute_tb.check, S_000001ee267beda0;
    %join;
    %pushi/vec4 1, 0, 3;
    %store/vec4 v000001ee2686c0f0_0, 0, 3;
    %pushi/vec4 5, 0, 3;
    %store/vec4 v000001ee2686c370_0, 0, 3;
    %pushi/vec4 32, 0, 7;
    %store/vec4 v000001ee2686caf0_0, 0, 7;
    %pushi/vec4 19, 0, 7;
    %store/vec4 v000001ee2686b150_0, 0, 7;
    %pushi/vec4 2147483648, 0, 32;
    %store/vec4 v000001ee2686cb90_0, 0, 32;
    %pushi/vec4 1, 0, 32;
    %store/vec4 v000001ee2686af70_0, 0, 32;
    %pushi/vec4 3221225472, 0, 32;
    %store/vec4 v000001ee267b0dc0_0, 0, 32;
    %pushi/vec4 0, 0, 1;
    %store/vec4 v000001ee267b1cc0_0, 0, 1;
    %pushi/vec4 1, 0, 1;
    %store/vec4 v000001ee267b10e0_0, 0, 1;
    %pushi/vec4 0, 0, 32; draw_string_vec4
    %pushi/vec4 0, 0, 32; draw_string_vec4
    %concat/vec4; draw_string_vec4
    %pushi/vec4 0, 0, 32; draw_string_vec4
    %concat/vec4; draw_string_vec4
    %pushi/vec4 0, 0, 32; draw_string_vec4
    %concat/vec4; draw_string_vec4
    %pushi/vec4 0, 0, 32; draw_string_vec4
    %concat/vec4; draw_string_vec4
    %pushi/vec4 26996, 0, 32; draw_string_vec4
    %concat/vec4; draw_string_vec4
    %pushi/vec4 2037409119, 0, 32; draw_string_vec4
    %concat/vec4; draw_string_vec4
    %pushi/vec4 1936875881, 0, 32; draw_string_vec4
    %concat/vec4; draw_string_vec4
    %store/vec4 v000001ee267b19a0_0, 0, 256;
    %fork TD_unit_execute_tb.check, S_000001ee267beda0;
    %join;
    %pushi/vec4 6, 0, 3;
    %store/vec4 v000001ee2686c0f0_0, 0, 3;
    %pushi/vec4 6, 0, 3;
    %store/vec4 v000001ee2686c370_0, 0, 3;
    %pushi/vec4 0, 0, 7;
    %store/vec4 v000001ee2686caf0_0, 0, 7;
    %pushi/vec4 99, 0, 7;
    %store/vec4 v000001ee2686b150_0, 0, 7;
    %pushi/vec4 4294967295, 0, 32;
    %store/vec4 v000001ee2686cb90_0, 0, 32;
    %pushi/vec4 1, 0, 32;
    %store/vec4 v000001ee2686af70_0, 0, 32;
    %pushi/vec4 4294967294, 0, 32;
    %store/vec4 v000001ee267b0dc0_0, 0, 32;
    %pushi/vec4 0, 0, 1;
    %store/vec4 v000001ee267b1cc0_0, 0, 1;
    %pushi/vec4 0, 0, 1;
    %store/vec4 v000001ee267b10e0_0, 0, 1;
    %pushi/vec4 0, 0, 32; draw_string_vec4
    %pushi/vec4 0, 0, 32; draw_string_vec4
    %concat/vec4; draw_string_vec4
    %pushi/vec4 0, 0, 32; draw_string_vec4
    %concat/vec4; draw_string_vec4
    %pushi/vec4 0, 0, 32; draw_string_vec4
    %concat/vec4; draw_string_vec4
    %pushi/vec4 0, 0, 32; draw_string_vec4
    %concat/vec4; draw_string_vec4
    %pushi/vec4 6451809, 0, 32; draw_string_vec4
    %concat/vec4; draw_string_vec4
    %pushi/vec4 1852008543, 0, 32; draw_string_vec4
    %concat/vec4; draw_string_vec4
    %pushi/vec4 1651274869, 0, 32; draw_string_vec4
    %concat/vec4; draw_string_vec4
    %store/vec4 v000001ee267b19a0_0, 0, 256;
    %fork TD_unit_execute_tb.check, S_000001ee267beda0;
    %join;
    %vpi_call 2 66 "$display", "PASS unit_execute_tb" {0 0 0};
    %vpi_call 2 67 "$finish" {0 0 0};
    %end;
    .thread T_6;
# The file index is used to find the file name in the following table.
:file_names 6;
    "N/A";
    "<interactive>";
    "tests/unit_execute_tb.v";
    "rtl/execute.v";
    "lib/alu.v";
    "lib/alu_control_unit.v";
