#! /c/Source/iverilog-install/bin/vvp
:ivl_version "12.0 (devel)" "(s20150603-1539-g2693dd32b)";
:ivl_delay_selection "TYPICAL";
:vpi_time_precision - 12;
:vpi_module "D:\iverilog\lib\ivl\system.vpi";
:vpi_module "D:\iverilog\lib\ivl\vhdl_sys.vpi";
:vpi_module "D:\iverilog\lib\ivl\vhdl_textio.vpi";
:vpi_module "D:\iverilog\lib\ivl\v2005_math.vpi";
:vpi_module "D:\iverilog\lib\ivl\va_math.vpi";
S_000001319ccbedb0 .scope module, "unit_memory_tb" "unit_memory_tb" 2 3;
 .timescale -9 -12;
v000001319cd195c0_0 .var "EffAddr", 31 0;
v000001319cd19e80_0 .var "Func3", 2 0;
v000001319cd18620_0 .net "LoadData", 31 0, L_000001319d0c8230;  1 drivers
v000001319cd18940_0 .var "MemRead", 0 0;
v000001319cd19f20_0 .var "MemWrite", 0 0;
v000001319cd19c00_0 .net "MisalignTrap", 0 0, L_000001319cc7c790;  1 drivers
v000001319cd197a0_0 .var "StoreData", 31 0;
v000001319cd18b20_0 .var "i_dmem_rdata", 31 0;
v000001319cd18da0_0 .net "o_dmem_addr", 31 0, L_000001319cd18a80;  1 drivers
v000001319cd186c0_0 .net "o_dmem_mask", 3 0, L_000001319cc7c800;  1 drivers
v000001319cd181c0_0 .net "o_dmem_ren", 0 0, L_000001319cc7ccd0;  1 drivers
v000001319cd189e0_0 .net "o_dmem_wdata", 31 0, L_000001319cc7c560;  1 drivers
v000001319cd19660_0 .net "o_dmem_wen", 0 0, L_000001319cc7cd40;  1 drivers
S_000001319cc85190 .scope task, "check" "check" 2 35, 2 35 0, S_000001319ccbedb0;
 .timescale -9 -12;
v000001319cc83fd0_0 .var "exp_load", 31 0;
v000001319cc83df0_0 .var "exp_mask", 3 0;
v000001319cc83ad0_0 .var "exp_ren", 0 0;
v000001319cc841b0_0 .var "exp_trap", 0 0;
v000001319cc83cb0_0 .var "exp_wdata", 31 0;
v000001319cd178d0_0 .var "exp_wen", 0 0;
v000001319cd173d0_0 .var "name", 255 0;
TD_unit_memory_tb.check ;
    %delay 1000, 0;
    %load/vec4 v000001319cd18620_0;
    %load/vec4 v000001319cc83fd0_0;
    %cmp/ne;
    %jmp/1 T_0.6, 6;
    %flag_mov 8, 6;
    %load/vec4 v000001319cd186c0_0;
    %load/vec4 v000001319cc83df0_0;
    %cmp/ne;
    %flag_or 6, 8;
T_0.6;
    %jmp/1 T_0.5, 6;
    %flag_mov 8, 6;
    %load/vec4 v000001319cd189e0_0;
    %load/vec4 v000001319cc83cb0_0;
    %cmp/ne;
    %flag_or 6, 8;
T_0.5;
    %jmp/1 T_0.4, 6;
    %flag_mov 8, 6;
    %load/vec4 v000001319cd181c0_0;
    %load/vec4 v000001319cc83ad0_0;
    %cmp/ne;
    %flag_or 6, 8;
T_0.4;
    %jmp/1 T_0.3, 6;
    %flag_mov 8, 6;
    %load/vec4 v000001319cd19660_0;
    %load/vec4 v000001319cd178d0_0;
    %cmp/ne;
    %flag_or 6, 8;
T_0.3;
    %jmp/1 T_0.2, 6;
    %flag_mov 8, 6;
    %load/vec4 v000001319cd19c00_0;
    %load/vec4 v000001319cc841b0_0;
    %cmp/ne;
    %flag_or 6, 8;
T_0.2;
    %jmp/0xz  T_0.0, 6;
    %vpi_call 2 47 "$display", "FAIL %s:", v000001319cd173d0_0 {0 0 0};
    %vpi_call 2 48 "$display", "  LoadData=%h exp=%h", v000001319cd18620_0, v000001319cc83fd0_0 {0 0 0};
    %vpi_call 2 49 "$display", "  mask=%b exp=%b", v000001319cd186c0_0, v000001319cc83df0_0 {0 0 0};
    %vpi_call 2 50 "$display", "  wdata=%h exp=%h", v000001319cd189e0_0, v000001319cc83cb0_0 {0 0 0};
    %vpi_call 2 51 "$display", "  ren=%b exp=%b wen=%b exp=%b trap=%b exp=%b", v000001319cd181c0_0, v000001319cc83ad0_0, v000001319cd19660_0, v000001319cd178d0_0, v000001319cd19c00_0, v000001319cc841b0_0 {0 0 0};
    %vpi_call 2 52 "$finish" {0 0 0};
T_0.0 ;
    %end;
S_000001319cc94f00 .scope module, "dut" "dmem_access" 2 19, 3 1 0, S_000001319ccbedb0;
 .timescale -9 -12;
    .port_info 0 /INPUT 32 "EffAddr";
    .port_info 1 /INPUT 32 "StoreData";
    .port_info 2 /INPUT 3 "Func3";
    .port_info 3 /INPUT 1 "MemRead";
    .port_info 4 /INPUT 1 "MemWrite";
    .port_info 5 /INPUT 32 "i_dmem_rdata";
    .port_info 6 /OUTPUT 32 "o_dmem_addr";
    .port_info 7 /OUTPUT 4 "o_dmem_mask";
    .port_info 8 /OUTPUT 32 "o_dmem_wdata";
    .port_info 9 /OUTPUT 1 "o_dmem_ren";
    .port_info 10 /OUTPUT 1 "o_dmem_wen";
    .port_info 11 /OUTPUT 32 "LoadData";
    .port_info 12 /OUTPUT 1 "MisalignTrap";
L_000001319cc7cb80 .functor OR 1, L_000001319cd18760, L_000001319cd19980, C4<0>, C4<0>;
L_000001319cc7cbf0 .functor AND 1, v000001319cd18940_0, L_000001319cd18c60, C4<1>, C4<1>;
L_000001319cc7cc60 .functor AND 1, v000001319cd19f20_0, L_000001319cd18e40, C4<1>, C4<1>;
L_000001319cc7c790 .functor OR 1, L_000001319cc7cbf0, L_000001319cc7cc60, C4<0>, C4<0>;
L_000001319cc7d3d0 .functor NOT 1, L_000001319cc7c790, C4<0>, C4<0>, C4<0>;
L_000001319cc7ccd0 .functor AND 1, v000001319cd18940_0, L_000001319cc7d3d0, C4<1>, C4<1>;
L_000001319cc7c950 .functor NOT 1, L_000001319cc7c790, C4<0>, C4<0>, C4<0>;
L_000001319cc7cd40 .functor AND 1, v000001319cd19f20_0, L_000001319cc7c950, C4<1>, C4<1>;
L_000001319cc7d1a0 .functor OR 1, v000001319cd18940_0, v000001319cd19f20_0, C4<0>, C4<0>;
L_000001319cc7c800 .functor AND 4, L_000001319cd18bc0, v000001319cd16b10_0, C4<1111>, C4<1111>;
L_000001319cc7c560 .functor AND 32, L_000001319cd193e0, v000001319cd19b60_0, C4<11111111111111111111111111111111>, C4<11111111111111111111111111111111>;
L_000001319cc7cdb0 .functor NOT 1, L_000001319cc7c790, C4<0>, C4<0>, C4<0>;
L_000001319d0c81c0 .functor AND 1, v000001319cd18940_0, L_000001319cc7cdb0, C4<1>, C4<1>;
L_000001319d0c8230 .functor AND 32, L_000001319cd19840, v000001319cd16a70_0, C4<11111111111111111111111111111111>, C4<11111111111111111111111111111111>;
v000001319cd17dd0_0 .net "EffAddr", 31 0, v000001319cd195c0_0;  1 drivers
v000001319cd17d30_0 .net "Func3", 2 0, v000001319cd19e80_0;  1 drivers
v000001319cd16930_0 .net "LoadData", 31 0, L_000001319d0c8230;  alias, 1 drivers
v000001319cd17c90_0 .net "MemRead", 0 0, v000001319cd18940_0;  1 drivers
v000001319cd17970_0 .net "MemWrite", 0 0, v000001319cd19f20_0;  1 drivers
v000001319cd17510_0 .net "MisalignTrap", 0 0, L_000001319cc7c790;  alias, 1 drivers
v000001319cd17010_0 .net "StoreData", 31 0, v000001319cd197a0_0;  1 drivers
v000001319cd16110_0 .net *"_ivl_11", 1 0, L_000001319cd18440;  1 drivers
L_000001319d0800d0 .functor BUFT 1, C4<001>, C4<0>, C4<0>, C4<0>;
v000001319cd169d0_0 .net/2u *"_ivl_14", 2 0, L_000001319d0800d0;  1 drivers
v000001319cd16750_0 .net *"_ivl_16", 0 0, L_000001319cd18760;  1 drivers
L_000001319d080118 .functor BUFT 1, C4<101>, C4<0>, C4<0>, C4<0>;
v000001319cd176f0_0 .net/2u *"_ivl_18", 2 0, L_000001319d080118;  1 drivers
v000001319cd161b0_0 .net *"_ivl_20", 0 0, L_000001319cd19980;  1 drivers
v000001319cd170b0_0 .net *"_ivl_22", 0 0, L_000001319cc7cb80;  1 drivers
L_000001319d080160 .functor BUFT 1, C4<010>, C4<0>, C4<0>, C4<0>;
v000001319cd17a10_0 .net/2u *"_ivl_24", 2 0, L_000001319d080160;  1 drivers
v000001319cd17f10_0 .net *"_ivl_26", 0 0, L_000001319cd18800;  1 drivers
L_000001319d0801a8 .functor BUFT 1, C4<0>, C4<0>, C4<0>, C4<0>;
v000001319cd16250_0 .net/2u *"_ivl_28", 0 0, L_000001319d0801a8;  1 drivers
v000001319cd16e30_0 .net *"_ivl_3", 29 0, L_000001319cd184e0;  1 drivers
v000001319cd17470_0 .net *"_ivl_30", 0 0, L_000001319cd19ac0;  1 drivers
v000001319cd16890_0 .net *"_ivl_32", 0 0, L_000001319cd18c60;  1 drivers
L_000001319d0801f0 .functor BUFT 1, C4<001>, C4<0>, C4<0>, C4<0>;
v000001319cd162f0_0 .net/2u *"_ivl_36", 2 0, L_000001319d0801f0;  1 drivers
v000001319cd17e70_0 .net *"_ivl_38", 0 0, L_000001319cd188a0;  1 drivers
L_000001319d080088 .functor BUFT 1, C4<00>, C4<0>, C4<0>, C4<0>;
v000001319cd17b50_0 .net/2u *"_ivl_4", 1 0, L_000001319d080088;  1 drivers
L_000001319d080238 .functor BUFT 1, C4<010>, C4<0>, C4<0>, C4<0>;
v000001319cd17ab0_0 .net/2u *"_ivl_40", 2 0, L_000001319d080238;  1 drivers
v000001319cd171f0_0 .net *"_ivl_42", 0 0, L_000001319cd18120;  1 drivers
L_000001319d080280 .functor BUFT 1, C4<0>, C4<0>, C4<0>, C4<0>;
v000001319cd16390_0 .net/2u *"_ivl_44", 0 0, L_000001319d080280;  1 drivers
v000001319cd16070_0 .net *"_ivl_46", 0 0, L_000001319cd19d40;  1 drivers
v000001319cd17150_0 .net *"_ivl_48", 0 0, L_000001319cd18e40;  1 drivers
v000001319cd16430_0 .net *"_ivl_54", 0 0, L_000001319cc7d3d0;  1 drivers
v000001319cd164d0_0 .net *"_ivl_58", 0 0, L_000001319cc7c950;  1 drivers
v000001319cd17330_0 .net *"_ivl_62", 0 0, L_000001319cc7d1a0;  1 drivers
v000001319cd175b0_0 .net *"_ivl_64", 3 0, L_000001319cd18bc0;  1 drivers
v000001319cd17bf0_0 .net *"_ivl_68", 31 0, L_000001319cd193e0;  1 drivers
v000001319cd16570_0 .net *"_ivl_76", 0 0, L_000001319cc7cdb0;  1 drivers
v000001319cd16610_0 .net *"_ivl_78", 0 0, L_000001319d0c81c0;  1 drivers
v000001319cd17830_0 .net *"_ivl_80", 31 0, L_000001319cd19840;  1 drivers
v000001319cd166b0_0 .net "byte_offset", 1 0, L_000001319cd19ca0;  1 drivers
v000001319cd167f0_0 .net "i_dmem_rdata", 31 0, v000001319cd18b20_0;  1 drivers
v000001319cd16a70_0 .var "loaddata_dec", 31 0;
v000001319cd16b10_0 .var "mask_dec", 3 0;
v000001319cd16bb0_0 .net "misalign_half", 0 0, L_000001319cd18260;  1 drivers
v000001319cd17290_0 .net "misalign_load", 0 0, L_000001319cc7cbf0;  1 drivers
v000001319cd17650_0 .net "misalign_store", 0 0, L_000001319cc7cc60;  1 drivers
v000001319cd16c50_0 .net "misalign_word", 0 0, L_000001319cd18580;  1 drivers
v000001319cd16cf0_0 .net "o_dmem_addr", 31 0, L_000001319cd18a80;  alias, 1 drivers
v000001319cd17790_0 .net "o_dmem_mask", 3 0, L_000001319cc7c800;  alias, 1 drivers
v000001319cd16d90_0 .net "o_dmem_ren", 0 0, L_000001319cc7ccd0;  alias, 1 drivers
v000001319cd16ed0_0 .net "o_dmem_wdata", 31 0, L_000001319cc7c560;  alias, 1 drivers
v000001319cd16f70_0 .net "o_dmem_wen", 0 0, L_000001319cc7cd40;  alias, 1 drivers
v000001319cd18d00_0 .net "rbyte", 7 0, L_000001319cd19de0;  1 drivers
v000001319cd19160_0 .var "rdata_shifted", 31 0;
v000001319cd19020_0 .net "rhalf", 15 0, L_000001319cd198e0;  1 drivers
v000001319cd19520_0 .var "sb_data", 31 0;
v000001319cd19200_0 .var "sh_data", 31 0;
v000001319cd19b60_0 .var "store_data_dec", 31 0;
E_000001319ccb9ad0 .event anyedge, v000001319cd17d30_0, v000001319cd18d00_0, v000001319cd19020_0, v000001319cd19160_0;
E_000001319ccb9f50 .event anyedge, v000001319cd166b0_0, v000001319cd167f0_0;
E_000001319ccba450 .event anyedge, v000001319cd17d30_0, v000001319cd19520_0, v000001319cd19200_0, v000001319cd17010_0;
E_000001319ccba190 .event anyedge, v000001319cd166b0_0, v000001319cd17010_0;
E_000001319ccb9750 .event anyedge, v000001319cd17d30_0, v000001319cd166b0_0;
L_000001319cd19ca0 .part v000001319cd195c0_0, 0, 2;
L_000001319cd184e0 .part v000001319cd195c0_0, 2, 30;
L_000001319cd18a80 .concat [ 2 30 0 0], L_000001319d080088, L_000001319cd184e0;
L_000001319cd18260 .part v000001319cd195c0_0, 0, 1;
L_000001319cd18440 .part v000001319cd195c0_0, 0, 2;
L_000001319cd18580 .reduce/or L_000001319cd18440;
L_000001319cd18760 .cmp/eq 3, v000001319cd19e80_0, L_000001319d0800d0;
L_000001319cd19980 .cmp/eq 3, v000001319cd19e80_0, L_000001319d080118;
L_000001319cd18800 .cmp/eq 3, v000001319cd19e80_0, L_000001319d080160;
L_000001319cd19ac0 .functor MUXZ 1, L_000001319d0801a8, L_000001319cd18580, L_000001319cd18800, C4<>;
L_000001319cd18c60 .functor MUXZ 1, L_000001319cd19ac0, L_000001319cd18260, L_000001319cc7cb80, C4<>;
L_000001319cd188a0 .cmp/eq 3, v000001319cd19e80_0, L_000001319d0801f0;
L_000001319cd18120 .cmp/eq 3, v000001319cd19e80_0, L_000001319d080238;
L_000001319cd19d40 .functor MUXZ 1, L_000001319d080280, L_000001319cd18580, L_000001319cd18120, C4<>;
L_000001319cd18e40 .functor MUXZ 1, L_000001319cd19d40, L_000001319cd18260, L_000001319cd188a0, C4<>;
L_000001319cd18bc0 .concat [ 1 1 1 1], L_000001319cc7d1a0, L_000001319cc7d1a0, L_000001319cc7d1a0, L_000001319cc7d1a0;
LS_000001319cd193e0_0_0 .concat [ 1 1 1 1], v000001319cd19f20_0, v000001319cd19f20_0, v000001319cd19f20_0, v000001319cd19f20_0;
LS_000001319cd193e0_0_4 .concat [ 1 1 1 1], v000001319cd19f20_0, v000001319cd19f20_0, v000001319cd19f20_0, v000001319cd19f20_0;
LS_000001319cd193e0_0_8 .concat [ 1 1 1 1], v000001319cd19f20_0, v000001319cd19f20_0, v000001319cd19f20_0, v000001319cd19f20_0;
LS_000001319cd193e0_0_12 .concat [ 1 1 1 1], v000001319cd19f20_0, v000001319cd19f20_0, v000001319cd19f20_0, v000001319cd19f20_0;
LS_000001319cd193e0_0_16 .concat [ 1 1 1 1], v000001319cd19f20_0, v000001319cd19f20_0, v000001319cd19f20_0, v000001319cd19f20_0;
LS_000001319cd193e0_0_20 .concat [ 1 1 1 1], v000001319cd19f20_0, v000001319cd19f20_0, v000001319cd19f20_0, v000001319cd19f20_0;
LS_000001319cd193e0_0_24 .concat [ 1 1 1 1], v000001319cd19f20_0, v000001319cd19f20_0, v000001319cd19f20_0, v000001319cd19f20_0;
LS_000001319cd193e0_0_28 .concat [ 1 1 1 1], v000001319cd19f20_0, v000001319cd19f20_0, v000001319cd19f20_0, v000001319cd19f20_0;
LS_000001319cd193e0_1_0 .concat [ 4 4 4 4], LS_000001319cd193e0_0_0, LS_000001319cd193e0_0_4, LS_000001319cd193e0_0_8, LS_000001319cd193e0_0_12;
LS_000001319cd193e0_1_4 .concat [ 4 4 4 4], LS_000001319cd193e0_0_16, LS_000001319cd193e0_0_20, LS_000001319cd193e0_0_24, LS_000001319cd193e0_0_28;
L_000001319cd193e0 .concat [ 16 16 0 0], LS_000001319cd193e0_1_0, LS_000001319cd193e0_1_4;
L_000001319cd19de0 .part v000001319cd19160_0, 0, 8;
L_000001319cd198e0 .part v000001319cd19160_0, 0, 16;
LS_000001319cd19840_0_0 .concat [ 1 1 1 1], L_000001319d0c81c0, L_000001319d0c81c0, L_000001319d0c81c0, L_000001319d0c81c0;
LS_000001319cd19840_0_4 .concat [ 1 1 1 1], L_000001319d0c81c0, L_000001319d0c81c0, L_000001319d0c81c0, L_000001319d0c81c0;
LS_000001319cd19840_0_8 .concat [ 1 1 1 1], L_000001319d0c81c0, L_000001319d0c81c0, L_000001319d0c81c0, L_000001319d0c81c0;
LS_000001319cd19840_0_12 .concat [ 1 1 1 1], L_000001319d0c81c0, L_000001319d0c81c0, L_000001319d0c81c0, L_000001319d0c81c0;
LS_000001319cd19840_0_16 .concat [ 1 1 1 1], L_000001319d0c81c0, L_000001319d0c81c0, L_000001319d0c81c0, L_000001319d0c81c0;
LS_000001319cd19840_0_20 .concat [ 1 1 1 1], L_000001319d0c81c0, L_000001319d0c81c0, L_000001319d0c81c0, L_000001319d0c81c0;
LS_000001319cd19840_0_24 .concat [ 1 1 1 1], L_000001319d0c81c0, L_000001319d0c81c0, L_000001319d0c81c0, L_000001319d0c81c0;
LS_000001319cd19840_0_28 .concat [ 1 1 1 1], L_000001319d0c81c0, L_000001319d0c81c0, L_000001319d0c81c0, L_000001319d0c81c0;
LS_000001319cd19840_1_0 .concat [ 4 4 4 4], LS_000001319cd19840_0_0, LS_000001319cd19840_0_4, LS_000001319cd19840_0_8, LS_000001319cd19840_0_12;
LS_000001319cd19840_1_4 .concat [ 4 4 4 4], LS_000001319cd19840_0_16, LS_000001319cd19840_0_20, LS_000001319cd19840_0_24, LS_000001319cd19840_0_28;
L_000001319cd19840 .concat [ 16 16 0 0], LS_000001319cd19840_1_0, LS_000001319cd19840_1_4;
    .scope S_000001319cc94f00;
T_1 ;
    %wait E_000001319ccb9750;
    %load/vec4 v000001319cd17d30_0;
    %dup/vec4;
    %pushi/vec4 0, 0, 3;
    %cmp/u;
    %jmp/1 T_1.0, 6;
    %dup/vec4;
    %pushi/vec4 4, 0, 3;
    %cmp/u;
    %jmp/1 T_1.1, 6;
    %dup/vec4;
    %pushi/vec4 1, 0, 3;
    %cmp/u;
    %jmp/1 T_1.2, 6;
    %dup/vec4;
    %pushi/vec4 5, 0, 3;
    %cmp/u;
    %jmp/1 T_1.3, 6;
    %dup/vec4;
    %pushi/vec4 2, 0, 3;
    %cmp/u;
    %jmp/1 T_1.4, 6;
    %pushi/vec4 0, 0, 4;
    %store/vec4 v000001319cd16b10_0, 0, 4;
    %jmp T_1.6;
T_1.0 ;
    %load/vec4 v000001319cd166b0_0;
    %dup/vec4;
    %pushi/vec4 0, 0, 2;
    %cmp/u;
    %jmp/1 T_1.7, 6;
    %dup/vec4;
    %pushi/vec4 1, 0, 2;
    %cmp/u;
    %jmp/1 T_1.8, 6;
    %dup/vec4;
    %pushi/vec4 2, 0, 2;
    %cmp/u;
    %jmp/1 T_1.9, 6;
    %dup/vec4;
    %pushi/vec4 3, 0, 2;
    %cmp/u;
    %jmp/1 T_1.10, 6;
    %pushi/vec4 0, 0, 4;
    %store/vec4 v000001319cd16b10_0, 0, 4;
    %jmp T_1.12;
T_1.7 ;
    %pushi/vec4 1, 0, 4;
    %store/vec4 v000001319cd16b10_0, 0, 4;
    %jmp T_1.12;
T_1.8 ;
    %pushi/vec4 2, 0, 4;
    %store/vec4 v000001319cd16b10_0, 0, 4;
    %jmp T_1.12;
T_1.9 ;
    %pushi/vec4 4, 0, 4;
    %store/vec4 v000001319cd16b10_0, 0, 4;
    %jmp T_1.12;
T_1.10 ;
    %pushi/vec4 8, 0, 4;
    %store/vec4 v000001319cd16b10_0, 0, 4;
    %jmp T_1.12;
T_1.12 ;
    %pop/vec4 1;
    %jmp T_1.6;
T_1.1 ;
    %load/vec4 v000001319cd166b0_0;
    %dup/vec4;
    %pushi/vec4 0, 0, 2;
    %cmp/u;
    %jmp/1 T_1.13, 6;
    %dup/vec4;
    %pushi/vec4 1, 0, 2;
    %cmp/u;
    %jmp/1 T_1.14, 6;
    %dup/vec4;
    %pushi/vec4 2, 0, 2;
    %cmp/u;
    %jmp/1 T_1.15, 6;
    %dup/vec4;
    %pushi/vec4 3, 0, 2;
    %cmp/u;
    %jmp/1 T_1.16, 6;
    %pushi/vec4 0, 0, 4;
    %store/vec4 v000001319cd16b10_0, 0, 4;
    %jmp T_1.18;
T_1.13 ;
    %pushi/vec4 1, 0, 4;
    %store/vec4 v000001319cd16b10_0, 0, 4;
    %jmp T_1.18;
T_1.14 ;
    %pushi/vec4 2, 0, 4;
    %store/vec4 v000001319cd16b10_0, 0, 4;
    %jmp T_1.18;
T_1.15 ;
    %pushi/vec4 4, 0, 4;
    %store/vec4 v000001319cd16b10_0, 0, 4;
    %jmp T_1.18;
T_1.16 ;
    %pushi/vec4 8, 0, 4;
    %store/vec4 v000001319cd16b10_0, 0, 4;
    %jmp T_1.18;
T_1.18 ;
    %pop/vec4 1;
    %jmp T_1.6;
T_1.2 ;
    %load/vec4 v000001319cd166b0_0;
    %parti/s 1, 1, 2;
    %dup/vec4;
    %pushi/vec4 0, 0, 1;
    %cmp/u;
    %jmp/1 T_1.19, 6;
    %dup/vec4;
    %pushi/vec4 1, 0, 1;
    %cmp/u;
    %jmp/1 T_1.20, 6;
    %pushi/vec4 0, 0, 4;
    %store/vec4 v000001319cd16b10_0, 0, 4;
    %jmp T_1.22;
T_1.19 ;
    %pushi/vec4 3, 0, 4;
    %store/vec4 v000001319cd16b10_0, 0, 4;
    %jmp T_1.22;
T_1.20 ;
    %pushi/vec4 12, 0, 4;
    %store/vec4 v000001319cd16b10_0, 0, 4;
    %jmp T_1.22;
T_1.22 ;
    %pop/vec4 1;
    %jmp T_1.6;
T_1.3 ;
    %load/vec4 v000001319cd166b0_0;
    %parti/s 1, 1, 2;
    %dup/vec4;
    %pushi/vec4 0, 0, 1;
    %cmp/u;
    %jmp/1 T_1.23, 6;
    %dup/vec4;
    %pushi/vec4 1, 0, 1;
    %cmp/u;
    %jmp/1 T_1.24, 6;
    %pushi/vec4 0, 0, 4;
    %store/vec4 v000001319cd16b10_0, 0, 4;
    %jmp T_1.26;
T_1.23 ;
    %pushi/vec4 3, 0, 4;
    %store/vec4 v000001319cd16b10_0, 0, 4;
    %jmp T_1.26;
T_1.24 ;
    %pushi/vec4 12, 0, 4;
    %store/vec4 v000001319cd16b10_0, 0, 4;
    %jmp T_1.26;
T_1.26 ;
    %pop/vec4 1;
    %jmp T_1.6;
T_1.4 ;
    %pushi/vec4 15, 0, 4;
    %store/vec4 v000001319cd16b10_0, 0, 4;
    %jmp T_1.6;
T_1.6 ;
    %pop/vec4 1;
    %jmp T_1;
    .thread T_1, $push;
    .scope S_000001319cc94f00;
T_2 ;
    %wait E_000001319ccba190;
    %load/vec4 v000001319cd166b0_0;
    %dup/vec4;
    %pushi/vec4 0, 0, 2;
    %cmp/u;
    %jmp/1 T_2.0, 6;
    %dup/vec4;
    %pushi/vec4 1, 0, 2;
    %cmp/u;
    %jmp/1 T_2.1, 6;
    %dup/vec4;
    %pushi/vec4 2, 0, 2;
    %cmp/u;
    %jmp/1 T_2.2, 6;
    %dup/vec4;
    %pushi/vec4 3, 0, 2;
    %cmp/u;
    %jmp/1 T_2.3, 6;
    %pushi/vec4 0, 0, 32;
    %store/vec4 v000001319cd19520_0, 0, 32;
    %jmp T_2.5;
T_2.0 ;
    %load/vec4 v000001319cd17010_0;
    %store/vec4 v000001319cd19520_0, 0, 32;
    %jmp T_2.5;
T_2.1 ;
    %load/vec4 v000001319cd17010_0;
    %parti/s 24, 0, 2;
    %concati/vec4 0, 0, 8;
    %store/vec4 v000001319cd19520_0, 0, 32;
    %jmp T_2.5;
T_2.2 ;
    %load/vec4 v000001319cd17010_0;
    %parti/s 16, 0, 2;
    %concati/vec4 0, 0, 16;
    %store/vec4 v000001319cd19520_0, 0, 32;
    %jmp T_2.5;
T_2.3 ;
    %load/vec4 v000001319cd17010_0;
    %parti/s 8, 0, 2;
    %concati/vec4 0, 0, 24;
    %store/vec4 v000001319cd19520_0, 0, 32;
    %jmp T_2.5;
T_2.5 ;
    %pop/vec4 1;
    %jmp T_2;
    .thread T_2, $push;
    .scope S_000001319cc94f00;
T_3 ;
    %wait E_000001319ccba190;
    %load/vec4 v000001319cd166b0_0;
    %parti/s 1, 1, 2;
    %dup/vec4;
    %pushi/vec4 0, 0, 1;
    %cmp/u;
    %jmp/1 T_3.0, 6;
    %dup/vec4;
    %pushi/vec4 1, 0, 1;
    %cmp/u;
    %jmp/1 T_3.1, 6;
    %pushi/vec4 0, 0, 32;
    %store/vec4 v000001319cd19200_0, 0, 32;
    %jmp T_3.3;
T_3.0 ;
    %load/vec4 v000001319cd17010_0;
    %store/vec4 v000001319cd19200_0, 0, 32;
    %jmp T_3.3;
T_3.1 ;
    %load/vec4 v000001319cd17010_0;
    %parti/s 16, 0, 2;
    %concati/vec4 0, 0, 16;
    %store/vec4 v000001319cd19200_0, 0, 32;
    %jmp T_3.3;
T_3.3 ;
    %pop/vec4 1;
    %jmp T_3;
    .thread T_3, $push;
    .scope S_000001319cc94f00;
T_4 ;
    %wait E_000001319ccba450;
    %load/vec4 v000001319cd17d30_0;
    %dup/vec4;
    %pushi/vec4 0, 0, 3;
    %cmp/u;
    %jmp/1 T_4.0, 6;
    %dup/vec4;
    %pushi/vec4 1, 0, 3;
    %cmp/u;
    %jmp/1 T_4.1, 6;
    %dup/vec4;
    %pushi/vec4 2, 0, 3;
    %cmp/u;
    %jmp/1 T_4.2, 6;
    %pushi/vec4 0, 0, 32;
    %store/vec4 v000001319cd19b60_0, 0, 32;
    %jmp T_4.4;
T_4.0 ;
    %load/vec4 v000001319cd19520_0;
    %store/vec4 v000001319cd19b60_0, 0, 32;
    %jmp T_4.4;
T_4.1 ;
    %load/vec4 v000001319cd19200_0;
    %store/vec4 v000001319cd19b60_0, 0, 32;
    %jmp T_4.4;
T_4.2 ;
    %load/vec4 v000001319cd17010_0;
    %store/vec4 v000001319cd19b60_0, 0, 32;
    %jmp T_4.4;
T_4.4 ;
    %pop/vec4 1;
    %jmp T_4;
    .thread T_4, $push;
    .scope S_000001319cc94f00;
T_5 ;
    %wait E_000001319ccb9f50;
    %load/vec4 v000001319cd166b0_0;
    %dup/vec4;
    %pushi/vec4 0, 0, 2;
    %cmp/u;
    %jmp/1 T_5.0, 6;
    %dup/vec4;
    %pushi/vec4 1, 0, 2;
    %cmp/u;
    %jmp/1 T_5.1, 6;
    %dup/vec4;
    %pushi/vec4 2, 0, 2;
    %cmp/u;
    %jmp/1 T_5.2, 6;
    %dup/vec4;
    %pushi/vec4 3, 0, 2;
    %cmp/u;
    %jmp/1 T_5.3, 6;
    %pushi/vec4 0, 0, 32;
    %store/vec4 v000001319cd19160_0, 0, 32;
    %jmp T_5.5;
T_5.0 ;
    %load/vec4 v000001319cd167f0_0;
    %store/vec4 v000001319cd19160_0, 0, 32;
    %jmp T_5.5;
T_5.1 ;
    %pushi/vec4 0, 0, 8;
    %load/vec4 v000001319cd167f0_0;
    %parti/s 24, 8, 5;
    %concat/vec4; draw_concat_vec4
    %store/vec4 v000001319cd19160_0, 0, 32;
    %jmp T_5.5;
T_5.2 ;
    %pushi/vec4 0, 0, 16;
    %load/vec4 v000001319cd167f0_0;
    %parti/s 16, 16, 6;
    %concat/vec4; draw_concat_vec4
    %store/vec4 v000001319cd19160_0, 0, 32;
    %jmp T_5.5;
T_5.3 ;
    %pushi/vec4 0, 0, 24;
    %load/vec4 v000001319cd167f0_0;
    %parti/s 8, 24, 6;
    %concat/vec4; draw_concat_vec4
    %store/vec4 v000001319cd19160_0, 0, 32;
    %jmp T_5.5;
T_5.5 ;
    %pop/vec4 1;
    %jmp T_5;
    .thread T_5, $push;
    .scope S_000001319cc94f00;
T_6 ;
    %wait E_000001319ccb9ad0;
    %load/vec4 v000001319cd17d30_0;
    %dup/vec4;
    %pushi/vec4 0, 0, 3;
    %cmp/u;
    %jmp/1 T_6.0, 6;
    %dup/vec4;
    %pushi/vec4 4, 0, 3;
    %cmp/u;
    %jmp/1 T_6.1, 6;
    %dup/vec4;
    %pushi/vec4 1, 0, 3;
    %cmp/u;
    %jmp/1 T_6.2, 6;
    %dup/vec4;
    %pushi/vec4 5, 0, 3;
    %cmp/u;
    %jmp/1 T_6.3, 6;
    %dup/vec4;
    %pushi/vec4 2, 0, 3;
    %cmp/u;
    %jmp/1 T_6.4, 6;
    %pushi/vec4 0, 0, 32;
    %store/vec4 v000001319cd16a70_0, 0, 32;
    %jmp T_6.6;
T_6.0 ;
    %load/vec4 v000001319cd18d00_0;
    %parti/s 1, 7, 4;
    %replicate 24;
    %load/vec4 v000001319cd18d00_0;
    %concat/vec4; draw_concat_vec4
    %store/vec4 v000001319cd16a70_0, 0, 32;
    %jmp T_6.6;
T_6.1 ;
    %pushi/vec4 0, 0, 24;
    %load/vec4 v000001319cd18d00_0;
    %concat/vec4; draw_concat_vec4
    %store/vec4 v000001319cd16a70_0, 0, 32;
    %jmp T_6.6;
T_6.2 ;
    %load/vec4 v000001319cd19020_0;
    %parti/s 1, 15, 5;
    %replicate 16;
    %load/vec4 v000001319cd19020_0;
    %concat/vec4; draw_concat_vec4
    %store/vec4 v000001319cd16a70_0, 0, 32;
    %jmp T_6.6;
T_6.3 ;
    %pushi/vec4 0, 0, 16;
    %load/vec4 v000001319cd19020_0;
    %concat/vec4; draw_concat_vec4
    %store/vec4 v000001319cd16a70_0, 0, 32;
    %jmp T_6.6;
T_6.4 ;
    %load/vec4 v000001319cd19160_0;
    %store/vec4 v000001319cd16a70_0, 0, 32;
    %jmp T_6.6;
T_6.6 ;
    %pop/vec4 1;
    %jmp T_6;
    .thread T_6, $push;
    .scope S_000001319ccbedb0;
T_7 ;
    %pushi/vec4 2164227841, 0, 32;
    %store/vec4 v000001319cd18b20_0, 0, 32;
    %pushi/vec4 2712847316, 0, 32;
    %store/vec4 v000001319cd197a0_0, 0, 32;
    %pushi/vec4 0, 0, 32;
    %store/vec4 v000001319cd195c0_0, 0, 32;
    %pushi/vec4 0, 0, 3;
    %store/vec4 v000001319cd19e80_0, 0, 3;
    %pushi/vec4 1, 0, 1;
    %store/vec4 v000001319cd18940_0, 0, 1;
    %pushi/vec4 0, 0, 1;
    %store/vec4 v000001319cd19f20_0, 0, 1;
    %pushi/vec4 1, 0, 32;
    %store/vec4 v000001319cc83fd0_0, 0, 32;
    %pushi/vec4 1, 0, 4;
    %store/vec4 v000001319cc83df0_0, 0, 4;
    %pushi/vec4 0, 0, 32;
    %store/vec4 v000001319cc83cb0_0, 0, 32;
    %pushi/vec4 1, 0, 1;
    %store/vec4 v000001319cc83ad0_0, 0, 1;
    %pushi/vec4 0, 0, 1;
    %store/vec4 v000001319cd178d0_0, 0, 1;
    %pushi/vec4 0, 0, 1;
    %store/vec4 v000001319cc841b0_0, 0, 1;
    %pushi/vec4 0, 0, 32; draw_string_vec4
    %pushi/vec4 0, 0, 32; draw_string_vec4
    %concat/vec4; draw_string_vec4
    %pushi/vec4 0, 0, 32; draw_string_vec4
    %concat/vec4; draw_string_vec4
    %pushi/vec4 0, 0, 32; draw_string_vec4
    %concat/vec4; draw_string_vec4
    %pushi/vec4 0, 0, 32; draw_string_vec4
    %concat/vec4; draw_string_vec4
    %pushi/vec4 0, 0, 32; draw_string_vec4
    %concat/vec4; draw_string_vec4
    %pushi/vec4 7103071, 0, 32; draw_string_vec4
    %concat/vec4; draw_string_vec4
    %pushi/vec4 1868981808, 0, 32; draw_string_vec4
    %concat/vec4; draw_string_vec4
    %store/vec4 v000001319cd173d0_0, 0, 256;
    %fork TD_unit_memory_tb.check, S_000001319cc85190;
    %join;
    %pushi/vec4 1, 0, 32;
    %store/vec4 v000001319cd195c0_0, 0, 32;
    %pushi/vec4 4, 0, 3;
    %store/vec4 v000001319cd19e80_0, 0, 3;
    %pushi/vec4 1, 0, 1;
    %store/vec4 v000001319cd18940_0, 0, 1;
    %pushi/vec4 0, 0, 1;
    %store/vec4 v000001319cd19f20_0, 0, 1;
    %pushi/vec4 127, 0, 32;
    %store/vec4 v000001319cc83fd0_0, 0, 32;
    %pushi/vec4 2, 0, 4;
    %store/vec4 v000001319cc83df0_0, 0, 4;
    %pushi/vec4 0, 0, 32;
    %store/vec4 v000001319cc83cb0_0, 0, 32;
    %pushi/vec4 1, 0, 1;
    %store/vec4 v000001319cc83ad0_0, 0, 1;
    %pushi/vec4 0, 0, 1;
    %store/vec4 v000001319cd178d0_0, 0, 1;
    %pushi/vec4 0, 0, 1;
    %store/vec4 v000001319cc841b0_0, 0, 1;
    %pushi/vec4 0, 0, 32; draw_string_vec4
    %pushi/vec4 0, 0, 32; draw_string_vec4
    %concat/vec4; draw_string_vec4
    %pushi/vec4 0, 0, 32; draw_string_vec4
    %concat/vec4; draw_string_vec4
    %pushi/vec4 0, 0, 32; draw_string_vec4
    %concat/vec4; draw_string_vec4
    %pushi/vec4 0, 0, 32; draw_string_vec4
    %concat/vec4; draw_string_vec4
    %pushi/vec4 0, 0, 32; draw_string_vec4
    %concat/vec4; draw_string_vec4
    %pushi/vec4 1818391903, 0, 32; draw_string_vec4
    %concat/vec4; draw_string_vec4
    %pushi/vec4 1868981809, 0, 32; draw_string_vec4
    %concat/vec4; draw_string_vec4
    %store/vec4 v000001319cd173d0_0, 0, 256;
    %fork TD_unit_memory_tb.check, S_000001319cc85190;
    %join;
    %pushi/vec4 2, 0, 32;
    %store/vec4 v000001319cd195c0_0, 0, 32;
    %pushi/vec4 1, 0, 3;
    %store/vec4 v000001319cd19e80_0, 0, 3;
    %pushi/vec4 1, 0, 1;
    %store/vec4 v000001319cd18940_0, 0, 1;
    %pushi/vec4 0, 0, 1;
    %store/vec4 v000001319cd19f20_0, 0, 1;
    %pushi/vec4 4294934783, 0, 32;
    %store/vec4 v000001319cc83fd0_0, 0, 32;
    %pushi/vec4 12, 0, 4;
    %store/vec4 v000001319cc83df0_0, 0, 4;
    %pushi/vec4 0, 0, 32;
    %store/vec4 v000001319cc83cb0_0, 0, 32;
    %pushi/vec4 1, 0, 1;
    %store/vec4 v000001319cc83ad0_0, 0, 1;
    %pushi/vec4 0, 0, 1;
    %store/vec4 v000001319cd178d0_0, 0, 1;
    %pushi/vec4 0, 0, 1;
    %store/vec4 v000001319cc841b0_0, 0, 1;
    %pushi/vec4 0, 0, 32; draw_string_vec4
    %pushi/vec4 0, 0, 32; draw_string_vec4
    %concat/vec4; draw_string_vec4
    %pushi/vec4 0, 0, 32; draw_string_vec4
    %concat/vec4; draw_string_vec4
    %pushi/vec4 0, 0, 32; draw_string_vec4
    %concat/vec4; draw_string_vec4
    %pushi/vec4 0, 0, 32; draw_string_vec4
    %concat/vec4; draw_string_vec4
    %pushi/vec4 0, 0, 32; draw_string_vec4
    %concat/vec4; draw_string_vec4
    %pushi/vec4 7104607, 0, 32; draw_string_vec4
    %concat/vec4; draw_string_vec4
    %pushi/vec4 1868981810, 0, 32; draw_string_vec4
    %concat/vec4; draw_string_vec4
    %store/vec4 v000001319cd173d0_0, 0, 256;
    %fork TD_unit_memory_tb.check, S_000001319cc85190;
    %join;
    %pushi/vec4 0, 0, 32;
    %store/vec4 v000001319cd195c0_0, 0, 32;
    %pushi/vec4 5, 0, 3;
    %store/vec4 v000001319cd19e80_0, 0, 3;
    %pushi/vec4 1, 0, 1;
    %store/vec4 v000001319cd18940_0, 0, 1;
    %pushi/vec4 0, 0, 1;
    %store/vec4 v000001319cd19f20_0, 0, 1;
    %pushi/vec4 32513, 0, 32;
    %store/vec4 v000001319cc83fd0_0, 0, 32;
    %pushi/vec4 3, 0, 4;
    %store/vec4 v000001319cc83df0_0, 0, 4;
    %pushi/vec4 0, 0, 32;
    %store/vec4 v000001319cc83cb0_0, 0, 32;
    %pushi/vec4 1, 0, 1;
    %store/vec4 v000001319cc83ad0_0, 0, 1;
    %pushi/vec4 0, 0, 1;
    %store/vec4 v000001319cd178d0_0, 0, 1;
    %pushi/vec4 0, 0, 1;
    %store/vec4 v000001319cc841b0_0, 0, 1;
    %pushi/vec4 0, 0, 32; draw_string_vec4
    %pushi/vec4 0, 0, 32; draw_string_vec4
    %concat/vec4; draw_string_vec4
    %pushi/vec4 0, 0, 32; draw_string_vec4
    %concat/vec4; draw_string_vec4
    %pushi/vec4 0, 0, 32; draw_string_vec4
    %concat/vec4; draw_string_vec4
    %pushi/vec4 0, 0, 32; draw_string_vec4
    %concat/vec4; draw_string_vec4
    %pushi/vec4 0, 0, 32; draw_string_vec4
    %concat/vec4; draw_string_vec4
    %pushi/vec4 1818785119, 0, 32; draw_string_vec4
    %concat/vec4; draw_string_vec4
    %pushi/vec4 1868981808, 0, 32; draw_string_vec4
    %concat/vec4; draw_string_vec4
    %store/vec4 v000001319cd173d0_0, 0, 256;
    %fork TD_unit_memory_tb.check, S_000001319cc85190;
    %join;
    %pushi/vec4 0, 0, 32;
    %store/vec4 v000001319cd195c0_0, 0, 32;
    %pushi/vec4 2, 0, 3;
    %store/vec4 v000001319cd19e80_0, 0, 3;
    %pushi/vec4 1, 0, 1;
    %store/vec4 v000001319cd18940_0, 0, 1;
    %pushi/vec4 0, 0, 1;
    %store/vec4 v000001319cd19f20_0, 0, 1;
    %pushi/vec4 2164227841, 0, 32;
    %store/vec4 v000001319cc83fd0_0, 0, 32;
    %pushi/vec4 15, 0, 4;
    %store/vec4 v000001319cc83df0_0, 0, 4;
    %pushi/vec4 0, 0, 32;
    %store/vec4 v000001319cc83cb0_0, 0, 32;
    %pushi/vec4 1, 0, 1;
    %store/vec4 v000001319cc83ad0_0, 0, 1;
    %pushi/vec4 0, 0, 1;
    %store/vec4 v000001319cd178d0_0, 0, 1;
    %pushi/vec4 0, 0, 1;
    %store/vec4 v000001319cc841b0_0, 0, 1;
    %pushi/vec4 0, 0, 32; draw_string_vec4
    %pushi/vec4 0, 0, 32; draw_string_vec4
    %concat/vec4; draw_string_vec4
    %pushi/vec4 0, 0, 32; draw_string_vec4
    %concat/vec4; draw_string_vec4
    %pushi/vec4 0, 0, 32; draw_string_vec4
    %concat/vec4; draw_string_vec4
    %pushi/vec4 0, 0, 32; draw_string_vec4
    %concat/vec4; draw_string_vec4
    %pushi/vec4 0, 0, 32; draw_string_vec4
    %concat/vec4; draw_string_vec4
    %pushi/vec4 7108447, 0, 32; draw_string_vec4
    %concat/vec4; draw_string_vec4
    %pushi/vec4 1868981808, 0, 32; draw_string_vec4
    %concat/vec4; draw_string_vec4
    %store/vec4 v000001319cd173d0_0, 0, 256;
    %fork TD_unit_memory_tb.check, S_000001319cc85190;
    %join;
    %pushi/vec4 2, 0, 32;
    %store/vec4 v000001319cd195c0_0, 0, 32;
    %pushi/vec4 2, 0, 3;
    %store/vec4 v000001319cd19e80_0, 0, 3;
    %pushi/vec4 1, 0, 1;
    %store/vec4 v000001319cd18940_0, 0, 1;
    %pushi/vec4 0, 0, 1;
    %store/vec4 v000001319cd19f20_0, 0, 1;
    %pushi/vec4 0, 0, 32;
    %store/vec4 v000001319cc83fd0_0, 0, 32;
    %pushi/vec4 15, 0, 4;
    %store/vec4 v000001319cc83df0_0, 0, 4;
    %pushi/vec4 0, 0, 32;
    %store/vec4 v000001319cc83cb0_0, 0, 32;
    %pushi/vec4 0, 0, 1;
    %store/vec4 v000001319cc83ad0_0, 0, 1;
    %pushi/vec4 0, 0, 1;
    %store/vec4 v000001319cd178d0_0, 0, 1;
    %pushi/vec4 1, 0, 1;
    %store/vec4 v000001319cc841b0_0, 0, 1;
    %pushi/vec4 0, 0, 32; draw_string_vec4
    %pushi/vec4 0, 0, 32; draw_string_vec4
    %concat/vec4; draw_string_vec4
    %pushi/vec4 0, 0, 32; draw_string_vec4
    %concat/vec4; draw_string_vec4
    %pushi/vec4 0, 0, 32; draw_string_vec4
    %concat/vec4; draw_string_vec4
    %pushi/vec4 108, 0, 32; draw_string_vec4
    %concat/vec4; draw_string_vec4
    %pushi/vec4 2002742633, 0, 32; draw_string_vec4
    %concat/vec4; draw_string_vec4
    %pushi/vec4 1935764585, 0, 32; draw_string_vec4
    %concat/vec4; draw_string_vec4
    %pushi/vec4 1735288164, 0, 32; draw_string_vec4
    %concat/vec4; draw_string_vec4
    %store/vec4 v000001319cd173d0_0, 0, 256;
    %fork TD_unit_memory_tb.check, S_000001319cc85190;
    %join;
    %pushi/vec4 3, 0, 32;
    %store/vec4 v000001319cd195c0_0, 0, 32;
    %pushi/vec4 0, 0, 3;
    %store/vec4 v000001319cd19e80_0, 0, 3;
    %pushi/vec4 0, 0, 1;
    %store/vec4 v000001319cd18940_0, 0, 1;
    %pushi/vec4 1, 0, 1;
    %store/vec4 v000001319cd19f20_0, 0, 1;
    %pushi/vec4 0, 0, 32;
    %store/vec4 v000001319cc83fd0_0, 0, 32;
    %pushi/vec4 8, 0, 4;
    %store/vec4 v000001319cc83df0_0, 0, 4;
    %pushi/vec4 3556769792, 0, 32;
    %store/vec4 v000001319cc83cb0_0, 0, 32;
    %pushi/vec4 0, 0, 1;
    %store/vec4 v000001319cc83ad0_0, 0, 1;
    %pushi/vec4 1, 0, 1;
    %store/vec4 v000001319cd178d0_0, 0, 1;
    %pushi/vec4 0, 0, 1;
    %store/vec4 v000001319cc841b0_0, 0, 1;
    %pushi/vec4 0, 0, 32; draw_string_vec4
    %pushi/vec4 0, 0, 32; draw_string_vec4
    %concat/vec4; draw_string_vec4
    %pushi/vec4 0, 0, 32; draw_string_vec4
    %concat/vec4; draw_string_vec4
    %pushi/vec4 0, 0, 32; draw_string_vec4
    %concat/vec4; draw_string_vec4
    %pushi/vec4 0, 0, 32; draw_string_vec4
    %concat/vec4; draw_string_vec4
    %pushi/vec4 0, 0, 32; draw_string_vec4
    %concat/vec4; draw_string_vec4
    %pushi/vec4 7561823, 0, 32; draw_string_vec4
    %concat/vec4; draw_string_vec4
    %pushi/vec4 1868981811, 0, 32; draw_string_vec4
    %concat/vec4; draw_string_vec4
    %store/vec4 v000001319cd173d0_0, 0, 256;
    %fork TD_unit_memory_tb.check, S_000001319cc85190;
    %join;
    %pushi/vec4 2, 0, 32;
    %store/vec4 v000001319cd195c0_0, 0, 32;
    %pushi/vec4 1, 0, 3;
    %store/vec4 v000001319cd19e80_0, 0, 3;
    %pushi/vec4 0, 0, 1;
    %store/vec4 v000001319cd18940_0, 0, 1;
    %pushi/vec4 1, 0, 1;
    %store/vec4 v000001319cd19f20_0, 0, 1;
    %pushi/vec4 0, 0, 32;
    %store/vec4 v000001319cc83fd0_0, 0, 32;
    %pushi/vec4 12, 0, 4;
    %store/vec4 v000001319cc83df0_0, 0, 4;
    %pushi/vec4 3285450752, 0, 32;
    %store/vec4 v000001319cc83cb0_0, 0, 32;
    %pushi/vec4 0, 0, 1;
    %store/vec4 v000001319cc83ad0_0, 0, 1;
    %pushi/vec4 1, 0, 1;
    %store/vec4 v000001319cd178d0_0, 0, 1;
    %pushi/vec4 0, 0, 1;
    %store/vec4 v000001319cc841b0_0, 0, 1;
    %pushi/vec4 0, 0, 32; draw_string_vec4
    %pushi/vec4 0, 0, 32; draw_string_vec4
    %concat/vec4; draw_string_vec4
    %pushi/vec4 0, 0, 32; draw_string_vec4
    %concat/vec4; draw_string_vec4
    %pushi/vec4 0, 0, 32; draw_string_vec4
    %concat/vec4; draw_string_vec4
    %pushi/vec4 0, 0, 32; draw_string_vec4
    %concat/vec4; draw_string_vec4
    %pushi/vec4 0, 0, 32; draw_string_vec4
    %concat/vec4; draw_string_vec4
    %pushi/vec4 7563359, 0, 32; draw_string_vec4
    %concat/vec4; draw_string_vec4
    %pushi/vec4 1868981810, 0, 32; draw_string_vec4
    %concat/vec4; draw_string_vec4
    %store/vec4 v000001319cd173d0_0, 0, 256;
    %fork TD_unit_memory_tb.check, S_000001319cc85190;
    %join;
    %pushi/vec4 0, 0, 32;
    %store/vec4 v000001319cd195c0_0, 0, 32;
    %pushi/vec4 2, 0, 3;
    %store/vec4 v000001319cd19e80_0, 0, 3;
    %pushi/vec4 0, 0, 1;
    %store/vec4 v000001319cd18940_0, 0, 1;
    %pushi/vec4 1, 0, 1;
    %store/vec4 v000001319cd19f20_0, 0, 1;
    %pushi/vec4 0, 0, 32;
    %store/vec4 v000001319cc83fd0_0, 0, 32;
    %pushi/vec4 15, 0, 4;
    %store/vec4 v000001319cc83df0_0, 0, 4;
    %pushi/vec4 2712847316, 0, 32;
    %store/vec4 v000001319cc83cb0_0, 0, 32;
    %pushi/vec4 0, 0, 1;
    %store/vec4 v000001319cc83ad0_0, 0, 1;
    %pushi/vec4 1, 0, 1;
    %store/vec4 v000001319cd178d0_0, 0, 1;
    %pushi/vec4 0, 0, 1;
    %store/vec4 v000001319cc841b0_0, 0, 1;
    %pushi/vec4 0, 0, 32; draw_string_vec4
    %pushi/vec4 0, 0, 32; draw_string_vec4
    %concat/vec4; draw_string_vec4
    %pushi/vec4 0, 0, 32; draw_string_vec4
    %concat/vec4; draw_string_vec4
    %pushi/vec4 0, 0, 32; draw_string_vec4
    %concat/vec4; draw_string_vec4
    %pushi/vec4 0, 0, 32; draw_string_vec4
    %concat/vec4; draw_string_vec4
    %pushi/vec4 0, 0, 32; draw_string_vec4
    %concat/vec4; draw_string_vec4
    %pushi/vec4 7567199, 0, 32; draw_string_vec4
    %concat/vec4; draw_string_vec4
    %pushi/vec4 1868981808, 0, 32; draw_string_vec4
    %concat/vec4; draw_string_vec4
    %store/vec4 v000001319cd173d0_0, 0, 256;
    %fork TD_unit_memory_tb.check, S_000001319cc85190;
    %join;
    %pushi/vec4 1, 0, 32;
    %store/vec4 v000001319cd195c0_0, 0, 32;
    %pushi/vec4 1, 0, 3;
    %store/vec4 v000001319cd19e80_0, 0, 3;
    %pushi/vec4 0, 0, 1;
    %store/vec4 v000001319cd18940_0, 0, 1;
    %pushi/vec4 1, 0, 1;
    %store/vec4 v000001319cd19f20_0, 0, 1;
    %pushi/vec4 0, 0, 32;
    %store/vec4 v000001319cc83fd0_0, 0, 32;
    %pushi/vec4 3, 0, 4;
    %store/vec4 v000001319cc83df0_0, 0, 4;
    %pushi/vec4 2712847316, 0, 32;
    %store/vec4 v000001319cc83cb0_0, 0, 32;
    %pushi/vec4 0, 0, 1;
    %store/vec4 v000001319cc83ad0_0, 0, 1;
    %pushi/vec4 0, 0, 1;
    %store/vec4 v000001319cd178d0_0, 0, 1;
    %pushi/vec4 1, 0, 1;
    %store/vec4 v000001319cc841b0_0, 0, 1;
    %pushi/vec4 0, 0, 32; draw_string_vec4
    %pushi/vec4 0, 0, 32; draw_string_vec4
    %concat/vec4; draw_string_vec4
    %pushi/vec4 0, 0, 32; draw_string_vec4
    %concat/vec4; draw_string_vec4
    %pushi/vec4 0, 0, 32; draw_string_vec4
    %concat/vec4; draw_string_vec4
    %pushi/vec4 115, 0, 32; draw_string_vec4
    %concat/vec4; draw_string_vec4
    %pushi/vec4 1751084393, 0, 32; draw_string_vec4
    %concat/vec4; draw_string_vec4
    %pushi/vec4 1935764585, 0, 32; draw_string_vec4
    %concat/vec4; draw_string_vec4
    %pushi/vec4 1735288164, 0, 32; draw_string_vec4
    %concat/vec4; draw_string_vec4
    %store/vec4 v000001319cd173d0_0, 0, 256;
    %fork TD_unit_memory_tb.check, S_000001319cc85190;
    %join;
    %vpi_call 2 101 "$display", "PASS unit_memory_tb" {0 0 0};
    %vpi_call 2 102 "$finish" {0 0 0};
    %end;
    .thread T_7;
# The file index is used to find the file name in the following table.
:file_names 4;
    "N/A";
    "<interactive>";
    "tests\unit_memory_tb.v";
    "rtl\memory.v";
