#! /c/Source/iverilog-install/bin/vvp
:ivl_version "12.0 (devel)" "(s20150603-1539-g2693dd32b)";
:ivl_delay_selection "TYPICAL";
:vpi_time_precision - 12;
:vpi_module "D:\iverilog\lib\ivl\system.vpi";
:vpi_module "D:\iverilog\lib\ivl\vhdl_sys.vpi";
:vpi_module "D:\iverilog\lib\ivl\vhdl_textio.vpi";
:vpi_module "D:\iverilog\lib\ivl\v2005_math.vpi";
:vpi_module "D:\iverilog\lib\ivl\va_math.vpi";
S_00000157d13d5150 .scope module, "unit_alu_tb" "unit_alu_tb" 2 3;
 .timescale -9 -12;
v00000157d1435140_0 .var "arith", 0 0;
v00000157d1435460_0 .net "eq", 0 0, L_00000157d14358c0;  1 drivers
v00000157d1435dc0_0 .var "op", 2 0;
v00000157d1436180_0 .var "op1", 31 0;
v00000157d1434d80_0 .var "op2", 31 0;
v00000157d1435280_0 .net "result", 31 0, L_00000157d137ba20;  1 drivers
v00000157d1436360_0 .net "slt", 0 0, L_00000157d137c270;  1 drivers
v00000157d1436540_0 .var "sub", 0 0;
v00000157d1436860_0 .var "uns", 0 0;
S_00000157d1393cf0 .scope task, "check" "check" 2 26, 2 26 0, S_00000157d13d5150;
 .timescale -9 -12;
v00000157d13cbcb0_0 .var "exp_eq", 0 0;
v00000157d13cb7b0_0 .var "exp_result", 31 0;
v00000157d13cbe90_0 .var "exp_slt", 0 0;
v00000157d13cbf30_0 .var "name", 255 0;
TD_unit_alu_tb.check ;
    %delay 1000, 0;
    %load/vec4 v00000157d1435280_0;
    %load/vec4 v00000157d13cb7b0_0;
    %cmp/ne;
    %jmp/1 T_0.3, 6;
    %flag_mov 8, 6;
    %load/vec4 v00000157d1435460_0;
    %load/vec4 v00000157d13cbcb0_0;
    %cmp/ne;
    %flag_or 6, 8;
T_0.3;
    %jmp/1 T_0.2, 6;
    %flag_mov 8, 6;
    %load/vec4 v00000157d1436360_0;
    %load/vec4 v00000157d13cbe90_0;
    %cmp/ne;
    %flag_or 6, 8;
T_0.2;
    %jmp/0xz  T_0.0, 6;
    %vpi_call 2 34 "$display", "FAIL %s: result=%h exp=%h eq=%b exp=%b slt=%b exp=%b", v00000157d13cbf30_0, v00000157d1435280_0, v00000157d13cb7b0_0, v00000157d1435460_0, v00000157d13cbcb0_0, v00000157d1436360_0, v00000157d13cbe90_0 {0 0 0};
    %vpi_call 2 35 "$finish" {0 0 0};
T_0.0 ;
    %end;
S_00000157d1393e80 .scope module, "dut" "alu" 2 14, 3 8 0, S_00000157d13d5150;
 .timescale -9 -12;
    .port_info 0 /INPUT 3 "i_opsel";
    .port_info 1 /INPUT 1 "i_sub";
    .port_info 2 /INPUT 1 "i_unsigned";
    .port_info 3 /INPUT 1 "i_arith";
    .port_info 4 /INPUT 32 "i_op1";
    .port_info 5 /INPUT 32 "i_op2";
    .port_info 6 /OUTPUT 32 "o_result";
    .port_info 7 /OUTPUT 1 "o_eq";
    .port_info 8 /OUTPUT 1 "o_slt";
L_00000157d137be10 .functor NOT 1, L_00000157d1436900, C4<0>, C4<0>, C4<0>;
L_00000157d137be80 .functor AND 1, L_00000157d1435f00, L_00000157d137be10, C4<1>, C4<1>;
L_00000157d137b6a0 .functor XOR 1, L_00000157d1436040, L_00000157d1434f60, C4<0>, C4<0>;
L_00000157d137b400 .functor NOT 1, L_00000157d137b6a0, C4<0>, C4<0>, C4<0>;
L_00000157d137b550 .functor AND 1, L_00000157d137b400, L_00000157d14356e0, C4<1>, C4<1>;
L_00000157d137b710 .functor OR 1, L_00000157d137be80, L_00000157d137b550, C4<0>, C4<0>;
L_00000157d137c120 .functor AND 1, v00000157d1436860_0, L_00000157d14356e0, C4<1>, C4<1>;
L_00000157d137bd30 .functor NOT 1, v00000157d1436860_0, C4<0>, C4<0>, C4<0>;
L_00000157d137b5c0 .functor AND 1, L_00000157d137bd30, L_00000157d137b710, C4<1>, C4<1>;
L_00000157d137c270 .functor OR 1, L_00000157d137c120, L_00000157d137b5c0, C4<0>, C4<0>;
L_00000157d137ba20 .functor BUFZ 32, v00000157d1436a40_0, C4<00000000000000000000000000000000>, C4<00000000000000000000000000000000>, C4<00000000000000000000000000000000>;
v00000157d13cbc10_0 .net *"_ivl_10", 0 0, L_00000157d137be80;  1 drivers
v00000157d13cbdf0_0 .net *"_ivl_13", 0 0, L_00000157d1436040;  1 drivers
v00000157d13cb170_0 .net *"_ivl_15", 0 0, L_00000157d1434f60;  1 drivers
v00000157d13cb030_0 .net *"_ivl_16", 0 0, L_00000157d137b6a0;  1 drivers
v00000157d13cb5d0_0 .net *"_ivl_18", 0 0, L_00000157d137b400;  1 drivers
v00000157d13cb0d0_0 .net *"_ivl_20", 0 0, L_00000157d137b550;  1 drivers
v00000157d13cb990_0 .net *"_ivl_26", 0 0, L_00000157d137c120;  1 drivers
v00000157d13cb210_0 .net *"_ivl_28", 0 0, L_00000157d137bd30;  1 drivers
v00000157d13cb3f0_0 .net *"_ivl_30", 0 0, L_00000157d137b5c0;  1 drivers
v00000157d13cb8f0_0 .net *"_ivl_5", 0 0, L_00000157d1435f00;  1 drivers
v00000157d13cb350_0 .net *"_ivl_7", 0 0, L_00000157d1436900;  1 drivers
v00000157d13cb490_0 .net *"_ivl_8", 0 0, L_00000157d137be10;  1 drivers
v00000157d13cb710_0 .net "i_arith", 0 0, v00000157d1435140_0;  1 drivers
v00000157d13cb850_0 .net "i_op1", 31 0, v00000157d1436180_0;  1 drivers
v00000157d13cba30_0 .net "i_op2", 31 0, v00000157d1434d80_0;  1 drivers
v00000157d13cbad0_0 .net "i_opsel", 2 0, v00000157d1435dc0_0;  1 drivers
v00000157d1435820_0 .net "i_sub", 0 0, v00000157d1436540_0;  1 drivers
v00000157d1434c40_0 .net "i_unsigned", 0 0, v00000157d1436860_0;  1 drivers
v00000157d1436720_0 .net "lt_signed", 0 0, L_00000157d137b710;  1 drivers
v00000157d1436400_0 .net "lt_unsigned", 0 0, L_00000157d14356e0;  1 drivers
v00000157d14353c0_0 .net "o_eq", 0 0, L_00000157d14358c0;  alias, 1 drivers
v00000157d14351e0_0 .net "o_result", 31 0, L_00000157d137ba20;  alias, 1 drivers
v00000157d14364a0_0 .net "o_slt", 0 0, L_00000157d137c270;  alias, 1 drivers
v00000157d1436a40_0 .var "result", 31 0;
v00000157d1435500_0 .net "shamt", 4 0, L_00000157d1435780;  1 drivers
v00000157d1435c80_0 .var "sll_result", 31 0;
v00000157d14367c0_0 .var "sra_result", 31 0;
v00000157d1435d20_0 .var "srl_result", 31 0;
E_00000157d13de5a0/0 .event anyedge, v00000157d13cbad0_0, v00000157d1435820_0, v00000157d13cb850_0, v00000157d13cba30_0;
E_00000157d13de5a0/1 .event anyedge, v00000157d1435c80_0, v00000157d14364a0_0, v00000157d13cb710_0, v00000157d1435d20_0;
E_00000157d13de5a0/2 .event anyedge, v00000157d14367c0_0;
E_00000157d13de5a0 .event/or E_00000157d13de5a0/0, E_00000157d13de5a0/1, E_00000157d13de5a0/2;
E_00000157d13ddb60 .event anyedge, v00000157d1435500_0, v00000157d13cb850_0;
L_00000157d1435780 .part v00000157d1434d80_0, 0, 5;
L_00000157d14356e0 .cmp/gt 32, v00000157d1434d80_0, v00000157d1436180_0;
L_00000157d1435f00 .part v00000157d1436180_0, 31, 1;
L_00000157d1436900 .part v00000157d1434d80_0, 31, 1;
L_00000157d1436040 .part v00000157d1436180_0, 31, 1;
L_00000157d1434f60 .part v00000157d1434d80_0, 31, 1;
L_00000157d14358c0 .cmp/eq 32, v00000157d1436180_0, v00000157d1434d80_0;
    .scope S_00000157d1393e80;
T_1 ;
    %wait E_00000157d13ddb60;
    %load/vec4 v00000157d1435500_0;
    %dup/vec4;
    %pushi/vec4 0, 0, 5;
    %cmp/u;
    %jmp/1 T_1.0, 6;
    %dup/vec4;
    %pushi/vec4 1, 0, 5;
    %cmp/u;
    %jmp/1 T_1.1, 6;
    %dup/vec4;
    %pushi/vec4 2, 0, 5;
    %cmp/u;
    %jmp/1 T_1.2, 6;
    %dup/vec4;
    %pushi/vec4 3, 0, 5;
    %cmp/u;
    %jmp/1 T_1.3, 6;
    %dup/vec4;
    %pushi/vec4 4, 0, 5;
    %cmp/u;
    %jmp/1 T_1.4, 6;
    %dup/vec4;
    %pushi/vec4 5, 0, 5;
    %cmp/u;
    %jmp/1 T_1.5, 6;
    %dup/vec4;
    %pushi/vec4 6, 0, 5;
    %cmp/u;
    %jmp/1 T_1.6, 6;
    %dup/vec4;
    %pushi/vec4 7, 0, 5;
    %cmp/u;
    %jmp/1 T_1.7, 6;
    %dup/vec4;
    %pushi/vec4 8, 0, 5;
    %cmp/u;
    %jmp/1 T_1.8, 6;
    %dup/vec4;
    %pushi/vec4 9, 0, 5;
    %cmp/u;
    %jmp/1 T_1.9, 6;
    %dup/vec4;
    %pushi/vec4 10, 0, 5;
    %cmp/u;
    %jmp/1 T_1.10, 6;
    %dup/vec4;
    %pushi/vec4 11, 0, 5;
    %cmp/u;
    %jmp/1 T_1.11, 6;
    %dup/vec4;
    %pushi/vec4 12, 0, 5;
    %cmp/u;
    %jmp/1 T_1.12, 6;
    %dup/vec4;
    %pushi/vec4 13, 0, 5;
    %cmp/u;
    %jmp/1 T_1.13, 6;
    %dup/vec4;
    %pushi/vec4 14, 0, 5;
    %cmp/u;
    %jmp/1 T_1.14, 6;
    %dup/vec4;
    %pushi/vec4 15, 0, 5;
    %cmp/u;
    %jmp/1 T_1.15, 6;
    %dup/vec4;
    %pushi/vec4 16, 0, 5;
    %cmp/u;
    %jmp/1 T_1.16, 6;
    %dup/vec4;
    %pushi/vec4 17, 0, 5;
    %cmp/u;
    %jmp/1 T_1.17, 6;
    %dup/vec4;
    %pushi/vec4 18, 0, 5;
    %cmp/u;
    %jmp/1 T_1.18, 6;
    %dup/vec4;
    %pushi/vec4 19, 0, 5;
    %cmp/u;
    %jmp/1 T_1.19, 6;
    %dup/vec4;
    %pushi/vec4 20, 0, 5;
    %cmp/u;
    %jmp/1 T_1.20, 6;
    %dup/vec4;
    %pushi/vec4 21, 0, 5;
    %cmp/u;
    %jmp/1 T_1.21, 6;
    %dup/vec4;
    %pushi/vec4 22, 0, 5;
    %cmp/u;
    %jmp/1 T_1.22, 6;
    %dup/vec4;
    %pushi/vec4 23, 0, 5;
    %cmp/u;
    %jmp/1 T_1.23, 6;
    %dup/vec4;
    %pushi/vec4 24, 0, 5;
    %cmp/u;
    %jmp/1 T_1.24, 6;
    %dup/vec4;
    %pushi/vec4 25, 0, 5;
    %cmp/u;
    %jmp/1 T_1.25, 6;
    %dup/vec4;
    %pushi/vec4 26, 0, 5;
    %cmp/u;
    %jmp/1 T_1.26, 6;
    %dup/vec4;
    %pushi/vec4 27, 0, 5;
    %cmp/u;
    %jmp/1 T_1.27, 6;
    %dup/vec4;
    %pushi/vec4 28, 0, 5;
    %cmp/u;
    %jmp/1 T_1.28, 6;
    %dup/vec4;
    %pushi/vec4 29, 0, 5;
    %cmp/u;
    %jmp/1 T_1.29, 6;
    %dup/vec4;
    %pushi/vec4 30, 0, 5;
    %cmp/u;
    %jmp/1 T_1.30, 6;
    %dup/vec4;
    %pushi/vec4 31, 0, 5;
    %cmp/u;
    %jmp/1 T_1.31, 6;
    %pushi/vec4 0, 0, 32;
    %store/vec4 v00000157d1435c80_0, 0, 32;
    %jmp T_1.33;
T_1.0 ;
    %load/vec4 v00000157d13cb850_0;
    %store/vec4 v00000157d1435c80_0, 0, 32;
    %jmp T_1.33;
T_1.1 ;
    %load/vec4 v00000157d13cb850_0;
    %parti/s 31, 0, 2;
    %concati/vec4 0, 0, 1;
    %store/vec4 v00000157d1435c80_0, 0, 32;
    %jmp T_1.33;
T_1.2 ;
    %load/vec4 v00000157d13cb850_0;
    %parti/s 30, 0, 2;
    %concati/vec4 0, 0, 2;
    %store/vec4 v00000157d1435c80_0, 0, 32;
    %jmp T_1.33;
T_1.3 ;
    %load/vec4 v00000157d13cb850_0;
    %parti/s 29, 0, 2;
    %concati/vec4 0, 0, 3;
    %store/vec4 v00000157d1435c80_0, 0, 32;
    %jmp T_1.33;
T_1.4 ;
    %load/vec4 v00000157d13cb850_0;
    %parti/s 28, 0, 2;
    %concati/vec4 0, 0, 4;
    %store/vec4 v00000157d1435c80_0, 0, 32;
    %jmp T_1.33;
T_1.5 ;
    %load/vec4 v00000157d13cb850_0;
    %parti/s 27, 0, 2;
    %concati/vec4 0, 0, 5;
    %store/vec4 v00000157d1435c80_0, 0, 32;
    %jmp T_1.33;
T_1.6 ;
    %load/vec4 v00000157d13cb850_0;
    %parti/s 26, 0, 2;
    %concati/vec4 0, 0, 6;
    %store/vec4 v00000157d1435c80_0, 0, 32;
    %jmp T_1.33;
T_1.7 ;
    %load/vec4 v00000157d13cb850_0;
    %parti/s 25, 0, 2;
    %concati/vec4 0, 0, 7;
    %store/vec4 v00000157d1435c80_0, 0, 32;
    %jmp T_1.33;
T_1.8 ;
    %load/vec4 v00000157d13cb850_0;
    %parti/s 24, 0, 2;
    %concati/vec4 0, 0, 8;
    %store/vec4 v00000157d1435c80_0, 0, 32;
    %jmp T_1.33;
T_1.9 ;
    %load/vec4 v00000157d13cb850_0;
    %parti/s 23, 0, 2;
    %concati/vec4 0, 0, 9;
    %store/vec4 v00000157d1435c80_0, 0, 32;
    %jmp T_1.33;
T_1.10 ;
    %load/vec4 v00000157d13cb850_0;
    %parti/s 22, 0, 2;
    %concati/vec4 0, 0, 10;
    %store/vec4 v00000157d1435c80_0, 0, 32;
    %jmp T_1.33;
T_1.11 ;
    %load/vec4 v00000157d13cb850_0;
    %parti/s 21, 0, 2;
    %concati/vec4 0, 0, 11;
    %store/vec4 v00000157d1435c80_0, 0, 32;
    %jmp T_1.33;
T_1.12 ;
    %load/vec4 v00000157d13cb850_0;
    %parti/s 20, 0, 2;
    %concati/vec4 0, 0, 12;
    %store/vec4 v00000157d1435c80_0, 0, 32;
    %jmp T_1.33;
T_1.13 ;
    %load/vec4 v00000157d13cb850_0;
    %parti/s 19, 0, 2;
    %concati/vec4 0, 0, 13;
    %store/vec4 v00000157d1435c80_0, 0, 32;
    %jmp T_1.33;
T_1.14 ;
    %load/vec4 v00000157d13cb850_0;
    %parti/s 18, 0, 2;
    %concati/vec4 0, 0, 14;
    %store/vec4 v00000157d1435c80_0, 0, 32;
    %jmp T_1.33;
T_1.15 ;
    %load/vec4 v00000157d13cb850_0;
    %parti/s 17, 0, 2;
    %concati/vec4 0, 0, 15;
    %store/vec4 v00000157d1435c80_0, 0, 32;
    %jmp T_1.33;
T_1.16 ;
    %load/vec4 v00000157d13cb850_0;
    %parti/s 16, 0, 2;
    %concati/vec4 0, 0, 16;
    %store/vec4 v00000157d1435c80_0, 0, 32;
    %jmp T_1.33;
T_1.17 ;
    %load/vec4 v00000157d13cb850_0;
    %parti/s 15, 0, 2;
    %concati/vec4 0, 0, 17;
    %store/vec4 v00000157d1435c80_0, 0, 32;
    %jmp T_1.33;
T_1.18 ;
    %load/vec4 v00000157d13cb850_0;
    %parti/s 14, 0, 2;
    %concati/vec4 0, 0, 18;
    %store/vec4 v00000157d1435c80_0, 0, 32;
    %jmp T_1.33;
T_1.19 ;
    %load/vec4 v00000157d13cb850_0;
    %parti/s 13, 0, 2;
    %concati/vec4 0, 0, 19;
    %store/vec4 v00000157d1435c80_0, 0, 32;
    %jmp T_1.33;
T_1.20 ;
    %load/vec4 v00000157d13cb850_0;
    %parti/s 12, 0, 2;
    %concati/vec4 0, 0, 20;
    %store/vec4 v00000157d1435c80_0, 0, 32;
    %jmp T_1.33;
T_1.21 ;
    %load/vec4 v00000157d13cb850_0;
    %parti/s 11, 0, 2;
    %concati/vec4 0, 0, 21;
    %store/vec4 v00000157d1435c80_0, 0, 32;
    %jmp T_1.33;
T_1.22 ;
    %load/vec4 v00000157d13cb850_0;
    %parti/s 10, 0, 2;
    %concati/vec4 0, 0, 22;
    %store/vec4 v00000157d1435c80_0, 0, 32;
    %jmp T_1.33;
T_1.23 ;
    %load/vec4 v00000157d13cb850_0;
    %parti/s 9, 0, 2;
    %concati/vec4 0, 0, 23;
    %store/vec4 v00000157d1435c80_0, 0, 32;
    %jmp T_1.33;
T_1.24 ;
    %load/vec4 v00000157d13cb850_0;
    %parti/s 8, 0, 2;
    %concati/vec4 0, 0, 24;
    %store/vec4 v00000157d1435c80_0, 0, 32;
    %jmp T_1.33;
T_1.25 ;
    %load/vec4 v00000157d13cb850_0;
    %parti/s 7, 0, 2;
    %concati/vec4 0, 0, 25;
    %store/vec4 v00000157d1435c80_0, 0, 32;
    %jmp T_1.33;
T_1.26 ;
    %load/vec4 v00000157d13cb850_0;
    %parti/s 6, 0, 2;
    %concati/vec4 0, 0, 26;
    %store/vec4 v00000157d1435c80_0, 0, 32;
    %jmp T_1.33;
T_1.27 ;
    %load/vec4 v00000157d13cb850_0;
    %parti/s 5, 0, 2;
    %concati/vec4 0, 0, 27;
    %store/vec4 v00000157d1435c80_0, 0, 32;
    %jmp T_1.33;
T_1.28 ;
    %load/vec4 v00000157d13cb850_0;
    %parti/s 4, 0, 2;
    %concati/vec4 0, 0, 28;
    %store/vec4 v00000157d1435c80_0, 0, 32;
    %jmp T_1.33;
T_1.29 ;
    %load/vec4 v00000157d13cb850_0;
    %parti/s 3, 0, 2;
    %concati/vec4 0, 0, 29;
    %store/vec4 v00000157d1435c80_0, 0, 32;
    %jmp T_1.33;
T_1.30 ;
    %load/vec4 v00000157d13cb850_0;
    %parti/s 2, 0, 2;
    %concati/vec4 0, 0, 30;
    %store/vec4 v00000157d1435c80_0, 0, 32;
    %jmp T_1.33;
T_1.31 ;
    %load/vec4 v00000157d13cb850_0;
    %parti/s 1, 0, 2;
    %concati/vec4 0, 0, 31;
    %store/vec4 v00000157d1435c80_0, 0, 32;
    %jmp T_1.33;
T_1.33 ;
    %pop/vec4 1;
    %jmp T_1;
    .thread T_1, $push;
    .scope S_00000157d1393e80;
T_2 ;
    %wait E_00000157d13ddb60;
    %load/vec4 v00000157d1435500_0;
    %dup/vec4;
    %pushi/vec4 0, 0, 5;
    %cmp/u;
    %jmp/1 T_2.0, 6;
    %dup/vec4;
    %pushi/vec4 1, 0, 5;
    %cmp/u;
    %jmp/1 T_2.1, 6;
    %dup/vec4;
    %pushi/vec4 2, 0, 5;
    %cmp/u;
    %jmp/1 T_2.2, 6;
    %dup/vec4;
    %pushi/vec4 3, 0, 5;
    %cmp/u;
    %jmp/1 T_2.3, 6;
    %dup/vec4;
    %pushi/vec4 4, 0, 5;
    %cmp/u;
    %jmp/1 T_2.4, 6;
    %dup/vec4;
    %pushi/vec4 5, 0, 5;
    %cmp/u;
    %jmp/1 T_2.5, 6;
    %dup/vec4;
    %pushi/vec4 6, 0, 5;
    %cmp/u;
    %jmp/1 T_2.6, 6;
    %dup/vec4;
    %pushi/vec4 7, 0, 5;
    %cmp/u;
    %jmp/1 T_2.7, 6;
    %dup/vec4;
    %pushi/vec4 8, 0, 5;
    %cmp/u;
    %jmp/1 T_2.8, 6;
    %dup/vec4;
    %pushi/vec4 9, 0, 5;
    %cmp/u;
    %jmp/1 T_2.9, 6;
    %dup/vec4;
    %pushi/vec4 10, 0, 5;
    %cmp/u;
    %jmp/1 T_2.10, 6;
    %dup/vec4;
    %pushi/vec4 11, 0, 5;
    %cmp/u;
    %jmp/1 T_2.11, 6;
    %dup/vec4;
    %pushi/vec4 12, 0, 5;
    %cmp/u;
    %jmp/1 T_2.12, 6;
    %dup/vec4;
    %pushi/vec4 13, 0, 5;
    %cmp/u;
    %jmp/1 T_2.13, 6;
    %dup/vec4;
    %pushi/vec4 14, 0, 5;
    %cmp/u;
    %jmp/1 T_2.14, 6;
    %dup/vec4;
    %pushi/vec4 15, 0, 5;
    %cmp/u;
    %jmp/1 T_2.15, 6;
    %dup/vec4;
    %pushi/vec4 16, 0, 5;
    %cmp/u;
    %jmp/1 T_2.16, 6;
    %dup/vec4;
    %pushi/vec4 17, 0, 5;
    %cmp/u;
    %jmp/1 T_2.17, 6;
    %dup/vec4;
    %pushi/vec4 18, 0, 5;
    %cmp/u;
    %jmp/1 T_2.18, 6;
    %dup/vec4;
    %pushi/vec4 19, 0, 5;
    %cmp/u;
    %jmp/1 T_2.19, 6;
    %dup/vec4;
    %pushi/vec4 20, 0, 5;
    %cmp/u;
    %jmp/1 T_2.20, 6;
    %dup/vec4;
    %pushi/vec4 21, 0, 5;
    %cmp/u;
    %jmp/1 T_2.21, 6;
    %dup/vec4;
    %pushi/vec4 22, 0, 5;
    %cmp/u;
    %jmp/1 T_2.22, 6;
    %dup/vec4;
    %pushi/vec4 23, 0, 5;
    %cmp/u;
    %jmp/1 T_2.23, 6;
    %dup/vec4;
    %pushi/vec4 24, 0, 5;
    %cmp/u;
    %jmp/1 T_2.24, 6;
    %dup/vec4;
    %pushi/vec4 25, 0, 5;
    %cmp/u;
    %jmp/1 T_2.25, 6;
    %dup/vec4;
    %pushi/vec4 26, 0, 5;
    %cmp/u;
    %jmp/1 T_2.26, 6;
    %dup/vec4;
    %pushi/vec4 27, 0, 5;
    %cmp/u;
    %jmp/1 T_2.27, 6;
    %dup/vec4;
    %pushi/vec4 28, 0, 5;
    %cmp/u;
    %jmp/1 T_2.28, 6;
    %dup/vec4;
    %pushi/vec4 29, 0, 5;
    %cmp/u;
    %jmp/1 T_2.29, 6;
    %dup/vec4;
    %pushi/vec4 30, 0, 5;
    %cmp/u;
    %jmp/1 T_2.30, 6;
    %dup/vec4;
    %pushi/vec4 31, 0, 5;
    %cmp/u;
    %jmp/1 T_2.31, 6;
    %pushi/vec4 0, 0, 32;
    %store/vec4 v00000157d1435d20_0, 0, 32;
    %jmp T_2.33;
T_2.0 ;
    %load/vec4 v00000157d13cb850_0;
    %store/vec4 v00000157d1435d20_0, 0, 32;
    %jmp T_2.33;
T_2.1 ;
    %pushi/vec4 0, 0, 1;
    %load/vec4 v00000157d13cb850_0;
    %parti/s 31, 1, 2;
    %concat/vec4; draw_concat_vec4
    %store/vec4 v00000157d1435d20_0, 0, 32;
    %jmp T_2.33;
T_2.2 ;
    %pushi/vec4 0, 0, 2;
    %load/vec4 v00000157d13cb850_0;
    %parti/s 30, 2, 3;
    %concat/vec4; draw_concat_vec4
    %store/vec4 v00000157d1435d20_0, 0, 32;
    %jmp T_2.33;
T_2.3 ;
    %pushi/vec4 0, 0, 3;
    %load/vec4 v00000157d13cb850_0;
    %parti/s 29, 3, 3;
    %concat/vec4; draw_concat_vec4
    %store/vec4 v00000157d1435d20_0, 0, 32;
    %jmp T_2.33;
T_2.4 ;
    %pushi/vec4 0, 0, 4;
    %load/vec4 v00000157d13cb850_0;
    %parti/s 28, 4, 4;
    %concat/vec4; draw_concat_vec4
    %store/vec4 v00000157d1435d20_0, 0, 32;
    %jmp T_2.33;
T_2.5 ;
    %pushi/vec4 0, 0, 5;
    %load/vec4 v00000157d13cb850_0;
    %parti/s 27, 5, 4;
    %concat/vec4; draw_concat_vec4
    %store/vec4 v00000157d1435d20_0, 0, 32;
    %jmp T_2.33;
T_2.6 ;
    %pushi/vec4 0, 0, 6;
    %load/vec4 v00000157d13cb850_0;
    %parti/s 26, 6, 4;
    %concat/vec4; draw_concat_vec4
    %store/vec4 v00000157d1435d20_0, 0, 32;
    %jmp T_2.33;
T_2.7 ;
    %pushi/vec4 0, 0, 7;
    %load/vec4 v00000157d13cb850_0;
    %parti/s 25, 7, 4;
    %concat/vec4; draw_concat_vec4
    %store/vec4 v00000157d1435d20_0, 0, 32;
    %jmp T_2.33;
T_2.8 ;
    %pushi/vec4 0, 0, 8;
    %load/vec4 v00000157d13cb850_0;
    %parti/s 24, 8, 5;
    %concat/vec4; draw_concat_vec4
    %store/vec4 v00000157d1435d20_0, 0, 32;
    %jmp T_2.33;
T_2.9 ;
    %pushi/vec4 0, 0, 9;
    %load/vec4 v00000157d13cb850_0;
    %parti/s 23, 9, 5;
    %concat/vec4; draw_concat_vec4
    %store/vec4 v00000157d1435d20_0, 0, 32;
    %jmp T_2.33;
T_2.10 ;
    %pushi/vec4 0, 0, 10;
    %load/vec4 v00000157d13cb850_0;
    %parti/s 22, 10, 5;
    %concat/vec4; draw_concat_vec4
    %store/vec4 v00000157d1435d20_0, 0, 32;
    %jmp T_2.33;
T_2.11 ;
    %pushi/vec4 0, 0, 11;
    %load/vec4 v00000157d13cb850_0;
    %parti/s 21, 11, 5;
    %concat/vec4; draw_concat_vec4
    %store/vec4 v00000157d1435d20_0, 0, 32;
    %jmp T_2.33;
T_2.12 ;
    %pushi/vec4 0, 0, 12;
    %load/vec4 v00000157d13cb850_0;
    %parti/s 20, 12, 5;
    %concat/vec4; draw_concat_vec4
    %store/vec4 v00000157d1435d20_0, 0, 32;
    %jmp T_2.33;
T_2.13 ;
    %pushi/vec4 0, 0, 13;
    %load/vec4 v00000157d13cb850_0;
    %parti/s 19, 13, 5;
    %concat/vec4; draw_concat_vec4
    %store/vec4 v00000157d1435d20_0, 0, 32;
    %jmp T_2.33;
T_2.14 ;
    %pushi/vec4 0, 0, 14;
    %load/vec4 v00000157d13cb850_0;
    %parti/s 18, 14, 5;
    %concat/vec4; draw_concat_vec4
    %store/vec4 v00000157d1435d20_0, 0, 32;
    %jmp T_2.33;
T_2.15 ;
    %pushi/vec4 0, 0, 15;
    %load/vec4 v00000157d13cb850_0;
    %parti/s 17, 15, 5;
    %concat/vec4; draw_concat_vec4
    %store/vec4 v00000157d1435d20_0, 0, 32;
    %jmp T_2.33;
T_2.16 ;
    %pushi/vec4 0, 0, 16;
    %load/vec4 v00000157d13cb850_0;
    %parti/s 16, 16, 6;
    %concat/vec4; draw_concat_vec4
    %store/vec4 v00000157d1435d20_0, 0, 32;
    %jmp T_2.33;
T_2.17 ;
    %pushi/vec4 0, 0, 17;
    %load/vec4 v00000157d13cb850_0;
    %parti/s 15, 17, 6;
    %concat/vec4; draw_concat_vec4
    %store/vec4 v00000157d1435d20_0, 0, 32;
    %jmp T_2.33;
T_2.18 ;
    %pushi/vec4 0, 0, 18;
    %load/vec4 v00000157d13cb850_0;
    %parti/s 14, 18, 6;
    %concat/vec4; draw_concat_vec4
    %store/vec4 v00000157d1435d20_0, 0, 32;
    %jmp T_2.33;
T_2.19 ;
    %pushi/vec4 0, 0, 19;
    %load/vec4 v00000157d13cb850_0;
    %parti/s 13, 19, 6;
    %concat/vec4; draw_concat_vec4
    %store/vec4 v00000157d1435d20_0, 0, 32;
    %jmp T_2.33;
T_2.20 ;
    %pushi/vec4 0, 0, 20;
    %load/vec4 v00000157d13cb850_0;
    %parti/s 12, 20, 6;
    %concat/vec4; draw_concat_vec4
    %store/vec4 v00000157d1435d20_0, 0, 32;
    %jmp T_2.33;
T_2.21 ;
    %pushi/vec4 0, 0, 21;
    %load/vec4 v00000157d13cb850_0;
    %parti/s 11, 21, 6;
    %concat/vec4; draw_concat_vec4
    %store/vec4 v00000157d1435d20_0, 0, 32;
    %jmp T_2.33;
T_2.22 ;
    %pushi/vec4 0, 0, 22;
    %load/vec4 v00000157d13cb850_0;
    %parti/s 10, 22, 6;
    %concat/vec4; draw_concat_vec4
    %store/vec4 v00000157d1435d20_0, 0, 32;
    %jmp T_2.33;
T_2.23 ;
    %pushi/vec4 0, 0, 23;
    %load/vec4 v00000157d13cb850_0;
    %parti/s 9, 23, 6;
    %concat/vec4; draw_concat_vec4
    %store/vec4 v00000157d1435d20_0, 0, 32;
    %jmp T_2.33;
T_2.24 ;
    %pushi/vec4 0, 0, 24;
    %load/vec4 v00000157d13cb850_0;
    %parti/s 8, 24, 6;
    %concat/vec4; draw_concat_vec4
    %store/vec4 v00000157d1435d20_0, 0, 32;
    %jmp T_2.33;
T_2.25 ;
    %pushi/vec4 0, 0, 25;
    %load/vec4 v00000157d13cb850_0;
    %parti/s 7, 25, 6;
    %concat/vec4; draw_concat_vec4
    %store/vec4 v00000157d1435d20_0, 0, 32;
    %jmp T_2.33;
T_2.26 ;
    %pushi/vec4 0, 0, 26;
    %load/vec4 v00000157d13cb850_0;
    %parti/s 6, 26, 6;
    %concat/vec4; draw_concat_vec4
    %store/vec4 v00000157d1435d20_0, 0, 32;
    %jmp T_2.33;
T_2.27 ;
    %pushi/vec4 0, 0, 27;
    %load/vec4 v00000157d13cb850_0;
    %parti/s 5, 27, 6;
    %concat/vec4; draw_concat_vec4
    %store/vec4 v00000157d1435d20_0, 0, 32;
    %jmp T_2.33;
T_2.28 ;
    %pushi/vec4 0, 0, 28;
    %load/vec4 v00000157d13cb850_0;
    %parti/s 4, 28, 6;
    %concat/vec4; draw_concat_vec4
    %store/vec4 v00000157d1435d20_0, 0, 32;
    %jmp T_2.33;
T_2.29 ;
    %pushi/vec4 0, 0, 29;
    %load/vec4 v00000157d13cb850_0;
    %parti/s 3, 29, 6;
    %concat/vec4; draw_concat_vec4
    %store/vec4 v00000157d1435d20_0, 0, 32;
    %jmp T_2.33;
T_2.30 ;
    %pushi/vec4 0, 0, 30;
    %load/vec4 v00000157d13cb850_0;
    %parti/s 2, 30, 6;
    %concat/vec4; draw_concat_vec4
    %store/vec4 v00000157d1435d20_0, 0, 32;
    %jmp T_2.33;
T_2.31 ;
    %pushi/vec4 0, 0, 31;
    %load/vec4 v00000157d13cb850_0;
    %parti/s 1, 31, 6;
    %concat/vec4; draw_concat_vec4
    %store/vec4 v00000157d1435d20_0, 0, 32;
    %jmp T_2.33;
T_2.33 ;
    %pop/vec4 1;
    %jmp T_2;
    .thread T_2, $push;
    .scope S_00000157d1393e80;
T_3 ;
    %wait E_00000157d13ddb60;
    %load/vec4 v00000157d1435500_0;
    %dup/vec4;
    %pushi/vec4 0, 0, 5;
    %cmp/u;
    %jmp/1 T_3.0, 6;
    %dup/vec4;
    %pushi/vec4 1, 0, 5;
    %cmp/u;
    %jmp/1 T_3.1, 6;
    %dup/vec4;
    %pushi/vec4 2, 0, 5;
    %cmp/u;
    %jmp/1 T_3.2, 6;
    %dup/vec4;
    %pushi/vec4 3, 0, 5;
    %cmp/u;
    %jmp/1 T_3.3, 6;
    %dup/vec4;
    %pushi/vec4 4, 0, 5;
    %cmp/u;
    %jmp/1 T_3.4, 6;
    %dup/vec4;
    %pushi/vec4 5, 0, 5;
    %cmp/u;
    %jmp/1 T_3.5, 6;
    %dup/vec4;
    %pushi/vec4 6, 0, 5;
    %cmp/u;
    %jmp/1 T_3.6, 6;
    %dup/vec4;
    %pushi/vec4 7, 0, 5;
    %cmp/u;
    %jmp/1 T_3.7, 6;
    %dup/vec4;
    %pushi/vec4 8, 0, 5;
    %cmp/u;
    %jmp/1 T_3.8, 6;
    %dup/vec4;
    %pushi/vec4 9, 0, 5;
    %cmp/u;
    %jmp/1 T_3.9, 6;
    %dup/vec4;
    %pushi/vec4 10, 0, 5;
    %cmp/u;
    %jmp/1 T_3.10, 6;
    %dup/vec4;
    %pushi/vec4 11, 0, 5;
    %cmp/u;
    %jmp/1 T_3.11, 6;
    %dup/vec4;
    %pushi/vec4 12, 0, 5;
    %cmp/u;
    %jmp/1 T_3.12, 6;
    %dup/vec4;
    %pushi/vec4 13, 0, 5;
    %cmp/u;
    %jmp/1 T_3.13, 6;
    %dup/vec4;
    %pushi/vec4 14, 0, 5;
    %cmp/u;
    %jmp/1 T_3.14, 6;
    %dup/vec4;
    %pushi/vec4 15, 0, 5;
    %cmp/u;
    %jmp/1 T_3.15, 6;
    %dup/vec4;
    %pushi/vec4 16, 0, 5;
    %cmp/u;
    %jmp/1 T_3.16, 6;
    %dup/vec4;
    %pushi/vec4 17, 0, 5;
    %cmp/u;
    %jmp/1 T_3.17, 6;
    %dup/vec4;
    %pushi/vec4 18, 0, 5;
    %cmp/u;
    %jmp/1 T_3.18, 6;
    %dup/vec4;
    %pushi/vec4 19, 0, 5;
    %cmp/u;
    %jmp/1 T_3.19, 6;
    %dup/vec4;
    %pushi/vec4 20, 0, 5;
    %cmp/u;
    %jmp/1 T_3.20, 6;
    %dup/vec4;
    %pushi/vec4 21, 0, 5;
    %cmp/u;
    %jmp/1 T_3.21, 6;
    %dup/vec4;
    %pushi/vec4 22, 0, 5;
    %cmp/u;
    %jmp/1 T_3.22, 6;
    %dup/vec4;
    %pushi/vec4 23, 0, 5;
    %cmp/u;
    %jmp/1 T_3.23, 6;
    %dup/vec4;
    %pushi/vec4 24, 0, 5;
    %cmp/u;
    %jmp/1 T_3.24, 6;
    %dup/vec4;
    %pushi/vec4 25, 0, 5;
    %cmp/u;
    %jmp/1 T_3.25, 6;
    %dup/vec4;
    %pushi/vec4 26, 0, 5;
    %cmp/u;
    %jmp/1 T_3.26, 6;
    %dup/vec4;
    %pushi/vec4 27, 0, 5;
    %cmp/u;
    %jmp/1 T_3.27, 6;
    %dup/vec4;
    %pushi/vec4 28, 0, 5;
    %cmp/u;
    %jmp/1 T_3.28, 6;
    %dup/vec4;
    %pushi/vec4 29, 0, 5;
    %cmp/u;
    %jmp/1 T_3.29, 6;
    %dup/vec4;
    %pushi/vec4 30, 0, 5;
    %cmp/u;
    %jmp/1 T_3.30, 6;
    %dup/vec4;
    %pushi/vec4 31, 0, 5;
    %cmp/u;
    %jmp/1 T_3.31, 6;
    %pushi/vec4 0, 0, 32;
    %store/vec4 v00000157d14367c0_0, 0, 32;
    %jmp T_3.33;
T_3.0 ;
    %load/vec4 v00000157d13cb850_0;
    %store/vec4 v00000157d14367c0_0, 0, 32;
    %jmp T_3.33;
T_3.1 ;
    %load/vec4 v00000157d13cb850_0;
    %parti/s 1, 31, 6;
    %load/vec4 v00000157d13cb850_0;
    %parti/s 31, 1, 2;
    %concat/vec4; draw_concat_vec4
    %store/vec4 v00000157d14367c0_0, 0, 32;
    %jmp T_3.33;
T_3.2 ;
    %load/vec4 v00000157d13cb850_0;
    %parti/s 1, 31, 6;
    %replicate 2;
    %load/vec4 v00000157d13cb850_0;
    %parti/s 30, 2, 3;
    %concat/vec4; draw_concat_vec4
    %store/vec4 v00000157d14367c0_0, 0, 32;
    %jmp T_3.33;
T_3.3 ;
    %load/vec4 v00000157d13cb850_0;
    %parti/s 1, 31, 6;
    %replicate 3;
    %load/vec4 v00000157d13cb850_0;
    %parti/s 29, 3, 3;
    %concat/vec4; draw_concat_vec4
    %store/vec4 v00000157d14367c0_0, 0, 32;
    %jmp T_3.33;
T_3.4 ;
    %load/vec4 v00000157d13cb850_0;
    %parti/s 1, 31, 6;
    %replicate 4;
    %load/vec4 v00000157d13cb850_0;
    %parti/s 28, 4, 4;
    %concat/vec4; draw_concat_vec4
    %store/vec4 v00000157d14367c0_0, 0, 32;
    %jmp T_3.33;
T_3.5 ;
    %load/vec4 v00000157d13cb850_0;
    %parti/s 1, 31, 6;
    %replicate 5;
    %load/vec4 v00000157d13cb850_0;
    %parti/s 27, 5, 4;
    %concat/vec4; draw_concat_vec4
    %store/vec4 v00000157d14367c0_0, 0, 32;
    %jmp T_3.33;
T_3.6 ;
    %load/vec4 v00000157d13cb850_0;
    %parti/s 1, 31, 6;
    %replicate 6;
    %load/vec4 v00000157d13cb850_0;
    %parti/s 26, 6, 4;
    %concat/vec4; draw_concat_vec4
    %store/vec4 v00000157d14367c0_0, 0, 32;
    %jmp T_3.33;
T_3.7 ;
    %load/vec4 v00000157d13cb850_0;
    %parti/s 1, 31, 6;
    %replicate 7;
    %load/vec4 v00000157d13cb850_0;
    %parti/s 25, 7, 4;
    %concat/vec4; draw_concat_vec4
    %store/vec4 v00000157d14367c0_0, 0, 32;
    %jmp T_3.33;
T_3.8 ;
    %load/vec4 v00000157d13cb850_0;
    %parti/s 1, 31, 6;
    %replicate 8;
    %load/vec4 v00000157d13cb850_0;
    %parti/s 24, 8, 5;
    %concat/vec4; draw_concat_vec4
    %store/vec4 v00000157d14367c0_0, 0, 32;
    %jmp T_3.33;
T_3.9 ;
    %load/vec4 v00000157d13cb850_0;
    %parti/s 1, 31, 6;
    %replicate 9;
    %load/vec4 v00000157d13cb850_0;
    %parti/s 23, 9, 5;
    %concat/vec4; draw_concat_vec4
    %store/vec4 v00000157d14367c0_0, 0, 32;
    %jmp T_3.33;
T_3.10 ;
    %load/vec4 v00000157d13cb850_0;
    %parti/s 1, 31, 6;
    %replicate 10;
    %load/vec4 v00000157d13cb850_0;
    %parti/s 22, 10, 5;
    %concat/vec4; draw_concat_vec4
    %store/vec4 v00000157d14367c0_0, 0, 32;
    %jmp T_3.33;
T_3.11 ;
    %load/vec4 v00000157d13cb850_0;
    %parti/s 1, 31, 6;
    %replicate 11;
    %load/vec4 v00000157d13cb850_0;
    %parti/s 21, 11, 5;
    %concat/vec4; draw_concat_vec4
    %store/vec4 v00000157d14367c0_0, 0, 32;
    %jmp T_3.33;
T_3.12 ;
    %load/vec4 v00000157d13cb850_0;
    %parti/s 1, 31, 6;
    %replicate 12;
    %load/vec4 v00000157d13cb850_0;
    %parti/s 20, 12, 5;
    %concat/vec4; draw_concat_vec4
    %store/vec4 v00000157d14367c0_0, 0, 32;
    %jmp T_3.33;
T_3.13 ;
    %load/vec4 v00000157d13cb850_0;
    %parti/s 1, 31, 6;
    %replicate 13;
    %load/vec4 v00000157d13cb850_0;
    %parti/s 19, 13, 5;
    %concat/vec4; draw_concat_vec4
    %store/vec4 v00000157d14367c0_0, 0, 32;
    %jmp T_3.33;
T_3.14 ;
    %load/vec4 v00000157d13cb850_0;
    %parti/s 1, 31, 6;
    %replicate 14;
    %load/vec4 v00000157d13cb850_0;
    %parti/s 18, 14, 5;
    %concat/vec4; draw_concat_vec4
    %store/vec4 v00000157d14367c0_0, 0, 32;
    %jmp T_3.33;
T_3.15 ;
    %load/vec4 v00000157d13cb850_0;
    %parti/s 1, 31, 6;
    %replicate 15;
    %load/vec4 v00000157d13cb850_0;
    %parti/s 17, 15, 5;
    %concat/vec4; draw_concat_vec4
    %store/vec4 v00000157d14367c0_0, 0, 32;
    %jmp T_3.33;
T_3.16 ;
    %load/vec4 v00000157d13cb850_0;
    %parti/s 1, 31, 6;
    %replicate 16;
    %load/vec4 v00000157d13cb850_0;
    %parti/s 16, 16, 6;
    %concat/vec4; draw_concat_vec4
    %store/vec4 v00000157d14367c0_0, 0, 32;
    %jmp T_3.33;
T_3.17 ;
    %load/vec4 v00000157d13cb850_0;
    %parti/s 1, 31, 6;
    %replicate 17;
    %load/vec4 v00000157d13cb850_0;
    %parti/s 15, 17, 6;
    %concat/vec4; draw_concat_vec4
    %store/vec4 v00000157d14367c0_0, 0, 32;
    %jmp T_3.33;
T_3.18 ;
    %load/vec4 v00000157d13cb850_0;
    %parti/s 1, 31, 6;
    %replicate 18;
    %load/vec4 v00000157d13cb850_0;
    %parti/s 14, 18, 6;
    %concat/vec4; draw_concat_vec4
    %store/vec4 v00000157d14367c0_0, 0, 32;
    %jmp T_3.33;
T_3.19 ;
    %load/vec4 v00000157d13cb850_0;
    %parti/s 1, 31, 6;
    %replicate 19;
    %load/vec4 v00000157d13cb850_0;
    %parti/s 13, 19, 6;
    %concat/vec4; draw_concat_vec4
    %store/vec4 v00000157d14367c0_0, 0, 32;
    %jmp T_3.33;
T_3.20 ;
    %load/vec4 v00000157d13cb850_0;
    %parti/s 1, 31, 6;
    %replicate 20;
    %load/vec4 v00000157d13cb850_0;
    %parti/s 12, 20, 6;
    %concat/vec4; draw_concat_vec4
    %store/vec4 v00000157d14367c0_0, 0, 32;
    %jmp T_3.33;
T_3.21 ;
    %load/vec4 v00000157d13cb850_0;
    %parti/s 1, 31, 6;
    %replicate 21;
    %load/vec4 v00000157d13cb850_0;
    %parti/s 11, 21, 6;
    %concat/vec4; draw_concat_vec4
    %store/vec4 v00000157d14367c0_0, 0, 32;
    %jmp T_3.33;
T_3.22 ;
    %load/vec4 v00000157d13cb850_0;
    %parti/s 1, 31, 6;
    %replicate 22;
    %load/vec4 v00000157d13cb850_0;
    %parti/s 10, 22, 6;
    %concat/vec4; draw_concat_vec4
    %store/vec4 v00000157d14367c0_0, 0, 32;
    %jmp T_3.33;
T_3.23 ;
    %load/vec4 v00000157d13cb850_0;
    %parti/s 1, 31, 6;
    %replicate 23;
    %load/vec4 v00000157d13cb850_0;
    %parti/s 9, 23, 6;
    %concat/vec4; draw_concat_vec4
    %store/vec4 v00000157d14367c0_0, 0, 32;
    %jmp T_3.33;
T_3.24 ;
    %load/vec4 v00000157d13cb850_0;
    %parti/s 1, 31, 6;
    %replicate 24;
    %load/vec4 v00000157d13cb850_0;
    %parti/s 8, 24, 6;
    %concat/vec4; draw_concat_vec4
    %store/vec4 v00000157d14367c0_0, 0, 32;
    %jmp T_3.33;
T_3.25 ;
    %load/vec4 v00000157d13cb850_0;
    %parti/s 1, 31, 6;
    %replicate 25;
    %load/vec4 v00000157d13cb850_0;
    %parti/s 7, 25, 6;
    %concat/vec4; draw_concat_vec4
    %store/vec4 v00000157d14367c0_0, 0, 32;
    %jmp T_3.33;
T_3.26 ;
    %load/vec4 v00000157d13cb850_0;
    %parti/s 1, 31, 6;
    %replicate 26;
    %load/vec4 v00000157d13cb850_0;
    %parti/s 6, 26, 6;
    %concat/vec4; draw_concat_vec4
    %store/vec4 v00000157d14367c0_0, 0, 32;
    %jmp T_3.33;
T_3.27 ;
    %load/vec4 v00000157d13cb850_0;
    %parti/s 1, 31, 6;
    %replicate 27;
    %load/vec4 v00000157d13cb850_0;
    %parti/s 5, 27, 6;
    %concat/vec4; draw_concat_vec4
    %store/vec4 v00000157d14367c0_0, 0, 32;
    %jmp T_3.33;
T_3.28 ;
    %load/vec4 v00000157d13cb850_0;
    %parti/s 1, 31, 6;
    %replicate 28;
    %load/vec4 v00000157d13cb850_0;
    %parti/s 4, 28, 6;
    %concat/vec4; draw_concat_vec4
    %store/vec4 v00000157d14367c0_0, 0, 32;
    %jmp T_3.33;
T_3.29 ;
    %load/vec4 v00000157d13cb850_0;
    %parti/s 1, 31, 6;
    %replicate 29;
    %load/vec4 v00000157d13cb850_0;
    %parti/s 3, 29, 6;
    %concat/vec4; draw_concat_vec4
    %store/vec4 v00000157d14367c0_0, 0, 32;
    %jmp T_3.33;
T_3.30 ;
    %load/vec4 v00000157d13cb850_0;
    %parti/s 1, 31, 6;
    %replicate 30;
    %load/vec4 v00000157d13cb850_0;
    %parti/s 2, 30, 6;
    %concat/vec4; draw_concat_vec4
    %store/vec4 v00000157d14367c0_0, 0, 32;
    %jmp T_3.33;
T_3.31 ;
    %load/vec4 v00000157d13cb850_0;
    %parti/s 1, 31, 6;
    %replicate 31;
    %load/vec4 v00000157d13cb850_0;
    %parti/s 1, 31, 6;
    %concat/vec4; draw_concat_vec4
    %store/vec4 v00000157d14367c0_0, 0, 32;
    %jmp T_3.33;
T_3.33 ;
    %pop/vec4 1;
    %jmp T_3;
    .thread T_3, $push;
    .scope S_00000157d1393e80;
T_4 ;
    %wait E_00000157d13de5a0;
    %load/vec4 v00000157d13cbad0_0;
    %dup/vec4;
    %pushi/vec4 0, 0, 3;
    %cmp/u;
    %jmp/1 T_4.0, 6;
    %dup/vec4;
    %pushi/vec4 1, 0, 3;
    %cmp/u;
    %jmp/1 T_4.1, 6;
    %dup/vec4;
    %pushi/vec4 2, 0, 3;
    %cmp/u;
    %jmp/1 T_4.2, 6;
    %dup/vec4;
    %pushi/vec4 3, 0, 3;
    %cmp/u;
    %jmp/1 T_4.3, 6;
    %dup/vec4;
    %pushi/vec4 4, 0, 3;
    %cmp/u;
    %jmp/1 T_4.4, 6;
    %dup/vec4;
    %pushi/vec4 5, 0, 3;
    %cmp/u;
    %jmp/1 T_4.5, 6;
    %dup/vec4;
    %pushi/vec4 6, 0, 3;
    %cmp/u;
    %jmp/1 T_4.6, 6;
    %dup/vec4;
    %pushi/vec4 7, 0, 3;
    %cmp/u;
    %jmp/1 T_4.7, 6;
    %pushi/vec4 0, 0, 32;
    %store/vec4 v00000157d1436a40_0, 0, 32;
    %jmp T_4.9;
T_4.0 ;
    %load/vec4 v00000157d1435820_0;
    %dup/vec4;
    %pushi/vec4 0, 0, 1;
    %cmp/u;
    %jmp/1 T_4.10, 6;
    %dup/vec4;
    %pushi/vec4 1, 0, 1;
    %cmp/u;
    %jmp/1 T_4.11, 6;
    %pushi/vec4 0, 0, 32;
    %store/vec4 v00000157d1436a40_0, 0, 32;
    %jmp T_4.13;
T_4.10 ;
    %load/vec4 v00000157d13cb850_0;
    %load/vec4 v00000157d13cba30_0;
    %add;
    %store/vec4 v00000157d1436a40_0, 0, 32;
    %jmp T_4.13;
T_4.11 ;
    %load/vec4 v00000157d13cb850_0;
    %load/vec4 v00000157d13cba30_0;
    %sub;
    %store/vec4 v00000157d1436a40_0, 0, 32;
    %jmp T_4.13;
T_4.13 ;
    %pop/vec4 1;
    %jmp T_4.9;
T_4.1 ;
    %load/vec4 v00000157d1435c80_0;
    %store/vec4 v00000157d1436a40_0, 0, 32;
    %jmp T_4.9;
T_4.2 ;
    %pushi/vec4 0, 0, 31;
    %load/vec4 v00000157d14364a0_0;
    %concat/vec4; draw_concat_vec4
    %store/vec4 v00000157d1436a40_0, 0, 32;
    %jmp T_4.9;
T_4.3 ;
    %pushi/vec4 0, 0, 31;
    %load/vec4 v00000157d14364a0_0;
    %concat/vec4; draw_concat_vec4
    %store/vec4 v00000157d1436a40_0, 0, 32;
    %jmp T_4.9;
T_4.4 ;
    %load/vec4 v00000157d13cb850_0;
    %load/vec4 v00000157d13cba30_0;
    %xor;
    %store/vec4 v00000157d1436a40_0, 0, 32;
    %jmp T_4.9;
T_4.5 ;
    %load/vec4 v00000157d13cb710_0;
    %dup/vec4;
    %pushi/vec4 0, 0, 1;
    %cmp/u;
    %jmp/1 T_4.14, 6;
    %dup/vec4;
    %pushi/vec4 1, 0, 1;
    %cmp/u;
    %jmp/1 T_4.15, 6;
    %pushi/vec4 0, 0, 32;
    %store/vec4 v00000157d1436a40_0, 0, 32;
    %jmp T_4.17;
T_4.14 ;
    %load/vec4 v00000157d1435d20_0;
    %store/vec4 v00000157d1436a40_0, 0, 32;
    %jmp T_4.17;
T_4.15 ;
    %load/vec4 v00000157d14367c0_0;
    %store/vec4 v00000157d1436a40_0, 0, 32;
    %jmp T_4.17;
T_4.17 ;
    %pop/vec4 1;
    %jmp T_4.9;
T_4.6 ;
    %load/vec4 v00000157d13cb850_0;
    %load/vec4 v00000157d13cba30_0;
    %or;
    %store/vec4 v00000157d1436a40_0, 0, 32;
    %jmp T_4.9;
T_4.7 ;
    %load/vec4 v00000157d13cb850_0;
    %load/vec4 v00000157d13cba30_0;
    %and;
    %store/vec4 v00000157d1436a40_0, 0, 32;
    %jmp T_4.9;
T_4.9 ;
    %pop/vec4 1;
    %jmp T_4;
    .thread T_4, $push;
    .scope S_00000157d13d5150;
T_5 ;
    %pushi/vec4 0, 0, 3;
    %store/vec4 v00000157d1435dc0_0, 0, 3;
    %pushi/vec4 0, 0, 1;
    %store/vec4 v00000157d1436540_0, 0, 1;
    %pushi/vec4 0, 0, 1;
    %store/vec4 v00000157d1436860_0, 0, 1;
    %pushi/vec4 0, 0, 1;
    %store/vec4 v00000157d1435140_0, 0, 1;
    %pushi/vec4 5, 0, 32;
    %store/vec4 v00000157d1436180_0, 0, 32;
    %pushi/vec4 3, 0, 32;
    %store/vec4 v00000157d1434d80_0, 0, 32;
    %pushi/vec4 8, 0, 32;
    %store/vec4 v00000157d13cb7b0_0, 0, 32;
    %pushi/vec4 0, 0, 1;
    %store/vec4 v00000157d13cbcb0_0, 0, 1;
    %pushi/vec4 0, 0, 1;
    %store/vec4 v00000157d13cbe90_0, 0, 1;
    %pushi/vec4 0, 0, 32; draw_string_vec4
    %pushi/vec4 0, 0, 32; draw_string_vec4
    %concat/vec4; draw_string_vec4
    %pushi/vec4 0, 0, 32; draw_string_vec4
    %concat/vec4; draw_string_vec4
    %pushi/vec4 0, 0, 32; draw_string_vec4
    %concat/vec4; draw_string_vec4
    %pushi/vec4 0, 0, 32; draw_string_vec4
    %concat/vec4; draw_string_vec4
    %pushi/vec4 0, 0, 32; draw_string_vec4
    %concat/vec4; draw_string_vec4
    %pushi/vec4 0, 0, 32; draw_string_vec4
    %concat/vec4; draw_string_vec4
    %pushi/vec4 6382692, 0, 32; draw_string_vec4
    %concat/vec4; draw_string_vec4
    %store/vec4 v00000157d13cbf30_0, 0, 256;
    %fork TD_unit_alu_tb.check, S_00000157d1393cf0;
    %join;
    %pushi/vec4 0, 0, 3;
    %store/vec4 v00000157d1435dc0_0, 0, 3;
    %pushi/vec4 1, 0, 1;
    %store/vec4 v00000157d1436540_0, 0, 1;
    %pushi/vec4 0, 0, 1;
    %store/vec4 v00000157d1436860_0, 0, 1;
    %pushi/vec4 0, 0, 1;
    %store/vec4 v00000157d1435140_0, 0, 1;
    %pushi/vec4 5, 0, 32;
    %store/vec4 v00000157d1436180_0, 0, 32;
    %pushi/vec4 7, 0, 32;
    %store/vec4 v00000157d1434d80_0, 0, 32;
    %pushi/vec4 4294967294, 0, 32;
    %store/vec4 v00000157d13cb7b0_0, 0, 32;
    %pushi/vec4 0, 0, 1;
    %store/vec4 v00000157d13cbcb0_0, 0, 1;
    %pushi/vec4 1, 0, 1;
    %store/vec4 v00000157d13cbe90_0, 0, 1;
    %pushi/vec4 0, 0, 32; draw_string_vec4
    %pushi/vec4 0, 0, 32; draw_string_vec4
    %concat/vec4; draw_string_vec4
    %pushi/vec4 0, 0, 32; draw_string_vec4
    %concat/vec4; draw_string_vec4
    %pushi/vec4 0, 0, 32; draw_string_vec4
    %concat/vec4; draw_string_vec4
    %pushi/vec4 0, 0, 32; draw_string_vec4
    %concat/vec4; draw_string_vec4
    %pushi/vec4 0, 0, 32; draw_string_vec4
    %concat/vec4; draw_string_vec4
    %pushi/vec4 0, 0, 32; draw_string_vec4
    %concat/vec4; draw_string_vec4
    %pushi/vec4 7566690, 0, 32; draw_string_vec4
    %concat/vec4; draw_string_vec4
    %store/vec4 v00000157d13cbf30_0, 0, 256;
    %fork TD_unit_alu_tb.check, S_00000157d1393cf0;
    %join;
    %pushi/vec4 1, 0, 3;
    %store/vec4 v00000157d1435dc0_0, 0, 3;
    %pushi/vec4 0, 0, 1;
    %store/vec4 v00000157d1436540_0, 0, 1;
    %pushi/vec4 0, 0, 1;
    %store/vec4 v00000157d1436860_0, 0, 1;
    %pushi/vec4 0, 0, 1;
    %store/vec4 v00000157d1435140_0, 0, 1;
    %pushi/vec4 1, 0, 32;
    %store/vec4 v00000157d1436180_0, 0, 32;
    %pushi/vec4 4, 0, 32;
    %store/vec4 v00000157d1434d80_0, 0, 32;
    %pushi/vec4 16, 0, 32;
    %store/vec4 v00000157d13cb7b0_0, 0, 32;
    %pushi/vec4 0, 0, 1;
    %store/vec4 v00000157d13cbcb0_0, 0, 1;
    %pushi/vec4 1, 0, 1;
    %store/vec4 v00000157d13cbe90_0, 0, 1;
    %pushi/vec4 0, 0, 32; draw_string_vec4
    %pushi/vec4 0, 0, 32; draw_string_vec4
    %concat/vec4; draw_string_vec4
    %pushi/vec4 0, 0, 32; draw_string_vec4
    %concat/vec4; draw_string_vec4
    %pushi/vec4 0, 0, 32; draw_string_vec4
    %concat/vec4; draw_string_vec4
    %pushi/vec4 0, 0, 32; draw_string_vec4
    %concat/vec4; draw_string_vec4
    %pushi/vec4 0, 0, 32; draw_string_vec4
    %concat/vec4; draw_string_vec4
    %pushi/vec4 0, 0, 32; draw_string_vec4
    %concat/vec4; draw_string_vec4
    %pushi/vec4 7564396, 0, 32; draw_string_vec4
    %concat/vec4; draw_string_vec4
    %store/vec4 v00000157d13cbf30_0, 0, 256;
    %fork TD_unit_alu_tb.check, S_00000157d1393cf0;
    %join;
    %pushi/vec4 2, 0, 3;
    %store/vec4 v00000157d1435dc0_0, 0, 3;
    %pushi/vec4 0, 0, 1;
    %store/vec4 v00000157d1436540_0, 0, 1;
    %pushi/vec4 0, 0, 1;
    %store/vec4 v00000157d1436860_0, 0, 1;
    %pushi/vec4 0, 0, 1;
    %store/vec4 v00000157d1435140_0, 0, 1;
    %pushi/vec4 4294967295, 0, 32;
    %store/vec4 v00000157d1436180_0, 0, 32;
    %pushi/vec4 1, 0, 32;
    %store/vec4 v00000157d1434d80_0, 0, 32;
    %pushi/vec4 1, 0, 32;
    %store/vec4 v00000157d13cb7b0_0, 0, 32;
    %pushi/vec4 0, 0, 1;
    %store/vec4 v00000157d13cbcb0_0, 0, 1;
    %pushi/vec4 1, 0, 1;
    %store/vec4 v00000157d13cbe90_0, 0, 1;
    %pushi/vec4 0, 0, 32; draw_string_vec4
    %pushi/vec4 0, 0, 32; draw_string_vec4
    %concat/vec4; draw_string_vec4
    %pushi/vec4 0, 0, 32; draw_string_vec4
    %concat/vec4; draw_string_vec4
    %pushi/vec4 0, 0, 32; draw_string_vec4
    %concat/vec4; draw_string_vec4
    %pushi/vec4 0, 0, 32; draw_string_vec4
    %concat/vec4; draw_string_vec4
    %pushi/vec4 29548, 0, 32; draw_string_vec4
    %concat/vec4; draw_string_vec4
    %pushi/vec4 1952412521, 0, 32; draw_string_vec4
    %concat/vec4; draw_string_vec4
    %pushi/vec4 1735288164, 0, 32; draw_string_vec4
    %concat/vec4; draw_string_vec4
    %store/vec4 v00000157d13cbf30_0, 0, 256;
    %fork TD_unit_alu_tb.check, S_00000157d1393cf0;
    %join;
    %pushi/vec4 2, 0, 3;
    %store/vec4 v00000157d1435dc0_0, 0, 3;
    %pushi/vec4 0, 0, 1;
    %store/vec4 v00000157d1436540_0, 0, 1;
    %pushi/vec4 1, 0, 1;
    %store/vec4 v00000157d1436860_0, 0, 1;
    %pushi/vec4 0, 0, 1;
    %store/vec4 v00000157d1435140_0, 0, 1;
    %pushi/vec4 4294967295, 0, 32;
    %store/vec4 v00000157d1436180_0, 0, 32;
    %pushi/vec4 1, 0, 32;
    %store/vec4 v00000157d1434d80_0, 0, 32;
    %pushi/vec4 0, 0, 32;
    %store/vec4 v00000157d13cb7b0_0, 0, 32;
    %pushi/vec4 0, 0, 1;
    %store/vec4 v00000157d13cbcb0_0, 0, 1;
    %pushi/vec4 0, 0, 1;
    %store/vec4 v00000157d13cbe90_0, 0, 1;
    %pushi/vec4 0, 0, 32; draw_string_vec4
    %pushi/vec4 0, 0, 32; draw_string_vec4
    %concat/vec4; draw_string_vec4
    %pushi/vec4 0, 0, 32; draw_string_vec4
    %concat/vec4; draw_string_vec4
    %pushi/vec4 0, 0, 32; draw_string_vec4
    %concat/vec4; draw_string_vec4
    %pushi/vec4 0, 0, 32; draw_string_vec4
    %concat/vec4; draw_string_vec4
    %pushi/vec4 1936487519, 0, 32; draw_string_vec4
    %concat/vec4; draw_string_vec4
    %pushi/vec4 1970172777, 0, 32; draw_string_vec4
    %concat/vec4; draw_string_vec4
    %pushi/vec4 1735288164, 0, 32; draw_string_vec4
    %concat/vec4; draw_string_vec4
    %store/vec4 v00000157d13cbf30_0, 0, 256;
    %fork TD_unit_alu_tb.check, S_00000157d1393cf0;
    %join;
    %pushi/vec4 4, 0, 3;
    %store/vec4 v00000157d1435dc0_0, 0, 3;
    %pushi/vec4 0, 0, 1;
    %store/vec4 v00000157d1436540_0, 0, 1;
    %pushi/vec4 0, 0, 1;
    %store/vec4 v00000157d1436860_0, 0, 1;
    %pushi/vec4 0, 0, 1;
    %store/vec4 v00000157d1435140_0, 0, 1;
    %pushi/vec4 11202800, 0, 32;
    %store/vec4 v00000157d1436180_0, 0, 32;
    %pushi/vec4 252645135, 0, 32;
    %store/vec4 v00000157d1434d80_0, 0, 32;
    %pushi/vec4 262537215, 0, 32;
    %store/vec4 v00000157d13cb7b0_0, 0, 32;
    %pushi/vec4 0, 0, 1;
    %store/vec4 v00000157d13cbcb0_0, 0, 1;
    %pushi/vec4 1, 0, 1;
    %store/vec4 v00000157d13cbe90_0, 0, 1;
    %pushi/vec4 0, 0, 32; draw_string_vec4
    %pushi/vec4 0, 0, 32; draw_string_vec4
    %concat/vec4; draw_string_vec4
    %pushi/vec4 0, 0, 32; draw_string_vec4
    %concat/vec4; draw_string_vec4
    %pushi/vec4 0, 0, 32; draw_string_vec4
    %concat/vec4; draw_string_vec4
    %pushi/vec4 0, 0, 32; draw_string_vec4
    %concat/vec4; draw_string_vec4
    %pushi/vec4 0, 0, 32; draw_string_vec4
    %concat/vec4; draw_string_vec4
    %pushi/vec4 0, 0, 32; draw_string_vec4
    %concat/vec4; draw_string_vec4
    %pushi/vec4 7892850, 0, 32; draw_string_vec4
    %concat/vec4; draw_string_vec4
    %store/vec4 v00000157d13cbf30_0, 0, 256;
    %fork TD_unit_alu_tb.check, S_00000157d1393cf0;
    %join;
    %pushi/vec4 5, 0, 3;
    %store/vec4 v00000157d1435dc0_0, 0, 3;
    %pushi/vec4 0, 0, 1;
    %store/vec4 v00000157d1436540_0, 0, 1;
    %pushi/vec4 0, 0, 1;
    %store/vec4 v00000157d1436860_0, 0, 1;
    %pushi/vec4 0, 0, 1;
    %store/vec4 v00000157d1435140_0, 0, 1;
    %pushi/vec4 2147483648, 0, 32;
    %store/vec4 v00000157d1436180_0, 0, 32;
    %pushi/vec4 1, 0, 32;
    %store/vec4 v00000157d1434d80_0, 0, 32;
    %pushi/vec4 1073741824, 0, 32;
    %store/vec4 v00000157d13cb7b0_0, 0, 32;
    %pushi/vec4 0, 0, 1;
    %store/vec4 v00000157d13cbcb0_0, 0, 1;
    %pushi/vec4 1, 0, 1;
    %store/vec4 v00000157d13cbe90_0, 0, 1;
    %pushi/vec4 0, 0, 32; draw_string_vec4
    %pushi/vec4 0, 0, 32; draw_string_vec4
    %concat/vec4; draw_string_vec4
    %pushi/vec4 0, 0, 32; draw_string_vec4
    %concat/vec4; draw_string_vec4
    %pushi/vec4 0, 0, 32; draw_string_vec4
    %concat/vec4; draw_string_vec4
    %pushi/vec4 0, 0, 32; draw_string_vec4
    %concat/vec4; draw_string_vec4
    %pushi/vec4 0, 0, 32; draw_string_vec4
    %concat/vec4; draw_string_vec4
    %pushi/vec4 0, 0, 32; draw_string_vec4
    %concat/vec4; draw_string_vec4
    %pushi/vec4 7565932, 0, 32; draw_string_vec4
    %concat/vec4; draw_string_vec4
    %store/vec4 v00000157d13cbf30_0, 0, 256;
    %fork TD_unit_alu_tb.check, S_00000157d1393cf0;
    %join;
    %pushi/vec4 5, 0, 3;
    %store/vec4 v00000157d1435dc0_0, 0, 3;
    %pushi/vec4 0, 0, 1;
    %store/vec4 v00000157d1436540_0, 0, 1;
    %pushi/vec4 0, 0, 1;
    %store/vec4 v00000157d1436860_0, 0, 1;
    %pushi/vec4 1, 0, 1;
    %store/vec4 v00000157d1435140_0, 0, 1;
    %pushi/vec4 2147483648, 0, 32;
    %store/vec4 v00000157d1436180_0, 0, 32;
    %pushi/vec4 1, 0, 32;
    %store/vec4 v00000157d1434d80_0, 0, 32;
    %pushi/vec4 3221225472, 0, 32;
    %store/vec4 v00000157d13cb7b0_0, 0, 32;
    %pushi/vec4 0, 0, 1;
    %store/vec4 v00000157d13cbcb0_0, 0, 1;
    %pushi/vec4 1, 0, 1;
    %store/vec4 v00000157d13cbe90_0, 0, 1;
    %pushi/vec4 0, 0, 32; draw_string_vec4
    %pushi/vec4 0, 0, 32; draw_string_vec4
    %concat/vec4; draw_string_vec4
    %pushi/vec4 0, 0, 32; draw_string_vec4
    %concat/vec4; draw_string_vec4
    %pushi/vec4 0, 0, 32; draw_string_vec4
    %concat/vec4; draw_string_vec4
    %pushi/vec4 0, 0, 32; draw_string_vec4
    %concat/vec4; draw_string_vec4
    %pushi/vec4 0, 0, 32; draw_string_vec4
    %concat/vec4; draw_string_vec4
    %pushi/vec4 0, 0, 32; draw_string_vec4
    %concat/vec4; draw_string_vec4
    %pushi/vec4 7565921, 0, 32; draw_string_vec4
    %concat/vec4; draw_string_vec4
    %store/vec4 v00000157d13cbf30_0, 0, 256;
    %fork TD_unit_alu_tb.check, S_00000157d1393cf0;
    %join;
    %pushi/vec4 6, 0, 3;
    %store/vec4 v00000157d1435dc0_0, 0, 3;
    %pushi/vec4 0, 0, 1;
    %store/vec4 v00000157d1436540_0, 0, 1;
    %pushi/vec4 0, 0, 1;
    %store/vec4 v00000157d1436860_0, 0, 1;
    %pushi/vec4 0, 0, 1;
    %store/vec4 v00000157d1435140_0, 0, 1;
    %pushi/vec4 252641280, 0, 32;
    %store/vec4 v00000157d1436180_0, 0, 32;
    %pushi/vec4 16711935, 0, 32;
    %store/vec4 v00000157d1434d80_0, 0, 32;
    %pushi/vec4 268370175, 0, 32;
    %store/vec4 v00000157d13cb7b0_0, 0, 32;
    %pushi/vec4 0, 0, 1;
    %store/vec4 v00000157d13cbcb0_0, 0, 1;
    %pushi/vec4 0, 0, 1;
    %store/vec4 v00000157d13cbe90_0, 0, 1;
    %pushi/vec4 0, 0, 32; draw_string_vec4
    %pushi/vec4 0, 0, 32; draw_string_vec4
    %concat/vec4; draw_string_vec4
    %pushi/vec4 0, 0, 32; draw_string_vec4
    %concat/vec4; draw_string_vec4
    %pushi/vec4 0, 0, 32; draw_string_vec4
    %concat/vec4; draw_string_vec4
    %pushi/vec4 0, 0, 32; draw_string_vec4
    %concat/vec4; draw_string_vec4
    %pushi/vec4 0, 0, 32; draw_string_vec4
    %concat/vec4; draw_string_vec4
    %pushi/vec4 0, 0, 32; draw_string_vec4
    %concat/vec4; draw_string_vec4
    %pushi/vec4 28530, 0, 32; draw_string_vec4
    %concat/vec4; draw_string_vec4
    %store/vec4 v00000157d13cbf30_0, 0, 256;
    %fork TD_unit_alu_tb.check, S_00000157d1393cf0;
    %join;
    %pushi/vec4 7, 0, 3;
    %store/vec4 v00000157d1435dc0_0, 0, 3;
    %pushi/vec4 0, 0, 1;
    %store/vec4 v00000157d1436540_0, 0, 1;
    %pushi/vec4 0, 0, 1;
    %store/vec4 v00000157d1436860_0, 0, 1;
    %pushi/vec4 0, 0, 1;
    %store/vec4 v00000157d1435140_0, 0, 1;
    %pushi/vec4 252641280, 0, 32;
    %store/vec4 v00000157d1436180_0, 0, 32;
    %pushi/vec4 16711935, 0, 32;
    %store/vec4 v00000157d1434d80_0, 0, 32;
    %pushi/vec4 983040, 0, 32;
    %store/vec4 v00000157d13cb7b0_0, 0, 32;
    %pushi/vec4 0, 0, 1;
    %store/vec4 v00000157d13cbcb0_0, 0, 1;
    %pushi/vec4 0, 0, 1;
    %store/vec4 v00000157d13cbe90_0, 0, 1;
    %pushi/vec4 0, 0, 32; draw_string_vec4
    %pushi/vec4 0, 0, 32; draw_string_vec4
    %concat/vec4; draw_string_vec4
    %pushi/vec4 0, 0, 32; draw_string_vec4
    %concat/vec4; draw_string_vec4
    %pushi/vec4 0, 0, 32; draw_string_vec4
    %concat/vec4; draw_string_vec4
    %pushi/vec4 0, 0, 32; draw_string_vec4
    %concat/vec4; draw_string_vec4
    %pushi/vec4 0, 0, 32; draw_string_vec4
    %concat/vec4; draw_string_vec4
    %pushi/vec4 0, 0, 32; draw_string_vec4
    %concat/vec4; draw_string_vec4
    %pushi/vec4 6385252, 0, 32; draw_string_vec4
    %concat/vec4; draw_string_vec4
    %store/vec4 v00000157d13cbf30_0, 0, 256;
    %fork TD_unit_alu_tb.check, S_00000157d1393cf0;
    %join;
    %pushi/vec4 0, 0, 3;
    %store/vec4 v00000157d1435dc0_0, 0, 3;
    %pushi/vec4 0, 0, 1;
    %store/vec4 v00000157d1436540_0, 0, 1;
    %pushi/vec4 0, 0, 1;
    %store/vec4 v00000157d1436860_0, 0, 1;
    %pushi/vec4 0, 0, 1;
    %store/vec4 v00000157d1435140_0, 0, 1;
    %pushi/vec4 4660, 0, 32;
    %store/vec4 v00000157d1436180_0, 0, 32;
    %pushi/vec4 4660, 0, 32;
    %store/vec4 v00000157d1434d80_0, 0, 32;
    %pushi/vec4 9320, 0, 32;
    %store/vec4 v00000157d13cb7b0_0, 0, 32;
    %pushi/vec4 1, 0, 1;
    %store/vec4 v00000157d13cbcb0_0, 0, 1;
    %pushi/vec4 0, 0, 1;
    %store/vec4 v00000157d13cbe90_0, 0, 1;
    %pushi/vec4 0, 0, 32; draw_string_vec4
    %pushi/vec4 0, 0, 32; draw_string_vec4
    %concat/vec4; draw_string_vec4
    %pushi/vec4 0, 0, 32; draw_string_vec4
    %concat/vec4; draw_string_vec4
    %pushi/vec4 0, 0, 32; draw_string_vec4
    %concat/vec4; draw_string_vec4
    %pushi/vec4 0, 0, 32; draw_string_vec4
    %concat/vec4; draw_string_vec4
    %pushi/vec4 0, 0, 32; draw_string_vec4
    %concat/vec4; draw_string_vec4
    %pushi/vec4 0, 0, 32; draw_string_vec4
    %concat/vec4; draw_string_vec4
    %pushi/vec4 25969, 0, 32; draw_string_vec4
    %concat/vec4; draw_string_vec4
    %store/vec4 v00000157d13cbf30_0, 0, 256;
    %fork TD_unit_alu_tb.check, S_00000157d1393cf0;
    %join;
    %vpi_call 2 85 "$display", "PASS unit_alu_tb" {0 0 0};
    %vpi_call 2 86 "$finish" {0 0 0};
    %end;
    .thread T_5;
# The file index is used to find the file name in the following table.
:file_names 4;
    "N/A";
    "<interactive>";
    "tests/unit_alu_tb.v";
    "lib/alu.v";
