#! /c/Source/iverilog-install/bin/vvp
:ivl_version "12.0 (devel)" "(s20150603-1539-g2693dd32b)";
:ivl_delay_selection "TYPICAL";
:vpi_time_precision - 12;
:vpi_module "D:\iverilog\lib\ivl\system.vpi";
:vpi_module "D:\iverilog\lib\ivl\vhdl_sys.vpi";
:vpi_module "D:\iverilog\lib\ivl\vhdl_textio.vpi";
:vpi_module "D:\iverilog\lib\ivl\v2005_math.vpi";
:vpi_module "D:\iverilog\lib\ivl\va_math.vpi";
S_00000209c3e9edb0 .scope module, "unit_memory_tb" "unit_memory_tb" 2 3;
 .timescale -9 -12;
v00000209c3ef9660_0 .var "EffAddr", 31 0;
v00000209c3ef8b20_0 .var "Func3", 2 0;
v00000209c3ef9700_0 .net "LoadData", 31 0, L_00000209c42a88c0;  1 drivers
v00000209c3ef93e0_0 .var "MemRead", 0 0;
v00000209c3ef9480_0 .var "MemWrite", 0 0;
v00000209c3ef97a0_0 .net "MisalignTrap", 0 0, L_00000209c3e5cbe0;  1 drivers
v00000209c3ef9520_0 .var "StoreData", 31 0;
v00000209c3ef9340_0 .var "i_dmem_rdata", 31 0;
v00000209c3ef8f80_0 .net "o_dmem_addr", 31 0, L_00000209c3ef98e0;  1 drivers
v00000209c3ef9980_0 .net "o_dmem_mask", 3 0, L_00000209c3e5cf60;  1 drivers
v00000209c3ef95c0_0 .net "o_dmem_ren", 0 0, L_00000209c3e5cc50;  1 drivers
v00000209c3ef9840_0 .net "o_dmem_wdata", 31 0, L_00000209c3e5d350;  1 drivers
v00000209c3ef8800_0 .net "o_dmem_wen", 0 0, L_00000209c3e5ca20;  1 drivers
S_00000209c3e65180 .scope task, "check" "check" 2 35, 2 35 0, S_00000209c3e9edb0;
 .timescale -9 -12;
v00000209c3e63ca0_0 .var "exp_load", 31 0;
v00000209c3e63a20_0 .var "exp_mask", 3 0;
v00000209c3e647e0_0 .var "exp_ren", 0 0;
v00000209c3e64740_0 .var "exp_trap", 0 0;
v00000209c3e638e0_0 .var "exp_wdata", 31 0;
v00000209c3ef7830_0 .var "exp_wen", 0 0;
v00000209c3ef6570_0 .var "name", 255 0;
TD_unit_memory_tb.check ;
    %delay 1000, 0;
    %load/vec4 v00000209c3ef9700_0;
    %load/vec4 v00000209c3e63ca0_0;
    %cmp/ne;
    %jmp/1 T_0.6, 6;
    %flag_mov 8, 6;
    %load/vec4 v00000209c3ef9980_0;
    %load/vec4 v00000209c3e63a20_0;
    %cmp/ne;
    %flag_or 6, 8;
T_0.6;
    %jmp/1 T_0.5, 6;
    %flag_mov 8, 6;
    %load/vec4 v00000209c3ef9840_0;
    %load/vec4 v00000209c3e638e0_0;
    %cmp/ne;
    %flag_or 6, 8;
T_0.5;
    %jmp/1 T_0.4, 6;
    %flag_mov 8, 6;
    %load/vec4 v00000209c3ef95c0_0;
    %load/vec4 v00000209c3e647e0_0;
    %cmp/ne;
    %flag_or 6, 8;
T_0.4;
    %jmp/1 T_0.3, 6;
    %flag_mov 8, 6;
    %load/vec4 v00000209c3ef8800_0;
    %load/vec4 v00000209c3ef7830_0;
    %cmp/ne;
    %flag_or 6, 8;
T_0.3;
    %jmp/1 T_0.2, 6;
    %flag_mov 8, 6;
    %load/vec4 v00000209c3ef97a0_0;
    %load/vec4 v00000209c3e64740_0;
    %cmp/ne;
    %flag_or 6, 8;
T_0.2;
    %jmp/0xz  T_0.0, 6;
    %vpi_call 2 47 "$display", "FAIL %s:", v00000209c3ef6570_0 {0 0 0};
    %vpi_call 2 48 "$display", "  LoadData=%h exp=%h", v00000209c3ef9700_0, v00000209c3e63ca0_0 {0 0 0};
    %vpi_call 2 49 "$display", "  mask=%b exp=%b", v00000209c3ef9980_0, v00000209c3e63a20_0 {0 0 0};
    %vpi_call 2 50 "$display", "  wdata=%h exp=%h", v00000209c3ef9840_0, v00000209c3e638e0_0 {0 0 0};
    %vpi_call 2 51 "$display", "  ren=%b exp=%b wen=%b exp=%b trap=%b exp=%b", v00000209c3ef95c0_0, v00000209c3e647e0_0, v00000209c3ef8800_0, v00000209c3ef7830_0, v00000209c3ef97a0_0, v00000209c3e64740_0 {0 0 0};
    %vpi_call 2 52 "$finish" {0 0 0};
T_0.0 ;
    %end;
S_00000209c3e74ef0 .scope module, "dut" "memory" 2 19, 3 1 0, S_00000209c3e9edb0;
 .timescale -9 -12;
    .port_info 0 /INPUT 32 "EffAddr";
    .port_info 1 /INPUT 32 "StoreData";
    .port_info 2 /INPUT 3 "Func3";
    .port_info 3 /INPUT 1 "MemRead";
    .port_info 4 /INPUT 1 "MemWrite";
    .port_info 5 /INPUT 32 "i_dmem_rdata";
    .port_info 6 /OUTPUT 32 "o_dmem_addr";
    .port_info 7 /OUTPUT 4 "o_dmem_mask";
    .port_info 8 /OUTPUT 32 "o_dmem_wdata";
    .port_info 9 /OUTPUT 1 "o_dmem_ren";
    .port_info 10 /OUTPUT 1 "o_dmem_wen";
    .port_info 11 /OUTPUT 32 "LoadData";
    .port_info 12 /OUTPUT 1 "MisalignTrap";
L_00000209c3e5c940 .functor OR 1, L_00000209c3ef9ac0, L_00000209c3ef89e0, C4<0>, C4<0>;
L_00000209c3e5cda0 .functor AND 1, v00000209c3ef93e0_0, L_00000209c3ef86c0, C4<1>, C4<1>;
L_00000209c3e5c9b0 .functor AND 1, v00000209c3ef9480_0, L_00000209c3ef9de0, C4<1>, C4<1>;
L_00000209c3e5cbe0 .functor OR 1, L_00000209c3e5cda0, L_00000209c3e5c9b0, C4<0>, C4<0>;
L_00000209c3e5cb70 .functor NOT 1, L_00000209c3e5cbe0, C4<0>, C4<0>, C4<0>;
L_00000209c3e5cc50 .functor AND 1, v00000209c3ef93e0_0, L_00000209c3e5cb70, C4<1>, C4<1>;
L_00000209c3e5ce10 .functor NOT 1, L_00000209c3e5cbe0, C4<0>, C4<0>, C4<0>;
L_00000209c3e5ca20 .functor AND 1, v00000209c3ef9480_0, L_00000209c3e5ce10, C4<1>, C4<1>;
L_00000209c3e5ce80 .functor OR 1, v00000209c3ef93e0_0, v00000209c3ef9480_0, C4<0>, C4<0>;
L_00000209c3e5cf60 .functor AND 4, L_00000209c3ef8e40, v00000209c3ef76f0_0, C4<1111>, C4<1111>;
L_00000209c3e5d350 .functor AND 32, L_00000209c3ef8bc0, v00000209c3ef9f20_0, C4<11111111111111111111111111111111>, C4<11111111111111111111111111111111>;
L_00000209c3e5c550 .functor NOT 1, L_00000209c3e5cbe0, C4<0>, C4<0>, C4<0>;
L_00000209c42a8150 .functor AND 1, v00000209c3ef93e0_0, L_00000209c3e5c550, C4<1>, C4<1>;
L_00000209c42a88c0 .functor AND 32, L_00000209c3ef9ca0, v00000209c3ef6d90_0, C4<11111111111111111111111111111111>, C4<11111111111111111111111111111111>;
v00000209c3ef6610_0 .net "EffAddr", 31 0, v00000209c3ef9660_0;  1 drivers
v00000209c3ef7010_0 .net "Func3", 2 0, v00000209c3ef8b20_0;  1 drivers
v00000209c3ef7290_0 .net "LoadData", 31 0, L_00000209c42a88c0;  alias, 1 drivers
v00000209c3ef69d0_0 .net "MemRead", 0 0, v00000209c3ef93e0_0;  1 drivers
v00000209c3ef7650_0 .net "MemWrite", 0 0, v00000209c3ef9480_0;  1 drivers
v00000209c3ef7470_0 .net "MisalignTrap", 0 0, L_00000209c3e5cbe0;  alias, 1 drivers
v00000209c3ef6110_0 .net "StoreData", 31 0, v00000209c3ef9520_0;  1 drivers
v00000209c3ef7a10_0 .net *"_ivl_11", 1 0, L_00000209c3ef8620;  1 drivers
L_00000209c42600d0 .functor BUFT 1, C4<001>, C4<0>, C4<0>, C4<0>;
v00000209c3ef66b0_0 .net/2u *"_ivl_14", 2 0, L_00000209c42600d0;  1 drivers
v00000209c3ef6750_0 .net *"_ivl_16", 0 0, L_00000209c3ef9ac0;  1 drivers
L_00000209c4260118 .functor BUFT 1, C4<101>, C4<0>, C4<0>, C4<0>;
v00000209c3ef6f70_0 .net/2u *"_ivl_18", 2 0, L_00000209c4260118;  1 drivers
v00000209c3ef7510_0 .net *"_ivl_20", 0 0, L_00000209c3ef89e0;  1 drivers
v00000209c3ef6ed0_0 .net *"_ivl_22", 0 0, L_00000209c3e5c940;  1 drivers
L_00000209c4260160 .functor BUFT 1, C4<010>, C4<0>, C4<0>, C4<0>;
v00000209c3ef67f0_0 .net/2u *"_ivl_24", 2 0, L_00000209c4260160;  1 drivers
v00000209c3ef62f0_0 .net *"_ivl_26", 0 0, L_00000209c3ef8580;  1 drivers
L_00000209c42601a8 .functor BUFT 1, C4<0>, C4<0>, C4<0>, C4<0>;
v00000209c3ef6890_0 .net/2u *"_ivl_28", 0 0, L_00000209c42601a8;  1 drivers
v00000209c3ef7c90_0 .net *"_ivl_3", 29 0, L_00000209c3ef8760;  1 drivers
v00000209c3ef6390_0 .net *"_ivl_30", 0 0, L_00000209c3ef9b60;  1 drivers
v00000209c3ef70b0_0 .net *"_ivl_32", 0 0, L_00000209c3ef86c0;  1 drivers
L_00000209c42601f0 .functor BUFT 1, C4<001>, C4<0>, C4<0>, C4<0>;
v00000209c3ef6930_0 .net/2u *"_ivl_36", 2 0, L_00000209c42601f0;  1 drivers
v00000209c3ef7d30_0 .net *"_ivl_38", 0 0, L_00000209c3ef90c0;  1 drivers
L_00000209c4260088 .functor BUFT 1, C4<00>, C4<0>, C4<0>, C4<0>;
v00000209c3ef6430_0 .net/2u *"_ivl_4", 1 0, L_00000209c4260088;  1 drivers
L_00000209c4260238 .functor BUFT 1, C4<010>, C4<0>, C4<0>, C4<0>;
v00000209c3ef6a70_0 .net/2u *"_ivl_40", 2 0, L_00000209c4260238;  1 drivers
v00000209c3ef6b10_0 .net *"_ivl_42", 0 0, L_00000209c3ef8da0;  1 drivers
L_00000209c4260280 .functor BUFT 1, C4<0>, C4<0>, C4<0>, C4<0>;
v00000209c3ef7bf0_0 .net/2u *"_ivl_44", 0 0, L_00000209c4260280;  1 drivers
v00000209c3ef7dd0_0 .net *"_ivl_46", 0 0, L_00000209c3ef88a0;  1 drivers
v00000209c3ef64d0_0 .net *"_ivl_48", 0 0, L_00000209c3ef9de0;  1 drivers
v00000209c3ef78d0_0 .net *"_ivl_54", 0 0, L_00000209c3e5cb70;  1 drivers
v00000209c3ef7e70_0 .net *"_ivl_58", 0 0, L_00000209c3e5ce10;  1 drivers
v00000209c3ef75b0_0 .net *"_ivl_62", 0 0, L_00000209c3e5ce80;  1 drivers
v00000209c3ef6070_0 .net *"_ivl_64", 3 0, L_00000209c3ef8e40;  1 drivers
v00000209c3ef6bb0_0 .net *"_ivl_68", 31 0, L_00000209c3ef8bc0;  1 drivers
v00000209c3ef7150_0 .net *"_ivl_76", 0 0, L_00000209c3e5c550;  1 drivers
v00000209c3ef6c50_0 .net *"_ivl_78", 0 0, L_00000209c42a8150;  1 drivers
v00000209c3ef6cf0_0 .net *"_ivl_80", 31 0, L_00000209c3ef9ca0;  1 drivers
v00000209c3ef6250_0 .net "byte_offset", 1 0, L_00000209c3ef8440;  1 drivers
v00000209c3ef71f0_0 .net "i_dmem_rdata", 31 0, v00000209c3ef9340_0;  1 drivers
v00000209c3ef6d90_0 .var "loaddata_dec", 31 0;
v00000209c3ef76f0_0 .var "mask_dec", 3 0;
v00000209c3ef6e30_0 .net "misalign_half", 0 0, L_00000209c3ef8d00;  1 drivers
v00000209c3ef61b0_0 .net "misalign_load", 0 0, L_00000209c3e5cda0;  1 drivers
v00000209c3ef7330_0 .net "misalign_store", 0 0, L_00000209c3e5c9b0;  1 drivers
v00000209c3ef7f10_0 .net "misalign_word", 0 0, L_00000209c3ef84e0;  1 drivers
v00000209c3ef73d0_0 .net "o_dmem_addr", 31 0, L_00000209c3ef98e0;  alias, 1 drivers
v00000209c3ef7790_0 .net "o_dmem_mask", 3 0, L_00000209c3e5cf60;  alias, 1 drivers
v00000209c3ef7970_0 .net "o_dmem_ren", 0 0, L_00000209c3e5cc50;  alias, 1 drivers
v00000209c3ef7ab0_0 .net "o_dmem_wdata", 31 0, L_00000209c3e5d350;  alias, 1 drivers
v00000209c3ef7b50_0 .net "o_dmem_wen", 0 0, L_00000209c3e5ca20;  alias, 1 drivers
v00000209c3ef8a80_0 .net "rbyte", 7 0, L_00000209c3ef9c00;  1 drivers
v00000209c3ef9a20_0 .var "rdata_shifted", 31 0;
v00000209c3ef92a0_0 .net "rhalf", 15 0, L_00000209c3ef8ee0;  1 drivers
v00000209c3ef9020_0 .var "sb_data", 31 0;
v00000209c3ef9d40_0 .var "sh_data", 31 0;
v00000209c3ef9f20_0 .var "store_data_dec", 31 0;
E_00000209c3e99910 .event anyedge, v00000209c3ef7010_0, v00000209c3ef8a80_0, v00000209c3ef92a0_0, v00000209c3ef9a20_0;
E_00000209c3e997d0 .event anyedge, v00000209c3ef6250_0, v00000209c3ef71f0_0;
E_00000209c3e9a1d0 .event anyedge, v00000209c3ef7010_0, v00000209c3ef9020_0, v00000209c3ef9d40_0, v00000209c3ef6110_0;
E_00000209c3e9a210 .event anyedge, v00000209c3ef6250_0, v00000209c3ef6110_0;
E_00000209c3e99f50 .event anyedge, v00000209c3ef7010_0, v00000209c3ef6250_0;
L_00000209c3ef8440 .part v00000209c3ef9660_0, 0, 2;
L_00000209c3ef8760 .part v00000209c3ef9660_0, 2, 30;
L_00000209c3ef98e0 .concat [ 2 30 0 0], L_00000209c4260088, L_00000209c3ef8760;
L_00000209c3ef8d00 .part v00000209c3ef9660_0, 0, 1;
L_00000209c3ef8620 .part v00000209c3ef9660_0, 0, 2;
L_00000209c3ef84e0 .reduce/or L_00000209c3ef8620;
L_00000209c3ef9ac0 .cmp/eq 3, v00000209c3ef8b20_0, L_00000209c42600d0;
L_00000209c3ef89e0 .cmp/eq 3, v00000209c3ef8b20_0, L_00000209c4260118;
L_00000209c3ef8580 .cmp/eq 3, v00000209c3ef8b20_0, L_00000209c4260160;
L_00000209c3ef9b60 .functor MUXZ 1, L_00000209c42601a8, L_00000209c3ef84e0, L_00000209c3ef8580, C4<>;
L_00000209c3ef86c0 .functor MUXZ 1, L_00000209c3ef9b60, L_00000209c3ef8d00, L_00000209c3e5c940, C4<>;
L_00000209c3ef90c0 .cmp/eq 3, v00000209c3ef8b20_0, L_00000209c42601f0;
L_00000209c3ef8da0 .cmp/eq 3, v00000209c3ef8b20_0, L_00000209c4260238;
L_00000209c3ef88a0 .functor MUXZ 1, L_00000209c4260280, L_00000209c3ef84e0, L_00000209c3ef8da0, C4<>;
L_00000209c3ef9de0 .functor MUXZ 1, L_00000209c3ef88a0, L_00000209c3ef8d00, L_00000209c3ef90c0, C4<>;
L_00000209c3ef8e40 .concat [ 1 1 1 1], L_00000209c3e5ce80, L_00000209c3e5ce80, L_00000209c3e5ce80, L_00000209c3e5ce80;
LS_00000209c3ef8bc0_0_0 .concat [ 1 1 1 1], v00000209c3ef9480_0, v00000209c3ef9480_0, v00000209c3ef9480_0, v00000209c3ef9480_0;
LS_00000209c3ef8bc0_0_4 .concat [ 1 1 1 1], v00000209c3ef9480_0, v00000209c3ef9480_0, v00000209c3ef9480_0, v00000209c3ef9480_0;
LS_00000209c3ef8bc0_0_8 .concat [ 1 1 1 1], v00000209c3ef9480_0, v00000209c3ef9480_0, v00000209c3ef9480_0, v00000209c3ef9480_0;
LS_00000209c3ef8bc0_0_12 .concat [ 1 1 1 1], v00000209c3ef9480_0, v00000209c3ef9480_0, v00000209c3ef9480_0, v00000209c3ef9480_0;
LS_00000209c3ef8bc0_0_16 .concat [ 1 1 1 1], v00000209c3ef9480_0, v00000209c3ef9480_0, v00000209c3ef9480_0, v00000209c3ef9480_0;
LS_00000209c3ef8bc0_0_20 .concat [ 1 1 1 1], v00000209c3ef9480_0, v00000209c3ef9480_0, v00000209c3ef9480_0, v00000209c3ef9480_0;
LS_00000209c3ef8bc0_0_24 .concat [ 1 1 1 1], v00000209c3ef9480_0, v00000209c3ef9480_0, v00000209c3ef9480_0, v00000209c3ef9480_0;
LS_00000209c3ef8bc0_0_28 .concat [ 1 1 1 1], v00000209c3ef9480_0, v00000209c3ef9480_0, v00000209c3ef9480_0, v00000209c3ef9480_0;
LS_00000209c3ef8bc0_1_0 .concat [ 4 4 4 4], LS_00000209c3ef8bc0_0_0, LS_00000209c3ef8bc0_0_4, LS_00000209c3ef8bc0_0_8, LS_00000209c3ef8bc0_0_12;
LS_00000209c3ef8bc0_1_4 .concat [ 4 4 4 4], LS_00000209c3ef8bc0_0_16, LS_00000209c3ef8bc0_0_20, LS_00000209c3ef8bc0_0_24, LS_00000209c3ef8bc0_0_28;
L_00000209c3ef8bc0 .concat [ 16 16 0 0], LS_00000209c3ef8bc0_1_0, LS_00000209c3ef8bc0_1_4;
L_00000209c3ef9c00 .part v00000209c3ef9a20_0, 0, 8;
L_00000209c3ef8ee0 .part v00000209c3ef9a20_0, 0, 16;
LS_00000209c3ef9ca0_0_0 .concat [ 1 1 1 1], L_00000209c42a8150, L_00000209c42a8150, L_00000209c42a8150, L_00000209c42a8150;
LS_00000209c3ef9ca0_0_4 .concat [ 1 1 1 1], L_00000209c42a8150, L_00000209c42a8150, L_00000209c42a8150, L_00000209c42a8150;
LS_00000209c3ef9ca0_0_8 .concat [ 1 1 1 1], L_00000209c42a8150, L_00000209c42a8150, L_00000209c42a8150, L_00000209c42a8150;
LS_00000209c3ef9ca0_0_12 .concat [ 1 1 1 1], L_00000209c42a8150, L_00000209c42a8150, L_00000209c42a8150, L_00000209c42a8150;
LS_00000209c3ef9ca0_0_16 .concat [ 1 1 1 1], L_00000209c42a8150, L_00000209c42a8150, L_00000209c42a8150, L_00000209c42a8150;
LS_00000209c3ef9ca0_0_20 .concat [ 1 1 1 1], L_00000209c42a8150, L_00000209c42a8150, L_00000209c42a8150, L_00000209c42a8150;
LS_00000209c3ef9ca0_0_24 .concat [ 1 1 1 1], L_00000209c42a8150, L_00000209c42a8150, L_00000209c42a8150, L_00000209c42a8150;
LS_00000209c3ef9ca0_0_28 .concat [ 1 1 1 1], L_00000209c42a8150, L_00000209c42a8150, L_00000209c42a8150, L_00000209c42a8150;
LS_00000209c3ef9ca0_1_0 .concat [ 4 4 4 4], LS_00000209c3ef9ca0_0_0, LS_00000209c3ef9ca0_0_4, LS_00000209c3ef9ca0_0_8, LS_00000209c3ef9ca0_0_12;
LS_00000209c3ef9ca0_1_4 .concat [ 4 4 4 4], LS_00000209c3ef9ca0_0_16, LS_00000209c3ef9ca0_0_20, LS_00000209c3ef9ca0_0_24, LS_00000209c3ef9ca0_0_28;
L_00000209c3ef9ca0 .concat [ 16 16 0 0], LS_00000209c3ef9ca0_1_0, LS_00000209c3ef9ca0_1_4;
    .scope S_00000209c3e74ef0;
T_1 ;
    %wait E_00000209c3e99f50;
    %load/vec4 v00000209c3ef7010_0;
    %dup/vec4;
    %pushi/vec4 0, 0, 3;
    %cmp/u;
    %jmp/1 T_1.0, 6;
    %dup/vec4;
    %pushi/vec4 4, 0, 3;
    %cmp/u;
    %jmp/1 T_1.1, 6;
    %dup/vec4;
    %pushi/vec4 1, 0, 3;
    %cmp/u;
    %jmp/1 T_1.2, 6;
    %dup/vec4;
    %pushi/vec4 5, 0, 3;
    %cmp/u;
    %jmp/1 T_1.3, 6;
    %dup/vec4;
    %pushi/vec4 2, 0, 3;
    %cmp/u;
    %jmp/1 T_1.4, 6;
    %pushi/vec4 0, 0, 4;
    %store/vec4 v00000209c3ef76f0_0, 0, 4;
    %jmp T_1.6;
T_1.0 ;
    %load/vec4 v00000209c3ef6250_0;
    %dup/vec4;
    %pushi/vec4 0, 0, 2;
    %cmp/u;
    %jmp/1 T_1.7, 6;
    %dup/vec4;
    %pushi/vec4 1, 0, 2;
    %cmp/u;
    %jmp/1 T_1.8, 6;
    %dup/vec4;
    %pushi/vec4 2, 0, 2;
    %cmp/u;
    %jmp/1 T_1.9, 6;
    %dup/vec4;
    %pushi/vec4 3, 0, 2;
    %cmp/u;
    %jmp/1 T_1.10, 6;
    %pushi/vec4 0, 0, 4;
    %store/vec4 v00000209c3ef76f0_0, 0, 4;
    %jmp T_1.12;
T_1.7 ;
    %pushi/vec4 1, 0, 4;
    %store/vec4 v00000209c3ef76f0_0, 0, 4;
    %jmp T_1.12;
T_1.8 ;
    %pushi/vec4 2, 0, 4;
    %store/vec4 v00000209c3ef76f0_0, 0, 4;
    %jmp T_1.12;
T_1.9 ;
    %pushi/vec4 4, 0, 4;
    %store/vec4 v00000209c3ef76f0_0, 0, 4;
    %jmp T_1.12;
T_1.10 ;
    %pushi/vec4 8, 0, 4;
    %store/vec4 v00000209c3ef76f0_0, 0, 4;
    %jmp T_1.12;
T_1.12 ;
    %pop/vec4 1;
    %jmp T_1.6;
T_1.1 ;
    %load/vec4 v00000209c3ef6250_0;
    %dup/vec4;
    %pushi/vec4 0, 0, 2;
    %cmp/u;
    %jmp/1 T_1.13, 6;
    %dup/vec4;
    %pushi/vec4 1, 0, 2;
    %cmp/u;
    %jmp/1 T_1.14, 6;
    %dup/vec4;
    %pushi/vec4 2, 0, 2;
    %cmp/u;
    %jmp/1 T_1.15, 6;
    %dup/vec4;
    %pushi/vec4 3, 0, 2;
    %cmp/u;
    %jmp/1 T_1.16, 6;
    %pushi/vec4 0, 0, 4;
    %store/vec4 v00000209c3ef76f0_0, 0, 4;
    %jmp T_1.18;
T_1.13 ;
    %pushi/vec4 1, 0, 4;
    %store/vec4 v00000209c3ef76f0_0, 0, 4;
    %jmp T_1.18;
T_1.14 ;
    %pushi/vec4 2, 0, 4;
    %store/vec4 v00000209c3ef76f0_0, 0, 4;
    %jmp T_1.18;
T_1.15 ;
    %pushi/vec4 4, 0, 4;
    %store/vec4 v00000209c3ef76f0_0, 0, 4;
    %jmp T_1.18;
T_1.16 ;
    %pushi/vec4 8, 0, 4;
    %store/vec4 v00000209c3ef76f0_0, 0, 4;
    %jmp T_1.18;
T_1.18 ;
    %pop/vec4 1;
    %jmp T_1.6;
T_1.2 ;
    %load/vec4 v00000209c3ef6250_0;
    %parti/s 1, 1, 2;
    %dup/vec4;
    %pushi/vec4 0, 0, 1;
    %cmp/u;
    %jmp/1 T_1.19, 6;
    %dup/vec4;
    %pushi/vec4 1, 0, 1;
    %cmp/u;
    %jmp/1 T_1.20, 6;
    %pushi/vec4 0, 0, 4;
    %store/vec4 v00000209c3ef76f0_0, 0, 4;
    %jmp T_1.22;
T_1.19 ;
    %pushi/vec4 3, 0, 4;
    %store/vec4 v00000209c3ef76f0_0, 0, 4;
    %jmp T_1.22;
T_1.20 ;
    %pushi/vec4 12, 0, 4;
    %store/vec4 v00000209c3ef76f0_0, 0, 4;
    %jmp T_1.22;
T_1.22 ;
    %pop/vec4 1;
    %jmp T_1.6;
T_1.3 ;
    %load/vec4 v00000209c3ef6250_0;
    %parti/s 1, 1, 2;
    %dup/vec4;
    %pushi/vec4 0, 0, 1;
    %cmp/u;
    %jmp/1 T_1.23, 6;
    %dup/vec4;
    %pushi/vec4 1, 0, 1;
    %cmp/u;
    %jmp/1 T_1.24, 6;
    %pushi/vec4 0, 0, 4;
    %store/vec4 v00000209c3ef76f0_0, 0, 4;
    %jmp T_1.26;
T_1.23 ;
    %pushi/vec4 3, 0, 4;
    %store/vec4 v00000209c3ef76f0_0, 0, 4;
    %jmp T_1.26;
T_1.24 ;
    %pushi/vec4 12, 0, 4;
    %store/vec4 v00000209c3ef76f0_0, 0, 4;
    %jmp T_1.26;
T_1.26 ;
    %pop/vec4 1;
    %jmp T_1.6;
T_1.4 ;
    %pushi/vec4 15, 0, 4;
    %store/vec4 v00000209c3ef76f0_0, 0, 4;
    %jmp T_1.6;
T_1.6 ;
    %pop/vec4 1;
    %jmp T_1;
    .thread T_1, $push;
    .scope S_00000209c3e74ef0;
T_2 ;
    %wait E_00000209c3e9a210;
    %load/vec4 v00000209c3ef6250_0;
    %dup/vec4;
    %pushi/vec4 0, 0, 2;
    %cmp/u;
    %jmp/1 T_2.0, 6;
    %dup/vec4;
    %pushi/vec4 1, 0, 2;
    %cmp/u;
    %jmp/1 T_2.1, 6;
    %dup/vec4;
    %pushi/vec4 2, 0, 2;
    %cmp/u;
    %jmp/1 T_2.2, 6;
    %dup/vec4;
    %pushi/vec4 3, 0, 2;
    %cmp/u;
    %jmp/1 T_2.3, 6;
    %pushi/vec4 0, 0, 32;
    %store/vec4 v00000209c3ef9020_0, 0, 32;
    %jmp T_2.5;
T_2.0 ;
    %load/vec4 v00000209c3ef6110_0;
    %store/vec4 v00000209c3ef9020_0, 0, 32;
    %jmp T_2.5;
T_2.1 ;
    %load/vec4 v00000209c3ef6110_0;
    %parti/s 24, 0, 2;
    %concati/vec4 0, 0, 8;
    %store/vec4 v00000209c3ef9020_0, 0, 32;
    %jmp T_2.5;
T_2.2 ;
    %load/vec4 v00000209c3ef6110_0;
    %parti/s 16, 0, 2;
    %concati/vec4 0, 0, 16;
    %store/vec4 v00000209c3ef9020_0, 0, 32;
    %jmp T_2.5;
T_2.3 ;
    %load/vec4 v00000209c3ef6110_0;
    %parti/s 8, 0, 2;
    %concati/vec4 0, 0, 24;
    %store/vec4 v00000209c3ef9020_0, 0, 32;
    %jmp T_2.5;
T_2.5 ;
    %pop/vec4 1;
    %jmp T_2;
    .thread T_2, $push;
    .scope S_00000209c3e74ef0;
T_3 ;
    %wait E_00000209c3e9a210;
    %load/vec4 v00000209c3ef6250_0;
    %parti/s 1, 1, 2;
    %dup/vec4;
    %pushi/vec4 0, 0, 1;
    %cmp/u;
    %jmp/1 T_3.0, 6;
    %dup/vec4;
    %pushi/vec4 1, 0, 1;
    %cmp/u;
    %jmp/1 T_3.1, 6;
    %pushi/vec4 0, 0, 32;
    %store/vec4 v00000209c3ef9d40_0, 0, 32;
    %jmp T_3.3;
T_3.0 ;
    %load/vec4 v00000209c3ef6110_0;
    %store/vec4 v00000209c3ef9d40_0, 0, 32;
    %jmp T_3.3;
T_3.1 ;
    %load/vec4 v00000209c3ef6110_0;
    %parti/s 16, 0, 2;
    %concati/vec4 0, 0, 16;
    %store/vec4 v00000209c3ef9d40_0, 0, 32;
    %jmp T_3.3;
T_3.3 ;
    %pop/vec4 1;
    %jmp T_3;
    .thread T_3, $push;
    .scope S_00000209c3e74ef0;
T_4 ;
    %wait E_00000209c3e9a1d0;
    %load/vec4 v00000209c3ef7010_0;
    %dup/vec4;
    %pushi/vec4 0, 0, 3;
    %cmp/u;
    %jmp/1 T_4.0, 6;
    %dup/vec4;
    %pushi/vec4 1, 0, 3;
    %cmp/u;
    %jmp/1 T_4.1, 6;
    %dup/vec4;
    %pushi/vec4 2, 0, 3;
    %cmp/u;
    %jmp/1 T_4.2, 6;
    %pushi/vec4 0, 0, 32;
    %store/vec4 v00000209c3ef9f20_0, 0, 32;
    %jmp T_4.4;
T_4.0 ;
    %load/vec4 v00000209c3ef9020_0;
    %store/vec4 v00000209c3ef9f20_0, 0, 32;
    %jmp T_4.4;
T_4.1 ;
    %load/vec4 v00000209c3ef9d40_0;
    %store/vec4 v00000209c3ef9f20_0, 0, 32;
    %jmp T_4.4;
T_4.2 ;
    %load/vec4 v00000209c3ef6110_0;
    %store/vec4 v00000209c3ef9f20_0, 0, 32;
    %jmp T_4.4;
T_4.4 ;
    %pop/vec4 1;
    %jmp T_4;
    .thread T_4, $push;
    .scope S_00000209c3e74ef0;
T_5 ;
    %wait E_00000209c3e997d0;
    %load/vec4 v00000209c3ef6250_0;
    %dup/vec4;
    %pushi/vec4 0, 0, 2;
    %cmp/u;
    %jmp/1 T_5.0, 6;
    %dup/vec4;
    %pushi/vec4 1, 0, 2;
    %cmp/u;
    %jmp/1 T_5.1, 6;
    %dup/vec4;
    %pushi/vec4 2, 0, 2;
    %cmp/u;
    %jmp/1 T_5.2, 6;
    %dup/vec4;
    %pushi/vec4 3, 0, 2;
    %cmp/u;
    %jmp/1 T_5.3, 6;
    %pushi/vec4 0, 0, 32;
    %store/vec4 v00000209c3ef9a20_0, 0, 32;
    %jmp T_5.5;
T_5.0 ;
    %load/vec4 v00000209c3ef71f0_0;
    %store/vec4 v00000209c3ef9a20_0, 0, 32;
    %jmp T_5.5;
T_5.1 ;
    %pushi/vec4 0, 0, 8;
    %load/vec4 v00000209c3ef71f0_0;
    %parti/s 24, 8, 5;
    %concat/vec4; draw_concat_vec4
    %store/vec4 v00000209c3ef9a20_0, 0, 32;
    %jmp T_5.5;
T_5.2 ;
    %pushi/vec4 0, 0, 16;
    %load/vec4 v00000209c3ef71f0_0;
    %parti/s 16, 16, 6;
    %concat/vec4; draw_concat_vec4
    %store/vec4 v00000209c3ef9a20_0, 0, 32;
    %jmp T_5.5;
T_5.3 ;
    %pushi/vec4 0, 0, 24;
    %load/vec4 v00000209c3ef71f0_0;
    %parti/s 8, 24, 6;
    %concat/vec4; draw_concat_vec4
    %store/vec4 v00000209c3ef9a20_0, 0, 32;
    %jmp T_5.5;
T_5.5 ;
    %pop/vec4 1;
    %jmp T_5;
    .thread T_5, $push;
    .scope S_00000209c3e74ef0;
T_6 ;
    %wait E_00000209c3e99910;
    %load/vec4 v00000209c3ef7010_0;
    %dup/vec4;
    %pushi/vec4 0, 0, 3;
    %cmp/u;
    %jmp/1 T_6.0, 6;
    %dup/vec4;
    %pushi/vec4 4, 0, 3;
    %cmp/u;
    %jmp/1 T_6.1, 6;
    %dup/vec4;
    %pushi/vec4 1, 0, 3;
    %cmp/u;
    %jmp/1 T_6.2, 6;
    %dup/vec4;
    %pushi/vec4 5, 0, 3;
    %cmp/u;
    %jmp/1 T_6.3, 6;
    %dup/vec4;
    %pushi/vec4 2, 0, 3;
    %cmp/u;
    %jmp/1 T_6.4, 6;
    %pushi/vec4 0, 0, 32;
    %store/vec4 v00000209c3ef6d90_0, 0, 32;
    %jmp T_6.6;
T_6.0 ;
    %load/vec4 v00000209c3ef8a80_0;
    %parti/s 1, 7, 4;
    %replicate 24;
    %load/vec4 v00000209c3ef8a80_0;
    %concat/vec4; draw_concat_vec4
    %store/vec4 v00000209c3ef6d90_0, 0, 32;
    %jmp T_6.6;
T_6.1 ;
    %pushi/vec4 0, 0, 24;
    %load/vec4 v00000209c3ef8a80_0;
    %concat/vec4; draw_concat_vec4
    %store/vec4 v00000209c3ef6d90_0, 0, 32;
    %jmp T_6.6;
T_6.2 ;
    %load/vec4 v00000209c3ef92a0_0;
    %parti/s 1, 15, 5;
    %replicate 16;
    %load/vec4 v00000209c3ef92a0_0;
    %concat/vec4; draw_concat_vec4
    %store/vec4 v00000209c3ef6d90_0, 0, 32;
    %jmp T_6.6;
T_6.3 ;
    %pushi/vec4 0, 0, 16;
    %load/vec4 v00000209c3ef92a0_0;
    %concat/vec4; draw_concat_vec4
    %store/vec4 v00000209c3ef6d90_0, 0, 32;
    %jmp T_6.6;
T_6.4 ;
    %load/vec4 v00000209c3ef9a20_0;
    %store/vec4 v00000209c3ef6d90_0, 0, 32;
    %jmp T_6.6;
T_6.6 ;
    %pop/vec4 1;
    %jmp T_6;
    .thread T_6, $push;
    .scope S_00000209c3e9edb0;
T_7 ;
    %pushi/vec4 2164227841, 0, 32;
    %store/vec4 v00000209c3ef9340_0, 0, 32;
    %pushi/vec4 2712847316, 0, 32;
    %store/vec4 v00000209c3ef9520_0, 0, 32;
    %pushi/vec4 0, 0, 32;
    %store/vec4 v00000209c3ef9660_0, 0, 32;
    %pushi/vec4 0, 0, 3;
    %store/vec4 v00000209c3ef8b20_0, 0, 3;
    %pushi/vec4 1, 0, 1;
    %store/vec4 v00000209c3ef93e0_0, 0, 1;
    %pushi/vec4 0, 0, 1;
    %store/vec4 v00000209c3ef9480_0, 0, 1;
    %pushi/vec4 1, 0, 32;
    %store/vec4 v00000209c3e63ca0_0, 0, 32;
    %pushi/vec4 1, 0, 4;
    %store/vec4 v00000209c3e63a20_0, 0, 4;
    %pushi/vec4 0, 0, 32;
    %store/vec4 v00000209c3e638e0_0, 0, 32;
    %pushi/vec4 1, 0, 1;
    %store/vec4 v00000209c3e647e0_0, 0, 1;
    %pushi/vec4 0, 0, 1;
    %store/vec4 v00000209c3ef7830_0, 0, 1;
    %pushi/vec4 0, 0, 1;
    %store/vec4 v00000209c3e64740_0, 0, 1;
    %pushi/vec4 0, 0, 32; draw_string_vec4
    %pushi/vec4 0, 0, 32; draw_string_vec4
    %concat/vec4; draw_string_vec4
    %pushi/vec4 0, 0, 32; draw_string_vec4
    %concat/vec4; draw_string_vec4
    %pushi/vec4 0, 0, 32; draw_string_vec4
    %concat/vec4; draw_string_vec4
    %pushi/vec4 0, 0, 32; draw_string_vec4
    %concat/vec4; draw_string_vec4
    %pushi/vec4 0, 0, 32; draw_string_vec4
    %concat/vec4; draw_string_vec4
    %pushi/vec4 7103071, 0, 32; draw_string_vec4
    %concat/vec4; draw_string_vec4
    %pushi/vec4 1868981808, 0, 32; draw_string_vec4
    %concat/vec4; draw_string_vec4
    %store/vec4 v00000209c3ef6570_0, 0, 256;
    %fork TD_unit_memory_tb.check, S_00000209c3e65180;
    %join;
    %pushi/vec4 1, 0, 32;
    %store/vec4 v00000209c3ef9660_0, 0, 32;
    %pushi/vec4 4, 0, 3;
    %store/vec4 v00000209c3ef8b20_0, 0, 3;
    %pushi/vec4 1, 0, 1;
    %store/vec4 v00000209c3ef93e0_0, 0, 1;
    %pushi/vec4 0, 0, 1;
    %store/vec4 v00000209c3ef9480_0, 0, 1;
    %pushi/vec4 127, 0, 32;
    %store/vec4 v00000209c3e63ca0_0, 0, 32;
    %pushi/vec4 2, 0, 4;
    %store/vec4 v00000209c3e63a20_0, 0, 4;
    %pushi/vec4 0, 0, 32;
    %store/vec4 v00000209c3e638e0_0, 0, 32;
    %pushi/vec4 1, 0, 1;
    %store/vec4 v00000209c3e647e0_0, 0, 1;
    %pushi/vec4 0, 0, 1;
    %store/vec4 v00000209c3ef7830_0, 0, 1;
    %pushi/vec4 0, 0, 1;
    %store/vec4 v00000209c3e64740_0, 0, 1;
    %pushi/vec4 0, 0, 32; draw_string_vec4
    %pushi/vec4 0, 0, 32; draw_string_vec4
    %concat/vec4; draw_string_vec4
    %pushi/vec4 0, 0, 32; draw_string_vec4
    %concat/vec4; draw_string_vec4
    %pushi/vec4 0, 0, 32; draw_string_vec4
    %concat/vec4; draw_string_vec4
    %pushi/vec4 0, 0, 32; draw_string_vec4
    %concat/vec4; draw_string_vec4
    %pushi/vec4 0, 0, 32; draw_string_vec4
    %concat/vec4; draw_string_vec4
    %pushi/vec4 1818391903, 0, 32; draw_string_vec4
    %concat/vec4; draw_string_vec4
    %pushi/vec4 1868981809, 0, 32; draw_string_vec4
    %concat/vec4; draw_string_vec4
    %store/vec4 v00000209c3ef6570_0, 0, 256;
    %fork TD_unit_memory_tb.check, S_00000209c3e65180;
    %join;
    %pushi/vec4 2, 0, 32;
    %store/vec4 v00000209c3ef9660_0, 0, 32;
    %pushi/vec4 1, 0, 3;
    %store/vec4 v00000209c3ef8b20_0, 0, 3;
    %pushi/vec4 1, 0, 1;
    %store/vec4 v00000209c3ef93e0_0, 0, 1;
    %pushi/vec4 0, 0, 1;
    %store/vec4 v00000209c3ef9480_0, 0, 1;
    %pushi/vec4 4294934783, 0, 32;
    %store/vec4 v00000209c3e63ca0_0, 0, 32;
    %pushi/vec4 12, 0, 4;
    %store/vec4 v00000209c3e63a20_0, 0, 4;
    %pushi/vec4 0, 0, 32;
    %store/vec4 v00000209c3e638e0_0, 0, 32;
    %pushi/vec4 1, 0, 1;
    %store/vec4 v00000209c3e647e0_0, 0, 1;
    %pushi/vec4 0, 0, 1;
    %store/vec4 v00000209c3ef7830_0, 0, 1;
    %pushi/vec4 0, 0, 1;
    %store/vec4 v00000209c3e64740_0, 0, 1;
    %pushi/vec4 0, 0, 32; draw_string_vec4
    %pushi/vec4 0, 0, 32; draw_string_vec4
    %concat/vec4; draw_string_vec4
    %pushi/vec4 0, 0, 32; draw_string_vec4
    %concat/vec4; draw_string_vec4
    %pushi/vec4 0, 0, 32; draw_string_vec4
    %concat/vec4; draw_string_vec4
    %pushi/vec4 0, 0, 32; draw_string_vec4
    %concat/vec4; draw_string_vec4
    %pushi/vec4 0, 0, 32; draw_string_vec4
    %concat/vec4; draw_string_vec4
    %pushi/vec4 7104607, 0, 32; draw_string_vec4
    %concat/vec4; draw_string_vec4
    %pushi/vec4 1868981810, 0, 32; draw_string_vec4
    %concat/vec4; draw_string_vec4
    %store/vec4 v00000209c3ef6570_0, 0, 256;
    %fork TD_unit_memory_tb.check, S_00000209c3e65180;
    %join;
    %pushi/vec4 0, 0, 32;
    %store/vec4 v00000209c3ef9660_0, 0, 32;
    %pushi/vec4 5, 0, 3;
    %store/vec4 v00000209c3ef8b20_0, 0, 3;
    %pushi/vec4 1, 0, 1;
    %store/vec4 v00000209c3ef93e0_0, 0, 1;
    %pushi/vec4 0, 0, 1;
    %store/vec4 v00000209c3ef9480_0, 0, 1;
    %pushi/vec4 32513, 0, 32;
    %store/vec4 v00000209c3e63ca0_0, 0, 32;
    %pushi/vec4 3, 0, 4;
    %store/vec4 v00000209c3e63a20_0, 0, 4;
    %pushi/vec4 0, 0, 32;
    %store/vec4 v00000209c3e638e0_0, 0, 32;
    %pushi/vec4 1, 0, 1;
    %store/vec4 v00000209c3e647e0_0, 0, 1;
    %pushi/vec4 0, 0, 1;
    %store/vec4 v00000209c3ef7830_0, 0, 1;
    %pushi/vec4 0, 0, 1;
    %store/vec4 v00000209c3e64740_0, 0, 1;
    %pushi/vec4 0, 0, 32; draw_string_vec4
    %pushi/vec4 0, 0, 32; draw_string_vec4
    %concat/vec4; draw_string_vec4
    %pushi/vec4 0, 0, 32; draw_string_vec4
    %concat/vec4; draw_string_vec4
    %pushi/vec4 0, 0, 32; draw_string_vec4
    %concat/vec4; draw_string_vec4
    %pushi/vec4 0, 0, 32; draw_string_vec4
    %concat/vec4; draw_string_vec4
    %pushi/vec4 0, 0, 32; draw_string_vec4
    %concat/vec4; draw_string_vec4
    %pushi/vec4 1818785119, 0, 32; draw_string_vec4
    %concat/vec4; draw_string_vec4
    %pushi/vec4 1868981808, 0, 32; draw_string_vec4
    %concat/vec4; draw_string_vec4
    %store/vec4 v00000209c3ef6570_0, 0, 256;
    %fork TD_unit_memory_tb.check, S_00000209c3e65180;
    %join;
    %pushi/vec4 0, 0, 32;
    %store/vec4 v00000209c3ef9660_0, 0, 32;
    %pushi/vec4 2, 0, 3;
    %store/vec4 v00000209c3ef8b20_0, 0, 3;
    %pushi/vec4 1, 0, 1;
    %store/vec4 v00000209c3ef93e0_0, 0, 1;
    %pushi/vec4 0, 0, 1;
    %store/vec4 v00000209c3ef9480_0, 0, 1;
    %pushi/vec4 2164227841, 0, 32;
    %store/vec4 v00000209c3e63ca0_0, 0, 32;
    %pushi/vec4 15, 0, 4;
    %store/vec4 v00000209c3e63a20_0, 0, 4;
    %pushi/vec4 0, 0, 32;
    %store/vec4 v00000209c3e638e0_0, 0, 32;
    %pushi/vec4 1, 0, 1;
    %store/vec4 v00000209c3e647e0_0, 0, 1;
    %pushi/vec4 0, 0, 1;
    %store/vec4 v00000209c3ef7830_0, 0, 1;
    %pushi/vec4 0, 0, 1;
    %store/vec4 v00000209c3e64740_0, 0, 1;
    %pushi/vec4 0, 0, 32; draw_string_vec4
    %pushi/vec4 0, 0, 32; draw_string_vec4
    %concat/vec4; draw_string_vec4
    %pushi/vec4 0, 0, 32; draw_string_vec4
    %concat/vec4; draw_string_vec4
    %pushi/vec4 0, 0, 32; draw_string_vec4
    %concat/vec4; draw_string_vec4
    %pushi/vec4 0, 0, 32; draw_string_vec4
    %concat/vec4; draw_string_vec4
    %pushi/vec4 0, 0, 32; draw_string_vec4
    %concat/vec4; draw_string_vec4
    %pushi/vec4 7108447, 0, 32; draw_string_vec4
    %concat/vec4; draw_string_vec4
    %pushi/vec4 1868981808, 0, 32; draw_string_vec4
    %concat/vec4; draw_string_vec4
    %store/vec4 v00000209c3ef6570_0, 0, 256;
    %fork TD_unit_memory_tb.check, S_00000209c3e65180;
    %join;
    %pushi/vec4 2, 0, 32;
    %store/vec4 v00000209c3ef9660_0, 0, 32;
    %pushi/vec4 2, 0, 3;
    %store/vec4 v00000209c3ef8b20_0, 0, 3;
    %pushi/vec4 1, 0, 1;
    %store/vec4 v00000209c3ef93e0_0, 0, 1;
    %pushi/vec4 0, 0, 1;
    %store/vec4 v00000209c3ef9480_0, 0, 1;
    %pushi/vec4 0, 0, 32;
    %store/vec4 v00000209c3e63ca0_0, 0, 32;
    %pushi/vec4 15, 0, 4;
    %store/vec4 v00000209c3e63a20_0, 0, 4;
    %pushi/vec4 0, 0, 32;
    %store/vec4 v00000209c3e638e0_0, 0, 32;
    %pushi/vec4 0, 0, 1;
    %store/vec4 v00000209c3e647e0_0, 0, 1;
    %pushi/vec4 0, 0, 1;
    %store/vec4 v00000209c3ef7830_0, 0, 1;
    %pushi/vec4 1, 0, 1;
    %store/vec4 v00000209c3e64740_0, 0, 1;
    %pushi/vec4 0, 0, 32; draw_string_vec4
    %pushi/vec4 0, 0, 32; draw_string_vec4
    %concat/vec4; draw_string_vec4
    %pushi/vec4 0, 0, 32; draw_string_vec4
    %concat/vec4; draw_string_vec4
    %pushi/vec4 0, 0, 32; draw_string_vec4
    %concat/vec4; draw_string_vec4
    %pushi/vec4 108, 0, 32; draw_string_vec4
    %concat/vec4; draw_string_vec4
    %pushi/vec4 2002742633, 0, 32; draw_string_vec4
    %concat/vec4; draw_string_vec4
    %pushi/vec4 1935764585, 0, 32; draw_string_vec4
    %concat/vec4; draw_string_vec4
    %pushi/vec4 1735288164, 0, 32; draw_string_vec4
    %concat/vec4; draw_string_vec4
    %store/vec4 v00000209c3ef6570_0, 0, 256;
    %fork TD_unit_memory_tb.check, S_00000209c3e65180;
    %join;
    %pushi/vec4 3, 0, 32;
    %store/vec4 v00000209c3ef9660_0, 0, 32;
    %pushi/vec4 0, 0, 3;
    %store/vec4 v00000209c3ef8b20_0, 0, 3;
    %pushi/vec4 0, 0, 1;
    %store/vec4 v00000209c3ef93e0_0, 0, 1;
    %pushi/vec4 1, 0, 1;
    %store/vec4 v00000209c3ef9480_0, 0, 1;
    %pushi/vec4 0, 0, 32;
    %store/vec4 v00000209c3e63ca0_0, 0, 32;
    %pushi/vec4 8, 0, 4;
    %store/vec4 v00000209c3e63a20_0, 0, 4;
    %pushi/vec4 3556769792, 0, 32;
    %store/vec4 v00000209c3e638e0_0, 0, 32;
    %pushi/vec4 0, 0, 1;
    %store/vec4 v00000209c3e647e0_0, 0, 1;
    %pushi/vec4 1, 0, 1;
    %store/vec4 v00000209c3ef7830_0, 0, 1;
    %pushi/vec4 0, 0, 1;
    %store/vec4 v00000209c3e64740_0, 0, 1;
    %pushi/vec4 0, 0, 32; draw_string_vec4
    %pushi/vec4 0, 0, 32; draw_string_vec4
    %concat/vec4; draw_string_vec4
    %pushi/vec4 0, 0, 32; draw_string_vec4
    %concat/vec4; draw_string_vec4
    %pushi/vec4 0, 0, 32; draw_string_vec4
    %concat/vec4; draw_string_vec4
    %pushi/vec4 0, 0, 32; draw_string_vec4
    %concat/vec4; draw_string_vec4
    %pushi/vec4 0, 0, 32; draw_string_vec4
    %concat/vec4; draw_string_vec4
    %pushi/vec4 7561823, 0, 32; draw_string_vec4
    %concat/vec4; draw_string_vec4
    %pushi/vec4 1868981811, 0, 32; draw_string_vec4
    %concat/vec4; draw_string_vec4
    %store/vec4 v00000209c3ef6570_0, 0, 256;
    %fork TD_unit_memory_tb.check, S_00000209c3e65180;
    %join;
    %pushi/vec4 2, 0, 32;
    %store/vec4 v00000209c3ef9660_0, 0, 32;
    %pushi/vec4 1, 0, 3;
    %store/vec4 v00000209c3ef8b20_0, 0, 3;
    %pushi/vec4 0, 0, 1;
    %store/vec4 v00000209c3ef93e0_0, 0, 1;
    %pushi/vec4 1, 0, 1;
    %store/vec4 v00000209c3ef9480_0, 0, 1;
    %pushi/vec4 0, 0, 32;
    %store/vec4 v00000209c3e63ca0_0, 0, 32;
    %pushi/vec4 12, 0, 4;
    %store/vec4 v00000209c3e63a20_0, 0, 4;
    %pushi/vec4 3285450752, 0, 32;
    %store/vec4 v00000209c3e638e0_0, 0, 32;
    %pushi/vec4 0, 0, 1;
    %store/vec4 v00000209c3e647e0_0, 0, 1;
    %pushi/vec4 1, 0, 1;
    %store/vec4 v00000209c3ef7830_0, 0, 1;
    %pushi/vec4 0, 0, 1;
    %store/vec4 v00000209c3e64740_0, 0, 1;
    %pushi/vec4 0, 0, 32; draw_string_vec4
    %pushi/vec4 0, 0, 32; draw_string_vec4
    %concat/vec4; draw_string_vec4
    %pushi/vec4 0, 0, 32; draw_string_vec4
    %concat/vec4; draw_string_vec4
    %pushi/vec4 0, 0, 32; draw_string_vec4
    %concat/vec4; draw_string_vec4
    %pushi/vec4 0, 0, 32; draw_string_vec4
    %concat/vec4; draw_string_vec4
    %pushi/vec4 0, 0, 32; draw_string_vec4
    %concat/vec4; draw_string_vec4
    %pushi/vec4 7563359, 0, 32; draw_string_vec4
    %concat/vec4; draw_string_vec4
    %pushi/vec4 1868981810, 0, 32; draw_string_vec4
    %concat/vec4; draw_string_vec4
    %store/vec4 v00000209c3ef6570_0, 0, 256;
    %fork TD_unit_memory_tb.check, S_00000209c3e65180;
    %join;
    %pushi/vec4 0, 0, 32;
    %store/vec4 v00000209c3ef9660_0, 0, 32;
    %pushi/vec4 2, 0, 3;
    %store/vec4 v00000209c3ef8b20_0, 0, 3;
    %pushi/vec4 0, 0, 1;
    %store/vec4 v00000209c3ef93e0_0, 0, 1;
    %pushi/vec4 1, 0, 1;
    %store/vec4 v00000209c3ef9480_0, 0, 1;
    %pushi/vec4 0, 0, 32;
    %store/vec4 v00000209c3e63ca0_0, 0, 32;
    %pushi/vec4 15, 0, 4;
    %store/vec4 v00000209c3e63a20_0, 0, 4;
    %pushi/vec4 2712847316, 0, 32;
    %store/vec4 v00000209c3e638e0_0, 0, 32;
    %pushi/vec4 0, 0, 1;
    %store/vec4 v00000209c3e647e0_0, 0, 1;
    %pushi/vec4 1, 0, 1;
    %store/vec4 v00000209c3ef7830_0, 0, 1;
    %pushi/vec4 0, 0, 1;
    %store/vec4 v00000209c3e64740_0, 0, 1;
    %pushi/vec4 0, 0, 32; draw_string_vec4
    %pushi/vec4 0, 0, 32; draw_string_vec4
    %concat/vec4; draw_string_vec4
    %pushi/vec4 0, 0, 32; draw_string_vec4
    %concat/vec4; draw_string_vec4
    %pushi/vec4 0, 0, 32; draw_string_vec4
    %concat/vec4; draw_string_vec4
    %pushi/vec4 0, 0, 32; draw_string_vec4
    %concat/vec4; draw_string_vec4
    %pushi/vec4 0, 0, 32; draw_string_vec4
    %concat/vec4; draw_string_vec4
    %pushi/vec4 7567199, 0, 32; draw_string_vec4
    %concat/vec4; draw_string_vec4
    %pushi/vec4 1868981808, 0, 32; draw_string_vec4
    %concat/vec4; draw_string_vec4
    %store/vec4 v00000209c3ef6570_0, 0, 256;
    %fork TD_unit_memory_tb.check, S_00000209c3e65180;
    %join;
    %pushi/vec4 1, 0, 32;
    %store/vec4 v00000209c3ef9660_0, 0, 32;
    %pushi/vec4 1, 0, 3;
    %store/vec4 v00000209c3ef8b20_0, 0, 3;
    %pushi/vec4 0, 0, 1;
    %store/vec4 v00000209c3ef93e0_0, 0, 1;
    %pushi/vec4 1, 0, 1;
    %store/vec4 v00000209c3ef9480_0, 0, 1;
    %pushi/vec4 0, 0, 32;
    %store/vec4 v00000209c3e63ca0_0, 0, 32;
    %pushi/vec4 3, 0, 4;
    %store/vec4 v00000209c3e63a20_0, 0, 4;
    %pushi/vec4 2712847316, 0, 32;
    %store/vec4 v00000209c3e638e0_0, 0, 32;
    %pushi/vec4 0, 0, 1;
    %store/vec4 v00000209c3e647e0_0, 0, 1;
    %pushi/vec4 0, 0, 1;
    %store/vec4 v00000209c3ef7830_0, 0, 1;
    %pushi/vec4 1, 0, 1;
    %store/vec4 v00000209c3e64740_0, 0, 1;
    %pushi/vec4 0, 0, 32; draw_string_vec4
    %pushi/vec4 0, 0, 32; draw_string_vec4
    %concat/vec4; draw_string_vec4
    %pushi/vec4 0, 0, 32; draw_string_vec4
    %concat/vec4; draw_string_vec4
    %pushi/vec4 0, 0, 32; draw_string_vec4
    %concat/vec4; draw_string_vec4
    %pushi/vec4 115, 0, 32; draw_string_vec4
    %concat/vec4; draw_string_vec4
    %pushi/vec4 1751084393, 0, 32; draw_string_vec4
    %concat/vec4; draw_string_vec4
    %pushi/vec4 1935764585, 0, 32; draw_string_vec4
    %concat/vec4; draw_string_vec4
    %pushi/vec4 1735288164, 0, 32; draw_string_vec4
    %concat/vec4; draw_string_vec4
    %store/vec4 v00000209c3ef6570_0, 0, 256;
    %fork TD_unit_memory_tb.check, S_00000209c3e65180;
    %join;
    %vpi_call 2 101 "$display", "PASS unit_memory_tb" {0 0 0};
    %vpi_call 2 102 "$finish" {0 0 0};
    %end;
    .thread T_7;
# The file index is used to find the file name in the following table.
:file_names 4;
    "N/A";
    "<interactive>";
    "tests\unit_memory_tb.v";
    "rtl\memory.v";
