#! /c/Source/iverilog-install/bin/vvp
:ivl_version "12.0 (devel)" "(s20150603-1539-g2693dd32b)";
:ivl_delay_selection "TYPICAL";
:vpi_time_precision - 12;
:vpi_module "D:\iverilog\lib\ivl\system.vpi";
:vpi_module "D:\iverilog\lib\ivl\vhdl_sys.vpi";
:vpi_module "D:\iverilog\lib\ivl\vhdl_textio.vpi";
:vpi_module "D:\iverilog\lib\ivl\v2005_math.vpi";
:vpi_module "D:\iverilog\lib\ivl\va_math.vpi";
S_000001e4bc30c310 .scope module, "unit_writeback_tb" "unit_writeback_tb" 2 3;
 .timescale -9 -12;
v000001e4bc3538e0_0 .var "AluResult", 31 0;
v000001e4bc353980_0 .var "Jump", 0 0;
v000001e4bc3a91e0_0 .var "LoadData", 31 0;
v000001e4bc3a9280_0 .var "MemToReg", 0 0;
v000001e4bc3a9be0_0 .var "Offset", 31 0;
v000001e4bc3a9b40_0 .net "WriteData", 31 0, L_000001e4bc3a9c80;  1 drivers
v000001e4bc3a9dc0_0 .var "lui", 0 0;
v000001e4bc3a9320_0 .var "pc_plus4", 31 0;
S_000001e4bc358ff0 .scope task, "check" "check" 2 24, 2 24 0, S_000001e4bc30c310;
 .timescale -9 -12;
v000001e4bc30bb40_0 .var "exp", 31 0;
v000001e4bc3230e0_0 .var "name", 255 0;
TD_unit_writeback_tb.check ;
    %delay 1000, 0;
    %load/vec4 v000001e4bc3a9b40_0;
    %load/vec4 v000001e4bc30bb40_0;
    %cmp/ne;
    %jmp/0xz  T_0.0, 6;
    %vpi_call 2 30 "$display", "FAIL %s: got=%h exp=%h", v000001e4bc3230e0_0, v000001e4bc3a9b40_0, v000001e4bc30bb40_0 {0 0 0};
    %vpi_call 2 31 "$finish" {0 0 0};
T_0.0 ;
    %end;
S_000001e4bc359180 .scope module, "dut" "writeback" 2 13, 3 1 0, S_000001e4bc30c310;
 .timescale -9 -12;
    .port_info 0 /INPUT 32 "AluResult";
    .port_info 1 /INPUT 32 "LoadData";
    .port_info 2 /INPUT 32 "pc_plus4";
    .port_info 3 /INPUT 32 "Offset";
    .port_info 4 /INPUT 1 "MemToReg";
    .port_info 5 /INPUT 1 "lui";
    .port_info 6 /INPUT 1 "Jump";
    .port_info 7 /OUTPUT 32 "WriteData";
v000001e4bc359310_0 .net "AluResult", 31 0, v000001e4bc3538e0_0;  1 drivers
v000001e4bc3593b0_0 .net "Jump", 0 0, v000001e4bc353980_0;  1 drivers
v000001e4bc30c4a0_0 .net "LoadData", 31 0, v000001e4bc3a91e0_0;  1 drivers
v000001e4bc30c540_0 .net "MemToReg", 0 0, v000001e4bc3a9280_0;  1 drivers
v000001e4bc353520_0 .net "Offset", 31 0, v000001e4bc3a9be0_0;  1 drivers
v000001e4bc3535c0_0 .net "WriteData", 31 0, L_000001e4bc3a9c80;  alias, 1 drivers
v000001e4bc353660_0 .net *"_ivl_0", 31 0, L_000001e4bc3a9f00;  1 drivers
v000001e4bc353700_0 .net *"_ivl_2", 31 0, L_000001e4bc3a95a0;  1 drivers
v000001e4bc3537a0_0 .net "lui", 0 0, v000001e4bc3a9dc0_0;  1 drivers
v000001e4bc353840_0 .net "pc_plus4", 31 0, v000001e4bc3a9320_0;  1 drivers
L_000001e4bc3a9f00 .functor MUXZ 32, v000001e4bc3538e0_0, v000001e4bc3a91e0_0, v000001e4bc3a9280_0, C4<>;
L_000001e4bc3a95a0 .functor MUXZ 32, L_000001e4bc3a9f00, v000001e4bc3a9be0_0, v000001e4bc3a9dc0_0, C4<>;
L_000001e4bc3a9c80 .functor MUXZ 32, L_000001e4bc3a95a0, v000001e4bc3a9320_0, v000001e4bc353980_0, C4<>;
    .scope S_000001e4bc30c310;
T_1 ;
    %pushi/vec4 286331153, 0, 32;
    %store/vec4 v000001e4bc3538e0_0, 0, 32;
    %pushi/vec4 572662306, 0, 32;
    %store/vec4 v000001e4bc3a91e0_0, 0, 32;
    %pushi/vec4 858993459, 0, 32;
    %store/vec4 v000001e4bc3a9320_0, 0, 32;
    %pushi/vec4 1145324612, 0, 32;
    %store/vec4 v000001e4bc3a9be0_0, 0, 32;
    %pushi/vec4 1, 0, 1;
    %store/vec4 v000001e4bc353980_0, 0, 1;
    %pushi/vec4 1, 0, 1;
    %store/vec4 v000001e4bc3a9dc0_0, 0, 1;
    %pushi/vec4 1, 0, 1;
    %store/vec4 v000001e4bc3a9280_0, 0, 1;
    %pushi/vec4 858993459, 0, 32;
    %store/vec4 v000001e4bc30bb40_0, 0, 32;
    %pushi/vec4 0, 0, 32; draw_string_vec4
    %pushi/vec4 0, 0, 32; draw_string_vec4
    %concat/vec4; draw_string_vec4
    %pushi/vec4 0, 0, 32; draw_string_vec4
    %concat/vec4; draw_string_vec4
    %pushi/vec4 0, 0, 32; draw_string_vec4
    %concat/vec4; draw_string_vec4
    %pushi/vec4 106, 0, 32; draw_string_vec4
    %concat/vec4; draw_string_vec4
    %pushi/vec4 1970106463, 0, 32; draw_string_vec4
    %concat/vec4; draw_string_vec4
    %pushi/vec4 1886546287, 0, 32; draw_string_vec4
    %concat/vec4; draw_string_vec4
    %pushi/vec4 1919513721, 0, 32; draw_string_vec4
    %concat/vec4; draw_string_vec4
    %store/vec4 v000001e4bc3230e0_0, 0, 256;
    %fork TD_unit_writeback_tb.check, S_000001e4bc358ff0;
    %join;
    %pushi/vec4 0, 0, 1;
    %store/vec4 v000001e4bc353980_0, 0, 1;
    %pushi/vec4 1, 0, 1;
    %store/vec4 v000001e4bc3a9dc0_0, 0, 1;
    %pushi/vec4 1, 0, 1;
    %store/vec4 v000001e4bc3a9280_0, 0, 1;
    %pushi/vec4 1145324612, 0, 32;
    %store/vec4 v000001e4bc30bb40_0, 0, 32;
    %pushi/vec4 0, 0, 32; draw_string_vec4
    %pushi/vec4 0, 0, 32; draw_string_vec4
    %concat/vec4; draw_string_vec4
    %pushi/vec4 0, 0, 32; draw_string_vec4
    %concat/vec4; draw_string_vec4
    %pushi/vec4 0, 0, 32; draw_string_vec4
    %concat/vec4; draw_string_vec4
    %pushi/vec4 0, 0, 32; draw_string_vec4
    %concat/vec4; draw_string_vec4
    %pushi/vec4 1819634015, 0, 32; draw_string_vec4
    %concat/vec4; draw_string_vec4
    %pushi/vec4 1886546287, 0, 32; draw_string_vec4
    %concat/vec4; draw_string_vec4
    %pushi/vec4 1919513721, 0, 32; draw_string_vec4
    %concat/vec4; draw_string_vec4
    %store/vec4 v000001e4bc3230e0_0, 0, 256;
    %fork TD_unit_writeback_tb.check, S_000001e4bc358ff0;
    %join;
    %pushi/vec4 0, 0, 1;
    %store/vec4 v000001e4bc353980_0, 0, 1;
    %pushi/vec4 0, 0, 1;
    %store/vec4 v000001e4bc3a9dc0_0, 0, 1;
    %pushi/vec4 1, 0, 1;
    %store/vec4 v000001e4bc3a9280_0, 0, 1;
    %pushi/vec4 572662306, 0, 32;
    %store/vec4 v000001e4bc30bb40_0, 0, 32;
    %pushi/vec4 0, 0, 32; draw_string_vec4
    %pushi/vec4 0, 0, 32; draw_string_vec4
    %concat/vec4; draw_string_vec4
    %pushi/vec4 0, 0, 32; draw_string_vec4
    %concat/vec4; draw_string_vec4
    %pushi/vec4 0, 0, 32; draw_string_vec4
    %concat/vec4; draw_string_vec4
    %pushi/vec4 0, 0, 32; draw_string_vec4
    %concat/vec4; draw_string_vec4
    %pushi/vec4 0, 0, 32; draw_string_vec4
    %concat/vec4; draw_string_vec4
    %pushi/vec4 1835363700, 0, 32; draw_string_vec4
    %concat/vec4; draw_string_vec4
    %pushi/vec4 1869768039, 0, 32; draw_string_vec4
    %concat/vec4; draw_string_vec4
    %store/vec4 v000001e4bc3230e0_0, 0, 256;
    %fork TD_unit_writeback_tb.check, S_000001e4bc358ff0;
    %join;
    %pushi/vec4 0, 0, 1;
    %store/vec4 v000001e4bc353980_0, 0, 1;
    %pushi/vec4 0, 0, 1;
    %store/vec4 v000001e4bc3a9dc0_0, 0, 1;
    %pushi/vec4 0, 0, 1;
    %store/vec4 v000001e4bc3a9280_0, 0, 1;
    %pushi/vec4 286331153, 0, 32;
    %store/vec4 v000001e4bc30bb40_0, 0, 32;
    %pushi/vec4 0, 0, 32; draw_string_vec4
    %pushi/vec4 0, 0, 32; draw_string_vec4
    %concat/vec4; draw_string_vec4
    %pushi/vec4 0, 0, 32; draw_string_vec4
    %concat/vec4; draw_string_vec4
    %pushi/vec4 0, 0, 32; draw_string_vec4
    %concat/vec4; draw_string_vec4
    %pushi/vec4 0, 0, 32; draw_string_vec4
    %concat/vec4; draw_string_vec4
    %pushi/vec4 6384757, 0, 32; draw_string_vec4
    %concat/vec4; draw_string_vec4
    %pushi/vec4 1600415078, 0, 32; draw_string_vec4
    %concat/vec4; draw_string_vec4
    %pushi/vec4 1635085428, 0, 32; draw_string_vec4
    %concat/vec4; draw_string_vec4
    %store/vec4 v000001e4bc3230e0_0, 0, 256;
    %fork TD_unit_writeback_tb.check, S_000001e4bc358ff0;
    %join;
    %vpi_call 2 58 "$display", "PASS unit_writeback_tb" {0 0 0};
    %vpi_call 2 59 "$finish" {0 0 0};
    %end;
    .thread T_1;
# The file index is used to find the file name in the following table.
:file_names 4;
    "N/A";
    "<interactive>";
    "tests/unit_writeback_tb.v";
    "rtl/writeback.v";
